# VRD_MMIO_TRACE version=3 capacity=1048576 sh2_drc=1 profile_pc=0 profile_pc_env=0 m68k_batching=normal instruction_start_hook=1 m68k_direct=1 master_direct=1 coverage_from_start=1 pc_allowlist=m68k:0x0001C6FE-0x0001C76C|0x0001C8B0-0x0001C930;master:0x02301500-0x023025E0|0x02304000-0x02304290|0x02304600-0x02304654
# FILTER q026_direct=1 m68k_system=0x00A15100-0x00A1513F master_system=0x20004000-0x2000403F master_peripheral=0xFFFFFE00-0xFFFFFFFF master_sdram=all_writes master_framebuffer=all_writes
sequence,frame,cpu,pc,op,address,width,value
0,4,master,0x02304600,write,0x2600BC04,4,0x0
1,4,master,0x02304600,write,0x2600BC08,4,0x0
2,4,master,0x02304600,write,0x2600BC0C,4,0x0
3,4,master,0x02304600,write,0x2600BC00,4,0x51323649
4,4,master,0x02304600,write,0x2600FB90,4,0x5132534B
5,4,master,0x02304600,write,0x2600FC00,4,0x0
6,4,master,0x02304600,write,0x2600FC04,4,0x0
7,4,master,0x02304600,write,0x2600FC08,4,0x0
8,4,master,0x02304600,write,0x2600FC0C,4,0x0
9,1259,m68k,0x0001C90C,write,0x00A15126,1,0x0
10,1259,m68k,0x0001C70A,write,0x00A15110,2,0xA0
11,1259,m68k,0x0001C712,write,0x00A15107,1,0x4
12,1259,m68k,0x0001C71C,write,0x00A15120,1,0x0
13,1259,m68k,0x0001C724,write,0x00A15121,1,0x3E
14,1259,m68k,0x0001C72C,write,0x00A15120,1,0x1
15,1259,m68k,0x0001C73C,read,0x00A15123,1,0x0
16,1259,m68k,0x0001C71C,write,0x00A15120,1,0x0
17,1259,m68k,0x0001C724,write,0x00A15121,1,0x3E
18,1259,m68k,0x0001C72C,write,0x00A15120,1,0x1
19,1259,m68k,0x0001C73C,read,0x00A15123,1,0x1
20,1259,m68k,0x0001C71C,write,0x00A15120,1,0x0
21,1259,m68k,0x0001C724,write,0x00A15121,1,0x3E
22,1259,m68k,0x0001C72C,write,0x00A15120,1,0x1
23,1259,master,0x023016B0,write,0x2600FC00,4,0x20004020
24,1259,master,0x023016B0,write,0x0600FF7C,4,0x6000474
25,1259,master,0x023016B0,write,0xFFFFFF80,4,0x20004012
26,1259,master,0x023016B0,write,0xFFFFFF84,4,0x600F20C
27,1259,master,0x023016B0,write,0xFFFFFF88,4,0xA0
28,1259,master,0x023016B0,write,0xFFFFFF8C,4,0x44E5
29,1259,master,0x023016B0,write,0xFFFFFFB0,4,0x1
30,1259,master,0x02301714,read,0x20004010,2,0xA0
31,1259,master,0x02301714,read,0x20004010,2,0xA0
32,1259,master,0x02301714,read,0x20004010,2,0xA0
33,1259,master,0x02301714,read,0x20004010,2,0xA0
34,1259,master,0x02301714,read,0x20004010,2,0xA0
35,1259,master,0x02301714,read,0x20004010,2,0xA0
36,1259,master,0x02301714,read,0x20004010,2,0xA0
37,1259,master,0x02301714,read,0x20004010,2,0xA0
38,1259,master,0x02301714,read,0x20004010,2,0xA0
39,1259,master,0x02301714,read,0x20004010,2,0xA0
40,1259,master,0x02301714,read,0x20004010,2,0xA0
41,1259,master,0x02301714,read,0x20004010,2,0xA0
42,1259,master,0x02301714,read,0x20004010,2,0xA0
43,1259,master,0x02301714,read,0x20004010,2,0xA0
44,1259,master,0x02301714,read,0x20004010,2,0xA0
45,1259,master,0x02301714,read,0x20004010,2,0xA0
46,1259,master,0x02301714,read,0x20004010,2,0xA0
47,1259,master,0x02301714,read,0x20004010,2,0xA0
48,1259,master,0x02301714,read,0x20004010,2,0xA0
49,1259,master,0x02301714,read,0x20004010,2,0xA0
50,1259,master,0x02301714,read,0x20004010,2,0xA0
51,1259,master,0x02301714,read,0x20004010,2,0xA0
52,1259,master,0x02301714,read,0x20004010,2,0xA0
53,1259,master,0x02301714,read,0x20004010,2,0xA0
54,1259,master,0x02301714,read,0x20004010,2,0xA0
55,1259,master,0x02301714,read,0x20004010,2,0xA0
56,1259,master,0x02301714,read,0x20004010,2,0xA0
57,1259,master,0x02301714,read,0x20004010,2,0xA0
58,1259,master,0x02301714,read,0x20004010,2,0xA0
59,1259,master,0x02301714,read,0x20004010,2,0xA0
60,1259,master,0x02301714,read,0x20004010,2,0xA0
61,1259,master,0x02301714,read,0x20004010,2,0xA0
62,1259,master,0x02301714,read,0x20004010,2,0xA0
63,1259,master,0x02301714,read,0x20004010,2,0xA0
64,1259,master,0x02301714,read,0x20004010,2,0xA0
65,1259,master,0x02301714,read,0x20004010,2,0xA0
66,1259,master,0x02301714,read,0x20004010,2,0xA0
67,1259,master,0x02301714,read,0x20004010,2,0xA0
68,1259,master,0x02301714,read,0x20004010,2,0xA0
69,1259,master,0x02301714,read,0x20004010,2,0xA0
70,1259,master,0x02301714,read,0x20004010,2,0xA0
71,1259,master,0x02301714,read,0x20004010,2,0xA0
72,1259,master,0x02301714,read,0x20004010,2,0xA0
73,1259,master,0x02301714,read,0x20004010,2,0xA0
74,1259,master,0x02301714,read,0x20004010,2,0xA0
75,1259,master,0x02301714,read,0x20004010,2,0xA0
76,1259,master,0x02301714,read,0x20004010,2,0xA0
77,1259,master,0x02301714,read,0x20004010,2,0xA0
78,1259,master,0x02301714,read,0x20004010,2,0xA0
79,1259,master,0x02301714,read,0x20004010,2,0xA0
80,1259,master,0x02301714,read,0x20004010,2,0xA0
81,1259,master,0x02301714,read,0x20004010,2,0xA0
82,1259,master,0x02301714,read,0x20004010,2,0xA0
83,1259,master,0x02301714,read,0x20004010,2,0xA0
84,1259,master,0x02301714,read,0x20004010,2,0xA0
85,1259,master,0x02301714,read,0x20004010,2,0xA0
86,1259,master,0x02301714,read,0x20004010,2,0xA0
87,1259,master,0x02301714,read,0x20004010,2,0xA0
88,1259,master,0x02301714,read,0x20004010,2,0xA0
89,1259,master,0x02301714,read,0x20004010,2,0xA0
90,1259,master,0x02301714,read,0x20004010,2,0xA0
91,1259,master,0x02301714,read,0x20004010,2,0xA0
92,1259,master,0x02301714,read,0x20004010,2,0xA0
93,1259,master,0x02301714,read,0x20004010,2,0xA0
94,1259,master,0x02301714,read,0x20004010,2,0xA0
95,1259,master,0x02301714,read,0x20004010,2,0xA0
96,1259,master,0x02301714,read,0x20004010,2,0xA0
97,1259,master,0x02301714,read,0x20004010,2,0xA0
98,1259,master,0x02301714,read,0x20004010,2,0xA0
99,1259,master,0x02301714,read,0x20004010,2,0xA0
100,1259,master,0x02301714,read,0x20004010,2,0xA0
101,1259,master,0x02301714,read,0x20004010,2,0xA0
102,1259,master,0x02301714,read,0x20004010,2,0xA0
103,1259,master,0x02301714,read,0x20004010,2,0xA0
104,1259,master,0x02301714,read,0x20004010,2,0xA0
105,1259,master,0x02301714,read,0x20004010,2,0xA0
106,1259,master,0x02301714,read,0x20004010,2,0xA0
107,1259,master,0x02301714,read,0x20004010,2,0xA0
108,1259,master,0x02301714,read,0x20004010,2,0xA0
109,1259,master,0x02301714,read,0x20004010,2,0xA0
110,1259,master,0x02301714,read,0x20004010,2,0xA0
111,1259,master,0x02301714,read,0x20004010,2,0xA0
112,1259,master,0x02301714,read,0x20004010,2,0xA0
113,1259,master,0x02301714,read,0x20004010,2,0xA0
114,1259,master,0x02301714,read,0x20004010,2,0xA0
115,1259,master,0x02301714,read,0x20004010,2,0xA0
116,1259,master,0x02301714,read,0x20004010,2,0xA0
117,1259,master,0x02301714,read,0x20004010,2,0xA0
118,1259,master,0x02301714,read,0x20004010,2,0xA0
119,1259,master,0x02301714,read,0x20004010,2,0xA0
120,1259,master,0x02301714,read,0x20004010,2,0xA0
121,1259,master,0x02301714,read,0x20004010,2,0xA0
122,1259,master,0x02301714,read,0x20004010,2,0xA0
123,1259,master,0x02301714,read,0x20004010,2,0xA0
124,1259,master,0x02301714,read,0x20004010,2,0xA0
125,1259,master,0x02301714,read,0x20004010,2,0xA0
126,1259,master,0x02301714,read,0x20004010,2,0xA0
127,1259,master,0x02301714,read,0x20004010,2,0xA0
128,1259,master,0x02301714,read,0x20004010,2,0xA0
129,1259,master,0x02301714,read,0x20004010,2,0xA0
130,1259,master,0x02301714,read,0x20004010,2,0xA0
131,1259,master,0x02301714,read,0x20004010,2,0xA0
132,1259,master,0x02301714,read,0x20004010,2,0xA0
133,1259,master,0x02301714,read,0x20004010,2,0xA0
134,1259,master,0x02301714,read,0x20004010,2,0xA0
135,1259,master,0x02301714,read,0x20004010,2,0xA0
136,1259,master,0x02301714,read,0x20004010,2,0xA0
137,1259,master,0x02301714,read,0x20004010,2,0xA0
138,1259,master,0x02301714,read,0x20004010,2,0xA0
139,1259,master,0x02301714,read,0x20004010,2,0xA0
140,1259,master,0x02301714,read,0x20004010,2,0xA0
141,1259,master,0x02301714,read,0x20004010,2,0xA0
142,1259,master,0x02301714,read,0x20004010,2,0xA0
143,1259,master,0x02301714,read,0x20004010,2,0xA0
144,1259,master,0x02301714,read,0x20004010,2,0xA0
145,1259,master,0x02301714,read,0x20004010,2,0xA0
146,1259,master,0x02301714,read,0x20004010,2,0xA0
147,1259,master,0x02301714,read,0x20004010,2,0xA0
148,1259,master,0x02301714,read,0x20004010,2,0xA0
149,1259,master,0x02301714,read,0x20004010,2,0xA0
150,1259,master,0x02301714,read,0x20004010,2,0xA0
151,1259,master,0x02301714,read,0x20004010,2,0xA0
152,1259,master,0x02301714,read,0x20004010,2,0xA0
153,1259,master,0x02301714,read,0x20004010,2,0xA0
154,1259,master,0x02301714,read,0x20004010,2,0xA0
155,1259,master,0x02301714,read,0x20004010,2,0xA0
156,1259,master,0x02301714,read,0x20004010,2,0xA0
157,1259,master,0x02301714,read,0x20004010,2,0xA0
158,1259,master,0x02301714,read,0x20004010,2,0xA0
159,1259,master,0x02301714,read,0x20004010,2,0xA0
160,1259,master,0x02301714,read,0x20004010,2,0xA0
161,1259,master,0x02301714,read,0x20004010,2,0xA0
162,1259,master,0x02301714,read,0x20004010,2,0xA0
163,1259,master,0x02301714,read,0x20004010,2,0xA0
164,1259,master,0x02301714,read,0x20004010,2,0xA0
165,1259,master,0x02301714,read,0x20004010,2,0xA0
166,1259,master,0x02301714,read,0x20004010,2,0xA0
167,1259,master,0x02301714,read,0x20004010,2,0xA0
168,1259,master,0x02301714,read,0x20004010,2,0xA0
169,1259,master,0x02301714,read,0x20004010,2,0xA0
170,1259,master,0x02301714,read,0x20004010,2,0xA0
171,1259,master,0x02301714,read,0x20004010,2,0xA0
172,1259,master,0x02301714,read,0x20004010,2,0xA0
173,1259,master,0x02301714,read,0x20004010,2,0xA0
174,1259,master,0x02301714,read,0x20004010,2,0xA0
175,1259,master,0x02301714,read,0x20004010,2,0xA0
176,1259,master,0x02301714,read,0x20004010,2,0xA0
177,1259,master,0x02301714,read,0x20004010,2,0xA0
178,1259,master,0x02301714,read,0x20004010,2,0xA0
179,1259,master,0x02301714,read,0x20004010,2,0xA0
180,1259,master,0x02301714,read,0x20004010,2,0xA0
181,1259,master,0x02301714,read,0x20004010,2,0xA0
182,1259,master,0x02301714,read,0x20004010,2,0xA0
183,1259,master,0x02301714,read,0x20004010,2,0xA0
184,1259,master,0x02301714,read,0x20004010,2,0xA0
185,1259,master,0x02301714,read,0x20004010,2,0xA0
186,1259,master,0x02301714,read,0x20004010,2,0xA0
187,1259,master,0x02301714,read,0x20004010,2,0xA0
188,1259,master,0x02301714,read,0x20004010,2,0xA0
189,1259,master,0x02301714,read,0x20004010,2,0xA0
190,1259,master,0x02301714,read,0x20004010,2,0xA0
191,1259,master,0x02301714,read,0x20004010,2,0xA0
192,1259,master,0x02301714,read,0x20004010,2,0xA0
193,1259,master,0x02301714,read,0x20004010,2,0xA0
194,1259,master,0x02301714,read,0x20004010,2,0xA0
195,1259,master,0x02301714,read,0x20004010,2,0xA0
196,1259,master,0x02301714,read,0x20004010,2,0xA0
197,1259,master,0x02301714,read,0x20004010,2,0xA0
198,1259,master,0x02301714,read,0x20004010,2,0xA0
199,1259,master,0x02301714,read,0x20004010,2,0xA0
200,1259,master,0x02301714,read,0x20004010,2,0xA0
201,1259,master,0x02301714,read,0x20004010,2,0xA0
202,1259,master,0x02301714,read,0x20004010,2,0xA0
203,1259,master,0x02301714,read,0x20004010,2,0xA0
204,1259,master,0x02301714,read,0x20004010,2,0xA0
205,1259,master,0x02301714,read,0x20004010,2,0xA0
206,1259,master,0x02301714,read,0x20004010,2,0xA0
207,1259,master,0x02301714,read,0x20004010,2,0xA0
208,1259,master,0x02301714,read,0x20004010,2,0xA0
209,1259,master,0x02301714,read,0x20004010,2,0xA0
210,1259,master,0x02301714,read,0x20004010,2,0xA0
211,1259,master,0x02301714,read,0x20004010,2,0xA0
212,1259,master,0x02301714,read,0x20004010,2,0xA0
213,1259,master,0x02301714,read,0x20004010,2,0xA0
214,1259,master,0x02301714,read,0x20004010,2,0xA0
215,1259,master,0x02301714,read,0x20004010,2,0xA0
216,1259,master,0x02301714,read,0x20004010,2,0xA0
217,1259,master,0x02301714,read,0x20004010,2,0xA0
218,1259,master,0x02301714,read,0x20004010,2,0xA0
219,1259,master,0x02301714,read,0x20004010,2,0xA0
220,1259,master,0x02301714,read,0x20004010,2,0xA0
221,1259,master,0x02301714,read,0x20004010,2,0xA0
222,1259,master,0x02301714,read,0x20004010,2,0xA0
223,1259,master,0x02301714,read,0x20004010,2,0xA0
224,1259,master,0x02301714,read,0x20004010,2,0xA0
225,1259,master,0x02301714,read,0x20004010,2,0xA0
226,1259,master,0x02301714,read,0x20004010,2,0xA0
227,1259,master,0x02301714,read,0x20004010,2,0xA0
228,1259,master,0x02301714,read,0x20004010,2,0xA0
229,1259,master,0x02301714,read,0x20004010,2,0xA0
230,1259,master,0x02301714,read,0x20004010,2,0xA0
231,1259,master,0x02301714,read,0x20004010,2,0xA0
232,1259,master,0x02301714,read,0x20004010,2,0xA0
233,1259,master,0x02301714,read,0x20004010,2,0xA0
234,1259,master,0x02301714,read,0x20004010,2,0xA0
235,1259,master,0x02301714,read,0x20004010,2,0xA0
236,1259,master,0x02301714,read,0x20004010,2,0xA0
237,1259,master,0x02301714,read,0x20004010,2,0xA0
238,1259,master,0x02301714,read,0x20004010,2,0xA0
239,1259,master,0x02301714,read,0x20004010,2,0xA0
240,1259,master,0x02301714,read,0x20004010,2,0xA0
241,1259,master,0x02301714,read,0x20004010,2,0xA0
242,1259,master,0x02301714,read,0x20004010,2,0xA0
243,1259,master,0x02301714,read,0x20004010,2,0xA0
244,1259,master,0x02301714,read,0x20004010,2,0xA0
245,1259,master,0x02301714,read,0x20004010,2,0xA0
246,1259,master,0x02301714,read,0x20004010,2,0xA0
247,1259,master,0x02301714,read,0x20004010,2,0xA0
248,1259,master,0x02301714,read,0x20004010,2,0xA0
249,1259,master,0x02301714,read,0x20004010,2,0xA0
250,1259,master,0x02301714,read,0x20004010,2,0xA0
251,1259,master,0x02301714,read,0x20004010,2,0xA0
252,1259,master,0x02301714,read,0x20004010,2,0xA0
253,1259,master,0x02301714,read,0x20004010,2,0xA0
254,1259,master,0x02301714,read,0x20004010,2,0xA0
255,1259,master,0x02301714,read,0x20004010,2,0xA0
256,1259,master,0x02301714,read,0x20004010,2,0xA0
257,1259,master,0x02301714,read,0x20004010,2,0xA0
258,1259,master,0x02301714,read,0x20004010,2,0xA0
259,1259,master,0x02301714,read,0x20004010,2,0xA0
260,1259,master,0x02301714,read,0x20004010,2,0xA0
261,1259,master,0x02301714,read,0x20004010,2,0xA0
262,1259,master,0x02301714,read,0x20004010,2,0xA0
263,1259,master,0x02301714,read,0x20004010,2,0xA0
264,1259,master,0x02301714,read,0x20004010,2,0xA0
265,1259,master,0x02301714,read,0x20004010,2,0xA0
266,1259,master,0x02301714,read,0x20004010,2,0xA0
267,1259,master,0x02301714,read,0x20004010,2,0xA0
268,1259,master,0x02301714,read,0x20004010,2,0xA0
269,1259,master,0x02301714,read,0x20004010,2,0xA0
270,1259,master,0x02301714,read,0x20004010,2,0xA0
271,1259,master,0x02301714,read,0x20004010,2,0xA0
272,1259,master,0x02301714,read,0x20004010,2,0xA0
273,1259,master,0x02301714,read,0x20004010,2,0xA0
274,1259,master,0x02301714,read,0x20004010,2,0xA0
275,1259,master,0x02301714,read,0x20004010,2,0xA0
276,1259,master,0x02301714,read,0x20004010,2,0xA0
277,1259,master,0x02301714,read,0x20004010,2,0xA0
278,1259,master,0x02301714,read,0x20004010,2,0xA0
279,1259,master,0x02301714,read,0x20004010,2,0xA0
280,1259,master,0x02301714,read,0x20004010,2,0xA0
281,1259,master,0x02301714,read,0x20004010,2,0xA0
282,1259,master,0x02301714,read,0x20004010,2,0xA0
283,1259,master,0x02301714,read,0x20004010,2,0xA0
284,1259,master,0x02301714,read,0x20004010,2,0xA0
285,1259,master,0x02301714,read,0x20004010,2,0xA0
286,1259,master,0x02301714,read,0x20004010,2,0xA0
287,1259,master,0x02301714,read,0x20004010,2,0xA0
288,1259,master,0x02301714,read,0x20004010,2,0xA0
289,1259,master,0x02301714,read,0x20004010,2,0xA0
290,1259,master,0x02301714,read,0x20004010,2,0xA0
291,1259,master,0x02301714,read,0x20004010,2,0xA0
292,1259,master,0x02301714,read,0x20004010,2,0xA0
293,1259,master,0x02301714,read,0x20004010,2,0xA0
294,1259,master,0x02301714,read,0x20004010,2,0xA0
295,1259,master,0x02301714,read,0x20004010,2,0xA0
296,1259,master,0x02301714,read,0x20004010,2,0xA0
297,1259,master,0x02301714,read,0x20004010,2,0xA0
298,1259,master,0x02301714,read,0x20004010,2,0xA0
299,1259,master,0x02301714,read,0x20004010,2,0xA0
300,1259,master,0x02301714,read,0x20004010,2,0xA0
301,1259,master,0x02301714,read,0x20004010,2,0xA0
302,1259,master,0x02301714,read,0x20004010,2,0xA0
303,1259,master,0x02301714,read,0x20004010,2,0xA0
304,1259,master,0x02301714,read,0x20004010,2,0xA0
305,1259,master,0x02301714,read,0x20004010,2,0xA0
306,1259,master,0x02301714,read,0x20004010,2,0xA0
307,1259,master,0x02301714,read,0x20004010,2,0xA0
308,1259,master,0x02301714,read,0x20004010,2,0xA0
309,1259,master,0x02301714,read,0x20004010,2,0xA0
310,1259,master,0x02301714,read,0x20004010,2,0xA0
311,1259,master,0x02301714,read,0x20004010,2,0xA0
312,1259,master,0x02301714,read,0x20004010,2,0xA0
313,1259,master,0x02301714,read,0x20004010,2,0xA0
314,1259,master,0x02301714,read,0x20004010,2,0xA0
315,1259,master,0x02301714,read,0x20004010,2,0xA0
316,1259,master,0x02301714,read,0x20004010,2,0xA0
317,1259,master,0x02301714,read,0x20004010,2,0xA0
318,1259,master,0x02301714,read,0x20004010,2,0xA0
319,1259,master,0x02301714,read,0x20004010,2,0xA0
320,1259,master,0x02301714,read,0x20004010,2,0xA0
321,1259,master,0x02301714,read,0x20004010,2,0xA0
322,1259,master,0x02301714,read,0x20004010,2,0xA0
323,1259,master,0x02301714,read,0x20004010,2,0xA0
324,1259,master,0x02301714,read,0x20004010,2,0xA0
325,1259,master,0x02301714,read,0x20004010,2,0xA0
326,1259,master,0x02301714,read,0x20004010,2,0xA0
327,1259,master,0x02301714,read,0x20004010,2,0xA0
328,1259,master,0x02301714,read,0x20004010,2,0xA0
329,1259,master,0x02301714,read,0x20004010,2,0xA0
330,1259,master,0x02301714,read,0x20004010,2,0xA0
331,1259,master,0x02301714,read,0x20004010,2,0xA0
332,1259,master,0x02301714,read,0x20004010,2,0xA0
333,1259,master,0x02301714,read,0x20004010,2,0xA0
334,1259,master,0x02301714,read,0x20004010,2,0xA0
335,1259,master,0x02301714,read,0x20004010,2,0xA0
336,1259,master,0x02301714,read,0x20004010,2,0xA0
337,1259,master,0x02301714,read,0x20004010,2,0xA0
338,1259,master,0x02301714,read,0x20004010,2,0xA0
339,1259,master,0x02301714,read,0x20004010,2,0xA0
340,1259,master,0x02301714,read,0x20004010,2,0xA0
341,1259,master,0x02301714,read,0x20004010,2,0xA0
342,1259,master,0x02301714,read,0x20004010,2,0xA0
343,1259,master,0x02301714,read,0x20004010,2,0xA0
344,1259,master,0x02301714,read,0x20004010,2,0xA0
345,1259,master,0x02301714,read,0x20004010,2,0xA0
346,1259,master,0x02301714,read,0x20004010,2,0xA0
347,1259,master,0x02301714,read,0x20004010,2,0xA0
348,1259,master,0x02301714,read,0x20004010,2,0xA0
349,1259,master,0x02301714,read,0x20004010,2,0xA0
350,1259,master,0x02301714,read,0x20004010,2,0xA0
351,1259,master,0x02301714,read,0x20004010,2,0xA0
352,1259,master,0x02301714,read,0x20004010,2,0xA0
353,1259,master,0x02301714,read,0x20004010,2,0xA0
354,1259,master,0x02301714,read,0x20004010,2,0xA0
355,1259,master,0x02301714,read,0x20004010,2,0xA0
356,1259,master,0x02301714,read,0x20004010,2,0xA0
357,1259,master,0x02301714,read,0x20004010,2,0xA0
358,1259,master,0x02301714,read,0x20004010,2,0xA0
359,1259,master,0x02301714,read,0x20004010,2,0xA0
360,1259,master,0x02301714,read,0x20004010,2,0xA0
361,1259,master,0x02301714,read,0x20004010,2,0xA0
362,1259,master,0x02301714,read,0x20004010,2,0xA0
363,1259,master,0x02301714,read,0x20004010,2,0xA0
364,1259,master,0x02301714,read,0x20004010,2,0xA0
365,1259,master,0x02301714,read,0x20004010,2,0xA0
366,1259,master,0x02301714,read,0x20004010,2,0xA0
367,1259,master,0x02301714,read,0x20004010,2,0xA0
368,1259,master,0x02301714,read,0x20004010,2,0xA0
369,1259,master,0x02301714,read,0x20004010,2,0xA0
370,1259,master,0x02301714,read,0x20004010,2,0xA0
371,1259,master,0x02301714,read,0x20004010,2,0xA0
372,1259,master,0x02301714,read,0x20004010,2,0xA0
373,1259,master,0x02301714,read,0x20004010,2,0xA0
374,1259,master,0x02301714,read,0x20004010,2,0xA0
375,1259,master,0x02301714,read,0x20004010,2,0xA0
376,1259,master,0x02301714,read,0x20004010,2,0xA0
377,1259,master,0x02301714,read,0x20004010,2,0xA0
378,1259,master,0x02301714,read,0x20004010,2,0xA0
379,1259,master,0x02301714,read,0x20004010,2,0xA0
380,1259,master,0x02301714,read,0x20004010,2,0xA0
381,1259,master,0x02301714,read,0x20004010,2,0xA0
382,1259,m68k,0x0001C73C,read,0x00A15123,1,0x3
383,1259,m68k,0x0001C74C,read,0x00A15123,1,0x3
384,1259,m68k,0x0001C74C,write,0x00A15123,1,0x1
385,1259,master,0x02301714,read,0x20004010,2,0x9C
386,1259,master,0x02301714,read,0x20004010,2,0x9C
387,1259,master,0x02301714,read,0x20004010,2,0x9C
388,1259,master,0x02301714,read,0x20004010,2,0x9C
389,1259,master,0x02301714,read,0x20004010,2,0x9C
390,1259,master,0x02301714,read,0x20004010,2,0x9C
391,1259,master,0x02301714,read,0x20004010,2,0x9C
392,1259,master,0x02301714,read,0x20004010,2,0x9C
393,1259,master,0x02301714,read,0x20004010,2,0x9C
394,1259,master,0x02301714,read,0x20004010,2,0x9C
395,1259,master,0x02301714,read,0x20004010,2,0x9C
396,1259,master,0x02301714,read,0x20004010,2,0x9C
397,1259,master,0x02301714,read,0x20004010,2,0x9C
398,1259,master,0x02301714,read,0x20004010,2,0x9C
399,1259,master,0x02301714,read,0x20004010,2,0x9C
400,1259,master,0x02301714,read,0x20004010,2,0x9C
401,1259,master,0x02301714,read,0x20004010,2,0x9C
402,1259,master,0x02301714,read,0x20004010,2,0x9C
403,1259,master,0x02301714,read,0x20004010,2,0x9C
404,1259,master,0x02301714,read,0x20004010,2,0x9C
405,1259,master,0x02301714,read,0x20004010,2,0x9C
406,1259,master,0x02301714,read,0x20004010,2,0x9C
407,1259,master,0x02301714,read,0x20004010,2,0x9C
408,1259,master,0x02301714,read,0x20004010,2,0x9C
409,1259,master,0x02301714,read,0x20004010,2,0x9C
410,1259,master,0x02301714,read,0x20004010,2,0x9C
411,1259,master,0x02301714,read,0x20004010,2,0x9C
412,1259,master,0x02301714,read,0x20004010,2,0x9C
413,1259,master,0x02301714,read,0x20004010,2,0x9C
414,1259,master,0x02301714,read,0x20004010,2,0x9C
415,1259,master,0x02301714,read,0x20004010,2,0x9C
416,1259,master,0x02301714,read,0x20004010,2,0x9C
417,1259,master,0x02301714,read,0x20004010,2,0x9C
418,1259,master,0x02301714,read,0x20004010,2,0x9C
419,1259,master,0x02301714,read,0x20004010,2,0x9C
420,1259,master,0x02301714,read,0x20004010,2,0x9C
421,1259,master,0x02301714,read,0x20004010,2,0x9C
422,1259,master,0x02301714,read,0x20004010,2,0x9C
423,1259,master,0x02301714,read,0x20004010,2,0x9C
424,1259,master,0x02301714,read,0x20004010,2,0x9C
425,1259,master,0x02301714,read,0x20004010,2,0x9C
426,1259,master,0x02301714,read,0x20004010,2,0x9C
427,1259,master,0x02301714,read,0x20004010,2,0x9C
428,1259,master,0x02301714,read,0x20004010,2,0x9C
429,1259,master,0x02301714,read,0x20004010,2,0x9C
430,1259,master,0x02301714,read,0x20004010,2,0x9C
431,1259,master,0x02301714,write,0x0600F20C,2,0x0
432,1259,master,0x02301714,write,0x0600F20E,2,0x0
433,1259,master,0x02301714,write,0x0600F210,2,0x0
434,1259,master,0x02301714,write,0x0600F212,2,0x0
435,1259,master,0x02301714,write,0x0600F214,2,0x0
436,1259,master,0x02301714,write,0x0600F216,2,0x48F
437,1259,master,0x02301714,write,0x0600F218,2,0x0
438,1259,master,0x02301714,write,0x0600F21A,2,0x0
439,1259,master,0x02301714,write,0x0600F21C,2,0x0
440,1259,master,0x02301714,write,0x0600F21E,2,0x0
441,1259,master,0x02301714,write,0x0600F220,2,0x0
442,1259,master,0x02301714,write,0x0600F222,2,0x0
443,1259,master,0x02301714,write,0x0600F224,2,0x96
444,1259,master,0x02301714,write,0x0600F226,2,0x542C
445,1259,master,0x02301714,write,0x0600F228,2,0xA6
446,1259,master,0x02301714,write,0x0600F22A,2,0x0
447,1259,master,0x02301714,write,0x0600F22C,2,0xF1E7
448,1259,master,0x02301714,write,0x0600F22E,2,0xF300
449,1259,master,0x02301714,write,0x0600F230,2,0x5
450,1259,master,0x02301714,write,0x0600F232,2,0x5
451,1259,master,0x02301714,write,0x0600F234,2,0x5
452,1259,master,0x02301714,write,0x0600F236,2,0x1
453,1259,master,0x02301714,write,0x0600F238,2,0x0
454,1259,master,0x02301714,write,0x0600F23A,2,0x0
455,1259,master,0x02301714,write,0x0600F23C,2,0xF190
456,1259,master,0x02301714,write,0x0600F23E,2,0x9FB
457,1259,master,0x02301714,write,0x0600F240,2,0xF1F0
458,1259,master,0x02301714,write,0x0600F242,2,0xF190
459,1259,master,0x02301714,write,0x0600F244,2,0xF1F0
460,1259,master,0x02301714,write,0x0600F246,2,0x0
461,1259,master,0x02301714,write,0x0600F248,2,0x0
462,1259,master,0x02301714,write,0x0600F24A,2,0x0
463,1259,master,0x02301714,write,0x0600F24C,2,0x0
464,1259,master,0x02301714,write,0x0600F24E,2,0x0
465,1259,master,0x02301714,write,0x0600F250,2,0x0
466,1259,master,0x02301714,write,0x0600F252,2,0x0
467,1259,master,0x02301714,write,0x0600F254,2,0x0
468,1259,master,0x02301714,write,0x0600F256,2,0x0
469,1259,master,0x02301714,write,0x0600F258,2,0x0
470,1259,master,0x02301714,write,0x0600F25A,2,0x0
471,1259,master,0x02301714,write,0x0600F25C,2,0x0
472,1259,master,0x02301714,write,0x0600F25E,2,0x0
473,1259,master,0x02301714,write,0x0600F260,2,0x2
474,1259,master,0x02301714,write,0x0600F262,2,0x202
475,1259,master,0x02301714,write,0x0600F264,2,0x202
476,1259,master,0x02301714,write,0x0600F266,2,0x77C
477,1259,master,0x02301714,write,0x0600F268,2,0x77C
478,1259,master,0x02301714,write,0x0600F26A,2,0x77C
479,1259,master,0x02301714,write,0x0600F26C,2,0x0
480,1259,master,0x02301714,write,0x0600F26E,2,0x0
481,1259,master,0x02301714,write,0x0600F270,2,0x0
482,1259,master,0x02301714,write,0x0600F272,2,0x0
483,1259,master,0x02301714,write,0x0600F274,2,0x0
484,1259,master,0x02301714,write,0x0600F276,2,0x0
485,1259,master,0x02301714,write,0x0600F278,2,0x0
486,1259,master,0x02301714,write,0x0600F27A,2,0x0
487,1259,master,0x02301714,write,0x0600F27C,2,0x0
488,1259,master,0x02301714,write,0x0600F27E,2,0xFFA9
489,1259,master,0x02301714,write,0x0600F280,2,0x0
490,1259,master,0x02301714,write,0x0600F282,2,0x100
491,1259,master,0x02301714,write,0x0600F284,2,0x100
492,1259,master,0x02301714,write,0x0600F286,2,0x0
493,1259,master,0x02301714,write,0x0600F288,2,0x0
494,1259,master,0x02301714,write,0x0600F28A,2,0x0
495,1259,master,0x02301714,write,0x0600F28C,2,0x0
496,1259,master,0x02301714,write,0x0600F28E,2,0x0
497,1259,master,0x02301714,write,0x0600F290,2,0x0
498,1259,master,0x02301714,write,0x0600F292,2,0x0
499,1259,master,0x02301714,write,0x0600F294,2,0x0
500,1259,master,0x02301714,write,0x0600F296,2,0x0
501,1259,master,0x02301714,write,0x0600F298,2,0x0
502,1259,master,0x02301714,write,0x0600F29A,2,0x0
503,1259,master,0x02301714,write,0x0600F29C,2,0x0
504,1259,master,0x02301714,write,0x0600F29E,2,0x0
505,1259,master,0x02301714,write,0x0600F2A0,2,0x0
506,1259,master,0x02301714,write,0x0600F2A2,2,0x0
507,1259,master,0x02301714,write,0x0600F2A4,2,0x0
508,1259,master,0x02301714,write,0x0600F2A6,2,0x0
509,1259,master,0x02301714,write,0x0600F2A8,2,0x0
510,1259,master,0x02301714,write,0x0600F2AA,2,0x0
511,1259,master,0x02301714,write,0x0600F2AC,2,0x0
512,1259,master,0x02301714,write,0x0600F2AE,2,0x0
513,1259,master,0x02301714,write,0x0600F2B0,2,0xF
514,1259,master,0x02301714,write,0x0600F2B2,2,0x1
515,1259,master,0x02301714,write,0x0600F2B4,2,0x0
516,1259,master,0x02301714,write,0x0600F2B6,2,0x0
517,1259,master,0x02301714,write,0x0600F2B8,2,0x3
518,1259,master,0x02301714,write,0x0600F2BA,2,0x0
519,1259,master,0x02301714,write,0x0600F2BC,2,0x0
520,1259,master,0x02301714,write,0x0600F2BE,2,0x96
521,1259,master,0x02301714,write,0x0600F2C0,2,0x44B4
522,1259,master,0x02301714,write,0x0600F2C2,2,0x0
523,1259,master,0x02301714,write,0x0600F2C4,2,0x0
524,1259,master,0x02301714,write,0x0600F2C6,2,0x0
525,1259,master,0x02301714,write,0x0600F2C8,2,0x0
526,1259,master,0x02301714,write,0x0600F2CA,2,0x0
527,1259,master,0x02301714,write,0x0600F2CC,2,0x0
528,1259,master,0x02301714,write,0x0600F2CE,2,0x0
529,1259,master,0x02301714,write,0x0600F2D0,2,0x0
530,1259,master,0x02301714,write,0x0600F2D2,2,0x0
531,1259,master,0x02301714,write,0x0600F2D4,2,0x0
532,1259,master,0x02301714,write,0x0600F2D6,2,0x9B0
533,1259,master,0x02301714,write,0x0600F2D8,2,0x0
534,1259,master,0x02301714,write,0x0600F2DA,2,0x97
535,1259,master,0x02301714,write,0x0600F2DC,2,0x7F1A
536,1259,master,0x02301714,write,0x0600F2DE,2,0x97
537,1259,master,0x02301714,write,0x0600F2E0,2,0x7F1A
538,1259,master,0x02301714,write,0x0600F2E2,2,0x97
539,1259,master,0x02301714,write,0x0600F2E4,2,0x7F1A
540,1259,master,0x02301714,write,0x0600F2E6,2,0x97
541,1259,master,0x02301714,write,0x0600F2E8,2,0x7F1A
542,1259,master,0x02301714,write,0x0600F2EA,2,0x97
543,1259,master,0x02301714,write,0x0600F2EC,2,0x7F1A
544,1259,master,0x02301714,write,0x0600F2EE,2,0xFEF0
545,1259,master,0x02301714,write,0x0600F2F0,2,0x2
546,1259,master,0x02301714,write,0x0600F2F2,2,0x0
547,1259,master,0x02301714,write,0x0600F2F4,2,0x0
548,1259,master,0x02301714,write,0x0600F2F6,2,0x0
549,1259,master,0x02301714,write,0x0600F2F8,2,0x0
550,1259,master,0x02301714,write,0x0600F2FA,2,0x0
551,1259,master,0x02301714,write,0x0600F2FC,2,0x0
552,1259,master,0x02301714,write,0x0600F2FE,2,0x0
553,1259,master,0x02301714,write,0x0600F300,2,0x0
554,1259,master,0x02301714,write,0x0600F302,2,0x0
555,1259,master,0x02301714,write,0x0600F304,2,0x0
556,1259,master,0x02301714,write,0x0600F306,2,0x0
557,1259,master,0x02301714,write,0x0600F308,2,0x0
558,1259,master,0x02301714,write,0x0600F30A,2,0x0
559,1259,m68k,0x0001C762,write,0x00A15112,2,0x1E
560,1259,m68k,0x0001C762,write,0x00A15112,2,0x100
561,1259,m68k,0x0001C762,write,0x00A15112,2,0xA
562,1259,master,0x02301714,write,0x0600F30C,2,0x1E
563,1259,master,0x02301714,write,0x0600F30E,2,0x100
564,1259,master,0x02301714,write,0x0600F310,2,0xA
565,1259,master,0x02301714,write,0x0600F312,2,0xFFEE
566,1259,m68k,0x0001C762,write,0x00A15112,2,0xFFEE
567,1259,m68k,0x0001C762,write,0x00A15112,2,0x93
568,1259,m68k,0x0001C762,write,0x00A15112,2,0x925E
569,1259,m68k,0x0001C762,write,0x00A15112,2,0x1
570,1259,master,0x02301714,write,0x0600F314,2,0x93
571,1259,master,0x02301714,write,0x0600F316,2,0x925E
572,1259,master,0x02301714,write,0x0600F318,2,0x1
573,1259,master,0x02301714,write,0x0600F31A,2,0x0
574,1259,m68k,0x0001C762,write,0x00A15112,2,0x0
575,1259,m68k,0x0001C762,write,0x00A15112,2,0x300
576,1259,m68k,0x0001C762,write,0x00A15112,2,0x0
577,1259,m68k,0x0001C762,write,0x00A15112,2,0x0
578,1259,master,0x02301714,write,0x0600F31C,2,0x300
579,1259,master,0x02301714,write,0x0600F31E,2,0x0
580,1259,master,0x02301714,write,0x0600F320,2,0x0
581,1259,master,0x02301714,write,0x0600F322,2,0x0
582,1259,m68k,0x0001C762,write,0x00A15112,2,0x0
583,1259,m68k,0x0001C762,write,0x00A15112,2,0xFFFF
584,1259,m68k,0x0001C762,write,0x00A15112,2,0x0
585,1259,m68k,0x0001C762,write,0x00A15112,2,0x0
586,1259,master,0x02301714,write,0x0600F324,2,0xFFFF
587,1259,master,0x02301714,write,0x0600F326,2,0x0
588,1259,master,0x02301714,write,0x0600F328,2,0x0
589,1259,master,0x02301714,write,0x0600F32A,2,0x0
590,1259,m68k,0x0001C762,write,0x00A15112,2,0x0
591,1259,m68k,0x0001C762,write,0x00A15112,2,0x0
592,1259,m68k,0x0001C762,write,0x00A15112,2,0x0
593,1259,m68k,0x0001C762,write,0x00A15112,2,0x0
594,1259,master,0x02301714,write,0x0600F32C,2,0x0
595,1259,master,0x02301714,write,0x0600F32E,2,0x0
596,1259,master,0x02301714,write,0x0600F330,2,0x0
597,1259,master,0x02301714,write,0x0600F332,2,0x0
598,1259,m68k,0x0001C762,write,0x00A15112,2,0x0
599,1259,m68k,0x0001C762,write,0x00A15112,2,0x0
600,1259,m68k,0x0001C762,write,0x00A15112,2,0x0
601,1259,m68k,0x0001C762,write,0x00A15112,2,0x0
602,1259,master,0x02301714,write,0x0600F334,2,0x0
603,1259,master,0x02301714,write,0x0600F336,2,0x0
604,1259,master,0x02301714,write,0x0600F338,2,0x0
605,1259,master,0x02301714,write,0x0600F33A,2,0x0
606,1259,m68k,0x0001C762,write,0x00A15112,2,0x0
607,1259,m68k,0x0001C762,write,0x00A15112,2,0x0
608,1259,m68k,0x0001C762,write,0x00A15112,2,0x0
609,1259,m68k,0x0001C762,write,0x00A15112,2,0x0
610,1259,master,0x02301714,write,0x0600F33C,2,0x0
611,1259,master,0x02301714,write,0x0600F33E,2,0x0
612,1259,master,0x02301714,write,0x0600F340,2,0x0
613,1259,master,0x02301714,write,0x0600F342,2,0x0
614,1259,m68k,0x0001C762,write,0x00A15112,2,0x0
615,1259,m68k,0x0001C762,write,0x00A15112,2,0x0
616,1259,m68k,0x0001C762,write,0x00A15112,2,0x20B
617,1259,m68k,0x0001C762,write,0x00A15112,2,0x61E
618,1259,master,0x02301714,write,0x0600F344,2,0x0
619,1259,master,0x02301714,write,0x0600F346,2,0x20B
620,1259,master,0x02301714,write,0x0600F348,2,0x61E
621,1259,master,0x02301714,write,0x0600F34A,2,0x0
622,1259,m68k,0x0001C762,write,0x00A15112,2,0x0
623,1259,master,0x02301714,read,0x20004010,2,0x0
624,1262,m68k,0x0001C8D0,read,0x00A15103,1,0x0
625,1262,m68k,0x0001C8DA,read,0x00A15107,1,0x0
626,1262,m68k,0x0001C8E2,read,0x00A15110,2,0x0
627,1262,m68k,0x0001C8EA,read,0x00A15120,1,0x1
628,1262,m68k,0x0001C8EA,read,0x00A15120,1,0x1
629,1262,m68k,0x0001C8EA,read,0x00A15120,1,0x1
630,1262,m68k,0x0001C8EA,read,0x00A15120,1,0x1
631,1262,m68k,0x0001C8EA,read,0x00A15120,1,0x1
632,1262,m68k,0x0001C8EA,read,0x00A15120,1,0x1
633,1262,m68k,0x0001C8EA,read,0x00A15120,1,0x1
634,1262,m68k,0x0001C8EA,read,0x00A15120,1,0x1
635,1262,m68k,0x0001C8EA,read,0x00A15120,1,0x1
636,1262,m68k,0x0001C8EA,read,0x00A15120,1,0x1
637,1262,m68k,0x0001C8EA,read,0x00A15120,1,0x1
638,1262,m68k,0x0001C8EA,read,0x00A15120,1,0x1
639,1262,m68k,0x0001C8EA,read,0x00A15120,1,0x0
640,1262,m68k,0x0001C8F4,read,0x00A15103,1,0x0
641,1262,m68k,0x0001C8F4,write,0x00A15103,1,0x1
642,1262,master,0x02304000,write,0x0600FF74,4,0x6000474
643,1262,master,0x02304000,write,0x0600FF70,4,0x600F400
644,1262,master,0x02304000,write,0x0600FF6C,4,0xFFFFFFFF
645,1262,master,0x02304000,write,0x0600FF68,4,0x555C
646,1262,master,0x02304000,write,0x0600FF64,4,0x0
647,1262,master,0x02304000,write,0x0600FF60,4,0x20004023
648,1262,master,0x02304000,write,0x0600FF5C,4,0x0
649,1262,master,0x02304000,write,0x0600FF58,4,0x2601AEC0
650,1262,master,0x02304000,write,0x0600FF54,4,0xCF
651,1262,master,0x02304000,write,0x0600FF50,4,0xFFFFFEC7
652,1262,master,0x02304000,write,0x0600FF4C,4,0x2
653,1262,master,0x02304000,write,0x0600FF48,4,0x0
654,1262,master,0x02304000,write,0x0600FF44,4,0x20004020
655,1262,master,0x02304000,write,0x0600FF40,4,0x4032EFC
656,1262,master,0x02304000,write,0x0600FF3C,4,0x6007B88
657,1262,master,0x02304000,write,0x0600FF38,4,0x8
658,1262,master,0x02304000,write,0x0600FF34,4,0x0
659,1262,master,0x02304000,write,0x0600FF30,4,0x200
660,1262,master,0x02304000,write,0x0600FF2C,4,0x600CA00
661,1262,master,0x02304000,read,0xFFFFFE17,1,0xE2
662,1262,master,0x02304000,write,0xFFFFFE17,1,0xE0
663,1262,master,0x02304000,read,0x20004006,2,0x4000
664,1262,master,0x02304000,read,0x20004010,2,0x0
665,1262,master,0x02304000,write,0x2600BC08,4,0x1
666,1262,master,0x02304000,write,0x2600BC04,4,0x1
667,1262,master,0x02304000,write,0x2600FB90,4,0x5132534B
668,1262,master,0x02304000,write,0x0600FBFC,4,0x600FF2C
669,1262,master,0x02301500,write,0x0600FBF8,4,0x2304138
670,1262,master,0x02301500,write,0x2600FC04,4,0x51323645
671,1262,master,0x02301500,write,0x2600F2F8,2,0xF190
672,1262,master,0x02301500,write,0x2600F2FA,2,0xF1F0
673,1262,master,0x023017C0,write,0x2600F2C8,2,0x0
674,1262,master,0x02301820,write,0x2600F2B6,2,0x0
675,1262,master,0x02301820,write,0x2600F29A,2,0x0
676,1262,master,0x0230189C,write,0x0600FBF4,4,0x2301544
677,1262,master,0x02301924,write,0x2600F222,2,0x2
678,1262,master,0x02301924,write,0x2600F222,2,0x2
679,1262,master,0x02301924,write,0x2600F284,2,0x100
680,1262,master,0x02301AAC,write,0x2600F218,2,0x0
681,1262,master,0x02301AAC,write,0x2600F212,2,0x0
682,1262,master,0x02301AAC,write,0x2600F280,2,0x0
683,1262,master,0x023017F2,write,0x2600F210,2,0x0
684,1262,master,0x02301B70,write,0x2600F280,2,0x0
685,1262,master,0x02301B70,write,0x2600F286,2,0x1
686,1262,master,0x02301B70,write,0x2600F28A,2,0x0
687,1262,master,0x02301CBC,write,0x2600F21A,2,0xFFF0
688,1262,master,0x02301CBC,write,0x2600F21C,2,0x0
689,1262,master,0x02301F20,write,0x0600FBF4,4,0x230155C
690,1262,master,0x02301F20,write,0x2600F29C,2,0x0
691,1262,master,0x02301FA6,write,0x2600F248,2,0x0
692,1262,master,0x02301FA6,write,0x2600F302,2,0x1
693,1262,master,0x02301FA6,write,0x2600F282,2,0xFC
694,1262,master,0x02302158,write,0x0600FBF4,4,0x2301562
695,1262,master,0x02302158,write,0x2600F2A0,2,0x0
696,1262,master,0x02302158,write,0x2600F2A2,2,0x0
697,1262,master,0x02301E2E,write,0x2600F2FC,2,0x0
698,1262,master,0x02301E60,write,0x0600FBF4,4,0x230156E
699,1262,master,0x02301E60,write,0x2600F24C,2,0x0
700,1262,master,0x02301E88,write,0x2600F23C,2,0xF190
701,1262,master,0x02301E88,write,0x2600F2FE,2,0x0
702,1262,master,0x02301EB4,write,0x2600F240,2,0xF1F0
703,1262,master,0x02301EB4,write,0x2600F300,2,0x0
704,1262,master,0x0230156E,write,0x2600FC08,4,0x51323643
705,1262,master,0x02304138,write,0x2600BC0C,4,0x1
706,1262,master,0x02304138,write,0x2600BC04,4,0x2
707,1262,master,0x0230418C,read,0x20004000,2,0x8202
708,1262,master,0x0230418C,write,0x20004000,2,0x8200
709,1262,master,0x0230418C,read,0x20004000,2,0x8200
710,1262,master,0x0230418C,write,0x2000401A,2,0x0
711,1262,master,0x0230418C,read,0x2000401A,2,0x0
712,1262,master,0x0230418C,write,0x20004000,2,0x8202
713,1262,master,0x0230418C,read,0x20004000,2,0x8202
# COMPLETE frames=1280 events=714 recorded=714 dropped=0 errors=0 overflow=0 raw_m68k=198413 raw_master=14340728 pc_rejected_m68k=198346 pc_rejected_master=14340081 direct_m68k=1 direct_master=1 observer_detached=1 q026_edge_snapshots=1 q026_comm_pre=0101/003A/0000 q026_comm_post=0101/003A/0000 pc_allowlist=m68k:0x0001C6FE-0x0001C76C|0x0001C8B0-0x0001C930;master:0x02301500-0x023025E0|0x02304000-0x02304290|0x02304600-0x02304654
