# VRD_WRITE_TRACE version=3 sh2_drc=1 profile_pc=0 profile_pc_env=0 m68k_batching=normal instruction_start_hook=1 composed=1 caller_addr=0x00884CBC caller_max=0 targets=3
# TARGET index=0 addr=0xFFC87E size=2
# TARGET index=1 addr=0xFF0002 size=4
# TARGET index=2 addr=0xFF7B40 size=1
frame,pc,target_addr,target_size,access_addr,access_size,old_value,new_value
1,0x0004A8,0xFF0002,4,0xFF0000,4,0x00000000,0x00010000
1,0x0004AA,0xFF0002,4,0xFF0004,4,0x00010000,0x00015101
1,0x8806C8,0xFF0002,4,0xFF0000,4,0x00015101,0x00005101
1,0x8806CA,0xFF0002,4,0xFF0004,4,0x00005101,0x00000000
2,0x8806C8,0xFF7B40,1,0xFF7B40,4,0x00,0x00
2,0x8806D6,0xFFC87E,2,0xFFC87C,4,0x0000,0x0000
9,0x880DBC,0xFF7B40,1,0xFF7B40,4,0x00,0x00
9,0x880DBC,0xFFC87E,2,0xFFC87C,4,0x0000,0x0000
12,0x880FDE,0xFF0002,4,0xFF0002,2,0x00000000,0x00890000
12,0x880FDE,0xFF0002,4,0xFF0004,2,0x00890000,0x00894262
12,0x880C38,0xFF0002,4,0xFF0002,4,0x00894262,0x00894262
12,0x89435E,0xFFC87E,2,0xFFC87E,2,0x0000,0x0000
12,0x8943BA,0xFF0002,4,0xFF0002,4,0x00894262,0x008943C6
15,0x8943EC,0xFFC87E,2,0xFFC87E,2,0x0000,0x0004
15,0x8943FA,0xFFC87E,2,0xFFC87E,2,0x0004,0x0008
17,0x881E60,0xFFC87E,2,0xFFC87E,2,0x0008,0x0000
18,0x8943EC,0xFFC87E,2,0xFFC87E,2,0x0000,0x0004
18,0x8943FA,0xFFC87E,2,0xFFC87E,2,0x0004,0x0008
20,0x881E60,0xFFC87E,2,0xFFC87E,2,0x0008,0x0000
21,0x8943EC,0xFFC87E,2,0xFFC87E,2,0x0000,0x0004
21,0x8943FA,0xFFC87E,2,0xFFC87E,2,0x0004,0x0008
23,0x881E60,0xFFC87E,2,0xFFC87E,2,0x0008,0x0000
24,0x8943EC,0xFFC87E,2,0xFFC87E,2,0x0000,0x0004
24,0x8943FA,0xFFC87E,2,0xFFC87E,2,0x0004,0x0008
26,0x881E60,0xFFC87E,2,0xFFC87E,2,0x0008,0x0000
27,0x8943EC,0xFFC87E,2,0xFFC87E,2,0x0000,0x0004
27,0x8943FA,0xFFC87E,2,0xFFC87E,2,0x0004,0x0008
29,0x881E60,0xFFC87E,2,0xFFC87E,2,0x0008,0x0000
30,0x8943EC,0xFFC87E,2,0xFFC87E,2,0x0000,0x0004
30,0x8943FA,0xFFC87E,2,0xFFC87E,2,0x0004,0x0008
32,0x881E60,0xFFC87E,2,0xFFC87E,2,0x0008,0x0000
33,0x8943EC,0xFFC87E,2,0xFFC87E,2,0x0000,0x0004
33,0x8943FA,0xFFC87E,2,0xFFC87E,2,0x0004,0x0008
35,0x881E60,0xFFC87E,2,0xFFC87E,2,0x0008,0x0000
36,0x8943EC,0xFFC87E,2,0xFFC87E,2,0x0000,0x0004
36,0x8943FA,0xFFC87E,2,0xFFC87E,2,0x0004,0x0008
38,0x881E60,0xFFC87E,2,0xFFC87E,2,0x0008,0x0000
39,0x8943EC,0xFFC87E,2,0xFFC87E,2,0x0000,0x0004
39,0x8943FA,0xFFC87E,2,0xFFC87E,2,0x0004,0x0008
41,0x881E60,0xFFC87E,2,0xFFC87E,2,0x0008,0x0000
42,0x8943EC,0xFFC87E,2,0xFFC87E,2,0x0000,0x0004
42,0x8943FA,0xFFC87E,2,0xFFC87E,2,0x0004,0x0008
44,0x881E60,0xFFC87E,2,0xFFC87E,2,0x0008,0x0000
45,0x8943EC,0xFFC87E,2,0xFFC87E,2,0x0000,0x0004
45,0x8943FA,0xFFC87E,2,0xFFC87E,2,0x0004,0x0008
47,0x881E60,0xFFC87E,2,0xFFC87E,2,0x0008,0x0000
48,0x8943EC,0xFFC87E,2,0xFFC87E,2,0x0000,0x0004
48,0x8943FA,0xFFC87E,2,0xFFC87E,2,0x0004,0x0008
50,0x881E60,0xFFC87E,2,0xFFC87E,2,0x0008,0x0000
51,0x8943EC,0xFFC87E,2,0xFFC87E,2,0x0000,0x0004
51,0x8943FA,0xFFC87E,2,0xFFC87E,2,0x0004,0x0008
53,0x881E60,0xFFC87E,2,0xFFC87E,2,0x0008,0x0000
54,0x8943EC,0xFFC87E,2,0xFFC87E,2,0x0000,0x0004
54,0x8943FA,0xFFC87E,2,0xFFC87E,2,0x0004,0x0008
56,0x881E60,0xFFC87E,2,0xFFC87E,2,0x0008,0x0000
57,0x8943EC,0xFFC87E,2,0xFFC87E,2,0x0000,0x0004
57,0x8943FA,0xFFC87E,2,0xFFC87E,2,0x0004,0x0008
59,0x881E60,0xFFC87E,2,0xFFC87E,2,0x0008,0x0000
60,0x8943EC,0xFFC87E,2,0xFFC87E,2,0x0000,0x0004
60,0x8943FA,0xFFC87E,2,0xFFC87E,2,0x0004,0x0008
62,0x881E60,0xFFC87E,2,0xFFC87E,2,0x0008,0x0000
63,0x8943EC,0xFFC87E,2,0xFFC87E,2,0x0000,0x0004
63,0x8943FA,0xFFC87E,2,0xFFC87E,2,0x0004,0x0008
65,0x881E60,0xFFC87E,2,0xFFC87E,2,0x0008,0x0000
66,0x8943EC,0xFFC87E,2,0xFFC87E,2,0x0000,0x0004
66,0x8943FA,0xFFC87E,2,0xFFC87E,2,0x0004,0x0008
68,0x881E60,0xFFC87E,2,0xFFC87E,2,0x0008,0x0000
69,0x8943EC,0xFFC87E,2,0xFFC87E,2,0x0000,0x0004
69,0x8943FA,0xFFC87E,2,0xFFC87E,2,0x0004,0x0008
71,0x881E60,0xFFC87E,2,0xFFC87E,2,0x0008,0x0000
72,0x8943EC,0xFFC87E,2,0xFFC87E,2,0x0000,0x0004
72,0x8943FA,0xFFC87E,2,0xFFC87E,2,0x0004,0x0008
74,0x881E60,0xFFC87E,2,0xFFC87E,2,0x0008,0x0000
75,0x8943EC,0xFFC87E,2,0xFFC87E,2,0x0000,0x0004
75,0x8943FA,0xFFC87E,2,0xFFC87E,2,0x0004,0x0008
77,0x881E60,0xFFC87E,2,0xFFC87E,2,0x0008,0x0000
78,0x8943EC,0xFFC87E,2,0xFFC87E,2,0x0000,0x0004
78,0x8943FA,0xFFC87E,2,0xFFC87E,2,0x0004,0x0008
80,0x881E60,0xFFC87E,2,0xFFC87E,2,0x0008,0x0000
81,0x8943EC,0xFFC87E,2,0xFFC87E,2,0x0000,0x0004
81,0x8943FA,0xFFC87E,2,0xFFC87E,2,0x0004,0x0008
83,0x881E60,0xFFC87E,2,0xFFC87E,2,0x0008,0x0000
84,0x8943EC,0xFFC87E,2,0xFFC87E,2,0x0000,0x0004
84,0x8943FA,0xFFC87E,2,0xFFC87E,2,0x0004,0x0008
86,0x881E60,0xFFC87E,2,0xFFC87E,2,0x0008,0x0000
87,0x8943EC,0xFFC87E,2,0xFFC87E,2,0x0000,0x0004
87,0x8943FA,0xFFC87E,2,0xFFC87E,2,0x0004,0x0008
89,0x881E60,0xFFC87E,2,0xFFC87E,2,0x0008,0x0000
90,0x8943EC,0xFFC87E,2,0xFFC87E,2,0x0000,0x0004
90,0x8943FA,0xFFC87E,2,0xFFC87E,2,0x0004,0x0008
92,0x881E60,0xFFC87E,2,0xFFC87E,2,0x0008,0x0000
93,0x8943EC,0xFFC87E,2,0xFFC87E,2,0x0000,0x0004
93,0x8943FA,0xFFC87E,2,0xFFC87E,2,0x0004,0x0008
95,0x881E60,0xFFC87E,2,0xFFC87E,2,0x0008,0x0000
96,0x8943EC,0xFFC87E,2,0xFFC87E,2,0x0000,0x0004
96,0x8943FA,0xFFC87E,2,0xFFC87E,2,0x0004,0x0008
98,0x881E60,0xFFC87E,2,0xFFC87E,2,0x0008,0x0000
99,0x8943EC,0xFFC87E,2,0xFFC87E,2,0x0000,0x0004
99,0x8943FA,0xFFC87E,2,0xFFC87E,2,0x0004,0x0008
101,0x881E60,0xFFC87E,2,0xFFC87E,2,0x0008,0x0000
102,0x8943EC,0xFFC87E,2,0xFFC87E,2,0x0000,0x0004
102,0x8943FA,0xFFC87E,2,0xFFC87E,2,0x0004,0x0008
104,0x881E60,0xFFC87E,2,0xFFC87E,2,0x0008,0x0000
105,0x8943EC,0xFFC87E,2,0xFFC87E,2,0x0000,0x0004
105,0x8943FA,0xFFC87E,2,0xFFC87E,2,0x0004,0x0008
107,0x881E60,0xFFC87E,2,0xFFC87E,2,0x0008,0x0000
108,0x8943EC,0xFFC87E,2,0xFFC87E,2,0x0000,0x0004
108,0x8943FA,0xFFC87E,2,0xFFC87E,2,0x0004,0x0008
110,0x881E60,0xFFC87E,2,0xFFC87E,2,0x0008,0x0000
111,0x8943EC,0xFFC87E,2,0xFFC87E,2,0x0000,0x0004
111,0x8943FA,0xFFC87E,2,0xFFC87E,2,0x0004,0x0008
113,0x881E60,0xFFC87E,2,0xFFC87E,2,0x0008,0x0000
114,0x8943EC,0xFFC87E,2,0xFFC87E,2,0x0000,0x0004
114,0x8943FA,0xFFC87E,2,0xFFC87E,2,0x0004,0x0008
116,0x881E60,0xFFC87E,2,0xFFC87E,2,0x0008,0x0000
117,0x8943EC,0xFFC87E,2,0xFFC87E,2,0x0000,0x0004
117,0x8943FA,0xFFC87E,2,0xFFC87E,2,0x0004,0x0008
119,0x881E60,0xFFC87E,2,0xFFC87E,2,0x0008,0x0000
120,0x8943EC,0xFFC87E,2,0xFFC87E,2,0x0000,0x0004
120,0x8943FA,0xFFC87E,2,0xFFC87E,2,0x0004,0x0008
122,0x881E60,0xFFC87E,2,0xFFC87E,2,0x0008,0x0000
123,0x8943EC,0xFFC87E,2,0xFFC87E,2,0x0000,0x0004
123,0x8943FA,0xFFC87E,2,0xFFC87E,2,0x0004,0x0008
125,0x881E60,0xFFC87E,2,0xFFC87E,2,0x0008,0x0000
126,0x8943EC,0xFFC87E,2,0xFFC87E,2,0x0000,0x0004
126,0x8943FA,0xFFC87E,2,0xFFC87E,2,0x0004,0x0008
128,0x881E60,0xFFC87E,2,0xFFC87E,2,0x0008,0x0000
129,0x8943EC,0xFFC87E,2,0xFFC87E,2,0x0000,0x0004
129,0x8943FA,0xFFC87E,2,0xFFC87E,2,0x0004,0x0008
131,0x881E60,0xFFC87E,2,0xFFC87E,2,0x0008,0x0000
132,0x8943EC,0xFFC87E,2,0xFFC87E,2,0x0000,0x0004
132,0x8943FA,0xFFC87E,2,0xFFC87E,2,0x0004,0x0008
134,0x881E60,0xFFC87E,2,0xFFC87E,2,0x0008,0x0000
135,0x8943EC,0xFFC87E,2,0xFFC87E,2,0x0000,0x0004
135,0x8943FA,0xFFC87E,2,0xFFC87E,2,0x0004,0x0008
137,0x881E60,0xFFC87E,2,0xFFC87E,2,0x0008,0x0000
138,0x8943EC,0xFFC87E,2,0xFFC87E,2,0x0000,0x0004
138,0x8943FA,0xFFC87E,2,0xFFC87E,2,0x0004,0x0008
140,0x881E60,0xFFC87E,2,0xFFC87E,2,0x0008,0x0000
141,0x8943EC,0xFFC87E,2,0xFFC87E,2,0x0000,0x0004
141,0x8943FA,0xFFC87E,2,0xFFC87E,2,0x0004,0x0008
143,0x881E60,0xFFC87E,2,0xFFC87E,2,0x0008,0x0000
144,0x8943EC,0xFFC87E,2,0xFFC87E,2,0x0000,0x0004
144,0x8943FA,0xFFC87E,2,0xFFC87E,2,0x0004,0x0008
146,0x881E60,0xFFC87E,2,0xFFC87E,2,0x0008,0x0000
147,0x8943EC,0xFFC87E,2,0xFFC87E,2,0x0000,0x0004
147,0x8943FA,0xFFC87E,2,0xFFC87E,2,0x0004,0x0008
149,0x881E60,0xFFC87E,2,0xFFC87E,2,0x0008,0x0000
150,0x8943EC,0xFFC87E,2,0xFFC87E,2,0x0000,0x0004
150,0x8943FA,0xFFC87E,2,0xFFC87E,2,0x0004,0x0008
152,0x881E60,0xFFC87E,2,0xFFC87E,2,0x0008,0x0000
153,0x8943EC,0xFFC87E,2,0xFFC87E,2,0x0000,0x0004
153,0x8943FA,0xFFC87E,2,0xFFC87E,2,0x0004,0x0008
155,0x881E60,0xFFC87E,2,0xFFC87E,2,0x0008,0x0000
156,0x8943EC,0xFFC87E,2,0xFFC87E,2,0x0000,0x0004
156,0x8943FA,0xFFC87E,2,0xFFC87E,2,0x0004,0x0008
158,0x881E60,0xFFC87E,2,0xFFC87E,2,0x0008,0x0000
159,0x8943EC,0xFFC87E,2,0xFFC87E,2,0x0000,0x0004
159,0x8943FA,0xFFC87E,2,0xFFC87E,2,0x0004,0x0008
161,0x881E60,0xFFC87E,2,0xFFC87E,2,0x0008,0x0000
162,0x8943EC,0xFFC87E,2,0xFFC87E,2,0x0000,0x0004
162,0x8943FA,0xFFC87E,2,0xFFC87E,2,0x0004,0x0008
164,0x881E60,0xFFC87E,2,0xFFC87E,2,0x0008,0x0000
165,0x8943EC,0xFFC87E,2,0xFFC87E,2,0x0000,0x0004
165,0x8943FA,0xFFC87E,2,0xFFC87E,2,0x0004,0x0008
167,0x881E60,0xFFC87E,2,0xFFC87E,2,0x0008,0x0000
168,0x8943EC,0xFFC87E,2,0xFFC87E,2,0x0000,0x0004
168,0x8943FA,0xFFC87E,2,0xFFC87E,2,0x0004,0x0008
170,0x881E60,0xFFC87E,2,0xFFC87E,2,0x0008,0x0000
171,0x8943EC,0xFFC87E,2,0xFFC87E,2,0x0000,0x0004
171,0x8943FA,0xFFC87E,2,0xFFC87E,2,0x0004,0x0008
173,0x881E60,0xFFC87E,2,0xFFC87E,2,0x0008,0x0000
174,0x8943EC,0xFFC87E,2,0xFFC87E,2,0x0000,0x0004
174,0x8943FA,0xFFC87E,2,0xFFC87E,2,0x0004,0x0008
176,0x881E60,0xFFC87E,2,0xFFC87E,2,0x0008,0x0000
177,0x8943EC,0xFFC87E,2,0xFFC87E,2,0x0000,0x0004
177,0x8943FA,0xFFC87E,2,0xFFC87E,2,0x0004,0x0008
179,0x881E60,0xFFC87E,2,0xFFC87E,2,0x0008,0x0000
180,0x8943EC,0xFFC87E,2,0xFFC87E,2,0x0000,0x0004
180,0x8943FA,0xFFC87E,2,0xFFC87E,2,0x0004,0x0008
182,0x881E60,0xFFC87E,2,0xFFC87E,2,0x0008,0x0000
183,0x8943EC,0xFFC87E,2,0xFFC87E,2,0x0000,0x0004
183,0x8943FA,0xFFC87E,2,0xFFC87E,2,0x0004,0x0008
185,0x881E60,0xFFC87E,2,0xFFC87E,2,0x0008,0x0000
186,0x8943EC,0xFFC87E,2,0xFFC87E,2,0x0000,0x0004
186,0x8943FA,0xFFC87E,2,0xFFC87E,2,0x0004,0x0008
188,0x881E60,0xFFC87E,2,0xFFC87E,2,0x0008,0x0000
189,0x8943EC,0xFFC87E,2,0xFFC87E,2,0x0000,0x0004
189,0x8943FA,0xFFC87E,2,0xFFC87E,2,0x0004,0x0008
191,0x881E60,0xFFC87E,2,0xFFC87E,2,0x0008,0x0000
192,0x8943EC,0xFFC87E,2,0xFFC87E,2,0x0000,0x0004
192,0x8943FA,0xFFC87E,2,0xFFC87E,2,0x0004,0x0008
194,0x881E60,0xFFC87E,2,0xFFC87E,2,0x0008,0x0000
195,0x8943EC,0xFFC87E,2,0xFFC87E,2,0x0000,0x0004
195,0x8943FA,0xFFC87E,2,0xFFC87E,2,0x0004,0x0008
197,0x881E60,0xFFC87E,2,0xFFC87E,2,0x0008,0x0000
198,0x8943EC,0xFFC87E,2,0xFFC87E,2,0x0000,0x0004
198,0x8943FA,0xFFC87E,2,0xFFC87E,2,0x0004,0x0008
200,0x881E60,0xFFC87E,2,0xFFC87E,2,0x0008,0x0000
201,0x8943EC,0xFFC87E,2,0xFFC87E,2,0x0000,0x0004
201,0x8943FA,0xFFC87E,2,0xFFC87E,2,0x0004,0x0008
203,0x881E60,0xFFC87E,2,0xFFC87E,2,0x0008,0x0000
204,0x8943EC,0xFFC87E,2,0xFFC87E,2,0x0000,0x0004
204,0x8943FA,0xFFC87E,2,0xFFC87E,2,0x0004,0x0008
206,0x881E60,0xFFC87E,2,0xFFC87E,2,0x0008,0x0000
207,0x8943EC,0xFFC87E,2,0xFFC87E,2,0x0000,0x0004
207,0x8943FA,0xFFC87E,2,0xFFC87E,2,0x0004,0x0008
209,0x881E60,0xFFC87E,2,0xFFC87E,2,0x0008,0x0000
210,0x8943EC,0xFFC87E,2,0xFFC87E,2,0x0000,0x0004
210,0x8943FA,0xFFC87E,2,0xFFC87E,2,0x0004,0x0008
212,0x881E60,0xFFC87E,2,0xFFC87E,2,0x0008,0x0000
213,0x8943EC,0xFFC87E,2,0xFFC87E,2,0x0000,0x0004
213,0x8943FA,0xFFC87E,2,0xFFC87E,2,0x0004,0x0008
215,0x881E60,0xFFC87E,2,0xFFC87E,2,0x0008,0x0000
216,0x8943EC,0xFFC87E,2,0xFFC87E,2,0x0000,0x0004
216,0x8943FA,0xFFC87E,2,0xFFC87E,2,0x0004,0x0008
218,0x881E60,0xFFC87E,2,0xFFC87E,2,0x0008,0x0000
219,0x8943EC,0xFFC87E,2,0xFFC87E,2,0x0000,0x0004
219,0x8943FA,0xFFC87E,2,0xFFC87E,2,0x0004,0x0008
221,0x881E60,0xFFC87E,2,0xFFC87E,2,0x0008,0x0000
222,0x8943EC,0xFFC87E,2,0xFFC87E,2,0x0000,0x0004
222,0x8943FA,0xFFC87E,2,0xFFC87E,2,0x0004,0x0008
224,0x881E60,0xFFC87E,2,0xFFC87E,2,0x0008,0x0000
225,0x8943EC,0xFFC87E,2,0xFFC87E,2,0x0000,0x0004
225,0x8943FA,0xFFC87E,2,0xFFC87E,2,0x0004,0x0008
227,0x881E60,0xFFC87E,2,0xFFC87E,2,0x0008,0x0000
228,0x8943EC,0xFFC87E,2,0xFFC87E,2,0x0000,0x0004
228,0x8943FA,0xFFC87E,2,0xFFC87E,2,0x0004,0x0008
230,0x881E60,0xFFC87E,2,0xFFC87E,2,0x0008,0x0000
231,0x8943EC,0xFFC87E,2,0xFFC87E,2,0x0000,0x0004
231,0x8943FA,0xFFC87E,2,0xFFC87E,2,0x0004,0x0008
233,0x881E60,0xFFC87E,2,0xFFC87E,2,0x0008,0x0000
234,0x8943EC,0xFFC87E,2,0xFFC87E,2,0x0000,0x0004
234,0x8943FA,0xFFC87E,2,0xFFC87E,2,0x0004,0x0008
236,0x881E60,0xFFC87E,2,0xFFC87E,2,0x0008,0x0000
237,0x8943EC,0xFFC87E,2,0xFFC87E,2,0x0000,0x0004
237,0x8943FA,0xFFC87E,2,0xFFC87E,2,0x0004,0x0008
239,0x881E60,0xFFC87E,2,0xFFC87E,2,0x0008,0x0000
240,0x8943EC,0xFFC87E,2,0xFFC87E,2,0x0000,0x0004
240,0x8943FA,0xFFC87E,2,0xFFC87E,2,0x0004,0x0008
242,0x881E60,0xFFC87E,2,0xFFC87E,2,0x0008,0x0000
243,0x8943EC,0xFFC87E,2,0xFFC87E,2,0x0000,0x0004
243,0x8943FA,0xFFC87E,2,0xFFC87E,2,0x0004,0x0008
245,0x881E60,0xFFC87E,2,0xFFC87E,2,0x0008,0x0000
246,0x8943EC,0xFFC87E,2,0xFFC87E,2,0x0000,0x0004
246,0x8943FA,0xFFC87E,2,0xFFC87E,2,0x0004,0x0008
248,0x881E60,0xFFC87E,2,0xFFC87E,2,0x0008,0x0000
249,0x8943EC,0xFFC87E,2,0xFFC87E,2,0x0000,0x0004
249,0x8943FA,0xFFC87E,2,0xFFC87E,2,0x0004,0x0008
251,0x881E60,0xFFC87E,2,0xFFC87E,2,0x0008,0x0000
252,0x8943EC,0xFFC87E,2,0xFFC87E,2,0x0000,0x0004
252,0x8943FA,0xFFC87E,2,0xFFC87E,2,0x0004,0x0008
254,0x881E60,0xFFC87E,2,0xFFC87E,2,0x0008,0x0000
255,0x8943EC,0xFFC87E,2,0xFFC87E,2,0x0000,0x0004
255,0x8943FA,0xFFC87E,2,0xFFC87E,2,0x0004,0x0008
257,0x881E60,0xFFC87E,2,0xFFC87E,2,0x0008,0x0000
258,0x8943EC,0xFFC87E,2,0xFFC87E,2,0x0000,0x0004
258,0x8943FA,0xFFC87E,2,0xFFC87E,2,0x0004,0x0008
260,0x881E60,0xFFC87E,2,0xFFC87E,2,0x0008,0x0000
261,0x8943EC,0xFFC87E,2,0xFFC87E,2,0x0000,0x0004
261,0x8943FA,0xFFC87E,2,0xFFC87E,2,0x0004,0x0008
263,0x881E60,0xFFC87E,2,0xFFC87E,2,0x0008,0x0000
264,0x8943EC,0xFFC87E,2,0xFFC87E,2,0x0000,0x0004
264,0x8943FA,0xFFC87E,2,0xFFC87E,2,0x0004,0x0008
266,0x881E60,0xFFC87E,2,0xFFC87E,2,0x0008,0x0000
267,0x8943EC,0xFFC87E,2,0xFFC87E,2,0x0000,0x0004
267,0x8943FA,0xFFC87E,2,0xFFC87E,2,0x0004,0x0008
269,0x881E60,0xFFC87E,2,0xFFC87E,2,0x0008,0x0000
270,0x8943EC,0xFFC87E,2,0xFFC87E,2,0x0000,0x0004
270,0x8943FA,0xFFC87E,2,0xFFC87E,2,0x0004,0x0008
272,0x881E60,0xFFC87E,2,0xFFC87E,2,0x0008,0x0000
273,0x8943EC,0xFFC87E,2,0xFFC87E,2,0x0000,0x0004
273,0x8943FA,0xFFC87E,2,0xFFC87E,2,0x0004,0x0008
275,0x881E60,0xFFC87E,2,0xFFC87E,2,0x0008,0x0000
276,0x8943EC,0xFFC87E,2,0xFFC87E,2,0x0000,0x0004
276,0x8943FA,0xFFC87E,2,0xFFC87E,2,0x0004,0x0008
278,0x881E60,0xFFC87E,2,0xFFC87E,2,0x0008,0x0000
279,0x8943EC,0xFFC87E,2,0xFFC87E,2,0x0000,0x0004
279,0x8943FA,0xFFC87E,2,0xFFC87E,2,0x0004,0x0008
281,0x881E60,0xFFC87E,2,0xFFC87E,2,0x0008,0x0000
282,0x8943EC,0xFFC87E,2,0xFFC87E,2,0x0000,0x0004
282,0x8943FA,0xFFC87E,2,0xFFC87E,2,0x0004,0x0008
284,0x881E60,0xFFC87E,2,0xFFC87E,2,0x0008,0x0000
285,0x8943EC,0xFFC87E,2,0xFFC87E,2,0x0000,0x0004
285,0x8943FA,0xFFC87E,2,0xFFC87E,2,0x0004,0x0008
287,0x881E60,0xFFC87E,2,0xFFC87E,2,0x0008,0x0000
288,0x8943EC,0xFFC87E,2,0xFFC87E,2,0x0000,0x0004
288,0x8943FA,0xFFC87E,2,0xFFC87E,2,0x0004,0x0008
290,0x881E60,0xFFC87E,2,0xFFC87E,2,0x0008,0x0000
291,0x8943EC,0xFFC87E,2,0xFFC87E,2,0x0000,0x0004
291,0x8943FA,0xFFC87E,2,0xFFC87E,2,0x0004,0x0008
293,0x881E60,0xFFC87E,2,0xFFC87E,2,0x0008,0x0000
294,0x8943EC,0xFFC87E,2,0xFFC87E,2,0x0000,0x0004
294,0x8943FA,0xFFC87E,2,0xFFC87E,2,0x0004,0x0008
296,0x881E60,0xFFC87E,2,0xFFC87E,2,0x0008,0x0000
297,0x8943EC,0xFFC87E,2,0xFFC87E,2,0x0000,0x0004
297,0x8943FA,0xFFC87E,2,0xFFC87E,2,0x0004,0x0008
299,0x881E60,0xFFC87E,2,0xFFC87E,2,0x0008,0x0000
300,0x8943EC,0xFFC87E,2,0xFFC87E,2,0x0000,0x0004
300,0x8943FA,0xFFC87E,2,0xFFC87E,2,0x0004,0x0008
302,0x881E60,0xFFC87E,2,0xFFC87E,2,0x0008,0x0000
303,0x8943EC,0xFFC87E,2,0xFFC87E,2,0x0000,0x0004
303,0x8943FA,0xFFC87E,2,0xFFC87E,2,0x0004,0x0008
305,0x881E60,0xFFC87E,2,0xFFC87E,2,0x0008,0x0000
306,0x8943EC,0xFFC87E,2,0xFFC87E,2,0x0000,0x0004
306,0x8943FA,0xFFC87E,2,0xFFC87E,2,0x0004,0x0008
308,0x881E60,0xFFC87E,2,0xFFC87E,2,0x0008,0x0000
309,0x8943EC,0xFFC87E,2,0xFFC87E,2,0x0000,0x0004
309,0x8943FA,0xFFC87E,2,0xFFC87E,2,0x0004,0x0008
311,0x881E60,0xFFC87E,2,0xFFC87E,2,0x0008,0x0000
312,0x8943EC,0xFFC87E,2,0xFFC87E,2,0x0000,0x0004
312,0x8943FA,0xFFC87E,2,0xFFC87E,2,0x0004,0x0008
314,0x881E60,0xFFC87E,2,0xFFC87E,2,0x0008,0x0000
315,0x8943EC,0xFFC87E,2,0xFFC87E,2,0x0000,0x0004
315,0x8943FA,0xFFC87E,2,0xFFC87E,2,0x0004,0x0008
317,0x881E60,0xFFC87E,2,0xFFC87E,2,0x0008,0x0000
318,0x8943EC,0xFFC87E,2,0xFFC87E,2,0x0000,0x0004
318,0x8943FA,0xFFC87E,2,0xFFC87E,2,0x0004,0x0008
320,0x881E60,0xFFC87E,2,0xFFC87E,2,0x0008,0x0000
321,0x8943EC,0xFFC87E,2,0xFFC87E,2,0x0000,0x0004
321,0x8943FA,0xFFC87E,2,0xFFC87E,2,0x0004,0x0008
323,0x881E60,0xFFC87E,2,0xFFC87E,2,0x0008,0x0000
324,0x8943EC,0xFFC87E,2,0xFFC87E,2,0x0000,0x0004
324,0x8943FA,0xFFC87E,2,0xFFC87E,2,0x0004,0x0008
326,0x881E60,0xFFC87E,2,0xFFC87E,2,0x0008,0x0000
327,0x8943EC,0xFFC87E,2,0xFFC87E,2,0x0000,0x0004
327,0x8943FA,0xFFC87E,2,0xFFC87E,2,0x0004,0x0008
329,0x881E60,0xFFC87E,2,0xFFC87E,2,0x0008,0x0000
330,0x8943EC,0xFFC87E,2,0xFFC87E,2,0x0000,0x0004
330,0x8943FA,0xFFC87E,2,0xFFC87E,2,0x0004,0x0008
332,0x881E60,0xFFC87E,2,0xFFC87E,2,0x0008,0x0000
333,0x8943EC,0xFFC87E,2,0xFFC87E,2,0x0000,0x0004
333,0x8943FA,0xFFC87E,2,0xFFC87E,2,0x0004,0x0008
335,0x881E60,0xFFC87E,2,0xFFC87E,2,0x0008,0x0000
336,0x8943EC,0xFFC87E,2,0xFFC87E,2,0x0000,0x0004
336,0x8943FA,0xFFC87E,2,0xFFC87E,2,0x0004,0x0008
338,0x881E60,0xFFC87E,2,0xFFC87E,2,0x0008,0x0000
339,0x8943EC,0xFFC87E,2,0xFFC87E,2,0x0000,0x0004
339,0x8943FA,0xFFC87E,2,0xFFC87E,2,0x0004,0x0008
341,0x881E60,0xFFC87E,2,0xFFC87E,2,0x0008,0x0000
342,0x8943EC,0xFFC87E,2,0xFFC87E,2,0x0000,0x0004
342,0x8943FA,0xFFC87E,2,0xFFC87E,2,0x0004,0x0008
344,0x881E60,0xFFC87E,2,0xFFC87E,2,0x0008,0x0000
345,0x8943EC,0xFFC87E,2,0xFFC87E,2,0x0000,0x0004
345,0x8943FA,0xFFC87E,2,0xFFC87E,2,0x0004,0x0008
347,0x881E60,0xFFC87E,2,0xFFC87E,2,0x0008,0x0000
348,0x8943EC,0xFFC87E,2,0xFFC87E,2,0x0000,0x0004
348,0x8943FA,0xFFC87E,2,0xFFC87E,2,0x0004,0x0008
350,0x881E60,0xFFC87E,2,0xFFC87E,2,0x0008,0x0000
351,0x8943EC,0xFFC87E,2,0xFFC87E,2,0x0000,0x0004
351,0x8943FA,0xFFC87E,2,0xFFC87E,2,0x0004,0x0008
353,0x881E60,0xFFC87E,2,0xFFC87E,2,0x0008,0x0000
353,0x8943EC,0xFFC87E,2,0xFFC87E,2,0x0000,0x0004
354,0x8943FA,0xFFC87E,2,0xFFC87E,2,0x0004,0x0008
356,0x881E60,0xFFC87E,2,0xFFC87E,2,0x0008,0x0000
356,0x8943EC,0xFFC87E,2,0xFFC87E,2,0x0000,0x0004
357,0x8943FA,0xFFC87E,2,0xFFC87E,2,0x0004,0x0008
359,0x881E60,0xFFC87E,2,0xFFC87E,2,0x0008,0x0000
359,0x8943EC,0xFFC87E,2,0xFFC87E,2,0x0000,0x0004
360,0x8943FA,0xFFC87E,2,0xFFC87E,2,0x0004,0x0008
362,0x881E60,0xFFC87E,2,0xFFC87E,2,0x0008,0x0000
362,0x8943EC,0xFFC87E,2,0xFFC87E,2,0x0000,0x0004
363,0x8943FA,0xFFC87E,2,0xFFC87E,2,0x0004,0x0008
365,0x881E60,0xFFC87E,2,0xFFC87E,2,0x0008,0x0000
365,0x8943EC,0xFFC87E,2,0xFFC87E,2,0x0000,0x0004
366,0x8943FA,0xFFC87E,2,0xFFC87E,2,0x0004,0x0008
368,0x881E60,0xFFC87E,2,0xFFC87E,2,0x0008,0x0000
368,0x8943EC,0xFFC87E,2,0xFFC87E,2,0x0000,0x0004
369,0x8943FA,0xFFC87E,2,0xFFC87E,2,0x0004,0x0008
371,0x881E60,0xFFC87E,2,0xFFC87E,2,0x0008,0x0000
371,0x8943EC,0xFFC87E,2,0xFFC87E,2,0x0000,0x0004
372,0x8943FA,0xFFC87E,2,0xFFC87E,2,0x0004,0x0008
374,0x881E60,0xFFC87E,2,0xFFC87E,2,0x0008,0x0000
374,0x894554,0xFF0002,4,0xFF0002,4,0x008943C6,0x008853B0
374,0x8943EC,0xFFC87E,2,0xFFC87E,2,0x0000,0x0004
393,0x8854D2,0xFFC87E,2,0xFFC87E,2,0x0004,0x0000
395,0x885566,0xFF0002,4,0xFF0002,4,0x008853B0,0x00885586
397,0x8855AC,0xFFC87E,2,0xFFC87E,2,0x0000,0x0004
397,0x8855C2,0xFFC87E,2,0xFFC87E,2,0x0004,0x0008
399,0x8855F0,0xFFC87E,2,0xFFC87E,2,0x0008,0x000C
399,0x89C414,0xFFC87E,2,0xFFC87E,2,0x000C,0x0000
400,0x8855AC,0xFFC87E,2,0xFFC87E,2,0x0000,0x0004
401,0x8855C2,0xFFC87E,2,0xFFC87E,2,0x0004,0x0008
402,0x8855F0,0xFFC87E,2,0xFFC87E,2,0x0008,0x000C
402,0x89C414,0xFFC87E,2,0xFFC87E,2,0x000C,0x0000
403,0x8855AC,0xFFC87E,2,0xFFC87E,2,0x0000,0x0004
404,0x8855C2,0xFFC87E,2,0xFFC87E,2,0x0004,0x0008
405,0x8855F0,0xFFC87E,2,0xFFC87E,2,0x0008,0x000C
405,0x89C414,0xFFC87E,2,0xFFC87E,2,0x000C,0x0000
406,0x8855AC,0xFFC87E,2,0xFFC87E,2,0x0000,0x0004
407,0x8855C2,0xFFC87E,2,0xFFC87E,2,0x0004,0x0008
408,0x8855F0,0xFFC87E,2,0xFFC87E,2,0x0008,0x000C
408,0x89C414,0xFFC87E,2,0xFFC87E,2,0x000C,0x0000
409,0x8855AC,0xFFC87E,2,0xFFC87E,2,0x0000,0x0004
410,0x8855C2,0xFFC87E,2,0xFFC87E,2,0x0004,0x0008
411,0x8855F0,0xFFC87E,2,0xFFC87E,2,0x0008,0x000C
411,0x89C414,0xFFC87E,2,0xFFC87E,2,0x000C,0x0000
412,0x8855AC,0xFFC87E,2,0xFFC87E,2,0x0000,0x0004
413,0x8855C2,0xFFC87E,2,0xFFC87E,2,0x0004,0x0008
414,0x8855F0,0xFFC87E,2,0xFFC87E,2,0x0008,0x000C
414,0x89C414,0xFFC87E,2,0xFFC87E,2,0x000C,0x0000
415,0x8855AC,0xFFC87E,2,0xFFC87E,2,0x0000,0x0004
416,0x8855C2,0xFFC87E,2,0xFFC87E,2,0x0004,0x0008
417,0x8855F0,0xFFC87E,2,0xFFC87E,2,0x0008,0x000C
417,0x89C414,0xFFC87E,2,0xFFC87E,2,0x000C,0x0000
418,0x8855AC,0xFFC87E,2,0xFFC87E,2,0x0000,0x0004
419,0x8855C2,0xFFC87E,2,0xFFC87E,2,0x0004,0x0008
420,0x8855F0,0xFFC87E,2,0xFFC87E,2,0x0008,0x000C
420,0x89C414,0xFFC87E,2,0xFFC87E,2,0x000C,0x0000
421,0x8855AC,0xFFC87E,2,0xFFC87E,2,0x0000,0x0004
422,0x8855C2,0xFFC87E,2,0xFFC87E,2,0x0004,0x0008
423,0x8855F0,0xFFC87E,2,0xFFC87E,2,0x0008,0x000C
423,0x89C414,0xFFC87E,2,0xFFC87E,2,0x000C,0x0000
424,0x8855AC,0xFFC87E,2,0xFFC87E,2,0x0000,0x0004
425,0x8855C2,0xFFC87E,2,0xFFC87E,2,0x0004,0x0008
426,0x8855F0,0xFFC87E,2,0xFFC87E,2,0x0008,0x000C
426,0x89C414,0xFFC87E,2,0xFFC87E,2,0x000C,0x0000
427,0x8855AC,0xFFC87E,2,0xFFC87E,2,0x0000,0x0004
428,0x8855C2,0xFFC87E,2,0xFFC87E,2,0x0004,0x0008
429,0x8855F0,0xFFC87E,2,0xFFC87E,2,0x0008,0x000C
429,0x89C414,0xFFC87E,2,0xFFC87E,2,0x000C,0x0000
430,0x8855AC,0xFFC87E,2,0xFFC87E,2,0x0000,0x0004
431,0x8855C2,0xFFC87E,2,0xFFC87E,2,0x0004,0x0008
432,0x8855F0,0xFFC87E,2,0xFFC87E,2,0x0008,0x000C
432,0x89C414,0xFFC87E,2,0xFFC87E,2,0x000C,0x0000
433,0x8855AC,0xFFC87E,2,0xFFC87E,2,0x0000,0x0004
434,0x8855C2,0xFFC87E,2,0xFFC87E,2,0x0004,0x0008
435,0x8855F0,0xFFC87E,2,0xFFC87E,2,0x0008,0x000C
435,0x89C414,0xFFC87E,2,0xFFC87E,2,0x000C,0x0000
436,0x8855AC,0xFFC87E,2,0xFFC87E,2,0x0000,0x0004
437,0x8855C2,0xFFC87E,2,0xFFC87E,2,0x0004,0x0008
438,0x8855F0,0xFFC87E,2,0xFFC87E,2,0x0008,0x000C
438,0x89C414,0xFFC87E,2,0xFFC87E,2,0x000C,0x0000
439,0x8855AC,0xFFC87E,2,0xFFC87E,2,0x0000,0x0004
440,0x8855C2,0xFFC87E,2,0xFFC87E,2,0x0004,0x0008
441,0x8855F0,0xFFC87E,2,0xFFC87E,2,0x0008,0x000C
441,0x89C414,0xFFC87E,2,0xFFC87E,2,0x000C,0x0000
442,0x8855AC,0xFFC87E,2,0xFFC87E,2,0x0000,0x0004
443,0x8855C2,0xFFC87E,2,0xFFC87E,2,0x0004,0x0008
444,0x8855F0,0xFFC87E,2,0xFFC87E,2,0x0008,0x000C
444,0x89C414,0xFFC87E,2,0xFFC87E,2,0x000C,0x0000
445,0x8855AC,0xFFC87E,2,0xFFC87E,2,0x0000,0x0004
446,0x8855C2,0xFFC87E,2,0xFFC87E,2,0x0004,0x0008
447,0x8855F0,0xFFC87E,2,0xFFC87E,2,0x0008,0x000C
447,0x89C414,0xFFC87E,2,0xFFC87E,2,0x000C,0x0000
448,0x8855AC,0xFFC87E,2,0xFFC87E,2,0x0000,0x0004
449,0x8855C2,0xFFC87E,2,0xFFC87E,2,0x0004,0x0008
450,0x8855F0,0xFFC87E,2,0xFFC87E,2,0x0008,0x000C
450,0x89C414,0xFFC87E,2,0xFFC87E,2,0x000C,0x0000
451,0x8855AC,0xFFC87E,2,0xFFC87E,2,0x0000,0x0004
452,0x8855C2,0xFFC87E,2,0xFFC87E,2,0x0004,0x0008
453,0x8855F0,0xFFC87E,2,0xFFC87E,2,0x0008,0x000C
453,0x89C414,0xFFC87E,2,0xFFC87E,2,0x000C,0x0000
454,0x8855AC,0xFFC87E,2,0xFFC87E,2,0x0000,0x0004
455,0x8855C2,0xFFC87E,2,0xFFC87E,2,0x0004,0x0008
456,0x8855F0,0xFFC87E,2,0xFFC87E,2,0x0008,0x000C
456,0x89C414,0xFFC87E,2,0xFFC87E,2,0x000C,0x0000
457,0x8855AC,0xFFC87E,2,0xFFC87E,2,0x0000,0x0004
458,0x8855C2,0xFFC87E,2,0xFFC87E,2,0x0004,0x0008
459,0x8855F0,0xFFC87E,2,0xFFC87E,2,0x0008,0x000C
459,0x89C414,0xFFC87E,2,0xFFC87E,2,0x000C,0x0000
460,0x8855AC,0xFFC87E,2,0xFFC87E,2,0x0000,0x0004
461,0x8855C2,0xFFC87E,2,0xFFC87E,2,0x0004,0x0008
462,0x8855F0,0xFFC87E,2,0xFFC87E,2,0x0008,0x000C
462,0x89C414,0xFFC87E,2,0xFFC87E,2,0x000C,0x0000
463,0x8855AC,0xFFC87E,2,0xFFC87E,2,0x0000,0x0004
464,0x8855C2,0xFFC87E,2,0xFFC87E,2,0x0004,0x0008
465,0x8855F0,0xFFC87E,2,0xFFC87E,2,0x0008,0x000C
465,0x89C414,0xFFC87E,2,0xFFC87E,2,0x000C,0x0000
466,0x8855AC,0xFFC87E,2,0xFFC87E,2,0x0000,0x0004
467,0x8855C2,0xFFC87E,2,0xFFC87E,2,0x0004,0x0008
468,0x8855F0,0xFFC87E,2,0xFFC87E,2,0x0008,0x000C
468,0x89C414,0xFFC87E,2,0xFFC87E,2,0x000C,0x0000
469,0x8855AC,0xFFC87E,2,0xFFC87E,2,0x0000,0x0004
470,0x8855C2,0xFFC87E,2,0xFFC87E,2,0x0004,0x0008
471,0x8855F0,0xFFC87E,2,0xFFC87E,2,0x0008,0x000C
471,0x89C414,0xFFC87E,2,0xFFC87E,2,0x000C,0x0000
472,0x8855AC,0xFFC87E,2,0xFFC87E,2,0x0000,0x0004
473,0x8855C2,0xFFC87E,2,0xFFC87E,2,0x0004,0x0008
474,0x8855F0,0xFFC87E,2,0xFFC87E,2,0x0008,0x000C
474,0x89C414,0xFFC87E,2,0xFFC87E,2,0x000C,0x0000
475,0x8855AC,0xFFC87E,2,0xFFC87E,2,0x0000,0x0004
476,0x8855C2,0xFFC87E,2,0xFFC87E,2,0x0004,0x0008
477,0x8855F0,0xFFC87E,2,0xFFC87E,2,0x0008,0x000C
477,0x89C414,0xFFC87E,2,0xFFC87E,2,0x000C,0x0000
478,0x8855AC,0xFFC87E,2,0xFFC87E,2,0x0000,0x0004
479,0x8855C2,0xFFC87E,2,0xFFC87E,2,0x0004,0x0008
480,0x8855F0,0xFFC87E,2,0xFFC87E,2,0x0008,0x000C
480,0x89C414,0xFFC87E,2,0xFFC87E,2,0x000C,0x0000
481,0x8855AC,0xFFC87E,2,0xFFC87E,2,0x0000,0x0004
482,0x8855C2,0xFFC87E,2,0xFFC87E,2,0x0004,0x0008
483,0x8855F0,0xFFC87E,2,0xFFC87E,2,0x0008,0x000C
483,0x89C414,0xFFC87E,2,0xFFC87E,2,0x000C,0x0000
484,0x8855AC,0xFFC87E,2,0xFFC87E,2,0x0000,0x0004
485,0x8855C2,0xFFC87E,2,0xFFC87E,2,0x0004,0x0008
486,0x8855F0,0xFFC87E,2,0xFFC87E,2,0x0008,0x000C
486,0x89C414,0xFFC87E,2,0xFFC87E,2,0x000C,0x0000
487,0x8855AC,0xFFC87E,2,0xFFC87E,2,0x0000,0x0004
488,0x8855C2,0xFFC87E,2,0xFFC87E,2,0x0004,0x0008
489,0x8855F0,0xFFC87E,2,0xFFC87E,2,0x0008,0x000C
489,0x89C414,0xFFC87E,2,0xFFC87E,2,0x000C,0x0000
490,0x8855AC,0xFFC87E,2,0xFFC87E,2,0x0000,0x0004
491,0x8855C2,0xFFC87E,2,0xFFC87E,2,0x0004,0x0008
492,0x8855F0,0xFFC87E,2,0xFFC87E,2,0x0008,0x000C
492,0x89C414,0xFFC87E,2,0xFFC87E,2,0x000C,0x0000
493,0x8855AC,0xFFC87E,2,0xFFC87E,2,0x0000,0x0004
494,0x8855C2,0xFFC87E,2,0xFFC87E,2,0x0004,0x0008
495,0x8855F0,0xFFC87E,2,0xFFC87E,2,0x0008,0x000C
495,0x89C414,0xFFC87E,2,0xFFC87E,2,0x000C,0x0000
496,0x8855AC,0xFFC87E,2,0xFFC87E,2,0x0000,0x0004
497,0x8855C2,0xFFC87E,2,0xFFC87E,2,0x0004,0x0008
498,0x8855F0,0xFFC87E,2,0xFFC87E,2,0x0008,0x000C
498,0x89C414,0xFFC87E,2,0xFFC87E,2,0x000C,0x0000
499,0x8855AC,0xFFC87E,2,0xFFC87E,2,0x0000,0x0004
500,0x8855C2,0xFFC87E,2,0xFFC87E,2,0x0004,0x0008
501,0x8855F0,0xFFC87E,2,0xFFC87E,2,0x0008,0x000C
501,0x89C414,0xFFC87E,2,0xFFC87E,2,0x000C,0x0000
502,0x8855AC,0xFFC87E,2,0xFFC87E,2,0x0000,0x0004
503,0x8855C2,0xFFC87E,2,0xFFC87E,2,0x0004,0x0008
504,0x8855F0,0xFFC87E,2,0xFFC87E,2,0x0008,0x000C
504,0x89C414,0xFFC87E,2,0xFFC87E,2,0x000C,0x0000
505,0x8855AC,0xFFC87E,2,0xFFC87E,2,0x0000,0x0004
506,0x8855C2,0xFFC87E,2,0xFFC87E,2,0x0004,0x0008
507,0x8855F0,0xFFC87E,2,0xFFC87E,2,0x0008,0x000C
507,0x89C414,0xFFC87E,2,0xFFC87E,2,0x000C,0x0000
508,0x8855AC,0xFFC87E,2,0xFFC87E,2,0x0000,0x0004
509,0x8855C2,0xFFC87E,2,0xFFC87E,2,0x0004,0x0008
510,0x8855F0,0xFFC87E,2,0xFFC87E,2,0x0008,0x000C
510,0x89C414,0xFFC87E,2,0xFFC87E,2,0x000C,0x0000
511,0x8855AC,0xFFC87E,2,0xFFC87E,2,0x0000,0x0004
512,0x8855C2,0xFFC87E,2,0xFFC87E,2,0x0004,0x0008
513,0x8855F0,0xFFC87E,2,0xFFC87E,2,0x0008,0x000C
513,0x89C414,0xFFC87E,2,0xFFC87E,2,0x000C,0x0000
514,0x8855AC,0xFFC87E,2,0xFFC87E,2,0x0000,0x0004
515,0x8855C2,0xFFC87E,2,0xFFC87E,2,0x0004,0x0008
516,0x8855F0,0xFFC87E,2,0xFFC87E,2,0x0008,0x000C
516,0x89C414,0xFFC87E,2,0xFFC87E,2,0x000C,0x0000
517,0x8855AC,0xFFC87E,2,0xFFC87E,2,0x0000,0x0004
518,0x8855C2,0xFFC87E,2,0xFFC87E,2,0x0004,0x0008
519,0x8855F0,0xFFC87E,2,0xFFC87E,2,0x0008,0x000C
519,0x89C414,0xFFC87E,2,0xFFC87E,2,0x000C,0x0000
520,0x8855AC,0xFFC87E,2,0xFFC87E,2,0x0000,0x0004
521,0x8855C2,0xFFC87E,2,0xFFC87E,2,0x0004,0x0008
522,0x8855F0,0xFFC87E,2,0xFFC87E,2,0x0008,0x000C
522,0x89C414,0xFFC87E,2,0xFFC87E,2,0x000C,0x0000
523,0x8855AC,0xFFC87E,2,0xFFC87E,2,0x0000,0x0004
524,0x8855C2,0xFFC87E,2,0xFFC87E,2,0x0004,0x0008
525,0x8855F0,0xFFC87E,2,0xFFC87E,2,0x0008,0x000C
525,0x89C414,0xFFC87E,2,0xFFC87E,2,0x000C,0x0000
526,0x8855AC,0xFFC87E,2,0xFFC87E,2,0x0000,0x0004
527,0x8855C2,0xFFC87E,2,0xFFC87E,2,0x0004,0x0008
528,0x8855F0,0xFFC87E,2,0xFFC87E,2,0x0008,0x000C
528,0x89C414,0xFFC87E,2,0xFFC87E,2,0x000C,0x0000
529,0x8855AC,0xFFC87E,2,0xFFC87E,2,0x0000,0x0004
530,0x8855C2,0xFFC87E,2,0xFFC87E,2,0x0004,0x0008
531,0x8855F0,0xFFC87E,2,0xFFC87E,2,0x0008,0x000C
531,0x89C414,0xFFC87E,2,0xFFC87E,2,0x000C,0x0000
532,0x8855AC,0xFFC87E,2,0xFFC87E,2,0x0000,0x0004
533,0x8855C2,0xFFC87E,2,0xFFC87E,2,0x0004,0x0008
534,0x8855F0,0xFFC87E,2,0xFFC87E,2,0x0008,0x000C
534,0x89C414,0xFFC87E,2,0xFFC87E,2,0x000C,0x0000
535,0x8855AC,0xFFC87E,2,0xFFC87E,2,0x0000,0x0004
536,0x8855C2,0xFFC87E,2,0xFFC87E,2,0x0004,0x0008
537,0x8855F0,0xFFC87E,2,0xFFC87E,2,0x0008,0x000C
537,0x89C414,0xFFC87E,2,0xFFC87E,2,0x000C,0x0000
538,0x8855AC,0xFFC87E,2,0xFFC87E,2,0x0000,0x0004
539,0x8855C2,0xFFC87E,2,0xFFC87E,2,0x0004,0x0008
540,0x8855F0,0xFFC87E,2,0xFFC87E,2,0x0008,0x000C
540,0x89C414,0xFFC87E,2,0xFFC87E,2,0x000C,0x0000
541,0x8855AC,0xFFC87E,2,0xFFC87E,2,0x0000,0x0004
542,0x8855C2,0xFFC87E,2,0xFFC87E,2,0x0004,0x0008
543,0x8855F0,0xFFC87E,2,0xFFC87E,2,0x0008,0x000C
543,0x89C414,0xFFC87E,2,0xFFC87E,2,0x000C,0x0000
544,0x8855AC,0xFFC87E,2,0xFFC87E,2,0x0000,0x0004
545,0x8855C2,0xFFC87E,2,0xFFC87E,2,0x0004,0x0008
546,0x8855F0,0xFFC87E,2,0xFFC87E,2,0x0008,0x000C
546,0x89C414,0xFFC87E,2,0xFFC87E,2,0x000C,0x0000
547,0x8855AC,0xFFC87E,2,0xFFC87E,2,0x0000,0x0004
548,0x8855C2,0xFFC87E,2,0xFFC87E,2,0x0004,0x0008
549,0x8855F0,0xFFC87E,2,0xFFC87E,2,0x0008,0x000C
549,0x89C414,0xFFC87E,2,0xFFC87E,2,0x000C,0x0000
550,0x8855AC,0xFFC87E,2,0xFFC87E,2,0x0000,0x0004
551,0x8855C2,0xFFC87E,2,0xFFC87E,2,0x0004,0x0008
552,0x8855F0,0xFFC87E,2,0xFFC87E,2,0x0008,0x000C
552,0x89C414,0xFFC87E,2,0xFFC87E,2,0x000C,0x0000
553,0x8855AC,0xFFC87E,2,0xFFC87E,2,0x0000,0x0004
554,0x8855C2,0xFFC87E,2,0xFFC87E,2,0x0004,0x0008
555,0x8855F0,0xFFC87E,2,0xFFC87E,2,0x0008,0x000C
555,0x89C414,0xFFC87E,2,0xFFC87E,2,0x000C,0x0000
556,0x8855AC,0xFFC87E,2,0xFFC87E,2,0x0000,0x0004
557,0x8855C2,0xFFC87E,2,0xFFC87E,2,0x0004,0x0008
558,0x8855F0,0xFFC87E,2,0xFFC87E,2,0x0008,0x000C
558,0x89C414,0xFFC87E,2,0xFFC87E,2,0x000C,0x0000
559,0x8855AC,0xFFC87E,2,0xFFC87E,2,0x0000,0x0004
560,0x8855C2,0xFFC87E,2,0xFFC87E,2,0x0004,0x0008
561,0x8855F0,0xFFC87E,2,0xFFC87E,2,0x0008,0x000C
561,0x89C414,0xFFC87E,2,0xFFC87E,2,0x000C,0x0000
562,0x8855AC,0xFFC87E,2,0xFFC87E,2,0x0000,0x0004
563,0x8855C2,0xFFC87E,2,0xFFC87E,2,0x0004,0x0008
564,0x8855F0,0xFFC87E,2,0xFFC87E,2,0x0008,0x000C
564,0x89C414,0xFFC87E,2,0xFFC87E,2,0x000C,0x0000
565,0x8855AC,0xFFC87E,2,0xFFC87E,2,0x0000,0x0004
566,0x8855C2,0xFFC87E,2,0xFFC87E,2,0x0004,0x0008
567,0x8855F0,0xFFC87E,2,0xFFC87E,2,0x0008,0x000C
567,0x89C414,0xFFC87E,2,0xFFC87E,2,0x000C,0x0000
568,0x8855AC,0xFFC87E,2,0xFFC87E,2,0x0000,0x0004
569,0x8855C2,0xFFC87E,2,0xFFC87E,2,0x0004,0x0008
570,0x8855F0,0xFFC87E,2,0xFFC87E,2,0x0008,0x000C
570,0x89C414,0xFFC87E,2,0xFFC87E,2,0x000C,0x0000
571,0x8855AC,0xFFC87E,2,0xFFC87E,2,0x0000,0x0004
572,0x8855C2,0xFFC87E,2,0xFFC87E,2,0x0004,0x0008
573,0x8855F0,0xFFC87E,2,0xFFC87E,2,0x0008,0x000C
573,0x89C414,0xFFC87E,2,0xFFC87E,2,0x000C,0x0000
574,0x8855AC,0xFFC87E,2,0xFFC87E,2,0x0000,0x0004
575,0x8855C2,0xFFC87E,2,0xFFC87E,2,0x0004,0x0008
576,0x8855F0,0xFFC87E,2,0xFFC87E,2,0x0008,0x000C
576,0x89C414,0xFFC87E,2,0xFFC87E,2,0x000C,0x0000
577,0x8855AC,0xFFC87E,2,0xFFC87E,2,0x0000,0x0004
578,0x8855C2,0xFFC87E,2,0xFFC87E,2,0x0004,0x0008
579,0x8855F0,0xFFC87E,2,0xFFC87E,2,0x0008,0x000C
579,0x89C414,0xFFC87E,2,0xFFC87E,2,0x000C,0x0000
580,0x8855AC,0xFFC87E,2,0xFFC87E,2,0x0000,0x0004
581,0x8855C2,0xFFC87E,2,0xFFC87E,2,0x0004,0x0008
582,0x8855F0,0xFFC87E,2,0xFFC87E,2,0x0008,0x000C
582,0x89C414,0xFFC87E,2,0xFFC87E,2,0x000C,0x0000
583,0x8855AC,0xFFC87E,2,0xFFC87E,2,0x0000,0x0004
584,0x8855C2,0xFFC87E,2,0xFFC87E,2,0x0004,0x0008
585,0x8855F0,0xFFC87E,2,0xFFC87E,2,0x0008,0x000C
585,0x89C414,0xFFC87E,2,0xFFC87E,2,0x000C,0x0000
586,0x8855AC,0xFFC87E,2,0xFFC87E,2,0x0000,0x0004
587,0x8855C2,0xFFC87E,2,0xFFC87E,2,0x0004,0x0008
588,0x8855F0,0xFFC87E,2,0xFFC87E,2,0x0008,0x000C
588,0x89C414,0xFFC87E,2,0xFFC87E,2,0x000C,0x0000
589,0x8855AC,0xFFC87E,2,0xFFC87E,2,0x0000,0x0004
590,0x8855C2,0xFFC87E,2,0xFFC87E,2,0x0004,0x0008
591,0x8855F0,0xFFC87E,2,0xFFC87E,2,0x0008,0x000C
591,0x89C414,0xFFC87E,2,0xFFC87E,2,0x000C,0x0000
592,0x8855AC,0xFFC87E,2,0xFFC87E,2,0x0000,0x0004
593,0x8855C2,0xFFC87E,2,0xFFC87E,2,0x0004,0x0008
594,0x8855F0,0xFFC87E,2,0xFFC87E,2,0x0008,0x000C
594,0x89C414,0xFFC87E,2,0xFFC87E,2,0x000C,0x0000
595,0x8855AC,0xFFC87E,2,0xFFC87E,2,0x0000,0x0004
596,0x8855C2,0xFFC87E,2,0xFFC87E,2,0x0004,0x0008
597,0x8855F0,0xFFC87E,2,0xFFC87E,2,0x0008,0x000C
597,0x89C414,0xFFC87E,2,0xFFC87E,2,0x000C,0x0000
598,0x8855AC,0xFFC87E,2,0xFFC87E,2,0x0000,0x0004
599,0x8855C2,0xFFC87E,2,0xFFC87E,2,0x0004,0x0008
600,0x8855F0,0xFFC87E,2,0xFFC87E,2,0x0008,0x000C
600,0x89C414,0xFFC87E,2,0xFFC87E,2,0x000C,0x0000
601,0x8855AC,0xFFC87E,2,0xFFC87E,2,0x0000,0x0004
602,0x8855C2,0xFFC87E,2,0xFFC87E,2,0x0004,0x0008
603,0x8855F0,0xFFC87E,2,0xFFC87E,2,0x0008,0x000C
603,0x89C414,0xFFC87E,2,0xFFC87E,2,0x000C,0x0000
604,0x8855AC,0xFFC87E,2,0xFFC87E,2,0x0000,0x0004
605,0x8855C2,0xFFC87E,2,0xFFC87E,2,0x0004,0x0008
606,0x8855F0,0xFFC87E,2,0xFFC87E,2,0x0008,0x000C
606,0x89C414,0xFFC87E,2,0xFFC87E,2,0x000C,0x0000
607,0x8855AC,0xFFC87E,2,0xFFC87E,2,0x0000,0x0004
608,0x8855C2,0xFFC87E,2,0xFFC87E,2,0x0004,0x0008
609,0x8855F0,0xFFC87E,2,0xFFC87E,2,0x0008,0x000C
609,0x89C414,0xFFC87E,2,0xFFC87E,2,0x000C,0x0000
610,0x8855AC,0xFFC87E,2,0xFFC87E,2,0x0000,0x0004
611,0x8855C2,0xFFC87E,2,0xFFC87E,2,0x0004,0x0008
612,0x8855F0,0xFFC87E,2,0xFFC87E,2,0x0008,0x000C
612,0x89C414,0xFFC87E,2,0xFFC87E,2,0x000C,0x0000
613,0x8855AC,0xFFC87E,2,0xFFC87E,2,0x0000,0x0004
614,0x8855C2,0xFFC87E,2,0xFFC87E,2,0x0004,0x0008
615,0x8855F0,0xFFC87E,2,0xFFC87E,2,0x0008,0x000C
615,0x89C414,0xFFC87E,2,0xFFC87E,2,0x000C,0x0000
616,0x8855AC,0xFFC87E,2,0xFFC87E,2,0x0000,0x0004
617,0x8855C2,0xFFC87E,2,0xFFC87E,2,0x0004,0x0008
618,0x8855F0,0xFFC87E,2,0xFFC87E,2,0x0008,0x000C
618,0x89C414,0xFFC87E,2,0xFFC87E,2,0x000C,0x0000
619,0x8855AC,0xFFC87E,2,0xFFC87E,2,0x0000,0x0004
620,0x8855C2,0xFFC87E,2,0xFFC87E,2,0x0004,0x0008
621,0x8855F0,0xFFC87E,2,0xFFC87E,2,0x0008,0x000C
621,0x89C414,0xFFC87E,2,0xFFC87E,2,0x000C,0x0000
622,0x8855AC,0xFFC87E,2,0xFFC87E,2,0x0000,0x0004
623,0x8855C2,0xFFC87E,2,0xFFC87E,2,0x0004,0x0008
624,0x8855F0,0xFFC87E,2,0xFFC87E,2,0x0008,0x000C
624,0x89C414,0xFFC87E,2,0xFFC87E,2,0x000C,0x0000
625,0x8855AC,0xFFC87E,2,0xFFC87E,2,0x0000,0x0004
626,0x8855C2,0xFFC87E,2,0xFFC87E,2,0x0004,0x0008
627,0x8855F0,0xFFC87E,2,0xFFC87E,2,0x0008,0x000C
627,0x89C414,0xFFC87E,2,0xFFC87E,2,0x000C,0x0000
628,0x8855AC,0xFFC87E,2,0xFFC87E,2,0x0000,0x0004
629,0x8855C2,0xFFC87E,2,0xFFC87E,2,0x0004,0x0008
630,0x8855F0,0xFFC87E,2,0xFFC87E,2,0x0008,0x000C
630,0x89C414,0xFFC87E,2,0xFFC87E,2,0x000C,0x0000
631,0x8855AC,0xFFC87E,2,0xFFC87E,2,0x0000,0x0004
632,0x8855C2,0xFFC87E,2,0xFFC87E,2,0x0004,0x0008
633,0x8855F0,0xFFC87E,2,0xFFC87E,2,0x0008,0x000C
633,0x89C414,0xFFC87E,2,0xFFC87E,2,0x000C,0x0000
634,0x8855AC,0xFFC87E,2,0xFFC87E,2,0x0000,0x0004
635,0x8855C2,0xFFC87E,2,0xFFC87E,2,0x0004,0x0008
636,0x8855F0,0xFFC87E,2,0xFFC87E,2,0x0008,0x000C
636,0x89C414,0xFFC87E,2,0xFFC87E,2,0x000C,0x0000
637,0x8855AC,0xFFC87E,2,0xFFC87E,2,0x0000,0x0004
638,0x8855C2,0xFFC87E,2,0xFFC87E,2,0x0004,0x0008
639,0x8855F0,0xFFC87E,2,0xFFC87E,2,0x0008,0x000C
639,0x89C414,0xFFC87E,2,0xFFC87E,2,0x000C,0x0000
640,0x8855AC,0xFFC87E,2,0xFFC87E,2,0x0000,0x0004
641,0x8855C2,0xFFC87E,2,0xFFC87E,2,0x0004,0x0008
642,0x8855F0,0xFFC87E,2,0xFFC87E,2,0x0008,0x000C
642,0x89C414,0xFFC87E,2,0xFFC87E,2,0x000C,0x0000
643,0x8855AC,0xFFC87E,2,0xFFC87E,2,0x0000,0x0004
644,0x8855C2,0xFFC87E,2,0xFFC87E,2,0x0004,0x0008
645,0x8855F0,0xFFC87E,2,0xFFC87E,2,0x0008,0x000C
645,0x89C414,0xFFC87E,2,0xFFC87E,2,0x000C,0x0000
646,0x8855AC,0xFFC87E,2,0xFFC87E,2,0x0000,0x0004
647,0x8855C2,0xFFC87E,2,0xFFC87E,2,0x0004,0x0008
648,0x8855F0,0xFFC87E,2,0xFFC87E,2,0x0008,0x000C
648,0x89C414,0xFFC87E,2,0xFFC87E,2,0x000C,0x0000
649,0x8855AC,0xFFC87E,2,0xFFC87E,2,0x0000,0x0004
650,0x8855C2,0xFFC87E,2,0xFFC87E,2,0x0004,0x0008
651,0x8855F0,0xFFC87E,2,0xFFC87E,2,0x0008,0x000C
651,0x89C414,0xFFC87E,2,0xFFC87E,2,0x000C,0x0000
652,0x8855AC,0xFFC87E,2,0xFFC87E,2,0x0000,0x0004
653,0x8855C2,0xFFC87E,2,0xFFC87E,2,0x0004,0x0008
654,0x8855F0,0xFFC87E,2,0xFFC87E,2,0x0008,0x000C
654,0x89C414,0xFFC87E,2,0xFFC87E,2,0x000C,0x0000
655,0x8855AC,0xFFC87E,2,0xFFC87E,2,0x0000,0x0004
656,0x8855C2,0xFFC87E,2,0xFFC87E,2,0x0004,0x0008
657,0x8855F0,0xFFC87E,2,0xFFC87E,2,0x0008,0x000C
657,0x89C414,0xFFC87E,2,0xFFC87E,2,0x000C,0x0000
658,0x8855AC,0xFFC87E,2,0xFFC87E,2,0x0000,0x0004
659,0x8855C2,0xFFC87E,2,0xFFC87E,2,0x0004,0x0008
660,0x8855F0,0xFFC87E,2,0xFFC87E,2,0x0008,0x000C
660,0x89C414,0xFFC87E,2,0xFFC87E,2,0x000C,0x0000
661,0x8855AC,0xFFC87E,2,0xFFC87E,2,0x0000,0x0004
662,0x8855C2,0xFFC87E,2,0xFFC87E,2,0x0004,0x0008
663,0x8855F0,0xFFC87E,2,0xFFC87E,2,0x0008,0x000C
663,0x89C414,0xFFC87E,2,0xFFC87E,2,0x000C,0x0000
664,0x8855AC,0xFFC87E,2,0xFFC87E,2,0x0000,0x0004
665,0x8855C2,0xFFC87E,2,0xFFC87E,2,0x0004,0x0008
666,0x8855F0,0xFFC87E,2,0xFFC87E,2,0x0008,0x000C
666,0x89C414,0xFFC87E,2,0xFFC87E,2,0x000C,0x0000
667,0x8855AC,0xFFC87E,2,0xFFC87E,2,0x0000,0x0004
668,0x8855C2,0xFFC87E,2,0xFFC87E,2,0x0004,0x0008
669,0x8855F0,0xFFC87E,2,0xFFC87E,2,0x0008,0x000C
669,0x89C414,0xFFC87E,2,0xFFC87E,2,0x000C,0x0000
670,0x8855AC,0xFFC87E,2,0xFFC87E,2,0x0000,0x0004
671,0x8855C2,0xFFC87E,2,0xFFC87E,2,0x0004,0x0008
672,0x8855F0,0xFFC87E,2,0xFFC87E,2,0x0008,0x000C
672,0x89C414,0xFFC87E,2,0xFFC87E,2,0x000C,0x0000
673,0x8855AC,0xFFC87E,2,0xFFC87E,2,0x0000,0x0004
674,0x8855C2,0xFFC87E,2,0xFFC87E,2,0x0004,0x0008
675,0x8855F0,0xFFC87E,2,0xFFC87E,2,0x0008,0x000C
675,0x89C414,0xFFC87E,2,0xFFC87E,2,0x000C,0x0000
676,0x8855AC,0xFFC87E,2,0xFFC87E,2,0x0000,0x0004
677,0x8855C2,0xFFC87E,2,0xFFC87E,2,0x0004,0x0008
678,0x8855F0,0xFFC87E,2,0xFFC87E,2,0x0008,0x000C
678,0x89C414,0xFFC87E,2,0xFFC87E,2,0x000C,0x0000
679,0x8855AC,0xFFC87E,2,0xFFC87E,2,0x0000,0x0004
680,0x8855C2,0xFFC87E,2,0xFFC87E,2,0x0004,0x0008
681,0x8855F0,0xFFC87E,2,0xFFC87E,2,0x0008,0x000C
681,0x89C414,0xFFC87E,2,0xFFC87E,2,0x000C,0x0000
682,0x8855AC,0xFFC87E,2,0xFFC87E,2,0x0000,0x0004
683,0x8855C2,0xFFC87E,2,0xFFC87E,2,0x0004,0x0008
684,0x8855F0,0xFFC87E,2,0xFFC87E,2,0x0008,0x000C
684,0x89C414,0xFFC87E,2,0xFFC87E,2,0x000C,0x0000
685,0x8855AC,0xFFC87E,2,0xFFC87E,2,0x0000,0x0004
686,0x8855C2,0xFFC87E,2,0xFFC87E,2,0x0004,0x0008
687,0x8855F0,0xFFC87E,2,0xFFC87E,2,0x0008,0x000C
687,0x89C414,0xFFC87E,2,0xFFC87E,2,0x000C,0x0000
688,0x8855AC,0xFFC87E,2,0xFFC87E,2,0x0000,0x0004
689,0x8855C2,0xFFC87E,2,0xFFC87E,2,0x0004,0x0008
690,0x8855F0,0xFFC87E,2,0xFFC87E,2,0x0008,0x000C
690,0x89C414,0xFFC87E,2,0xFFC87E,2,0x000C,0x0000
691,0x8855AC,0xFFC87E,2,0xFFC87E,2,0x0000,0x0004
692,0x8855C2,0xFFC87E,2,0xFFC87E,2,0x0004,0x0008
693,0x8855F0,0xFFC87E,2,0xFFC87E,2,0x0008,0x000C
693,0x89C414,0xFFC87E,2,0xFFC87E,2,0x000C,0x0000
694,0x8855AC,0xFFC87E,2,0xFFC87E,2,0x0000,0x0004
695,0x8855C2,0xFFC87E,2,0xFFC87E,2,0x0004,0x0008
696,0x8855F0,0xFFC87E,2,0xFFC87E,2,0x0008,0x000C
696,0x89C414,0xFFC87E,2,0xFFC87E,2,0x000C,0x0000
697,0x8855AC,0xFFC87E,2,0xFFC87E,2,0x0000,0x0004
698,0x8855C2,0xFFC87E,2,0xFFC87E,2,0x0004,0x0008
699,0x8855F0,0xFFC87E,2,0xFFC87E,2,0x0008,0x000C
699,0x89C414,0xFFC87E,2,0xFFC87E,2,0x000C,0x0000
700,0x8855AC,0xFFC87E,2,0xFFC87E,2,0x0000,0x0004
701,0x8855C2,0xFFC87E,2,0xFFC87E,2,0x0004,0x0008
702,0x8855F0,0xFFC87E,2,0xFFC87E,2,0x0008,0x000C
702,0x89C414,0xFFC87E,2,0xFFC87E,2,0x000C,0x0000
703,0x8855AC,0xFFC87E,2,0xFFC87E,2,0x0000,0x0004
704,0x8855C2,0xFFC87E,2,0xFFC87E,2,0x0004,0x0008
705,0x8855F0,0xFFC87E,2,0xFFC87E,2,0x0008,0x000C
705,0x89C414,0xFFC87E,2,0xFFC87E,2,0x000C,0x0000
706,0x8855AC,0xFFC87E,2,0xFFC87E,2,0x0000,0x0004
707,0x8855C2,0xFFC87E,2,0xFFC87E,2,0x0004,0x0008
708,0x8855F0,0xFFC87E,2,0xFFC87E,2,0x0008,0x000C
708,0x89C414,0xFFC87E,2,0xFFC87E,2,0x000C,0x0000
709,0x8855AC,0xFFC87E,2,0xFFC87E,2,0x0000,0x0004
710,0x8855C2,0xFFC87E,2,0xFFC87E,2,0x0004,0x0008
711,0x8855F0,0xFFC87E,2,0xFFC87E,2,0x0008,0x000C
711,0x89C414,0xFFC87E,2,0xFFC87E,2,0x000C,0x0000
712,0x8855AC,0xFFC87E,2,0xFFC87E,2,0x0000,0x0004
713,0x8855C2,0xFFC87E,2,0xFFC87E,2,0x0004,0x0008
714,0x8855F0,0xFFC87E,2,0xFFC87E,2,0x0008,0x000C
714,0x89C414,0xFFC87E,2,0xFFC87E,2,0x000C,0x0000
715,0x8855AC,0xFFC87E,2,0xFFC87E,2,0x0000,0x0004
716,0x8855C2,0xFFC87E,2,0xFFC87E,2,0x0004,0x0008
717,0x8855F0,0xFFC87E,2,0xFFC87E,2,0x0008,0x000C
717,0x89C414,0xFFC87E,2,0xFFC87E,2,0x000C,0x0000
718,0x8855AC,0xFFC87E,2,0xFFC87E,2,0x0000,0x0004
719,0x8855C2,0xFFC87E,2,0xFFC87E,2,0x0004,0x0008
720,0x8855F0,0xFFC87E,2,0xFFC87E,2,0x0008,0x000C
720,0x89C414,0xFFC87E,2,0xFFC87E,2,0x000C,0x0000
721,0x8855AC,0xFFC87E,2,0xFFC87E,2,0x0000,0x0004
722,0x8855C2,0xFFC87E,2,0xFFC87E,2,0x0004,0x0008
723,0x8855F0,0xFFC87E,2,0xFFC87E,2,0x0008,0x000C
723,0x89C414,0xFFC87E,2,0xFFC87E,2,0x000C,0x0000
724,0x8855AC,0xFFC87E,2,0xFFC87E,2,0x0000,0x0004
725,0x8855C2,0xFFC87E,2,0xFFC87E,2,0x0004,0x0008
726,0x8855F0,0xFFC87E,2,0xFFC87E,2,0x0008,0x000C
726,0x89C414,0xFFC87E,2,0xFFC87E,2,0x000C,0x0000
727,0x8855AC,0xFFC87E,2,0xFFC87E,2,0x0000,0x0004
728,0x8855C2,0xFFC87E,2,0xFFC87E,2,0x0004,0x0008
729,0x8855F0,0xFFC87E,2,0xFFC87E,2,0x0008,0x000C
729,0x89C414,0xFFC87E,2,0xFFC87E,2,0x000C,0x0000
730,0x8855AC,0xFFC87E,2,0xFFC87E,2,0x0000,0x0004
731,0x8855C2,0xFFC87E,2,0xFFC87E,2,0x0004,0x0008
732,0x8855F0,0xFFC87E,2,0xFFC87E,2,0x0008,0x000C
732,0x89C414,0xFFC87E,2,0xFFC87E,2,0x000C,0x0000
733,0x8855AC,0xFFC87E,2,0xFFC87E,2,0x0000,0x0004
734,0x8855C2,0xFFC87E,2,0xFFC87E,2,0x0004,0x0008
735,0x88BBB8,0xFF0002,4,0xFF0002,4,0x00885586,0x008926D2
735,0x8855F0,0xFFC87E,2,0xFFC87E,2,0x0008,0x000C
743,0x89297E,0xFFC87E,2,0xFFC87E,2,0x000C,0x0000
743,0x892984,0xFF0002,4,0xFF0002,4,0x008926D2,0x00892A40
745,0x892BEC,0xFFC87E,2,0xFFC87E,2,0x0000,0x0004
746,0x892C98,0xFFC87E,2,0xFFC87E,2,0x0004,0x0008
747,0x892EF6,0xFFC87E,2,0xFFC87E,2,0x0008,0x0000
747,0x892BEC,0xFFC87E,2,0xFFC87E,2,0x0000,0x0004
748,0x892C98,0xFFC87E,2,0xFFC87E,2,0x0004,0x0008
750,0x892EF6,0xFFC87E,2,0xFFC87E,2,0x0008,0x0000
750,0x892BEC,0xFFC87E,2,0xFFC87E,2,0x0000,0x0004
751,0x892C98,0xFFC87E,2,0xFFC87E,2,0x0004,0x0008
753,0x892EF6,0xFFC87E,2,0xFFC87E,2,0x0008,0x0000
753,0x892BEC,0xFFC87E,2,0xFFC87E,2,0x0000,0x0004
754,0x892C98,0xFFC87E,2,0xFFC87E,2,0x0004,0x0008
756,0x892EF6,0xFFC87E,2,0xFFC87E,2,0x0008,0x0000
756,0x892BEC,0xFFC87E,2,0xFFC87E,2,0x0000,0x0004
757,0x892C98,0xFFC87E,2,0xFFC87E,2,0x0004,0x0008
759,0x892EF6,0xFFC87E,2,0xFFC87E,2,0x0008,0x0000
759,0x892BEC,0xFFC87E,2,0xFFC87E,2,0x0000,0x0004
760,0x892C98,0xFFC87E,2,0xFFC87E,2,0x0004,0x0008
762,0x892EF6,0xFFC87E,2,0xFFC87E,2,0x0008,0x0000
762,0x892BEC,0xFFC87E,2,0xFFC87E,2,0x0000,0x0004
763,0x892C98,0xFFC87E,2,0xFFC87E,2,0x0004,0x0008
765,0x892EF6,0xFFC87E,2,0xFFC87E,2,0x0008,0x0000
766,0x892BEC,0xFFC87E,2,0xFFC87E,2,0x0000,0x0004
766,0x892C98,0xFFC87E,2,0xFFC87E,2,0x0004,0x0008
768,0x892EF6,0xFFC87E,2,0xFFC87E,2,0x0008,0x0000
768,0x892BEC,0xFFC87E,2,0xFFC87E,2,0x0000,0x0004
769,0x892C98,0xFFC87E,2,0xFFC87E,2,0x0004,0x0008
771,0x892EF6,0xFFC87E,2,0xFFC87E,2,0x0008,0x0000
771,0x892BEC,0xFFC87E,2,0xFFC87E,2,0x0000,0x0004
772,0x892C98,0xFFC87E,2,0xFFC87E,2,0x0004,0x0008
774,0x892EF6,0xFFC87E,2,0xFFC87E,2,0x0008,0x0000
774,0x892BEC,0xFFC87E,2,0xFFC87E,2,0x0000,0x0004
775,0x892C98,0xFFC87E,2,0xFFC87E,2,0x0004,0x0008
777,0x892E96,0xFFC87E,2,0xFFC87E,2,0x0008,0x0000
777,0x892BEC,0xFFC87E,2,0xFFC87E,2,0x0000,0x0004
778,0x892C98,0xFFC87E,2,0xFFC87E,2,0x0004,0x0008
780,0x892E96,0xFFC87E,2,0xFFC87E,2,0x0008,0x0000
781,0x892BEC,0xFFC87E,2,0xFFC87E,2,0x0000,0x0004
781,0x892C98,0xFFC87E,2,0xFFC87E,2,0x0004,0x0008
783,0x892E96,0xFFC87E,2,0xFFC87E,2,0x0008,0x0000
784,0x892BEC,0xFFC87E,2,0xFFC87E,2,0x0000,0x0004
784,0x892C98,0xFFC87E,2,0xFFC87E,2,0x0004,0x0008
786,0x892E96,0xFFC87E,2,0xFFC87E,2,0x0008,0x0000
787,0x892BEC,0xFFC87E,2,0xFFC87E,2,0x0000,0x0004
787,0x892C98,0xFFC87E,2,0xFFC87E,2,0x0004,0x0008
789,0x892E96,0xFFC87E,2,0xFFC87E,2,0x0008,0x0000
789,0x892BEC,0xFFC87E,2,0xFFC87E,2,0x0000,0x0004
790,0x892C98,0xFFC87E,2,0xFFC87E,2,0x0004,0x0008
792,0x892E96,0xFFC87E,2,0xFFC87E,2,0x0008,0x0000
792,0x892BEC,0xFFC87E,2,0xFFC87E,2,0x0000,0x0004
793,0x892C98,0xFFC87E,2,0xFFC87E,2,0x0004,0x0008
795,0x892E96,0xFFC87E,2,0xFFC87E,2,0x0008,0x0000
796,0x892BEC,0xFFC87E,2,0xFFC87E,2,0x0000,0x0004
797,0x892C98,0xFFC87E,2,0xFFC87E,2,0x0004,0x0008
798,0x892E96,0xFFC87E,2,0xFFC87E,2,0x0008,0x0000
799,0x892BEC,0xFFC87E,2,0xFFC87E,2,0x0000,0x0004
799,0x892C98,0xFFC87E,2,0xFFC87E,2,0x0004,0x0008
801,0x892E96,0xFFC87E,2,0xFFC87E,2,0x0008,0x0000
802,0x892BEC,0xFFC87E,2,0xFFC87E,2,0x0000,0x0004
802,0x892C98,0xFFC87E,2,0xFFC87E,2,0x0004,0x0008
804,0x892E96,0xFFC87E,2,0xFFC87E,2,0x0008,0x0000
805,0x892BEC,0xFFC87E,2,0xFFC87E,2,0x0000,0x0004
805,0x892C98,0xFFC87E,2,0xFFC87E,2,0x0004,0x0008
807,0x892E96,0xFFC87E,2,0xFFC87E,2,0x0008,0x0000
808,0x892BEC,0xFFC87E,2,0xFFC87E,2,0x0000,0x0004
808,0x892C98,0xFFC87E,2,0xFFC87E,2,0x0004,0x0008
810,0x892E96,0xFFC87E,2,0xFFC87E,2,0x0008,0x0000
811,0x892BEC,0xFFC87E,2,0xFFC87E,2,0x0000,0x0004
811,0x892C98,0xFFC87E,2,0xFFC87E,2,0x0004,0x0008
813,0x892E96,0xFFC87E,2,0xFFC87E,2,0x0008,0x0000
814,0x892BEC,0xFFC87E,2,0xFFC87E,2,0x0000,0x0004
814,0x892C98,0xFFC87E,2,0xFFC87E,2,0x0004,0x0008
816,0x892E96,0xFFC87E,2,0xFFC87E,2,0x0008,0x0000
817,0x892BEC,0xFFC87E,2,0xFFC87E,2,0x0000,0x0004
817,0x892C98,0xFFC87E,2,0xFFC87E,2,0x0004,0x0008
819,0x892E96,0xFFC87E,2,0xFFC87E,2,0x0008,0x0000
820,0x892BEC,0xFFC87E,2,0xFFC87E,2,0x0000,0x0004
820,0x892C98,0xFFC87E,2,0xFFC87E,2,0x0004,0x0008
822,0x892E96,0xFFC87E,2,0xFFC87E,2,0x0008,0x0000
823,0x892BEC,0xFFC87E,2,0xFFC87E,2,0x0000,0x0004
823,0x892C98,0xFFC87E,2,0xFFC87E,2,0x0004,0x0008
825,0x892E96,0xFFC87E,2,0xFFC87E,2,0x0008,0x0000
826,0x892BEC,0xFFC87E,2,0xFFC87E,2,0x0000,0x0004
827,0x892C98,0xFFC87E,2,0xFFC87E,2,0x0004,0x0008
828,0x892E96,0xFFC87E,2,0xFFC87E,2,0x0008,0x0000
829,0x892BEC,0xFFC87E,2,0xFFC87E,2,0x0000,0x0004
829,0x892C98,0xFFC87E,2,0xFFC87E,2,0x0004,0x0008
831,0x892E96,0xFFC87E,2,0xFFC87E,2,0x0008,0x0000
832,0x892BEC,0xFFC87E,2,0xFFC87E,2,0x0000,0x0004
832,0x892C98,0xFFC87E,2,0xFFC87E,2,0x0004,0x0008
834,0x892E96,0xFFC87E,2,0xFFC87E,2,0x0008,0x0000
835,0x892BEC,0xFFC87E,2,0xFFC87E,2,0x0000,0x0004
835,0x892C98,0xFFC87E,2,0xFFC87E,2,0x0004,0x0008
837,0x892E96,0xFFC87E,2,0xFFC87E,2,0x0008,0x0000
837,0x892BEC,0xFFC87E,2,0xFFC87E,2,0x0000,0x0004
838,0x892C98,0xFFC87E,2,0xFFC87E,2,0x0004,0x0008
840,0x892E96,0xFFC87E,2,0xFFC87E,2,0x0008,0x0000
840,0x892BEC,0xFFC87E,2,0xFFC87E,2,0x0000,0x0004
841,0x892C98,0xFFC87E,2,0xFFC87E,2,0x0004,0x0008
843,0x892EF6,0xFFC87E,2,0xFFC87E,2,0x0008,0x0000
844,0x892BEC,0xFFC87E,2,0xFFC87E,2,0x0000,0x0004
844,0x892C98,0xFFC87E,2,0xFFC87E,2,0x0004,0x0008
846,0x892EF6,0xFFC87E,2,0xFFC87E,2,0x0008,0x0000
847,0x892BEC,0xFFC87E,2,0xFFC87E,2,0x0000,0x0004
847,0x892C98,0xFFC87E,2,0xFFC87E,2,0x0004,0x0008
849,0x892EF6,0xFFC87E,2,0xFFC87E,2,0x0008,0x0000
850,0x892BEC,0xFFC87E,2,0xFFC87E,2,0x0000,0x0004
850,0x892C98,0xFFC87E,2,0xFFC87E,2,0x0004,0x0008
852,0x892EF6,0xFFC87E,2,0xFFC87E,2,0x0008,0x0000
853,0x892BEC,0xFFC87E,2,0xFFC87E,2,0x0000,0x0004
853,0x892C98,0xFFC87E,2,0xFFC87E,2,0x0004,0x0008
855,0x892EF6,0xFFC87E,2,0xFFC87E,2,0x0008,0x0000
856,0x892BEC,0xFFC87E,2,0xFFC87E,2,0x0000,0x0004
856,0x892C98,0xFFC87E,2,0xFFC87E,2,0x0004,0x0008
858,0x892EF6,0xFFC87E,2,0xFFC87E,2,0x0008,0x0000
858,0x892BEC,0xFFC87E,2,0xFFC87E,2,0x0000,0x0004
859,0x892C98,0xFFC87E,2,0xFFC87E,2,0x0004,0x0008
861,0x892EF6,0xFFC87E,2,0xFFC87E,2,0x0008,0x0000
862,0x892BEC,0xFFC87E,2,0xFFC87E,2,0x0000,0x0004
862,0x892C98,0xFFC87E,2,0xFFC87E,2,0x0004,0x0008
864,0x892EF6,0xFFC87E,2,0xFFC87E,2,0x0008,0x0000
864,0x892BEC,0xFFC87E,2,0xFFC87E,2,0x0000,0x0004
865,0x892C98,0xFFC87E,2,0xFFC87E,2,0x0004,0x0008
867,0x892EF6,0xFFC87E,2,0xFFC87E,2,0x0008,0x0000
868,0x892BEC,0xFFC87E,2,0xFFC87E,2,0x0000,0x0004
868,0x892C98,0xFFC87E,2,0xFFC87E,2,0x0004,0x0008
870,0x892EF6,0xFFC87E,2,0xFFC87E,2,0x0008,0x0000
871,0x892BEC,0xFFC87E,2,0xFFC87E,2,0x0000,0x0004
871,0x892C98,0xFFC87E,2,0xFFC87E,2,0x0004,0x0008
873,0x892EEE,0xFFC87E,2,0xFFC87E,2,0x0008,0x000C
874,0x892F18,0xFFC87E,2,0xFFC87E,2,0x000C,0x0000
874,0x892F3E,0xFFC87E,2,0xFFC87E,2,0x0000,0x0000
874,0x892F44,0xFF0002,4,0xFF0002,4,0x00892A40,0x0088E5CE
882,0x88E830,0xFFC87E,2,0xFFC87E,2,0x0000,0x0000
882,0x88E836,0xFF0002,4,0xFF0002,4,0x0088E5CE,0x0088E90C
884,0x88EAB4,0xFFC87E,2,0xFFC87E,2,0x0000,0x0004
884,0x88EEDE,0xFFC87E,2,0xFFC87E,2,0x0004,0x0000
886,0x88EAB4,0xFFC87E,2,0xFFC87E,2,0x0000,0x0004
892,0x88EEDE,0xFFC87E,2,0xFFC87E,2,0x0004,0x0000
893,0x88EAB4,0xFFC87E,2,0xFFC87E,2,0x0000,0x0004
900,0x88EEDE,0xFFC87E,2,0xFFC87E,2,0x0004,0x0000
901,0x88EAB4,0xFFC87E,2,0xFFC87E,2,0x0000,0x0004
907,0x88EEDE,0xFFC87E,2,0xFFC87E,2,0x0004,0x0000
909,0x88EAB4,0xFFC87E,2,0xFFC87E,2,0x0000,0x0004
915,0x88EEDE,0xFFC87E,2,0xFFC87E,2,0x0004,0x0000
916,0x88EAB4,0xFFC87E,2,0xFFC87E,2,0x0000,0x0004
923,0x88EEDE,0xFFC87E,2,0xFFC87E,2,0x0004,0x0000
924,0x88EAB4,0xFFC87E,2,0xFFC87E,2,0x0000,0x0004
930,0x88EEDE,0xFFC87E,2,0xFFC87E,2,0x0004,0x0000
931,0x88EAB4,0xFFC87E,2,0xFFC87E,2,0x0000,0x0004
938,0x88EEDE,0xFFC87E,2,0xFFC87E,2,0x0004,0x0000
939,0x88EAB4,0xFFC87E,2,0xFFC87E,2,0x0000,0x0004
946,0x88EEDE,0xFFC87E,2,0xFFC87E,2,0x0004,0x0000
947,0x88EAB4,0xFFC87E,2,0xFFC87E,2,0x0000,0x0004
953,0x88EEDE,0xFFC87E,2,0xFFC87E,2,0x0004,0x0000
954,0x88EAB4,0xFFC87E,2,0xFFC87E,2,0x0000,0x0004
961,0x88EE50,0xFFC87E,2,0xFFC87E,2,0x0004,0x0000
962,0x88EAB4,0xFFC87E,2,0xFFC87E,2,0x0000,0x0004
969,0x88EE50,0xFFC87E,2,0xFFC87E,2,0x0004,0x0000
970,0x88EAB4,0xFFC87E,2,0xFFC87E,2,0x0000,0x0004
976,0x88EE50,0xFFC87E,2,0xFFC87E,2,0x0004,0x0000
977,0x88EAB4,0xFFC87E,2,0xFFC87E,2,0x0000,0x0004
984,0x88EE50,0xFFC87E,2,0xFFC87E,2,0x0004,0x0000
985,0x88EAB4,0xFFC87E,2,0xFFC87E,2,0x0000,0x0004
992,0x88EE50,0xFFC87E,2,0xFFC87E,2,0x0004,0x0000
993,0x88EAB4,0xFFC87E,2,0xFFC87E,2,0x0000,0x0004
999,0x88EE50,0xFFC87E,2,0xFFC87E,2,0x0004,0x0000
1000,0x88EAB4,0xFFC87E,2,0xFFC87E,2,0x0000,0x0004
1007,0x88EE50,0xFFC87E,2,0xFFC87E,2,0x0004,0x0000
1008,0x88EAB4,0xFFC87E,2,0xFFC87E,2,0x0000,0x0004
1014,0x88EE50,0xFFC87E,2,0xFFC87E,2,0x0004,0x0000
1016,0x88EAB4,0xFFC87E,2,0xFFC87E,2,0x0000,0x0004
1022,0x88EE50,0xFFC87E,2,0xFFC87E,2,0x0004,0x0000
1023,0x88EAB4,0xFFC87E,2,0xFFC87E,2,0x0000,0x0004
1030,0x88EEDE,0xFFC87E,2,0xFFC87E,2,0x0004,0x0000
1031,0x88EAB4,0xFFC87E,2,0xFFC87E,2,0x0000,0x0004
1037,0x88EEDE,0xFFC87E,2,0xFFC87E,2,0x0004,0x0000
1039,0x88EAB4,0xFFC87E,2,0xFFC87E,2,0x0000,0x0004
1045,0x88EEDE,0xFFC87E,2,0xFFC87E,2,0x0004,0x0000
1046,0x88EAB4,0xFFC87E,2,0xFFC87E,2,0x0000,0x0004
1053,0x88EEDE,0xFFC87E,2,0xFFC87E,2,0x0004,0x0000
1054,0x88EAB4,0xFFC87E,2,0xFFC87E,2,0x0000,0x0004
1060,0x88EEDE,0xFFC87E,2,0xFFC87E,2,0x0004,0x0000
1061,0x88EAB4,0xFFC87E,2,0xFFC87E,2,0x0000,0x0004
1068,0x88EEDE,0xFFC87E,2,0xFFC87E,2,0x0004,0x0000
1069,0x88EAB4,0xFFC87E,2,0xFFC87E,2,0x0000,0x0004
1075,0x88EEDE,0xFFC87E,2,0xFFC87E,2,0x0004,0x0000
1077,0x88EAB4,0xFFC87E,2,0xFFC87E,2,0x0000,0x0004
1083,0x88EEDE,0xFFC87E,2,0xFFC87E,2,0x0004,0x0000
1084,0x88EAB4,0xFFC87E,2,0xFFC87E,2,0x0000,0x0004
1091,0x88EEDE,0xFFC87E,2,0xFFC87E,2,0x0004,0x0000
1092,0x88EAB4,0xFFC87E,2,0xFFC87E,2,0x0000,0x0004
1098,0x88EEDE,0xFFC87E,2,0xFFC87E,2,0x0004,0x0000
1099,0x88EAB4,0xFFC87E,2,0xFFC87E,2,0x0000,0x0004
1106,0x88EED6,0xFFC87E,2,0xFFC87E,2,0x0004,0x0008
1106,0x88EF00,0xFFC87E,2,0xFFC87E,2,0x0008,0x0000
1106,0x88EF06,0xFF0002,4,0xFF0002,4,0x0088E90C,0x008926D2
1106,0x88EF16,0xFF0002,4,0xFF0002,4,0x008926D2,0x0088D4A4
1106,0x88EF26,0xFF0002,4,0xFF0002,4,0x0088D4A4,0x0088D48A
1115,0x88D72C,0xFFC87E,2,0xFFC87E,2,0x0000,0x0000
1115,0x88D732,0xFF0002,4,0xFF0002,4,0x0088D48A,0x0088D864
1116,0x88DA82,0xFFC87E,2,0xFFC87E,2,0x0000,0x0004
1117,0x88DCA6,0xFFC87E,2,0xFFC87E,2,0x0004,0x0008
1119,0x88DE8C,0xFFC87E,2,0xFFC87E,2,0x0008,0x0000
1120,0x88DA82,0xFFC87E,2,0xFFC87E,2,0x0000,0x0004
1121,0x88DCA6,0xFFC87E,2,0xFFC87E,2,0x0004,0x0008
1122,0x88DE8C,0xFFC87E,2,0xFFC87E,2,0x0008,0x0000
1123,0x88DA82,0xFFC87E,2,0xFFC87E,2,0x0000,0x0004
1124,0x88DCA6,0xFFC87E,2,0xFFC87E,2,0x0004,0x0008
1125,0x88DE8C,0xFFC87E,2,0xFFC87E,2,0x0008,0x0000
1126,0x88DA82,0xFFC87E,2,0xFFC87E,2,0x0000,0x0004
1127,0x88DCA6,0xFFC87E,2,0xFFC87E,2,0x0004,0x0008
1128,0x88DE8C,0xFFC87E,2,0xFFC87E,2,0x0008,0x0000
1129,0x88DA82,0xFFC87E,2,0xFFC87E,2,0x0000,0x0004
1130,0x88DCA6,0xFFC87E,2,0xFFC87E,2,0x0004,0x0008
1131,0x88DE8C,0xFFC87E,2,0xFFC87E,2,0x0008,0x0000
1132,0x88DA82,0xFFC87E,2,0xFFC87E,2,0x0000,0x0004
1133,0x88DCA6,0xFFC87E,2,0xFFC87E,2,0x0004,0x0008
1134,0x88DE8C,0xFFC87E,2,0xFFC87E,2,0x0008,0x0000
1135,0x88DA82,0xFFC87E,2,0xFFC87E,2,0x0000,0x0004
1136,0x88DCA6,0xFFC87E,2,0xFFC87E,2,0x0004,0x0008
1137,0x88DE8C,0xFFC87E,2,0xFFC87E,2,0x0008,0x0000
1138,0x88DA82,0xFFC87E,2,0xFFC87E,2,0x0000,0x0004
1139,0x88DCA6,0xFFC87E,2,0xFFC87E,2,0x0004,0x0008
1140,0x88DE8C,0xFFC87E,2,0xFFC87E,2,0x0008,0x0000
1141,0x88DA82,0xFFC87E,2,0xFFC87E,2,0x0000,0x0004
1142,0x88DCA6,0xFFC87E,2,0xFFC87E,2,0x0004,0x0008
1143,0x88DE8C,0xFFC87E,2,0xFFC87E,2,0x0008,0x0000
1144,0x88DA82,0xFFC87E,2,0xFFC87E,2,0x0000,0x0004
1145,0x88DCA6,0xFFC87E,2,0xFFC87E,2,0x0004,0x0008
1146,0x88DE8C,0xFFC87E,2,0xFFC87E,2,0x0008,0x0000
1147,0x88DA82,0xFFC87E,2,0xFFC87E,2,0x0000,0x0004
1148,0x88DCA6,0xFFC87E,2,0xFFC87E,2,0x0004,0x0008
1149,0x88DE34,0xFFC87E,2,0xFFC87E,2,0x0008,0x0000
1150,0x88DA82,0xFFC87E,2,0xFFC87E,2,0x0000,0x0004
1151,0x88DCA6,0xFFC87E,2,0xFFC87E,2,0x0004,0x0008
1152,0x88DE34,0xFFC87E,2,0xFFC87E,2,0x0008,0x0000
1153,0x88DA82,0xFFC87E,2,0xFFC87E,2,0x0000,0x0004
1154,0x88DCA6,0xFFC87E,2,0xFFC87E,2,0x0004,0x0008
1155,0x88DE34,0xFFC87E,2,0xFFC87E,2,0x0008,0x0000
1156,0x88DA82,0xFFC87E,2,0xFFC87E,2,0x0000,0x0004
1157,0x88DCA6,0xFFC87E,2,0xFFC87E,2,0x0004,0x0008
1158,0x88DE34,0xFFC87E,2,0xFFC87E,2,0x0008,0x0000
1159,0x88DA82,0xFFC87E,2,0xFFC87E,2,0x0000,0x0004
1160,0x88DCA6,0xFFC87E,2,0xFFC87E,2,0x0004,0x0008
1161,0x88DE34,0xFFC87E,2,0xFFC87E,2,0x0008,0x0000
1162,0x88DA82,0xFFC87E,2,0xFFC87E,2,0x0000,0x0004
1163,0x88DCA6,0xFFC87E,2,0xFFC87E,2,0x0004,0x0008
1164,0x88DE34,0xFFC87E,2,0xFFC87E,2,0x0008,0x0000
1165,0x88DA82,0xFFC87E,2,0xFFC87E,2,0x0000,0x0004
1166,0x88DCA6,0xFFC87E,2,0xFFC87E,2,0x0004,0x0008
1167,0x88DE34,0xFFC87E,2,0xFFC87E,2,0x0008,0x0000
1168,0x88DA82,0xFFC87E,2,0xFFC87E,2,0x0000,0x0004
1169,0x88DCA6,0xFFC87E,2,0xFFC87E,2,0x0004,0x0008
1170,0x88DE34,0xFFC87E,2,0xFFC87E,2,0x0008,0x0000
1171,0x88DA82,0xFFC87E,2,0xFFC87E,2,0x0000,0x0004
1172,0x88DCA6,0xFFC87E,2,0xFFC87E,2,0x0004,0x0008
1173,0x88DE34,0xFFC87E,2,0xFFC87E,2,0x0008,0x0000
1174,0x88DA82,0xFFC87E,2,0xFFC87E,2,0x0000,0x0004
1175,0x88DCA6,0xFFC87E,2,0xFFC87E,2,0x0004,0x0008
1176,0x88DE34,0xFFC87E,2,0xFFC87E,2,0x0008,0x0000
1177,0x88DA82,0xFFC87E,2,0xFFC87E,2,0x0000,0x0004
1178,0x88DCA6,0xFFC87E,2,0xFFC87E,2,0x0004,0x0008
1179,0x88DE34,0xFFC87E,2,0xFFC87E,2,0x0008,0x0000
1180,0x88DA82,0xFFC87E,2,0xFFC87E,2,0x0000,0x0004
1181,0x88DCA6,0xFFC87E,2,0xFFC87E,2,0x0004,0x0008
1182,0x88DE34,0xFFC87E,2,0xFFC87E,2,0x0008,0x0000
1183,0x88DA82,0xFFC87E,2,0xFFC87E,2,0x0000,0x0004
1184,0x88DCA6,0xFFC87E,2,0xFFC87E,2,0x0004,0x0008
1185,0x88DE34,0xFFC87E,2,0xFFC87E,2,0x0008,0x0000
1186,0x88DA82,0xFFC87E,2,0xFFC87E,2,0x0000,0x0004
1187,0x88DCA6,0xFFC87E,2,0xFFC87E,2,0x0004,0x0008
1188,0x88DE34,0xFFC87E,2,0xFFC87E,2,0x0008,0x0000
1189,0x88DA82,0xFFC87E,2,0xFFC87E,2,0x0000,0x0004
1190,0x88DCA6,0xFFC87E,2,0xFFC87E,2,0x0004,0x0008
1191,0x88DE34,0xFFC87E,2,0xFFC87E,2,0x0008,0x0000
1192,0x88DA82,0xFFC87E,2,0xFFC87E,2,0x0000,0x0004
1193,0x88DCA6,0xFFC87E,2,0xFFC87E,2,0x0004,0x0008
1194,0x88DE34,0xFFC87E,2,0xFFC87E,2,0x0008,0x0000
1195,0x88DA82,0xFFC87E,2,0xFFC87E,2,0x0000,0x0004
1196,0x88DCA6,0xFFC87E,2,0xFFC87E,2,0x0004,0x0008
1197,0x88DE34,0xFFC87E,2,0xFFC87E,2,0x0008,0x0000
1198,0x88DA82,0xFFC87E,2,0xFFC87E,2,0x0000,0x0004
1199,0x88DCA6,0xFFC87E,2,0xFFC87E,2,0x0004,0x0008
1200,0x88DE34,0xFFC87E,2,0xFFC87E,2,0x0008,0x0000
1201,0x88DA82,0xFFC87E,2,0xFFC87E,2,0x0000,0x0004
1202,0x88DCA6,0xFFC87E,2,0xFFC87E,2,0x0004,0x0008
1203,0x88DE8C,0xFFC87E,2,0xFFC87E,2,0x0008,0x0000
1204,0x88DA82,0xFFC87E,2,0xFFC87E,2,0x0000,0x0004
1205,0x88DCA6,0xFFC87E,2,0xFFC87E,2,0x0004,0x0008
1206,0x88DE8C,0xFFC87E,2,0xFFC87E,2,0x0008,0x0000
1207,0x88DA82,0xFFC87E,2,0xFFC87E,2,0x0000,0x0004
1208,0x88DCA6,0xFFC87E,2,0xFFC87E,2,0x0004,0x0008
1209,0x88DE8C,0xFFC87E,2,0xFFC87E,2,0x0008,0x0000
1210,0x88DA82,0xFFC87E,2,0xFFC87E,2,0x0000,0x0004
1211,0x88DCA6,0xFFC87E,2,0xFFC87E,2,0x0004,0x0008
1212,0x88DE8C,0xFFC87E,2,0xFFC87E,2,0x0008,0x0000
1212,0x88DA82,0xFFC87E,2,0xFFC87E,2,0x0000,0x0004
1214,0x88DCA6,0xFFC87E,2,0xFFC87E,2,0x0004,0x0008
1215,0x88DE8C,0xFFC87E,2,0xFFC87E,2,0x0008,0x0000
1216,0x88DA82,0xFFC87E,2,0xFFC87E,2,0x0000,0x0004
1217,0x88DCA6,0xFFC87E,2,0xFFC87E,2,0x0004,0x0008
1218,0x88DE8C,0xFFC87E,2,0xFFC87E,2,0x0008,0x0000
1219,0x88DA82,0xFFC87E,2,0xFFC87E,2,0x0000,0x0004
1220,0x88DCA6,0xFFC87E,2,0xFFC87E,2,0x0004,0x0008
1221,0x88DE8C,0xFFC87E,2,0xFFC87E,2,0x0008,0x0000
1222,0x88DA82,0xFFC87E,2,0xFFC87E,2,0x0000,0x0004
1223,0x88DCA6,0xFFC87E,2,0xFFC87E,2,0x0004,0x0008
1224,0x88DE8C,0xFFC87E,2,0xFFC87E,2,0x0008,0x0000
1225,0x88DA82,0xFFC87E,2,0xFFC87E,2,0x0000,0x0004
1226,0x88DCA6,0xFFC87E,2,0xFFC87E,2,0x0004,0x0008
1227,0x88DE8C,0xFFC87E,2,0xFFC87E,2,0x0008,0x0000
1228,0x88DA82,0xFFC87E,2,0xFFC87E,2,0x0000,0x0004
1229,0x88DCA6,0xFFC87E,2,0xFFC87E,2,0x0004,0x0008
1230,0x88DE8C,0xFFC87E,2,0xFFC87E,2,0x0008,0x0000
1231,0x88DA82,0xFFC87E,2,0xFFC87E,2,0x0000,0x0004
1232,0x88DCA6,0xFFC87E,2,0xFFC87E,2,0x0004,0x0008
1233,0x88DE84,0xFFC87E,2,0xFFC87E,2,0x0008,0x000C
1234,0x88E006,0xFFC87E,2,0xFFC87E,2,0x000C,0x0010
1235,0x88E066,0xFFC87E,2,0xFFC87E,2,0x0010,0x0000
1235,0x88E06C,0xFF0002,4,0xFF0002,4,0x0088D864,0x0088E5CE
1235,0x88E0B6,0xFF0002,4,0xFF0002,4,0x0088E5CE,0x00884D98
1235,0x88E0D4,0xFF0002,4,0xFF0002,4,0x00884D98,0x0089C930
1235,0x89C932,0xFF7B40,1,0xFF7B40,1,0x00,0x00
1253,0x884B96,0xFFC87E,2,0xFFC87E,2,0x0000,0x0000
1255,0x884C6A,0xFF0002,4,0xFF0002,4,0x0089C930,0x00884CBC
1257,0x884CF2,0xFFC87E,2,0xFFC87E,2,0x0000,0x0004
1257,0x884D0C,0xFFC87E,2,0xFFC87E,2,0x0004,0x0008
1259,0x01C912,0xFF7B40,1,0xFF7B40,1,0x00,0x01
1259,0x004D6A,0xFFC87E,2,0xFFC87E,2,0x0008,0x000C
1259,0x89C414,0xFFC87E,2,0xFFC87E,2,0x000C,0x0000
1260,0x884CF2,0xFFC87E,2,0xFFC87E,2,0x0000,0x0004
1260,0x884D0C,0xFFC87E,2,0xFFC87E,2,0x0004,0x0008
1262,0x01C8C0,0xFF7B40,1,0xFF7B40,1,0x01,0x02
1262,0x004D6A,0xFFC87E,2,0xFFC87E,2,0x0008,0x000C
1262,0x89C414,0xFFC87E,2,0xFFC87E,2,0x000C,0x0000
1263,0x884CF2,0xFFC87E,2,0xFFC87E,2,0x0000,0x0004
1263,0x884D0C,0xFFC87E,2,0xFFC87E,2,0x0004,0x0008
1265,0x004D6A,0xFFC87E,2,0xFFC87E,2,0x0008,0x000C
1265,0x89C414,0xFFC87E,2,0xFFC87E,2,0x000C,0x0000
1266,0x884CF2,0xFFC87E,2,0xFFC87E,2,0x0000,0x0004
1266,0x884D0C,0xFFC87E,2,0xFFC87E,2,0x0004,0x0008
1268,0x004D6A,0xFFC87E,2,0xFFC87E,2,0x0008,0x000C
1268,0x89C414,0xFFC87E,2,0xFFC87E,2,0x000C,0x0000
1269,0x884CF2,0xFFC87E,2,0xFFC87E,2,0x0000,0x0004
1269,0x884D0C,0xFFC87E,2,0xFFC87E,2,0x0004,0x0008
1271,0x004D6A,0xFFC87E,2,0xFFC87E,2,0x0008,0x000C
1271,0x89C414,0xFFC87E,2,0xFFC87E,2,0x000C,0x0000
1272,0x884CF2,0xFFC87E,2,0xFFC87E,2,0x0000,0x0004
1272,0x884D0C,0xFFC87E,2,0xFFC87E,2,0x0004,0x0008
1274,0x004D6A,0xFFC87E,2,0xFFC87E,2,0x0008,0x000C
1274,0x89C414,0xFFC87E,2,0xFFC87E,2,0x000C,0x0000
1275,0x884CF2,0xFFC87E,2,0xFFC87E,2,0x0000,0x0004
1275,0x884D0C,0xFFC87E,2,0xFFC87E,2,0x0004,0x0008
1277,0x004D6A,0xFFC87E,2,0xFFC87E,2,0x0008,0x000C
1277,0x89C414,0xFFC87E,2,0xFFC87E,2,0x000C,0x0000
1278,0x884CF2,0xFFC87E,2,0xFFC87E,2,0x0000,0x0004
1278,0x884D0C,0xFFC87E,2,0xFFC87E,2,0x0004,0x0008
# COMPLETE frames=1280 events=1188 errors=0
