# VRD_WRITE_TRACE version=3 sh2_drc=1 profile_pc=0 profile_pc_env=0 m68k_batching=normal instruction_start_hook=1 composed=1 caller_addr=0x00884CBC caller_max=0 targets=5
# TARGET index=0 addr=0xFFC87E size=2
# TARGET index=1 addr=0xFF0002 size=4
# TARGET index=2 addr=0xFF7B40 size=1
# TARGET index=3 addr=0xFFC80C size=1
# TARGET index=4 addr=0xA1518B size=1
frame,pc,target_addr,target_size,access_addr,access_size,old_value,new_value
1,0x0004A8,0xFF0002,4,0xFF0000,4,0x00000000,0x00010000
1,0x0004AA,0xFF0002,4,0xFF0004,4,0x00010000,0x00015101
1,0x8806C8,0xFF0002,4,0xFF0000,4,0x00015101,0x00005101
1,0x8806CA,0xFF0002,4,0xFF0004,4,0x00005101,0x00000000
2,0x8806C8,0xFF7B40,1,0xFF7B40,4,0x00,0x00
2,0x8806CE,0xFFC80C,1,0xFFC80C,4,0x00,0x00
2,0x8806D6,0xFFC87E,2,0xFFC87C,4,0x0000,0x0000
3,0x880738,0xA1518B,1,0xA1518B,1,0x00,0x00
3,0x880744,0xA1518B,1,0xA1518B,1,0x00,0x01
3,0x880744,0xA1518B,1,0xA1518B,1,0x01,0x03
3,0x880750,0xA1518B,1,0xA1518B,1,0x01,0x00
9,0x880DBC,0xFF7B40,1,0xFF7B40,4,0x00,0x00
9,0x880DBC,0xFFC80C,1,0xFFC80C,4,0x00,0x00
9,0x880DBC,0xFFC87E,2,0xFFC87C,4,0x0000,0x0000
11,0x882678,0xA1518B,1,0xA1518A,2,0x02,0x00
11,0x8826CE,0xA1518B,1,0xA1518B,1,0x00,0x00
11,0x8826DE,0xA1518B,1,0xA1518B,1,0x00,0x01
11,0x8826EE,0xA1518B,1,0xA1518B,1,0x01,0x00
11,0x8826F4,0xFFC80C,1,0xFFC80C,1,0x00,0x00
12,0x880FDE,0xFF0002,4,0xFF0002,2,0x00000000,0x00890000
12,0x880FDE,0xFF0002,4,0xFF0004,2,0x00890000,0x00894262
12,0x880C38,0xFF0002,4,0xFF0002,4,0x00894262,0x00894262
12,0x882692,0xA1518B,1,0xA1518B,1,0x00,0x00
12,0x8826A4,0xA1518B,1,0xA1518B,1,0x00,0x01
12,0x8826B6,0xA1518B,1,0xA1518B,1,0x01,0x00
12,0x8826BC,0xFFC80C,1,0xFFC80C,1,0x00,0x00
12,0x89435E,0xFFC87E,2,0xFFC87E,2,0x0000,0x0000
12,0x8943BA,0xFF0002,4,0xFF0002,4,0x00894262,0x008943C6
15,0x8943EC,0xFFC87E,2,0xFFC87E,2,0x0000,0x0004
15,0x8943FA,0xFFC87E,2,0xFFC87E,2,0x0004,0x0008
17,0x881E60,0xFFC87E,2,0xFFC87E,2,0x0008,0x0000
17,0x881E66,0xFFC80C,1,0xFFC80C,1,0x00,0x01
17,0x881E6E,0xA1518B,1,0xA1518B,1,0x00,0x01
18,0x8943EC,0xFFC87E,2,0xFFC87E,2,0x0000,0x0004
18,0x8943FA,0xFFC87E,2,0xFFC87E,2,0x0004,0x0008
20,0x881E60,0xFFC87E,2,0xFFC87E,2,0x0008,0x0000
20,0x881E66,0xFFC80C,1,0xFFC80C,1,0x01,0x00
20,0x881E78,0xA1518B,1,0xA1518B,1,0x01,0x02
21,0x8943EC,0xFFC87E,2,0xFFC87E,2,0x0000,0x0004
21,0x8943FA,0xFFC87E,2,0xFFC87E,2,0x0004,0x0008
23,0x881E60,0xFFC87E,2,0xFFC87E,2,0x0008,0x0000
23,0x881E66,0xFFC80C,1,0xFFC80C,1,0x00,0x01
23,0x881E6E,0xA1518B,1,0xA1518B,1,0x00,0x01
24,0x8943EC,0xFFC87E,2,0xFFC87E,2,0x0000,0x0004
24,0x8943FA,0xFFC87E,2,0xFFC87E,2,0x0004,0x0008
26,0x881E60,0xFFC87E,2,0xFFC87E,2,0x0008,0x0000
26,0x881E66,0xFFC80C,1,0xFFC80C,1,0x01,0x00
26,0x881E78,0xA1518B,1,0xA1518B,1,0x01,0x00
27,0x8943EC,0xFFC87E,2,0xFFC87E,2,0x0000,0x0004
27,0x8943FA,0xFFC87E,2,0xFFC87E,2,0x0004,0x0008
29,0x881E60,0xFFC87E,2,0xFFC87E,2,0x0008,0x0000
29,0x881E66,0xFFC80C,1,0xFFC80C,1,0x00,0x01
29,0x881E6E,0xA1518B,1,0xA1518B,1,0x00,0x01
30,0x8943EC,0xFFC87E,2,0xFFC87E,2,0x0000,0x0004
30,0x8943FA,0xFFC87E,2,0xFFC87E,2,0x0004,0x0008
32,0x881E60,0xFFC87E,2,0xFFC87E,2,0x0008,0x0000
32,0x881E66,0xFFC80C,1,0xFFC80C,1,0x01,0x00
32,0x881E78,0xA1518B,1,0xA1518B,1,0x01,0x02
33,0x8943EC,0xFFC87E,2,0xFFC87E,2,0x0000,0x0004
33,0x8943FA,0xFFC87E,2,0xFFC87E,2,0x0004,0x0008
35,0x881E60,0xFFC87E,2,0xFFC87E,2,0x0008,0x0000
35,0x881E66,0xFFC80C,1,0xFFC80C,1,0x00,0x01
35,0x881E6E,0xA1518B,1,0xA1518B,1,0x00,0x01
36,0x8943EC,0xFFC87E,2,0xFFC87E,2,0x0000,0x0004
36,0x8943FA,0xFFC87E,2,0xFFC87E,2,0x0004,0x0008
38,0x881E60,0xFFC87E,2,0xFFC87E,2,0x0008,0x0000
38,0x881E66,0xFFC80C,1,0xFFC80C,1,0x01,0x00
38,0x881E78,0xA1518B,1,0xA1518B,1,0x01,0x00
39,0x8943EC,0xFFC87E,2,0xFFC87E,2,0x0000,0x0004
39,0x8943FA,0xFFC87E,2,0xFFC87E,2,0x0004,0x0008
41,0x881E60,0xFFC87E,2,0xFFC87E,2,0x0008,0x0000
41,0x881E66,0xFFC80C,1,0xFFC80C,1,0x00,0x01
41,0x881E6E,0xA1518B,1,0xA1518B,1,0x00,0x01
42,0x8943EC,0xFFC87E,2,0xFFC87E,2,0x0000,0x0004
42,0x8943FA,0xFFC87E,2,0xFFC87E,2,0x0004,0x0008
44,0x881E60,0xFFC87E,2,0xFFC87E,2,0x0008,0x0000
44,0x881E66,0xFFC80C,1,0xFFC80C,1,0x01,0x00
44,0x881E78,0xA1518B,1,0xA1518B,1,0x01,0x02
45,0x8943EC,0xFFC87E,2,0xFFC87E,2,0x0000,0x0004
45,0x8943FA,0xFFC87E,2,0xFFC87E,2,0x0004,0x0008
47,0x881E60,0xFFC87E,2,0xFFC87E,2,0x0008,0x0000
47,0x881E66,0xFFC80C,1,0xFFC80C,1,0x00,0x01
47,0x881E6E,0xA1518B,1,0xA1518B,1,0x00,0x01
48,0x8943EC,0xFFC87E,2,0xFFC87E,2,0x0000,0x0004
48,0x8943FA,0xFFC87E,2,0xFFC87E,2,0x0004,0x0008
50,0x881E60,0xFFC87E,2,0xFFC87E,2,0x0008,0x0000
50,0x881E66,0xFFC80C,1,0xFFC80C,1,0x01,0x00
50,0x881E78,0xA1518B,1,0xA1518B,1,0x01,0x00
51,0x8943EC,0xFFC87E,2,0xFFC87E,2,0x0000,0x0004
51,0x8943FA,0xFFC87E,2,0xFFC87E,2,0x0004,0x0008
53,0x881E60,0xFFC87E,2,0xFFC87E,2,0x0008,0x0000
53,0x881E66,0xFFC80C,1,0xFFC80C,1,0x00,0x01
53,0x881E6E,0xA1518B,1,0xA1518B,1,0x00,0x01
54,0x8943EC,0xFFC87E,2,0xFFC87E,2,0x0000,0x0004
54,0x8943FA,0xFFC87E,2,0xFFC87E,2,0x0004,0x0008
56,0x881E60,0xFFC87E,2,0xFFC87E,2,0x0008,0x0000
56,0x881E66,0xFFC80C,1,0xFFC80C,1,0x01,0x00
56,0x881E78,0xA1518B,1,0xA1518B,1,0x01,0x02
57,0x8943EC,0xFFC87E,2,0xFFC87E,2,0x0000,0x0004
57,0x8943FA,0xFFC87E,2,0xFFC87E,2,0x0004,0x0008
59,0x881E60,0xFFC87E,2,0xFFC87E,2,0x0008,0x0000
59,0x881E66,0xFFC80C,1,0xFFC80C,1,0x00,0x01
59,0x881E6E,0xA1518B,1,0xA1518B,1,0x00,0x01
60,0x8943EC,0xFFC87E,2,0xFFC87E,2,0x0000,0x0004
60,0x8943FA,0xFFC87E,2,0xFFC87E,2,0x0004,0x0008
62,0x881E60,0xFFC87E,2,0xFFC87E,2,0x0008,0x0000
62,0x881E66,0xFFC80C,1,0xFFC80C,1,0x01,0x00
62,0x881E78,0xA1518B,1,0xA1518B,1,0x01,0x00
63,0x8943EC,0xFFC87E,2,0xFFC87E,2,0x0000,0x0004
63,0x8943FA,0xFFC87E,2,0xFFC87E,2,0x0004,0x0008
65,0x881E60,0xFFC87E,2,0xFFC87E,2,0x0008,0x0000
65,0x881E66,0xFFC80C,1,0xFFC80C,1,0x00,0x01
65,0x881E6E,0xA1518B,1,0xA1518B,1,0x00,0x01
66,0x8943EC,0xFFC87E,2,0xFFC87E,2,0x0000,0x0004
66,0x8943FA,0xFFC87E,2,0xFFC87E,2,0x0004,0x0008
68,0x881E60,0xFFC87E,2,0xFFC87E,2,0x0008,0x0000
68,0x881E66,0xFFC80C,1,0xFFC80C,1,0x01,0x00
68,0x881E78,0xA1518B,1,0xA1518B,1,0x01,0x02
69,0x8943EC,0xFFC87E,2,0xFFC87E,2,0x0000,0x0004
69,0x8943FA,0xFFC87E,2,0xFFC87E,2,0x0004,0x0008
71,0x881E60,0xFFC87E,2,0xFFC87E,2,0x0008,0x0000
71,0x881E66,0xFFC80C,1,0xFFC80C,1,0x00,0x01
71,0x881E6E,0xA1518B,1,0xA1518B,1,0x00,0x01
72,0x8943EC,0xFFC87E,2,0xFFC87E,2,0x0000,0x0004
72,0x8943FA,0xFFC87E,2,0xFFC87E,2,0x0004,0x0008
74,0x881E60,0xFFC87E,2,0xFFC87E,2,0x0008,0x0000
74,0x881E66,0xFFC80C,1,0xFFC80C,1,0x01,0x00
74,0x881E78,0xA1518B,1,0xA1518B,1,0x01,0x00
75,0x8943EC,0xFFC87E,2,0xFFC87E,2,0x0000,0x0004
75,0x8943FA,0xFFC87E,2,0xFFC87E,2,0x0004,0x0008
77,0x881E60,0xFFC87E,2,0xFFC87E,2,0x0008,0x0000
77,0x881E66,0xFFC80C,1,0xFFC80C,1,0x00,0x01
77,0x881E6E,0xA1518B,1,0xA1518B,1,0x00,0x01
78,0x8943EC,0xFFC87E,2,0xFFC87E,2,0x0000,0x0004
78,0x8943FA,0xFFC87E,2,0xFFC87E,2,0x0004,0x0008
80,0x881E60,0xFFC87E,2,0xFFC87E,2,0x0008,0x0000
80,0x881E66,0xFFC80C,1,0xFFC80C,1,0x01,0x00
80,0x881E78,0xA1518B,1,0xA1518B,1,0x01,0x02
81,0x8943EC,0xFFC87E,2,0xFFC87E,2,0x0000,0x0004
81,0x8943FA,0xFFC87E,2,0xFFC87E,2,0x0004,0x0008
83,0x881E60,0xFFC87E,2,0xFFC87E,2,0x0008,0x0000
83,0x881E66,0xFFC80C,1,0xFFC80C,1,0x00,0x01
83,0x881E6E,0xA1518B,1,0xA1518B,1,0x00,0x01
84,0x8943EC,0xFFC87E,2,0xFFC87E,2,0x0000,0x0004
84,0x8943FA,0xFFC87E,2,0xFFC87E,2,0x0004,0x0008
86,0x881E60,0xFFC87E,2,0xFFC87E,2,0x0008,0x0000
86,0x881E66,0xFFC80C,1,0xFFC80C,1,0x01,0x00
86,0x881E78,0xA1518B,1,0xA1518B,1,0x01,0x00
87,0x8943EC,0xFFC87E,2,0xFFC87E,2,0x0000,0x0004
87,0x8943FA,0xFFC87E,2,0xFFC87E,2,0x0004,0x0008
89,0x881E60,0xFFC87E,2,0xFFC87E,2,0x0008,0x0000
89,0x881E66,0xFFC80C,1,0xFFC80C,1,0x00,0x01
89,0x881E6E,0xA1518B,1,0xA1518B,1,0x00,0x01
90,0x8943EC,0xFFC87E,2,0xFFC87E,2,0x0000,0x0004
90,0x8943FA,0xFFC87E,2,0xFFC87E,2,0x0004,0x0008
92,0x881E60,0xFFC87E,2,0xFFC87E,2,0x0008,0x0000
92,0x881E66,0xFFC80C,1,0xFFC80C,1,0x01,0x00
92,0x881E78,0xA1518B,1,0xA1518B,1,0x01,0x02
93,0x8943EC,0xFFC87E,2,0xFFC87E,2,0x0000,0x0004
93,0x8943FA,0xFFC87E,2,0xFFC87E,2,0x0004,0x0008
95,0x881E60,0xFFC87E,2,0xFFC87E,2,0x0008,0x0000
95,0x881E66,0xFFC80C,1,0xFFC80C,1,0x00,0x01
95,0x881E6E,0xA1518B,1,0xA1518B,1,0x00,0x01
96,0x8943EC,0xFFC87E,2,0xFFC87E,2,0x0000,0x0004
96,0x8943FA,0xFFC87E,2,0xFFC87E,2,0x0004,0x0008
98,0x881E60,0xFFC87E,2,0xFFC87E,2,0x0008,0x0000
98,0x881E66,0xFFC80C,1,0xFFC80C,1,0x01,0x00
98,0x881E78,0xA1518B,1,0xA1518B,1,0x01,0x00
99,0x8943EC,0xFFC87E,2,0xFFC87E,2,0x0000,0x0004
99,0x8943FA,0xFFC87E,2,0xFFC87E,2,0x0004,0x0008
101,0x881E60,0xFFC87E,2,0xFFC87E,2,0x0008,0x0000
101,0x881E66,0xFFC80C,1,0xFFC80C,1,0x00,0x01
101,0x881E6E,0xA1518B,1,0xA1518B,1,0x00,0x01
102,0x8943EC,0xFFC87E,2,0xFFC87E,2,0x0000,0x0004
102,0x8943FA,0xFFC87E,2,0xFFC87E,2,0x0004,0x0008
104,0x881E60,0xFFC87E,2,0xFFC87E,2,0x0008,0x0000
104,0x881E66,0xFFC80C,1,0xFFC80C,1,0x01,0x00
104,0x881E78,0xA1518B,1,0xA1518B,1,0x01,0x02
105,0x8943EC,0xFFC87E,2,0xFFC87E,2,0x0000,0x0004
105,0x8943FA,0xFFC87E,2,0xFFC87E,2,0x0004,0x0008
107,0x881E60,0xFFC87E,2,0xFFC87E,2,0x0008,0x0000
107,0x881E66,0xFFC80C,1,0xFFC80C,1,0x00,0x01
107,0x881E6E,0xA1518B,1,0xA1518B,1,0x00,0x01
108,0x8943EC,0xFFC87E,2,0xFFC87E,2,0x0000,0x0004
108,0x8943FA,0xFFC87E,2,0xFFC87E,2,0x0004,0x0008
110,0x881E60,0xFFC87E,2,0xFFC87E,2,0x0008,0x0000
110,0x881E66,0xFFC80C,1,0xFFC80C,1,0x01,0x00
110,0x881E78,0xA1518B,1,0xA1518B,1,0x01,0x00
111,0x8943EC,0xFFC87E,2,0xFFC87E,2,0x0000,0x0004
111,0x8943FA,0xFFC87E,2,0xFFC87E,2,0x0004,0x0008
113,0x881E60,0xFFC87E,2,0xFFC87E,2,0x0008,0x0000
113,0x881E66,0xFFC80C,1,0xFFC80C,1,0x00,0x01
113,0x881E6E,0xA1518B,1,0xA1518B,1,0x00,0x01
114,0x8943EC,0xFFC87E,2,0xFFC87E,2,0x0000,0x0004
114,0x8943FA,0xFFC87E,2,0xFFC87E,2,0x0004,0x0008
116,0x881E60,0xFFC87E,2,0xFFC87E,2,0x0008,0x0000
116,0x881E66,0xFFC80C,1,0xFFC80C,1,0x01,0x00
116,0x881E78,0xA1518B,1,0xA1518B,1,0x01,0x02
117,0x8943EC,0xFFC87E,2,0xFFC87E,2,0x0000,0x0004
117,0x8943FA,0xFFC87E,2,0xFFC87E,2,0x0004,0x0008
119,0x881E60,0xFFC87E,2,0xFFC87E,2,0x0008,0x0000
119,0x881E66,0xFFC80C,1,0xFFC80C,1,0x00,0x01
119,0x881E6E,0xA1518B,1,0xA1518B,1,0x00,0x01
120,0x8943EC,0xFFC87E,2,0xFFC87E,2,0x0000,0x0004
120,0x8943FA,0xFFC87E,2,0xFFC87E,2,0x0004,0x0008
122,0x881E60,0xFFC87E,2,0xFFC87E,2,0x0008,0x0000
122,0x881E66,0xFFC80C,1,0xFFC80C,1,0x01,0x00
122,0x881E78,0xA1518B,1,0xA1518B,1,0x01,0x00
123,0x8943EC,0xFFC87E,2,0xFFC87E,2,0x0000,0x0004
123,0x8943FA,0xFFC87E,2,0xFFC87E,2,0x0004,0x0008
125,0x881E60,0xFFC87E,2,0xFFC87E,2,0x0008,0x0000
125,0x881E66,0xFFC80C,1,0xFFC80C,1,0x00,0x01
125,0x881E6E,0xA1518B,1,0xA1518B,1,0x00,0x01
126,0x8943EC,0xFFC87E,2,0xFFC87E,2,0x0000,0x0004
126,0x8943FA,0xFFC87E,2,0xFFC87E,2,0x0004,0x0008
128,0x881E60,0xFFC87E,2,0xFFC87E,2,0x0008,0x0000
128,0x881E66,0xFFC80C,1,0xFFC80C,1,0x01,0x00
128,0x881E78,0xA1518B,1,0xA1518B,1,0x01,0x02
129,0x8943EC,0xFFC87E,2,0xFFC87E,2,0x0000,0x0004
129,0x8943FA,0xFFC87E,2,0xFFC87E,2,0x0004,0x0008
131,0x881E60,0xFFC87E,2,0xFFC87E,2,0x0008,0x0000
131,0x881E66,0xFFC80C,1,0xFFC80C,1,0x00,0x01
131,0x881E6E,0xA1518B,1,0xA1518B,1,0x00,0x01
132,0x8943EC,0xFFC87E,2,0xFFC87E,2,0x0000,0x0004
132,0x8943FA,0xFFC87E,2,0xFFC87E,2,0x0004,0x0008
134,0x881E60,0xFFC87E,2,0xFFC87E,2,0x0008,0x0000
134,0x881E66,0xFFC80C,1,0xFFC80C,1,0x01,0x00
134,0x881E78,0xA1518B,1,0xA1518B,1,0x01,0x00
135,0x8943EC,0xFFC87E,2,0xFFC87E,2,0x0000,0x0004
135,0x8943FA,0xFFC87E,2,0xFFC87E,2,0x0004,0x0008
137,0x881E60,0xFFC87E,2,0xFFC87E,2,0x0008,0x0000
137,0x881E66,0xFFC80C,1,0xFFC80C,1,0x00,0x01
137,0x881E6E,0xA1518B,1,0xA1518B,1,0x00,0x01
138,0x8943EC,0xFFC87E,2,0xFFC87E,2,0x0000,0x0004
138,0x8943FA,0xFFC87E,2,0xFFC87E,2,0x0004,0x0008
140,0x881E60,0xFFC87E,2,0xFFC87E,2,0x0008,0x0000
140,0x881E66,0xFFC80C,1,0xFFC80C,1,0x01,0x00
140,0x881E78,0xA1518B,1,0xA1518B,1,0x01,0x02
141,0x8943EC,0xFFC87E,2,0xFFC87E,2,0x0000,0x0004
141,0x8943FA,0xFFC87E,2,0xFFC87E,2,0x0004,0x0008
143,0x881E60,0xFFC87E,2,0xFFC87E,2,0x0008,0x0000
143,0x881E66,0xFFC80C,1,0xFFC80C,1,0x00,0x01
143,0x881E6E,0xA1518B,1,0xA1518B,1,0x00,0x01
144,0x8943EC,0xFFC87E,2,0xFFC87E,2,0x0000,0x0004
144,0x8943FA,0xFFC87E,2,0xFFC87E,2,0x0004,0x0008
146,0x881E60,0xFFC87E,2,0xFFC87E,2,0x0008,0x0000
146,0x881E66,0xFFC80C,1,0xFFC80C,1,0x01,0x00
146,0x881E78,0xA1518B,1,0xA1518B,1,0x01,0x00
147,0x8943EC,0xFFC87E,2,0xFFC87E,2,0x0000,0x0004
147,0x8943FA,0xFFC87E,2,0xFFC87E,2,0x0004,0x0008
149,0x881E60,0xFFC87E,2,0xFFC87E,2,0x0008,0x0000
149,0x881E66,0xFFC80C,1,0xFFC80C,1,0x00,0x01
149,0x881E6E,0xA1518B,1,0xA1518B,1,0x00,0x01
150,0x8943EC,0xFFC87E,2,0xFFC87E,2,0x0000,0x0004
150,0x8943FA,0xFFC87E,2,0xFFC87E,2,0x0004,0x0008
152,0x881E60,0xFFC87E,2,0xFFC87E,2,0x0008,0x0000
152,0x881E66,0xFFC80C,1,0xFFC80C,1,0x01,0x00
152,0x881E78,0xA1518B,1,0xA1518B,1,0x01,0x02
153,0x8943EC,0xFFC87E,2,0xFFC87E,2,0x0000,0x0004
153,0x8943FA,0xFFC87E,2,0xFFC87E,2,0x0004,0x0008
155,0x881E60,0xFFC87E,2,0xFFC87E,2,0x0008,0x0000
155,0x881E66,0xFFC80C,1,0xFFC80C,1,0x00,0x01
155,0x881E6E,0xA1518B,1,0xA1518B,1,0x00,0x01
156,0x8943EC,0xFFC87E,2,0xFFC87E,2,0x0000,0x0004
156,0x8943FA,0xFFC87E,2,0xFFC87E,2,0x0004,0x0008
158,0x881E60,0xFFC87E,2,0xFFC87E,2,0x0008,0x0000
158,0x881E66,0xFFC80C,1,0xFFC80C,1,0x01,0x00
158,0x881E78,0xA1518B,1,0xA1518B,1,0x01,0x00
159,0x8943EC,0xFFC87E,2,0xFFC87E,2,0x0000,0x0004
159,0x8943FA,0xFFC87E,2,0xFFC87E,2,0x0004,0x0008
161,0x881E60,0xFFC87E,2,0xFFC87E,2,0x0008,0x0000
161,0x881E66,0xFFC80C,1,0xFFC80C,1,0x00,0x01
161,0x881E6E,0xA1518B,1,0xA1518B,1,0x00,0x01
162,0x8943EC,0xFFC87E,2,0xFFC87E,2,0x0000,0x0004
162,0x8943FA,0xFFC87E,2,0xFFC87E,2,0x0004,0x0008
164,0x881E60,0xFFC87E,2,0xFFC87E,2,0x0008,0x0000
164,0x881E66,0xFFC80C,1,0xFFC80C,1,0x01,0x00
164,0x881E78,0xA1518B,1,0xA1518B,1,0x01,0x02
165,0x8943EC,0xFFC87E,2,0xFFC87E,2,0x0000,0x0004
165,0x8943FA,0xFFC87E,2,0xFFC87E,2,0x0004,0x0008
167,0x881E60,0xFFC87E,2,0xFFC87E,2,0x0008,0x0000
167,0x881E66,0xFFC80C,1,0xFFC80C,1,0x00,0x01
167,0x881E6E,0xA1518B,1,0xA1518B,1,0x00,0x01
168,0x8943EC,0xFFC87E,2,0xFFC87E,2,0x0000,0x0004
168,0x8943FA,0xFFC87E,2,0xFFC87E,2,0x0004,0x0008
170,0x881E60,0xFFC87E,2,0xFFC87E,2,0x0008,0x0000
170,0x881E66,0xFFC80C,1,0xFFC80C,1,0x01,0x00
170,0x881E78,0xA1518B,1,0xA1518B,1,0x01,0x00
171,0x8943EC,0xFFC87E,2,0xFFC87E,2,0x0000,0x0004
171,0x8943FA,0xFFC87E,2,0xFFC87E,2,0x0004,0x0008
173,0x881E60,0xFFC87E,2,0xFFC87E,2,0x0008,0x0000
173,0x881E66,0xFFC80C,1,0xFFC80C,1,0x00,0x01
173,0x881E6E,0xA1518B,1,0xA1518B,1,0x00,0x01
174,0x8943EC,0xFFC87E,2,0xFFC87E,2,0x0000,0x0004
174,0x8943FA,0xFFC87E,2,0xFFC87E,2,0x0004,0x0008
176,0x881E60,0xFFC87E,2,0xFFC87E,2,0x0008,0x0000
176,0x881E66,0xFFC80C,1,0xFFC80C,1,0x01,0x00
176,0x881E78,0xA1518B,1,0xA1518B,1,0x01,0x02
177,0x8943EC,0xFFC87E,2,0xFFC87E,2,0x0000,0x0004
177,0x8943FA,0xFFC87E,2,0xFFC87E,2,0x0004,0x0008
179,0x881E60,0xFFC87E,2,0xFFC87E,2,0x0008,0x0000
179,0x881E66,0xFFC80C,1,0xFFC80C,1,0x00,0x01
179,0x881E6E,0xA1518B,1,0xA1518B,1,0x00,0x01
180,0x8943EC,0xFFC87E,2,0xFFC87E,2,0x0000,0x0004
180,0x8943FA,0xFFC87E,2,0xFFC87E,2,0x0004,0x0008
182,0x881E60,0xFFC87E,2,0xFFC87E,2,0x0008,0x0000
182,0x881E66,0xFFC80C,1,0xFFC80C,1,0x01,0x00
182,0x881E78,0xA1518B,1,0xA1518B,1,0x01,0x00
183,0x8943EC,0xFFC87E,2,0xFFC87E,2,0x0000,0x0004
183,0x8943FA,0xFFC87E,2,0xFFC87E,2,0x0004,0x0008
185,0x881E60,0xFFC87E,2,0xFFC87E,2,0x0008,0x0000
185,0x881E66,0xFFC80C,1,0xFFC80C,1,0x00,0x01
185,0x881E6E,0xA1518B,1,0xA1518B,1,0x00,0x01
186,0x8943EC,0xFFC87E,2,0xFFC87E,2,0x0000,0x0004
186,0x8943FA,0xFFC87E,2,0xFFC87E,2,0x0004,0x0008
188,0x881E60,0xFFC87E,2,0xFFC87E,2,0x0008,0x0000
188,0x881E66,0xFFC80C,1,0xFFC80C,1,0x01,0x00
188,0x881E78,0xA1518B,1,0xA1518B,1,0x01,0x02
189,0x8943EC,0xFFC87E,2,0xFFC87E,2,0x0000,0x0004
189,0x8943FA,0xFFC87E,2,0xFFC87E,2,0x0004,0x0008
191,0x881E60,0xFFC87E,2,0xFFC87E,2,0x0008,0x0000
191,0x881E66,0xFFC80C,1,0xFFC80C,1,0x00,0x01
191,0x881E6E,0xA1518B,1,0xA1518B,1,0x00,0x01
192,0x8943EC,0xFFC87E,2,0xFFC87E,2,0x0000,0x0004
192,0x8943FA,0xFFC87E,2,0xFFC87E,2,0x0004,0x0008
194,0x881E60,0xFFC87E,2,0xFFC87E,2,0x0008,0x0000
194,0x881E66,0xFFC80C,1,0xFFC80C,1,0x01,0x00
194,0x881E78,0xA1518B,1,0xA1518B,1,0x01,0x00
195,0x8943EC,0xFFC87E,2,0xFFC87E,2,0x0000,0x0004
195,0x8943FA,0xFFC87E,2,0xFFC87E,2,0x0004,0x0008
197,0x881E60,0xFFC87E,2,0xFFC87E,2,0x0008,0x0000
197,0x881E66,0xFFC80C,1,0xFFC80C,1,0x00,0x01
197,0x881E6E,0xA1518B,1,0xA1518B,1,0x00,0x01
198,0x8943EC,0xFFC87E,2,0xFFC87E,2,0x0000,0x0004
198,0x8943FA,0xFFC87E,2,0xFFC87E,2,0x0004,0x0008
200,0x881E60,0xFFC87E,2,0xFFC87E,2,0x0008,0x0000
200,0x881E66,0xFFC80C,1,0xFFC80C,1,0x01,0x00
200,0x881E78,0xA1518B,1,0xA1518B,1,0x01,0x02
201,0x8943EC,0xFFC87E,2,0xFFC87E,2,0x0000,0x0004
201,0x8943FA,0xFFC87E,2,0xFFC87E,2,0x0004,0x0008
203,0x881E60,0xFFC87E,2,0xFFC87E,2,0x0008,0x0000
203,0x881E66,0xFFC80C,1,0xFFC80C,1,0x00,0x01
203,0x881E6E,0xA1518B,1,0xA1518B,1,0x00,0x01
204,0x8943EC,0xFFC87E,2,0xFFC87E,2,0x0000,0x0004
204,0x8943FA,0xFFC87E,2,0xFFC87E,2,0x0004,0x0008
206,0x881E60,0xFFC87E,2,0xFFC87E,2,0x0008,0x0000
206,0x881E66,0xFFC80C,1,0xFFC80C,1,0x01,0x00
206,0x881E78,0xA1518B,1,0xA1518B,1,0x01,0x00
207,0x8943EC,0xFFC87E,2,0xFFC87E,2,0x0000,0x0004
207,0x8943FA,0xFFC87E,2,0xFFC87E,2,0x0004,0x0008
209,0x881E60,0xFFC87E,2,0xFFC87E,2,0x0008,0x0000
209,0x881E66,0xFFC80C,1,0xFFC80C,1,0x00,0x01
209,0x881E6E,0xA1518B,1,0xA1518B,1,0x00,0x01
210,0x8943EC,0xFFC87E,2,0xFFC87E,2,0x0000,0x0004
210,0x8943FA,0xFFC87E,2,0xFFC87E,2,0x0004,0x0008
212,0x881E60,0xFFC87E,2,0xFFC87E,2,0x0008,0x0000
212,0x881E66,0xFFC80C,1,0xFFC80C,1,0x01,0x00
212,0x881E78,0xA1518B,1,0xA1518B,1,0x01,0x02
213,0x8943EC,0xFFC87E,2,0xFFC87E,2,0x0000,0x0004
213,0x8943FA,0xFFC87E,2,0xFFC87E,2,0x0004,0x0008
215,0x881E60,0xFFC87E,2,0xFFC87E,2,0x0008,0x0000
215,0x881E66,0xFFC80C,1,0xFFC80C,1,0x00,0x01
215,0x881E6E,0xA1518B,1,0xA1518B,1,0x00,0x01
216,0x8943EC,0xFFC87E,2,0xFFC87E,2,0x0000,0x0004
216,0x8943FA,0xFFC87E,2,0xFFC87E,2,0x0004,0x0008
218,0x881E60,0xFFC87E,2,0xFFC87E,2,0x0008,0x0000
218,0x881E66,0xFFC80C,1,0xFFC80C,1,0x01,0x00
218,0x881E78,0xA1518B,1,0xA1518B,1,0x01,0x00
219,0x8943EC,0xFFC87E,2,0xFFC87E,2,0x0000,0x0004
219,0x8943FA,0xFFC87E,2,0xFFC87E,2,0x0004,0x0008
221,0x881E60,0xFFC87E,2,0xFFC87E,2,0x0008,0x0000
221,0x881E66,0xFFC80C,1,0xFFC80C,1,0x00,0x01
221,0x881E6E,0xA1518B,1,0xA1518B,1,0x00,0x01
222,0x8943EC,0xFFC87E,2,0xFFC87E,2,0x0000,0x0004
222,0x8943FA,0xFFC87E,2,0xFFC87E,2,0x0004,0x0008
224,0x881E60,0xFFC87E,2,0xFFC87E,2,0x0008,0x0000
224,0x881E66,0xFFC80C,1,0xFFC80C,1,0x01,0x00
224,0x881E78,0xA1518B,1,0xA1518B,1,0x01,0x02
225,0x8943EC,0xFFC87E,2,0xFFC87E,2,0x0000,0x0004
225,0x8943FA,0xFFC87E,2,0xFFC87E,2,0x0004,0x0008
227,0x881E60,0xFFC87E,2,0xFFC87E,2,0x0008,0x0000
227,0x881E66,0xFFC80C,1,0xFFC80C,1,0x00,0x01
227,0x881E6E,0xA1518B,1,0xA1518B,1,0x00,0x01
228,0x8943EC,0xFFC87E,2,0xFFC87E,2,0x0000,0x0004
228,0x8943FA,0xFFC87E,2,0xFFC87E,2,0x0004,0x0008
230,0x881E60,0xFFC87E,2,0xFFC87E,2,0x0008,0x0000
230,0x881E66,0xFFC80C,1,0xFFC80C,1,0x01,0x00
230,0x881E78,0xA1518B,1,0xA1518B,1,0x01,0x00
231,0x8943EC,0xFFC87E,2,0xFFC87E,2,0x0000,0x0004
231,0x8943FA,0xFFC87E,2,0xFFC87E,2,0x0004,0x0008
233,0x881E60,0xFFC87E,2,0xFFC87E,2,0x0008,0x0000
233,0x881E66,0xFFC80C,1,0xFFC80C,1,0x00,0x01
233,0x881E6E,0xA1518B,1,0xA1518B,1,0x00,0x01
234,0x8943EC,0xFFC87E,2,0xFFC87E,2,0x0000,0x0004
234,0x8943FA,0xFFC87E,2,0xFFC87E,2,0x0004,0x0008
236,0x881E60,0xFFC87E,2,0xFFC87E,2,0x0008,0x0000
236,0x881E66,0xFFC80C,1,0xFFC80C,1,0x01,0x00
236,0x881E78,0xA1518B,1,0xA1518B,1,0x01,0x02
237,0x8943EC,0xFFC87E,2,0xFFC87E,2,0x0000,0x0004
237,0x8943FA,0xFFC87E,2,0xFFC87E,2,0x0004,0x0008
239,0x881E60,0xFFC87E,2,0xFFC87E,2,0x0008,0x0000
239,0x881E66,0xFFC80C,1,0xFFC80C,1,0x00,0x01
239,0x881E6E,0xA1518B,1,0xA1518B,1,0x00,0x01
240,0x8943EC,0xFFC87E,2,0xFFC87E,2,0x0000,0x0004
240,0x8943FA,0xFFC87E,2,0xFFC87E,2,0x0004,0x0008
242,0x881E60,0xFFC87E,2,0xFFC87E,2,0x0008,0x0000
242,0x881E66,0xFFC80C,1,0xFFC80C,1,0x01,0x00
242,0x881E78,0xA1518B,1,0xA1518B,1,0x01,0x00
243,0x8943EC,0xFFC87E,2,0xFFC87E,2,0x0000,0x0004
243,0x8943FA,0xFFC87E,2,0xFFC87E,2,0x0004,0x0008
245,0x881E60,0xFFC87E,2,0xFFC87E,2,0x0008,0x0000
245,0x881E66,0xFFC80C,1,0xFFC80C,1,0x00,0x01
245,0x881E6E,0xA1518B,1,0xA1518B,1,0x00,0x01
246,0x8943EC,0xFFC87E,2,0xFFC87E,2,0x0000,0x0004
246,0x8943FA,0xFFC87E,2,0xFFC87E,2,0x0004,0x0008
248,0x881E60,0xFFC87E,2,0xFFC87E,2,0x0008,0x0000
248,0x881E66,0xFFC80C,1,0xFFC80C,1,0x01,0x00
248,0x881E78,0xA1518B,1,0xA1518B,1,0x01,0x02
249,0x8943EC,0xFFC87E,2,0xFFC87E,2,0x0000,0x0004
249,0x8943FA,0xFFC87E,2,0xFFC87E,2,0x0004,0x0008
251,0x881E60,0xFFC87E,2,0xFFC87E,2,0x0008,0x0000
251,0x881E66,0xFFC80C,1,0xFFC80C,1,0x00,0x01
251,0x881E6E,0xA1518B,1,0xA1518B,1,0x00,0x01
252,0x8943EC,0xFFC87E,2,0xFFC87E,2,0x0000,0x0004
252,0x8943FA,0xFFC87E,2,0xFFC87E,2,0x0004,0x0008
254,0x881E60,0xFFC87E,2,0xFFC87E,2,0x0008,0x0000
254,0x881E66,0xFFC80C,1,0xFFC80C,1,0x01,0x00
254,0x881E78,0xA1518B,1,0xA1518B,1,0x01,0x00
255,0x8943EC,0xFFC87E,2,0xFFC87E,2,0x0000,0x0004
255,0x8943FA,0xFFC87E,2,0xFFC87E,2,0x0004,0x0008
257,0x881E60,0xFFC87E,2,0xFFC87E,2,0x0008,0x0000
257,0x881E66,0xFFC80C,1,0xFFC80C,1,0x00,0x01
257,0x881E6E,0xA1518B,1,0xA1518B,1,0x00,0x01
258,0x8943EC,0xFFC87E,2,0xFFC87E,2,0x0000,0x0004
258,0x8943FA,0xFFC87E,2,0xFFC87E,2,0x0004,0x0008
260,0x881E60,0xFFC87E,2,0xFFC87E,2,0x0008,0x0000
260,0x881E66,0xFFC80C,1,0xFFC80C,1,0x01,0x00
260,0x881E78,0xA1518B,1,0xA1518B,1,0x01,0x02
261,0x8943EC,0xFFC87E,2,0xFFC87E,2,0x0000,0x0004
261,0x8943FA,0xFFC87E,2,0xFFC87E,2,0x0004,0x0008
263,0x881E60,0xFFC87E,2,0xFFC87E,2,0x0008,0x0000
263,0x881E66,0xFFC80C,1,0xFFC80C,1,0x00,0x01
263,0x881E6E,0xA1518B,1,0xA1518B,1,0x00,0x01
264,0x8943EC,0xFFC87E,2,0xFFC87E,2,0x0000,0x0004
264,0x8943FA,0xFFC87E,2,0xFFC87E,2,0x0004,0x0008
266,0x881E60,0xFFC87E,2,0xFFC87E,2,0x0008,0x0000
266,0x881E66,0xFFC80C,1,0xFFC80C,1,0x01,0x00
266,0x881E78,0xA1518B,1,0xA1518B,1,0x01,0x00
267,0x8943EC,0xFFC87E,2,0xFFC87E,2,0x0000,0x0004
267,0x8943FA,0xFFC87E,2,0xFFC87E,2,0x0004,0x0008
269,0x881E60,0xFFC87E,2,0xFFC87E,2,0x0008,0x0000
269,0x881E66,0xFFC80C,1,0xFFC80C,1,0x00,0x01
269,0x881E6E,0xA1518B,1,0xA1518B,1,0x00,0x01
270,0x8943EC,0xFFC87E,2,0xFFC87E,2,0x0000,0x0004
270,0x8943FA,0xFFC87E,2,0xFFC87E,2,0x0004,0x0008
272,0x881E60,0xFFC87E,2,0xFFC87E,2,0x0008,0x0000
272,0x881E66,0xFFC80C,1,0xFFC80C,1,0x01,0x00
272,0x881E78,0xA1518B,1,0xA1518B,1,0x01,0x02
273,0x8943EC,0xFFC87E,2,0xFFC87E,2,0x0000,0x0004
273,0x8943FA,0xFFC87E,2,0xFFC87E,2,0x0004,0x0008
275,0x881E60,0xFFC87E,2,0xFFC87E,2,0x0008,0x0000
275,0x881E66,0xFFC80C,1,0xFFC80C,1,0x00,0x01
275,0x881E6E,0xA1518B,1,0xA1518B,1,0x00,0x01
276,0x8943EC,0xFFC87E,2,0xFFC87E,2,0x0000,0x0004
276,0x8943FA,0xFFC87E,2,0xFFC87E,2,0x0004,0x0008
278,0x881E60,0xFFC87E,2,0xFFC87E,2,0x0008,0x0000
278,0x881E66,0xFFC80C,1,0xFFC80C,1,0x01,0x00
278,0x881E78,0xA1518B,1,0xA1518B,1,0x01,0x00
279,0x8943EC,0xFFC87E,2,0xFFC87E,2,0x0000,0x0004
279,0x8943FA,0xFFC87E,2,0xFFC87E,2,0x0004,0x0008
281,0x881E60,0xFFC87E,2,0xFFC87E,2,0x0008,0x0000
281,0x881E66,0xFFC80C,1,0xFFC80C,1,0x00,0x01
281,0x881E6E,0xA1518B,1,0xA1518B,1,0x00,0x01
282,0x8943EC,0xFFC87E,2,0xFFC87E,2,0x0000,0x0004
282,0x8943FA,0xFFC87E,2,0xFFC87E,2,0x0004,0x0008
284,0x881E60,0xFFC87E,2,0xFFC87E,2,0x0008,0x0000
284,0x881E66,0xFFC80C,1,0xFFC80C,1,0x01,0x00
284,0x881E78,0xA1518B,1,0xA1518B,1,0x01,0x02
285,0x8943EC,0xFFC87E,2,0xFFC87E,2,0x0000,0x0004
285,0x8943FA,0xFFC87E,2,0xFFC87E,2,0x0004,0x0008
287,0x881E60,0xFFC87E,2,0xFFC87E,2,0x0008,0x0000
287,0x881E66,0xFFC80C,1,0xFFC80C,1,0x00,0x01
287,0x881E6E,0xA1518B,1,0xA1518B,1,0x00,0x01
288,0x8943EC,0xFFC87E,2,0xFFC87E,2,0x0000,0x0004
288,0x8943FA,0xFFC87E,2,0xFFC87E,2,0x0004,0x0008
290,0x881E60,0xFFC87E,2,0xFFC87E,2,0x0008,0x0000
290,0x881E66,0xFFC80C,1,0xFFC80C,1,0x01,0x00
290,0x881E78,0xA1518B,1,0xA1518B,1,0x01,0x00
291,0x8943EC,0xFFC87E,2,0xFFC87E,2,0x0000,0x0004
291,0x8943FA,0xFFC87E,2,0xFFC87E,2,0x0004,0x0008
293,0x881E60,0xFFC87E,2,0xFFC87E,2,0x0008,0x0000
293,0x881E66,0xFFC80C,1,0xFFC80C,1,0x00,0x01
293,0x881E6E,0xA1518B,1,0xA1518B,1,0x00,0x01
294,0x8943EC,0xFFC87E,2,0xFFC87E,2,0x0000,0x0004
294,0x8943FA,0xFFC87E,2,0xFFC87E,2,0x0004,0x0008
296,0x881E60,0xFFC87E,2,0xFFC87E,2,0x0008,0x0000
296,0x881E66,0xFFC80C,1,0xFFC80C,1,0x01,0x00
296,0x881E78,0xA1518B,1,0xA1518B,1,0x01,0x02
297,0x8943EC,0xFFC87E,2,0xFFC87E,2,0x0000,0x0004
297,0x8943FA,0xFFC87E,2,0xFFC87E,2,0x0004,0x0008
299,0x881E60,0xFFC87E,2,0xFFC87E,2,0x0008,0x0000
299,0x881E66,0xFFC80C,1,0xFFC80C,1,0x00,0x01
299,0x881E6E,0xA1518B,1,0xA1518B,1,0x00,0x01
300,0x8943EC,0xFFC87E,2,0xFFC87E,2,0x0000,0x0004
300,0x8943FA,0xFFC87E,2,0xFFC87E,2,0x0004,0x0008
302,0x881E60,0xFFC87E,2,0xFFC87E,2,0x0008,0x0000
302,0x881E66,0xFFC80C,1,0xFFC80C,1,0x01,0x00
302,0x881E78,0xA1518B,1,0xA1518B,1,0x01,0x00
303,0x8943EC,0xFFC87E,2,0xFFC87E,2,0x0000,0x0004
303,0x8943FA,0xFFC87E,2,0xFFC87E,2,0x0004,0x0008
305,0x881E60,0xFFC87E,2,0xFFC87E,2,0x0008,0x0000
305,0x881E66,0xFFC80C,1,0xFFC80C,1,0x00,0x01
305,0x881E6E,0xA1518B,1,0xA1518B,1,0x00,0x01
306,0x8943EC,0xFFC87E,2,0xFFC87E,2,0x0000,0x0004
306,0x8943FA,0xFFC87E,2,0xFFC87E,2,0x0004,0x0008
308,0x881E60,0xFFC87E,2,0xFFC87E,2,0x0008,0x0000
308,0x881E66,0xFFC80C,1,0xFFC80C,1,0x01,0x00
308,0x881E78,0xA1518B,1,0xA1518B,1,0x01,0x02
309,0x8943EC,0xFFC87E,2,0xFFC87E,2,0x0000,0x0004
309,0x8943FA,0xFFC87E,2,0xFFC87E,2,0x0004,0x0008
311,0x881E60,0xFFC87E,2,0xFFC87E,2,0x0008,0x0000
311,0x881E66,0xFFC80C,1,0xFFC80C,1,0x00,0x01
311,0x881E6E,0xA1518B,1,0xA1518B,1,0x00,0x01
312,0x8943EC,0xFFC87E,2,0xFFC87E,2,0x0000,0x0004
312,0x8943FA,0xFFC87E,2,0xFFC87E,2,0x0004,0x0008
314,0x881E60,0xFFC87E,2,0xFFC87E,2,0x0008,0x0000
314,0x881E66,0xFFC80C,1,0xFFC80C,1,0x01,0x00
314,0x881E78,0xA1518B,1,0xA1518B,1,0x01,0x00
315,0x8943EC,0xFFC87E,2,0xFFC87E,2,0x0000,0x0004
315,0x8943FA,0xFFC87E,2,0xFFC87E,2,0x0004,0x0008
317,0x881E60,0xFFC87E,2,0xFFC87E,2,0x0008,0x0000
317,0x881E66,0xFFC80C,1,0xFFC80C,1,0x00,0x01
317,0x881E6E,0xA1518B,1,0xA1518B,1,0x00,0x01
318,0x8943EC,0xFFC87E,2,0xFFC87E,2,0x0000,0x0004
318,0x8943FA,0xFFC87E,2,0xFFC87E,2,0x0004,0x0008
320,0x881E60,0xFFC87E,2,0xFFC87E,2,0x0008,0x0000
320,0x881E66,0xFFC80C,1,0xFFC80C,1,0x01,0x00
320,0x881E78,0xA1518B,1,0xA1518B,1,0x01,0x02
321,0x8943EC,0xFFC87E,2,0xFFC87E,2,0x0000,0x0004
321,0x8943FA,0xFFC87E,2,0xFFC87E,2,0x0004,0x0008
323,0x881E60,0xFFC87E,2,0xFFC87E,2,0x0008,0x0000
323,0x881E66,0xFFC80C,1,0xFFC80C,1,0x00,0x01
323,0x881E6E,0xA1518B,1,0xA1518B,1,0x00,0x01
324,0x8943EC,0xFFC87E,2,0xFFC87E,2,0x0000,0x0004
324,0x8943FA,0xFFC87E,2,0xFFC87E,2,0x0004,0x0008
326,0x881E60,0xFFC87E,2,0xFFC87E,2,0x0008,0x0000
326,0x881E66,0xFFC80C,1,0xFFC80C,1,0x01,0x00
326,0x881E78,0xA1518B,1,0xA1518B,1,0x01,0x00
327,0x8943EC,0xFFC87E,2,0xFFC87E,2,0x0000,0x0004
327,0x8943FA,0xFFC87E,2,0xFFC87E,2,0x0004,0x0008
329,0x881E60,0xFFC87E,2,0xFFC87E,2,0x0008,0x0000
329,0x881E66,0xFFC80C,1,0xFFC80C,1,0x00,0x01
329,0x881E6E,0xA1518B,1,0xA1518B,1,0x00,0x01
330,0x8943EC,0xFFC87E,2,0xFFC87E,2,0x0000,0x0004
330,0x8943FA,0xFFC87E,2,0xFFC87E,2,0x0004,0x0008
332,0x881E60,0xFFC87E,2,0xFFC87E,2,0x0008,0x0000
332,0x881E66,0xFFC80C,1,0xFFC80C,1,0x01,0x00
332,0x881E78,0xA1518B,1,0xA1518B,1,0x01,0x02
333,0x8943EC,0xFFC87E,2,0xFFC87E,2,0x0000,0x0004
333,0x8943FA,0xFFC87E,2,0xFFC87E,2,0x0004,0x0008
335,0x881E60,0xFFC87E,2,0xFFC87E,2,0x0008,0x0000
335,0x881E66,0xFFC80C,1,0xFFC80C,1,0x00,0x01
335,0x881E6E,0xA1518B,1,0xA1518B,1,0x00,0x01
336,0x8943EC,0xFFC87E,2,0xFFC87E,2,0x0000,0x0004
336,0x8943FA,0xFFC87E,2,0xFFC87E,2,0x0004,0x0008
338,0x881E60,0xFFC87E,2,0xFFC87E,2,0x0008,0x0000
338,0x881E66,0xFFC80C,1,0xFFC80C,1,0x01,0x00
338,0x881E78,0xA1518B,1,0xA1518B,1,0x01,0x00
339,0x8943EC,0xFFC87E,2,0xFFC87E,2,0x0000,0x0004
339,0x8943FA,0xFFC87E,2,0xFFC87E,2,0x0004,0x0008
341,0x881E60,0xFFC87E,2,0xFFC87E,2,0x0008,0x0000
341,0x881E66,0xFFC80C,1,0xFFC80C,1,0x00,0x01
341,0x881E6E,0xA1518B,1,0xA1518B,1,0x00,0x01
342,0x8943EC,0xFFC87E,2,0xFFC87E,2,0x0000,0x0004
342,0x8943FA,0xFFC87E,2,0xFFC87E,2,0x0004,0x0008
344,0x881E60,0xFFC87E,2,0xFFC87E,2,0x0008,0x0000
344,0x881E66,0xFFC80C,1,0xFFC80C,1,0x01,0x00
344,0x881E78,0xA1518B,1,0xA1518B,1,0x01,0x02
345,0x8943EC,0xFFC87E,2,0xFFC87E,2,0x0000,0x0004
345,0x8943FA,0xFFC87E,2,0xFFC87E,2,0x0004,0x0008
347,0x881E60,0xFFC87E,2,0xFFC87E,2,0x0008,0x0000
347,0x881E66,0xFFC80C,1,0xFFC80C,1,0x00,0x01
347,0x881E6E,0xA1518B,1,0xA1518B,1,0x00,0x01
348,0x8943EC,0xFFC87E,2,0xFFC87E,2,0x0000,0x0004
348,0x8943FA,0xFFC87E,2,0xFFC87E,2,0x0004,0x0008
350,0x881E60,0xFFC87E,2,0xFFC87E,2,0x0008,0x0000
350,0x881E66,0xFFC80C,1,0xFFC80C,1,0x01,0x00
350,0x881E78,0xA1518B,1,0xA1518B,1,0x01,0x00
351,0x8943EC,0xFFC87E,2,0xFFC87E,2,0x0000,0x0004
351,0x8943FA,0xFFC87E,2,0xFFC87E,2,0x0004,0x0008
353,0x881E60,0xFFC87E,2,0xFFC87E,2,0x0008,0x0000
353,0x881E66,0xFFC80C,1,0xFFC80C,1,0x00,0x01
353,0x881E6E,0xA1518B,1,0xA1518B,1,0x00,0x01
353,0x8943EC,0xFFC87E,2,0xFFC87E,2,0x0000,0x0004
354,0x8943FA,0xFFC87E,2,0xFFC87E,2,0x0004,0x0008
356,0x881E60,0xFFC87E,2,0xFFC87E,2,0x0008,0x0000
356,0x881E66,0xFFC80C,1,0xFFC80C,1,0x01,0x00
356,0x881E78,0xA1518B,1,0xA1518B,1,0x01,0x02
356,0x8943EC,0xFFC87E,2,0xFFC87E,2,0x0000,0x0004
357,0x8943FA,0xFFC87E,2,0xFFC87E,2,0x0004,0x0008
359,0x881E60,0xFFC87E,2,0xFFC87E,2,0x0008,0x0000
359,0x881E66,0xFFC80C,1,0xFFC80C,1,0x00,0x01
359,0x881E6E,0xA1518B,1,0xA1518B,1,0x00,0x01
359,0x8943EC,0xFFC87E,2,0xFFC87E,2,0x0000,0x0004
360,0x8943FA,0xFFC87E,2,0xFFC87E,2,0x0004,0x0008
362,0x881E60,0xFFC87E,2,0xFFC87E,2,0x0008,0x0000
362,0x881E66,0xFFC80C,1,0xFFC80C,1,0x01,0x00
362,0x881E78,0xA1518B,1,0xA1518B,1,0x01,0x00
362,0x8943EC,0xFFC87E,2,0xFFC87E,2,0x0000,0x0004
363,0x8943FA,0xFFC87E,2,0xFFC87E,2,0x0004,0x0008
365,0x881E60,0xFFC87E,2,0xFFC87E,2,0x0008,0x0000
365,0x881E66,0xFFC80C,1,0xFFC80C,1,0x00,0x01
365,0x881E6E,0xA1518B,1,0xA1518B,1,0x00,0x01
365,0x8943EC,0xFFC87E,2,0xFFC87E,2,0x0000,0x0004
366,0x8943FA,0xFFC87E,2,0xFFC87E,2,0x0004,0x0008
368,0x881E60,0xFFC87E,2,0xFFC87E,2,0x0008,0x0000
368,0x881E66,0xFFC80C,1,0xFFC80C,1,0x01,0x00
368,0x881E78,0xA1518B,1,0xA1518B,1,0x01,0x02
368,0x8943EC,0xFFC87E,2,0xFFC87E,2,0x0000,0x0004
369,0x8943FA,0xFFC87E,2,0xFFC87E,2,0x0004,0x0008
371,0x881E60,0xFFC87E,2,0xFFC87E,2,0x0008,0x0000
371,0x881E66,0xFFC80C,1,0xFFC80C,1,0x00,0x01
371,0x881E6E,0xA1518B,1,0xA1518B,1,0x00,0x01
371,0x8943EC,0xFFC87E,2,0xFFC87E,2,0x0000,0x0004
372,0x8943FA,0xFFC87E,2,0xFFC87E,2,0x0004,0x0008
374,0x881E60,0xFFC87E,2,0xFFC87E,2,0x0008,0x0000
374,0x881E66,0xFFC80C,1,0xFFC80C,1,0x01,0x00
374,0x881E78,0xA1518B,1,0xA1518B,1,0x01,0x00
374,0x894554,0xFF0002,4,0xFF0002,4,0x008943C6,0x008853B0
374,0x8943EC,0xFFC87E,2,0xFFC87E,2,0x0000,0x0004
376,0x88272A,0xA1518B,1,0xA1518B,1,0x00,0x01
376,0x882736,0xA1518B,1,0xA1518B,1,0x01,0x00
393,0x8854D2,0xFFC87E,2,0xFFC87E,2,0x0004,0x0000
395,0x885566,0xFF0002,4,0xFF0002,4,0x008853B0,0x00885586
397,0x8855AC,0xFFC87E,2,0xFFC87E,2,0x0000,0x0004
397,0x8855C2,0xFFC87E,2,0xFFC87E,2,0x0004,0x0008
399,0x8855F0,0xFFC87E,2,0xFFC87E,2,0x0008,0x000C
399,0x89C414,0xFFC87E,2,0xFFC87E,2,0x000C,0x0000
399,0x89C42C,0xFFC80C,1,0xFFC80C,1,0x00,0x01
399,0x89C434,0xA1518B,1,0xA1518B,1,0x00,0x01
400,0x8855AC,0xFFC87E,2,0xFFC87E,2,0x0000,0x0004
401,0x8855C2,0xFFC87E,2,0xFFC87E,2,0x0004,0x0008
402,0x8855F0,0xFFC87E,2,0xFFC87E,2,0x0008,0x000C
402,0x89C414,0xFFC87E,2,0xFFC87E,2,0x000C,0x0000
402,0x89C42C,0xFFC80C,1,0xFFC80C,1,0x01,0x00
402,0x89C43E,0xA1518B,1,0xA1518B,1,0x01,0x02
403,0x8855AC,0xFFC87E,2,0xFFC87E,2,0x0000,0x0004
404,0x8855C2,0xFFC87E,2,0xFFC87E,2,0x0004,0x0008
405,0x8855F0,0xFFC87E,2,0xFFC87E,2,0x0008,0x000C
405,0x89C414,0xFFC87E,2,0xFFC87E,2,0x000C,0x0000
405,0x89C42C,0xFFC80C,1,0xFFC80C,1,0x00,0x01
405,0x89C434,0xA1518B,1,0xA1518B,1,0x00,0x03
406,0x8855AC,0xFFC87E,2,0xFFC87E,2,0x0000,0x0004
407,0x8855C2,0xFFC87E,2,0xFFC87E,2,0x0004,0x0008
408,0x8855F0,0xFFC87E,2,0xFFC87E,2,0x0008,0x000C
408,0x89C414,0xFFC87E,2,0xFFC87E,2,0x000C,0x0000
408,0x89C42C,0xFFC80C,1,0xFFC80C,1,0x01,0x00
408,0x89C43E,0xA1518B,1,0xA1518B,1,0x01,0x00
409,0x8855AC,0xFFC87E,2,0xFFC87E,2,0x0000,0x0004
410,0x8855C2,0xFFC87E,2,0xFFC87E,2,0x0004,0x0008
411,0x8855F0,0xFFC87E,2,0xFFC87E,2,0x0008,0x000C
411,0x89C414,0xFFC87E,2,0xFFC87E,2,0x000C,0x0000
411,0x89C42C,0xFFC80C,1,0xFFC80C,1,0x00,0x01
411,0x89C434,0xA1518B,1,0xA1518B,1,0x00,0x01
412,0x8855AC,0xFFC87E,2,0xFFC87E,2,0x0000,0x0004
413,0x8855C2,0xFFC87E,2,0xFFC87E,2,0x0004,0x0008
414,0x8855F0,0xFFC87E,2,0xFFC87E,2,0x0008,0x000C
414,0x89C414,0xFFC87E,2,0xFFC87E,2,0x000C,0x0000
414,0x89C42C,0xFFC80C,1,0xFFC80C,1,0x01,0x00
414,0x89C43E,0xA1518B,1,0xA1518B,1,0x01,0x00
415,0x8855AC,0xFFC87E,2,0xFFC87E,2,0x0000,0x0004
416,0x8855C2,0xFFC87E,2,0xFFC87E,2,0x0004,0x0008
417,0x8855F0,0xFFC87E,2,0xFFC87E,2,0x0008,0x000C
417,0x89C414,0xFFC87E,2,0xFFC87E,2,0x000C,0x0000
417,0x89C42C,0xFFC80C,1,0xFFC80C,1,0x00,0x01
417,0x89C434,0xA1518B,1,0xA1518B,1,0x00,0x01
418,0x8855AC,0xFFC87E,2,0xFFC87E,2,0x0000,0x0004
419,0x8855C2,0xFFC87E,2,0xFFC87E,2,0x0004,0x0008
420,0x8855F0,0xFFC87E,2,0xFFC87E,2,0x0008,0x000C
420,0x89C414,0xFFC87E,2,0xFFC87E,2,0x000C,0x0000
420,0x89C42C,0xFFC80C,1,0xFFC80C,1,0x01,0x00
420,0x89C43E,0xA1518B,1,0xA1518B,1,0x01,0x00
421,0x8855AC,0xFFC87E,2,0xFFC87E,2,0x0000,0x0004
422,0x8855C2,0xFFC87E,2,0xFFC87E,2,0x0004,0x0008
423,0x8855F0,0xFFC87E,2,0xFFC87E,2,0x0008,0x000C
423,0x89C414,0xFFC87E,2,0xFFC87E,2,0x000C,0x0000
423,0x89C42C,0xFFC80C,1,0xFFC80C,1,0x00,0x01
423,0x89C434,0xA1518B,1,0xA1518B,1,0x00,0x01
424,0x8855AC,0xFFC87E,2,0xFFC87E,2,0x0000,0x0004
425,0x8855C2,0xFFC87E,2,0xFFC87E,2,0x0004,0x0008
426,0x8855F0,0xFFC87E,2,0xFFC87E,2,0x0008,0x000C
426,0x89C414,0xFFC87E,2,0xFFC87E,2,0x000C,0x0000
426,0x89C42C,0xFFC80C,1,0xFFC80C,1,0x01,0x00
426,0x89C43E,0xA1518B,1,0xA1518B,1,0x01,0x00
427,0x8855AC,0xFFC87E,2,0xFFC87E,2,0x0000,0x0004
428,0x8855C2,0xFFC87E,2,0xFFC87E,2,0x0004,0x0008
429,0x8855F0,0xFFC87E,2,0xFFC87E,2,0x0008,0x000C
429,0x89C414,0xFFC87E,2,0xFFC87E,2,0x000C,0x0000
429,0x89C42C,0xFFC80C,1,0xFFC80C,1,0x00,0x01
429,0x89C434,0xA1518B,1,0xA1518B,1,0x00,0x01
430,0x8855AC,0xFFC87E,2,0xFFC87E,2,0x0000,0x0004
431,0x8855C2,0xFFC87E,2,0xFFC87E,2,0x0004,0x0008
432,0x8855F0,0xFFC87E,2,0xFFC87E,2,0x0008,0x000C
432,0x89C414,0xFFC87E,2,0xFFC87E,2,0x000C,0x0000
432,0x89C42C,0xFFC80C,1,0xFFC80C,1,0x01,0x00
432,0x89C43E,0xA1518B,1,0xA1518B,1,0x01,0x00
433,0x8855AC,0xFFC87E,2,0xFFC87E,2,0x0000,0x0004
434,0x8855C2,0xFFC87E,2,0xFFC87E,2,0x0004,0x0008
435,0x8855F0,0xFFC87E,2,0xFFC87E,2,0x0008,0x000C
435,0x89C414,0xFFC87E,2,0xFFC87E,2,0x000C,0x0000
435,0x89C42C,0xFFC80C,1,0xFFC80C,1,0x00,0x01
435,0x89C434,0xA1518B,1,0xA1518B,1,0x00,0x03
436,0x8855AC,0xFFC87E,2,0xFFC87E,2,0x0000,0x0004
437,0x8855C2,0xFFC87E,2,0xFFC87E,2,0x0004,0x0008
438,0x8855F0,0xFFC87E,2,0xFFC87E,2,0x0008,0x000C
438,0x89C414,0xFFC87E,2,0xFFC87E,2,0x000C,0x0000
438,0x89C42C,0xFFC80C,1,0xFFC80C,1,0x01,0x00
438,0x89C43E,0xA1518B,1,0xA1518B,1,0x01,0x00
439,0x8855AC,0xFFC87E,2,0xFFC87E,2,0x0000,0x0004
440,0x8855C2,0xFFC87E,2,0xFFC87E,2,0x0004,0x0008
441,0x8855F0,0xFFC87E,2,0xFFC87E,2,0x0008,0x000C
441,0x89C414,0xFFC87E,2,0xFFC87E,2,0x000C,0x0000
441,0x89C42C,0xFFC80C,1,0xFFC80C,1,0x00,0x01
441,0x89C434,0xA1518B,1,0xA1518B,1,0x00,0x01
442,0x8855AC,0xFFC87E,2,0xFFC87E,2,0x0000,0x0004
443,0x8855C2,0xFFC87E,2,0xFFC87E,2,0x0004,0x0008
444,0x8855F0,0xFFC87E,2,0xFFC87E,2,0x0008,0x000C
444,0x89C414,0xFFC87E,2,0xFFC87E,2,0x000C,0x0000
444,0x89C42C,0xFFC80C,1,0xFFC80C,1,0x01,0x00
444,0x89C43E,0xA1518B,1,0xA1518B,1,0x03,0x00
445,0x8855AC,0xFFC87E,2,0xFFC87E,2,0x0000,0x0004
446,0x8855C2,0xFFC87E,2,0xFFC87E,2,0x0004,0x0008
447,0x8855F0,0xFFC87E,2,0xFFC87E,2,0x0008,0x000C
447,0x89C414,0xFFC87E,2,0xFFC87E,2,0x000C,0x0000
447,0x89C42C,0xFFC80C,1,0xFFC80C,1,0x00,0x01
447,0x89C434,0xA1518B,1,0xA1518B,1,0x00,0x01
448,0x8855AC,0xFFC87E,2,0xFFC87E,2,0x0000,0x0004
449,0x8855C2,0xFFC87E,2,0xFFC87E,2,0x0004,0x0008
450,0x8855F0,0xFFC87E,2,0xFFC87E,2,0x0008,0x000C
450,0x89C414,0xFFC87E,2,0xFFC87E,2,0x000C,0x0000
450,0x89C42C,0xFFC80C,1,0xFFC80C,1,0x01,0x00
450,0x89C43E,0xA1518B,1,0xA1518B,1,0x01,0x00
451,0x8855AC,0xFFC87E,2,0xFFC87E,2,0x0000,0x0004
452,0x8855C2,0xFFC87E,2,0xFFC87E,2,0x0004,0x0008
453,0x8855F0,0xFFC87E,2,0xFFC87E,2,0x0008,0x000C
453,0x89C414,0xFFC87E,2,0xFFC87E,2,0x000C,0x0000
453,0x89C42C,0xFFC80C,1,0xFFC80C,1,0x00,0x01
453,0x89C434,0xA1518B,1,0xA1518B,1,0x00,0x01
454,0x8855AC,0xFFC87E,2,0xFFC87E,2,0x0000,0x0004
455,0x8855C2,0xFFC87E,2,0xFFC87E,2,0x0004,0x0008
456,0x8855F0,0xFFC87E,2,0xFFC87E,2,0x0008,0x000C
456,0x89C414,0xFFC87E,2,0xFFC87E,2,0x000C,0x0000
456,0x89C42C,0xFFC80C,1,0xFFC80C,1,0x01,0x00
456,0x89C43E,0xA1518B,1,0xA1518B,1,0x01,0x00
457,0x8855AC,0xFFC87E,2,0xFFC87E,2,0x0000,0x0004
458,0x8855C2,0xFFC87E,2,0xFFC87E,2,0x0004,0x0008
459,0x8855F0,0xFFC87E,2,0xFFC87E,2,0x0008,0x000C
459,0x89C414,0xFFC87E,2,0xFFC87E,2,0x000C,0x0000
459,0x89C42C,0xFFC80C,1,0xFFC80C,1,0x00,0x01
459,0x89C434,0xA1518B,1,0xA1518B,1,0x02,0x01
460,0x8855AC,0xFFC87E,2,0xFFC87E,2,0x0000,0x0004
461,0x8855C2,0xFFC87E,2,0xFFC87E,2,0x0004,0x0008
462,0x8855F0,0xFFC87E,2,0xFFC87E,2,0x0008,0x000C
462,0x89C414,0xFFC87E,2,0xFFC87E,2,0x000C,0x0000
462,0x89C42C,0xFFC80C,1,0xFFC80C,1,0x01,0x00
462,0x89C43E,0xA1518B,1,0xA1518B,1,0x01,0x02
463,0x8855AC,0xFFC87E,2,0xFFC87E,2,0x0000,0x0004
464,0x8855C2,0xFFC87E,2,0xFFC87E,2,0x0004,0x0008
465,0x8855F0,0xFFC87E,2,0xFFC87E,2,0x0008,0x000C
465,0x89C414,0xFFC87E,2,0xFFC87E,2,0x000C,0x0000
465,0x89C42C,0xFFC80C,1,0xFFC80C,1,0x00,0x01
465,0x89C434,0xA1518B,1,0xA1518B,1,0x00,0x01
466,0x8855AC,0xFFC87E,2,0xFFC87E,2,0x0000,0x0004
467,0x8855C2,0xFFC87E,2,0xFFC87E,2,0x0004,0x0008
468,0x8855F0,0xFFC87E,2,0xFFC87E,2,0x0008,0x000C
468,0x89C414,0xFFC87E,2,0xFFC87E,2,0x000C,0x0000
468,0x89C42C,0xFFC80C,1,0xFFC80C,1,0x01,0x00
468,0x89C43E,0xA1518B,1,0xA1518B,1,0x01,0x00
469,0x8855AC,0xFFC87E,2,0xFFC87E,2,0x0000,0x0004
470,0x8855C2,0xFFC87E,2,0xFFC87E,2,0x0004,0x0008
471,0x8855F0,0xFFC87E,2,0xFFC87E,2,0x0008,0x000C
471,0x89C414,0xFFC87E,2,0xFFC87E,2,0x000C,0x0000
471,0x89C42C,0xFFC80C,1,0xFFC80C,1,0x00,0x01
471,0x89C434,0xA1518B,1,0xA1518B,1,0x00,0x03
472,0x8855AC,0xFFC87E,2,0xFFC87E,2,0x0000,0x0004
473,0x8855C2,0xFFC87E,2,0xFFC87E,2,0x0004,0x0008
474,0x8855F0,0xFFC87E,2,0xFFC87E,2,0x0008,0x000C
474,0x89C414,0xFFC87E,2,0xFFC87E,2,0x000C,0x0000
474,0x89C42C,0xFFC80C,1,0xFFC80C,1,0x01,0x00
474,0x89C43E,0xA1518B,1,0xA1518B,1,0x01,0x00
475,0x8855AC,0xFFC87E,2,0xFFC87E,2,0x0000,0x0004
476,0x8855C2,0xFFC87E,2,0xFFC87E,2,0x0004,0x0008
477,0x8855F0,0xFFC87E,2,0xFFC87E,2,0x0008,0x000C
477,0x89C414,0xFFC87E,2,0xFFC87E,2,0x000C,0x0000
477,0x89C42C,0xFFC80C,1,0xFFC80C,1,0x00,0x01
477,0x89C434,0xA1518B,1,0xA1518B,1,0x00,0x01
478,0x8855AC,0xFFC87E,2,0xFFC87E,2,0x0000,0x0004
479,0x8855C2,0xFFC87E,2,0xFFC87E,2,0x0004,0x0008
480,0x8855F0,0xFFC87E,2,0xFFC87E,2,0x0008,0x000C
480,0x89C414,0xFFC87E,2,0xFFC87E,2,0x000C,0x0000
480,0x89C42C,0xFFC80C,1,0xFFC80C,1,0x01,0x00
480,0x89C43E,0xA1518B,1,0xA1518B,1,0x01,0x00
481,0x8855AC,0xFFC87E,2,0xFFC87E,2,0x0000,0x0004
482,0x8855C2,0xFFC87E,2,0xFFC87E,2,0x0004,0x0008
483,0x8855F0,0xFFC87E,2,0xFFC87E,2,0x0008,0x000C
483,0x89C414,0xFFC87E,2,0xFFC87E,2,0x000C,0x0000
483,0x89C42C,0xFFC80C,1,0xFFC80C,1,0x00,0x01
483,0x89C434,0xA1518B,1,0xA1518B,1,0x00,0x01
484,0x8855AC,0xFFC87E,2,0xFFC87E,2,0x0000,0x0004
485,0x8855C2,0xFFC87E,2,0xFFC87E,2,0x0004,0x0008
486,0x8855F0,0xFFC87E,2,0xFFC87E,2,0x0008,0x000C
486,0x89C414,0xFFC87E,2,0xFFC87E,2,0x000C,0x0000
486,0x89C42C,0xFFC80C,1,0xFFC80C,1,0x01,0x00
486,0x89C43E,0xA1518B,1,0xA1518B,1,0x01,0x00
487,0x8855AC,0xFFC87E,2,0xFFC87E,2,0x0000,0x0004
488,0x8855C2,0xFFC87E,2,0xFFC87E,2,0x0004,0x0008
489,0x8855F0,0xFFC87E,2,0xFFC87E,2,0x0008,0x000C
489,0x89C414,0xFFC87E,2,0xFFC87E,2,0x000C,0x0000
489,0x89C42C,0xFFC80C,1,0xFFC80C,1,0x00,0x01
489,0x89C434,0xA1518B,1,0xA1518B,1,0x00,0x01
490,0x8855AC,0xFFC87E,2,0xFFC87E,2,0x0000,0x0004
491,0x8855C2,0xFFC87E,2,0xFFC87E,2,0x0004,0x0008
492,0x8855F0,0xFFC87E,2,0xFFC87E,2,0x0008,0x000C
492,0x89C414,0xFFC87E,2,0xFFC87E,2,0x000C,0x0000
492,0x89C42C,0xFFC80C,1,0xFFC80C,1,0x01,0x00
492,0x89C43E,0xA1518B,1,0xA1518B,1,0x01,0x00
493,0x8855AC,0xFFC87E,2,0xFFC87E,2,0x0000,0x0004
494,0x8855C2,0xFFC87E,2,0xFFC87E,2,0x0004,0x0008
495,0x8855F0,0xFFC87E,2,0xFFC87E,2,0x0008,0x000C
495,0x89C414,0xFFC87E,2,0xFFC87E,2,0x000C,0x0000
495,0x89C42C,0xFFC80C,1,0xFFC80C,1,0x00,0x01
495,0x89C434,0xA1518B,1,0xA1518B,1,0x00,0x01
496,0x8855AC,0xFFC87E,2,0xFFC87E,2,0x0000,0x0004
497,0x8855C2,0xFFC87E,2,0xFFC87E,2,0x0004,0x0008
498,0x8855F0,0xFFC87E,2,0xFFC87E,2,0x0008,0x000C
498,0x89C414,0xFFC87E,2,0xFFC87E,2,0x000C,0x0000
498,0x89C42C,0xFFC80C,1,0xFFC80C,1,0x01,0x00
498,0x89C43E,0xA1518B,1,0xA1518B,1,0x01,0x00
499,0x8855AC,0xFFC87E,2,0xFFC87E,2,0x0000,0x0004
500,0x8855C2,0xFFC87E,2,0xFFC87E,2,0x0004,0x0008
501,0x8855F0,0xFFC87E,2,0xFFC87E,2,0x0008,0x000C
501,0x89C414,0xFFC87E,2,0xFFC87E,2,0x000C,0x0000
501,0x89C42C,0xFFC80C,1,0xFFC80C,1,0x00,0x01
501,0x89C434,0xA1518B,1,0xA1518B,1,0x00,0x01
502,0x8855AC,0xFFC87E,2,0xFFC87E,2,0x0000,0x0004
503,0x8855C2,0xFFC87E,2,0xFFC87E,2,0x0004,0x0008
504,0x8855F0,0xFFC87E,2,0xFFC87E,2,0x0008,0x000C
504,0x89C414,0xFFC87E,2,0xFFC87E,2,0x000C,0x0000
504,0x89C42C,0xFFC80C,1,0xFFC80C,1,0x01,0x00
504,0x89C43E,0xA1518B,1,0xA1518B,1,0x01,0x00
505,0x8855AC,0xFFC87E,2,0xFFC87E,2,0x0000,0x0004
506,0x8855C2,0xFFC87E,2,0xFFC87E,2,0x0004,0x0008
507,0x8855F0,0xFFC87E,2,0xFFC87E,2,0x0008,0x000C
507,0x89C414,0xFFC87E,2,0xFFC87E,2,0x000C,0x0000
507,0x89C42C,0xFFC80C,1,0xFFC80C,1,0x00,0x01
507,0x89C434,0xA1518B,1,0xA1518B,1,0x00,0x01
508,0x8855AC,0xFFC87E,2,0xFFC87E,2,0x0000,0x0004
509,0x8855C2,0xFFC87E,2,0xFFC87E,2,0x0004,0x0008
510,0x8855F0,0xFFC87E,2,0xFFC87E,2,0x0008,0x000C
510,0x89C414,0xFFC87E,2,0xFFC87E,2,0x000C,0x0000
510,0x89C42C,0xFFC80C,1,0xFFC80C,1,0x01,0x00
510,0x89C43E,0xA1518B,1,0xA1518B,1,0x01,0x02
511,0x8855AC,0xFFC87E,2,0xFFC87E,2,0x0000,0x0004
512,0x8855C2,0xFFC87E,2,0xFFC87E,2,0x0004,0x0008
513,0x8855F0,0xFFC87E,2,0xFFC87E,2,0x0008,0x000C
513,0x89C414,0xFFC87E,2,0xFFC87E,2,0x000C,0x0000
513,0x89C42C,0xFFC80C,1,0xFFC80C,1,0x00,0x01
513,0x89C434,0xA1518B,1,0xA1518B,1,0x02,0x01
514,0x8855AC,0xFFC87E,2,0xFFC87E,2,0x0000,0x0004
515,0x8855C2,0xFFC87E,2,0xFFC87E,2,0x0004,0x0008
516,0x8855F0,0xFFC87E,2,0xFFC87E,2,0x0008,0x000C
516,0x89C414,0xFFC87E,2,0xFFC87E,2,0x000C,0x0000
516,0x89C42C,0xFFC80C,1,0xFFC80C,1,0x01,0x00
516,0x89C43E,0xA1518B,1,0xA1518B,1,0x01,0x00
517,0x8855AC,0xFFC87E,2,0xFFC87E,2,0x0000,0x0004
518,0x8855C2,0xFFC87E,2,0xFFC87E,2,0x0004,0x0008
519,0x8855F0,0xFFC87E,2,0xFFC87E,2,0x0008,0x000C
519,0x89C414,0xFFC87E,2,0xFFC87E,2,0x000C,0x0000
519,0x89C42C,0xFFC80C,1,0xFFC80C,1,0x00,0x01
519,0x89C434,0xA1518B,1,0xA1518B,1,0x00,0x01
520,0x8855AC,0xFFC87E,2,0xFFC87E,2,0x0000,0x0004
521,0x8855C2,0xFFC87E,2,0xFFC87E,2,0x0004,0x0008
522,0x8855F0,0xFFC87E,2,0xFFC87E,2,0x0008,0x000C
522,0x89C414,0xFFC87E,2,0xFFC87E,2,0x000C,0x0000
522,0x89C42C,0xFFC80C,1,0xFFC80C,1,0x01,0x00
522,0x89C43E,0xA1518B,1,0xA1518B,1,0x03,0x00
523,0x8855AC,0xFFC87E,2,0xFFC87E,2,0x0000,0x0004
524,0x8855C2,0xFFC87E,2,0xFFC87E,2,0x0004,0x0008
525,0x8855F0,0xFFC87E,2,0xFFC87E,2,0x0008,0x000C
525,0x89C414,0xFFC87E,2,0xFFC87E,2,0x000C,0x0000
525,0x89C42C,0xFFC80C,1,0xFFC80C,1,0x00,0x01
525,0x89C434,0xA1518B,1,0xA1518B,1,0x00,0x01
526,0x8855AC,0xFFC87E,2,0xFFC87E,2,0x0000,0x0004
527,0x8855C2,0xFFC87E,2,0xFFC87E,2,0x0004,0x0008
528,0x8855F0,0xFFC87E,2,0xFFC87E,2,0x0008,0x000C
528,0x89C414,0xFFC87E,2,0xFFC87E,2,0x000C,0x0000
528,0x89C42C,0xFFC80C,1,0xFFC80C,1,0x01,0x00
528,0x89C43E,0xA1518B,1,0xA1518B,1,0x01,0x00
529,0x8855AC,0xFFC87E,2,0xFFC87E,2,0x0000,0x0004
530,0x8855C2,0xFFC87E,2,0xFFC87E,2,0x0004,0x0008
531,0x8855F0,0xFFC87E,2,0xFFC87E,2,0x0008,0x000C
531,0x89C414,0xFFC87E,2,0xFFC87E,2,0x000C,0x0000
531,0x89C42C,0xFFC80C,1,0xFFC80C,1,0x00,0x01
531,0x89C434,0xA1518B,1,0xA1518B,1,0x00,0x01
532,0x8855AC,0xFFC87E,2,0xFFC87E,2,0x0000,0x0004
533,0x8855C2,0xFFC87E,2,0xFFC87E,2,0x0004,0x0008
534,0x8855F0,0xFFC87E,2,0xFFC87E,2,0x0008,0x000C
534,0x89C414,0xFFC87E,2,0xFFC87E,2,0x000C,0x0000
534,0x89C42C,0xFFC80C,1,0xFFC80C,1,0x01,0x00
534,0x89C43E,0xA1518B,1,0xA1518B,1,0x01,0x00
535,0x8855AC,0xFFC87E,2,0xFFC87E,2,0x0000,0x0004
536,0x8855C2,0xFFC87E,2,0xFFC87E,2,0x0004,0x0008
537,0x8855F0,0xFFC87E,2,0xFFC87E,2,0x0008,0x000C
537,0x89C414,0xFFC87E,2,0xFFC87E,2,0x000C,0x0000
537,0x89C42C,0xFFC80C,1,0xFFC80C,1,0x00,0x01
537,0x89C434,0xA1518B,1,0xA1518B,1,0x00,0x01
538,0x8855AC,0xFFC87E,2,0xFFC87E,2,0x0000,0x0004
539,0x8855C2,0xFFC87E,2,0xFFC87E,2,0x0004,0x0008
540,0x8855F0,0xFFC87E,2,0xFFC87E,2,0x0008,0x000C
540,0x89C414,0xFFC87E,2,0xFFC87E,2,0x000C,0x0000
540,0x89C42C,0xFFC80C,1,0xFFC80C,1,0x01,0x00
540,0x89C43E,0xA1518B,1,0xA1518B,1,0x03,0x00
541,0x8855AC,0xFFC87E,2,0xFFC87E,2,0x0000,0x0004
542,0x8855C2,0xFFC87E,2,0xFFC87E,2,0x0004,0x0008
543,0x8855F0,0xFFC87E,2,0xFFC87E,2,0x0008,0x000C
543,0x89C414,0xFFC87E,2,0xFFC87E,2,0x000C,0x0000
543,0x89C42C,0xFFC80C,1,0xFFC80C,1,0x00,0x01
543,0x89C434,0xA1518B,1,0xA1518B,1,0x00,0x01
544,0x8855AC,0xFFC87E,2,0xFFC87E,2,0x0000,0x0004
545,0x8855C2,0xFFC87E,2,0xFFC87E,2,0x0004,0x0008
546,0x8855F0,0xFFC87E,2,0xFFC87E,2,0x0008,0x000C
546,0x89C414,0xFFC87E,2,0xFFC87E,2,0x000C,0x0000
546,0x89C42C,0xFFC80C,1,0xFFC80C,1,0x01,0x00
546,0x89C43E,0xA1518B,1,0xA1518B,1,0x01,0x00
547,0x8855AC,0xFFC87E,2,0xFFC87E,2,0x0000,0x0004
548,0x8855C2,0xFFC87E,2,0xFFC87E,2,0x0004,0x0008
549,0x8855F0,0xFFC87E,2,0xFFC87E,2,0x0008,0x000C
549,0x89C414,0xFFC87E,2,0xFFC87E,2,0x000C,0x0000
549,0x89C42C,0xFFC80C,1,0xFFC80C,1,0x00,0x01
549,0x89C434,0xA1518B,1,0xA1518B,1,0x00,0x01
550,0x8855AC,0xFFC87E,2,0xFFC87E,2,0x0000,0x0004
551,0x8855C2,0xFFC87E,2,0xFFC87E,2,0x0004,0x0008
552,0x8855F0,0xFFC87E,2,0xFFC87E,2,0x0008,0x000C
552,0x89C414,0xFFC87E,2,0xFFC87E,2,0x000C,0x0000
552,0x89C42C,0xFFC80C,1,0xFFC80C,1,0x01,0x00
552,0x89C43E,0xA1518B,1,0xA1518B,1,0x01,0x00
553,0x8855AC,0xFFC87E,2,0xFFC87E,2,0x0000,0x0004
554,0x8855C2,0xFFC87E,2,0xFFC87E,2,0x0004,0x0008
555,0x8855F0,0xFFC87E,2,0xFFC87E,2,0x0008,0x000C
555,0x89C414,0xFFC87E,2,0xFFC87E,2,0x000C,0x0000
555,0x89C42C,0xFFC80C,1,0xFFC80C,1,0x00,0x01
555,0x89C434,0xA1518B,1,0xA1518B,1,0x00,0x01
556,0x8855AC,0xFFC87E,2,0xFFC87E,2,0x0000,0x0004
557,0x8855C2,0xFFC87E,2,0xFFC87E,2,0x0004,0x0008
558,0x8855F0,0xFFC87E,2,0xFFC87E,2,0x0008,0x000C
558,0x89C414,0xFFC87E,2,0xFFC87E,2,0x000C,0x0000
558,0x89C42C,0xFFC80C,1,0xFFC80C,1,0x01,0x00
558,0x89C43E,0xA1518B,1,0xA1518B,1,0x03,0x00
559,0x8855AC,0xFFC87E,2,0xFFC87E,2,0x0000,0x0004
560,0x8855C2,0xFFC87E,2,0xFFC87E,2,0x0004,0x0008
561,0x8855F0,0xFFC87E,2,0xFFC87E,2,0x0008,0x000C
561,0x89C414,0xFFC87E,2,0xFFC87E,2,0x000C,0x0000
561,0x89C42C,0xFFC80C,1,0xFFC80C,1,0x00,0x01
561,0x89C434,0xA1518B,1,0xA1518B,1,0x00,0x01
562,0x8855AC,0xFFC87E,2,0xFFC87E,2,0x0000,0x0004
563,0x8855C2,0xFFC87E,2,0xFFC87E,2,0x0004,0x0008
564,0x8855F0,0xFFC87E,2,0xFFC87E,2,0x0008,0x000C
564,0x89C414,0xFFC87E,2,0xFFC87E,2,0x000C,0x0000
564,0x89C42C,0xFFC80C,1,0xFFC80C,1,0x01,0x00
564,0x89C43E,0xA1518B,1,0xA1518B,1,0x01,0x00
565,0x8855AC,0xFFC87E,2,0xFFC87E,2,0x0000,0x0004
566,0x8855C2,0xFFC87E,2,0xFFC87E,2,0x0004,0x0008
567,0x8855F0,0xFFC87E,2,0xFFC87E,2,0x0008,0x000C
567,0x89C414,0xFFC87E,2,0xFFC87E,2,0x000C,0x0000
567,0x89C42C,0xFFC80C,1,0xFFC80C,1,0x00,0x01
567,0x89C434,0xA1518B,1,0xA1518B,1,0x00,0x01
568,0x8855AC,0xFFC87E,2,0xFFC87E,2,0x0000,0x0004
569,0x8855C2,0xFFC87E,2,0xFFC87E,2,0x0004,0x0008
570,0x8855F0,0xFFC87E,2,0xFFC87E,2,0x0008,0x000C
570,0x89C414,0xFFC87E,2,0xFFC87E,2,0x000C,0x0000
570,0x89C42C,0xFFC80C,1,0xFFC80C,1,0x01,0x00
570,0x89C43E,0xA1518B,1,0xA1518B,1,0x01,0x00
571,0x8855AC,0xFFC87E,2,0xFFC87E,2,0x0000,0x0004
572,0x8855C2,0xFFC87E,2,0xFFC87E,2,0x0004,0x0008
573,0x8855F0,0xFFC87E,2,0xFFC87E,2,0x0008,0x000C
573,0x89C414,0xFFC87E,2,0xFFC87E,2,0x000C,0x0000
573,0x89C42C,0xFFC80C,1,0xFFC80C,1,0x00,0x01
573,0x89C434,0xA1518B,1,0xA1518B,1,0x00,0x01
574,0x8855AC,0xFFC87E,2,0xFFC87E,2,0x0000,0x0004
575,0x8855C2,0xFFC87E,2,0xFFC87E,2,0x0004,0x0008
576,0x8855F0,0xFFC87E,2,0xFFC87E,2,0x0008,0x000C
576,0x89C414,0xFFC87E,2,0xFFC87E,2,0x000C,0x0000
576,0x89C42C,0xFFC80C,1,0xFFC80C,1,0x01,0x00
576,0x89C43E,0xA1518B,1,0xA1518B,1,0x03,0x00
577,0x8855AC,0xFFC87E,2,0xFFC87E,2,0x0000,0x0004
578,0x8855C2,0xFFC87E,2,0xFFC87E,2,0x0004,0x0008
579,0x8855F0,0xFFC87E,2,0xFFC87E,2,0x0008,0x000C
579,0x89C414,0xFFC87E,2,0xFFC87E,2,0x000C,0x0000
579,0x89C42C,0xFFC80C,1,0xFFC80C,1,0x00,0x01
579,0x89C434,0xA1518B,1,0xA1518B,1,0x00,0x01
580,0x8855AC,0xFFC87E,2,0xFFC87E,2,0x0000,0x0004
581,0x8855C2,0xFFC87E,2,0xFFC87E,2,0x0004,0x0008
582,0x8855F0,0xFFC87E,2,0xFFC87E,2,0x0008,0x000C
582,0x89C414,0xFFC87E,2,0xFFC87E,2,0x000C,0x0000
582,0x89C42C,0xFFC80C,1,0xFFC80C,1,0x01,0x00
582,0x89C43E,0xA1518B,1,0xA1518B,1,0x01,0x00
583,0x8855AC,0xFFC87E,2,0xFFC87E,2,0x0000,0x0004
584,0x8855C2,0xFFC87E,2,0xFFC87E,2,0x0004,0x0008
585,0x8855F0,0xFFC87E,2,0xFFC87E,2,0x0008,0x000C
585,0x89C414,0xFFC87E,2,0xFFC87E,2,0x000C,0x0000
585,0x89C42C,0xFFC80C,1,0xFFC80C,1,0x00,0x01
585,0x89C434,0xA1518B,1,0xA1518B,1,0x00,0x01
586,0x8855AC,0xFFC87E,2,0xFFC87E,2,0x0000,0x0004
587,0x8855C2,0xFFC87E,2,0xFFC87E,2,0x0004,0x0008
588,0x8855F0,0xFFC87E,2,0xFFC87E,2,0x0008,0x000C
588,0x89C414,0xFFC87E,2,0xFFC87E,2,0x000C,0x0000
588,0x89C42C,0xFFC80C,1,0xFFC80C,1,0x01,0x00
588,0x89C43E,0xA1518B,1,0xA1518B,1,0x01,0x00
589,0x8855AC,0xFFC87E,2,0xFFC87E,2,0x0000,0x0004
590,0x8855C2,0xFFC87E,2,0xFFC87E,2,0x0004,0x0008
591,0x8855F0,0xFFC87E,2,0xFFC87E,2,0x0008,0x000C
591,0x89C414,0xFFC87E,2,0xFFC87E,2,0x000C,0x0000
591,0x89C42C,0xFFC80C,1,0xFFC80C,1,0x00,0x01
591,0x89C434,0xA1518B,1,0xA1518B,1,0x00,0x01
592,0x8855AC,0xFFC87E,2,0xFFC87E,2,0x0000,0x0004
593,0x8855C2,0xFFC87E,2,0xFFC87E,2,0x0004,0x0008
594,0x8855F0,0xFFC87E,2,0xFFC87E,2,0x0008,0x000C
594,0x89C414,0xFFC87E,2,0xFFC87E,2,0x000C,0x0000
594,0x89C42C,0xFFC80C,1,0xFFC80C,1,0x01,0x00
594,0x89C43E,0xA1518B,1,0xA1518B,1,0x03,0x00
595,0x8855AC,0xFFC87E,2,0xFFC87E,2,0x0000,0x0004
596,0x8855C2,0xFFC87E,2,0xFFC87E,2,0x0004,0x0008
597,0x8855F0,0xFFC87E,2,0xFFC87E,2,0x0008,0x000C
597,0x89C414,0xFFC87E,2,0xFFC87E,2,0x000C,0x0000
597,0x89C42C,0xFFC80C,1,0xFFC80C,1,0x00,0x01
597,0x89C434,0xA1518B,1,0xA1518B,1,0x00,0x01
598,0x8855AC,0xFFC87E,2,0xFFC87E,2,0x0000,0x0004
599,0x8855C2,0xFFC87E,2,0xFFC87E,2,0x0004,0x0008
600,0x8855F0,0xFFC87E,2,0xFFC87E,2,0x0008,0x000C
600,0x89C414,0xFFC87E,2,0xFFC87E,2,0x000C,0x0000
600,0x89C42C,0xFFC80C,1,0xFFC80C,1,0x01,0x00
600,0x89C43E,0xA1518B,1,0xA1518B,1,0x01,0x00
601,0x8855AC,0xFFC87E,2,0xFFC87E,2,0x0000,0x0004
602,0x8855C2,0xFFC87E,2,0xFFC87E,2,0x0004,0x0008
603,0x8855F0,0xFFC87E,2,0xFFC87E,2,0x0008,0x000C
603,0x89C414,0xFFC87E,2,0xFFC87E,2,0x000C,0x0000
603,0x89C42C,0xFFC80C,1,0xFFC80C,1,0x00,0x01
603,0x89C434,0xA1518B,1,0xA1518B,1,0x00,0x01
604,0x8855AC,0xFFC87E,2,0xFFC87E,2,0x0000,0x0004
605,0x8855C2,0xFFC87E,2,0xFFC87E,2,0x0004,0x0008
606,0x8855F0,0xFFC87E,2,0xFFC87E,2,0x0008,0x000C
606,0x89C414,0xFFC87E,2,0xFFC87E,2,0x000C,0x0000
606,0x89C42C,0xFFC80C,1,0xFFC80C,1,0x01,0x00
606,0x89C43E,0xA1518B,1,0xA1518B,1,0x01,0x00
607,0x8855AC,0xFFC87E,2,0xFFC87E,2,0x0000,0x0004
608,0x8855C2,0xFFC87E,2,0xFFC87E,2,0x0004,0x0008
609,0x8855F0,0xFFC87E,2,0xFFC87E,2,0x0008,0x000C
609,0x89C414,0xFFC87E,2,0xFFC87E,2,0x000C,0x0000
609,0x89C42C,0xFFC80C,1,0xFFC80C,1,0x00,0x01
609,0x89C434,0xA1518B,1,0xA1518B,1,0x00,0x01
610,0x8855AC,0xFFC87E,2,0xFFC87E,2,0x0000,0x0004
611,0x8855C2,0xFFC87E,2,0xFFC87E,2,0x0004,0x0008
612,0x8855F0,0xFFC87E,2,0xFFC87E,2,0x0008,0x000C
612,0x89C414,0xFFC87E,2,0xFFC87E,2,0x000C,0x0000
612,0x89C42C,0xFFC80C,1,0xFFC80C,1,0x01,0x00
612,0x89C43E,0xA1518B,1,0xA1518B,1,0x03,0x00
613,0x8855AC,0xFFC87E,2,0xFFC87E,2,0x0000,0x0004
614,0x8855C2,0xFFC87E,2,0xFFC87E,2,0x0004,0x0008
615,0x8855F0,0xFFC87E,2,0xFFC87E,2,0x0008,0x000C
615,0x89C414,0xFFC87E,2,0xFFC87E,2,0x000C,0x0000
615,0x89C42C,0xFFC80C,1,0xFFC80C,1,0x00,0x01
615,0x89C434,0xA1518B,1,0xA1518B,1,0x00,0x01
616,0x8855AC,0xFFC87E,2,0xFFC87E,2,0x0000,0x0004
617,0x8855C2,0xFFC87E,2,0xFFC87E,2,0x0004,0x0008
618,0x8855F0,0xFFC87E,2,0xFFC87E,2,0x0008,0x000C
618,0x89C414,0xFFC87E,2,0xFFC87E,2,0x000C,0x0000
618,0x89C42C,0xFFC80C,1,0xFFC80C,1,0x01,0x00
618,0x89C43E,0xA1518B,1,0xA1518B,1,0x01,0x00
619,0x8855AC,0xFFC87E,2,0xFFC87E,2,0x0000,0x0004
620,0x8855C2,0xFFC87E,2,0xFFC87E,2,0x0004,0x0008
621,0x8855F0,0xFFC87E,2,0xFFC87E,2,0x0008,0x000C
621,0x89C414,0xFFC87E,2,0xFFC87E,2,0x000C,0x0000
621,0x89C42C,0xFFC80C,1,0xFFC80C,1,0x00,0x01
621,0x89C434,0xA1518B,1,0xA1518B,1,0x00,0x01
622,0x8855AC,0xFFC87E,2,0xFFC87E,2,0x0000,0x0004
623,0x8855C2,0xFFC87E,2,0xFFC87E,2,0x0004,0x0008
624,0x8855F0,0xFFC87E,2,0xFFC87E,2,0x0008,0x000C
624,0x89C414,0xFFC87E,2,0xFFC87E,2,0x000C,0x0000
624,0x89C42C,0xFFC80C,1,0xFFC80C,1,0x01,0x00
624,0x89C43E,0xA1518B,1,0xA1518B,1,0x01,0x00
625,0x8855AC,0xFFC87E,2,0xFFC87E,2,0x0000,0x0004
626,0x8855C2,0xFFC87E,2,0xFFC87E,2,0x0004,0x0008
627,0x8855F0,0xFFC87E,2,0xFFC87E,2,0x0008,0x000C
627,0x89C414,0xFFC87E,2,0xFFC87E,2,0x000C,0x0000
627,0x89C42C,0xFFC80C,1,0xFFC80C,1,0x00,0x01
627,0x89C434,0xA1518B,1,0xA1518B,1,0x00,0x01
628,0x8855AC,0xFFC87E,2,0xFFC87E,2,0x0000,0x0004
629,0x8855C2,0xFFC87E,2,0xFFC87E,2,0x0004,0x0008
630,0x8855F0,0xFFC87E,2,0xFFC87E,2,0x0008,0x000C
630,0x89C414,0xFFC87E,2,0xFFC87E,2,0x000C,0x0000
630,0x89C42C,0xFFC80C,1,0xFFC80C,1,0x01,0x00
630,0x89C43E,0xA1518B,1,0xA1518B,1,0x03,0x00
631,0x8855AC,0xFFC87E,2,0xFFC87E,2,0x0000,0x0004
632,0x8855C2,0xFFC87E,2,0xFFC87E,2,0x0004,0x0008
633,0x8855F0,0xFFC87E,2,0xFFC87E,2,0x0008,0x000C
633,0x89C414,0xFFC87E,2,0xFFC87E,2,0x000C,0x0000
633,0x89C42C,0xFFC80C,1,0xFFC80C,1,0x00,0x01
633,0x89C434,0xA1518B,1,0xA1518B,1,0x00,0x01
634,0x8855AC,0xFFC87E,2,0xFFC87E,2,0x0000,0x0004
635,0x8855C2,0xFFC87E,2,0xFFC87E,2,0x0004,0x0008
636,0x8855F0,0xFFC87E,2,0xFFC87E,2,0x0008,0x000C
636,0x89C414,0xFFC87E,2,0xFFC87E,2,0x000C,0x0000
636,0x89C42C,0xFFC80C,1,0xFFC80C,1,0x01,0x00
636,0x89C43E,0xA1518B,1,0xA1518B,1,0x01,0x00
637,0x8855AC,0xFFC87E,2,0xFFC87E,2,0x0000,0x0004
638,0x8855C2,0xFFC87E,2,0xFFC87E,2,0x0004,0x0008
639,0x8855F0,0xFFC87E,2,0xFFC87E,2,0x0008,0x000C
639,0x89C414,0xFFC87E,2,0xFFC87E,2,0x000C,0x0000
639,0x89C42C,0xFFC80C,1,0xFFC80C,1,0x00,0x01
639,0x89C434,0xA1518B,1,0xA1518B,1,0x00,0x01
640,0x8855AC,0xFFC87E,2,0xFFC87E,2,0x0000,0x0004
641,0x8855C2,0xFFC87E,2,0xFFC87E,2,0x0004,0x0008
642,0x8855F0,0xFFC87E,2,0xFFC87E,2,0x0008,0x000C
642,0x89C414,0xFFC87E,2,0xFFC87E,2,0x000C,0x0000
642,0x89C42C,0xFFC80C,1,0xFFC80C,1,0x01,0x00
642,0x89C43E,0xA1518B,1,0xA1518B,1,0x01,0x00
643,0x8855AC,0xFFC87E,2,0xFFC87E,2,0x0000,0x0004
644,0x8855C2,0xFFC87E,2,0xFFC87E,2,0x0004,0x0008
645,0x8855F0,0xFFC87E,2,0xFFC87E,2,0x0008,0x000C
645,0x89C414,0xFFC87E,2,0xFFC87E,2,0x000C,0x0000
645,0x89C42C,0xFFC80C,1,0xFFC80C,1,0x00,0x01
645,0x89C434,0xA1518B,1,0xA1518B,1,0x00,0x01
646,0x8855AC,0xFFC87E,2,0xFFC87E,2,0x0000,0x0004
647,0x8855C2,0xFFC87E,2,0xFFC87E,2,0x0004,0x0008
648,0x8855F0,0xFFC87E,2,0xFFC87E,2,0x0008,0x000C
648,0x89C414,0xFFC87E,2,0xFFC87E,2,0x000C,0x0000
648,0x89C42C,0xFFC80C,1,0xFFC80C,1,0x01,0x00
648,0x89C43E,0xA1518B,1,0xA1518B,1,0x03,0x00
649,0x8855AC,0xFFC87E,2,0xFFC87E,2,0x0000,0x0004
650,0x8855C2,0xFFC87E,2,0xFFC87E,2,0x0004,0x0008
651,0x8855F0,0xFFC87E,2,0xFFC87E,2,0x0008,0x000C
651,0x89C414,0xFFC87E,2,0xFFC87E,2,0x000C,0x0000
651,0x89C42C,0xFFC80C,1,0xFFC80C,1,0x00,0x01
651,0x89C434,0xA1518B,1,0xA1518B,1,0x00,0x01
652,0x8855AC,0xFFC87E,2,0xFFC87E,2,0x0000,0x0004
653,0x8855C2,0xFFC87E,2,0xFFC87E,2,0x0004,0x0008
654,0x8855F0,0xFFC87E,2,0xFFC87E,2,0x0008,0x000C
654,0x89C414,0xFFC87E,2,0xFFC87E,2,0x000C,0x0000
654,0x89C42C,0xFFC80C,1,0xFFC80C,1,0x01,0x00
654,0x89C43E,0xA1518B,1,0xA1518B,1,0x01,0x00
655,0x8855AC,0xFFC87E,2,0xFFC87E,2,0x0000,0x0004
656,0x8855C2,0xFFC87E,2,0xFFC87E,2,0x0004,0x0008
657,0x8855F0,0xFFC87E,2,0xFFC87E,2,0x0008,0x000C
657,0x89C414,0xFFC87E,2,0xFFC87E,2,0x000C,0x0000
657,0x89C42C,0xFFC80C,1,0xFFC80C,1,0x00,0x01
657,0x89C434,0xA1518B,1,0xA1518B,1,0x00,0x01
658,0x8855AC,0xFFC87E,2,0xFFC87E,2,0x0000,0x0004
659,0x8855C2,0xFFC87E,2,0xFFC87E,2,0x0004,0x0008
660,0x8855F0,0xFFC87E,2,0xFFC87E,2,0x0008,0x000C
660,0x89C414,0xFFC87E,2,0xFFC87E,2,0x000C,0x0000
660,0x89C42C,0xFFC80C,1,0xFFC80C,1,0x01,0x00
660,0x89C43E,0xA1518B,1,0xA1518B,1,0x01,0x00
661,0x8855AC,0xFFC87E,2,0xFFC87E,2,0x0000,0x0004
662,0x8855C2,0xFFC87E,2,0xFFC87E,2,0x0004,0x0008
663,0x8855F0,0xFFC87E,2,0xFFC87E,2,0x0008,0x000C
663,0x89C414,0xFFC87E,2,0xFFC87E,2,0x000C,0x0000
663,0x89C42C,0xFFC80C,1,0xFFC80C,1,0x00,0x01
663,0x89C434,0xA1518B,1,0xA1518B,1,0x00,0x01
664,0x8855AC,0xFFC87E,2,0xFFC87E,2,0x0000,0x0004
665,0x8855C2,0xFFC87E,2,0xFFC87E,2,0x0004,0x0008
666,0x8855F0,0xFFC87E,2,0xFFC87E,2,0x0008,0x000C
666,0x89C414,0xFFC87E,2,0xFFC87E,2,0x000C,0x0000
666,0x89C42C,0xFFC80C,1,0xFFC80C,1,0x01,0x00
666,0x89C43E,0xA1518B,1,0xA1518B,1,0x03,0x00
667,0x8855AC,0xFFC87E,2,0xFFC87E,2,0x0000,0x0004
668,0x8855C2,0xFFC87E,2,0xFFC87E,2,0x0004,0x0008
669,0x8855F0,0xFFC87E,2,0xFFC87E,2,0x0008,0x000C
669,0x89C414,0xFFC87E,2,0xFFC87E,2,0x000C,0x0000
669,0x89C42C,0xFFC80C,1,0xFFC80C,1,0x00,0x01
669,0x89C434,0xA1518B,1,0xA1518B,1,0x00,0x01
670,0x8855AC,0xFFC87E,2,0xFFC87E,2,0x0000,0x0004
671,0x8855C2,0xFFC87E,2,0xFFC87E,2,0x0004,0x0008
672,0x8855F0,0xFFC87E,2,0xFFC87E,2,0x0008,0x000C
672,0x89C414,0xFFC87E,2,0xFFC87E,2,0x000C,0x0000
672,0x89C42C,0xFFC80C,1,0xFFC80C,1,0x01,0x00
672,0x89C43E,0xA1518B,1,0xA1518B,1,0x01,0x00
673,0x8855AC,0xFFC87E,2,0xFFC87E,2,0x0000,0x0004
674,0x8855C2,0xFFC87E,2,0xFFC87E,2,0x0004,0x0008
675,0x8855F0,0xFFC87E,2,0xFFC87E,2,0x0008,0x000C
675,0x89C414,0xFFC87E,2,0xFFC87E,2,0x000C,0x0000
675,0x89C42C,0xFFC80C,1,0xFFC80C,1,0x00,0x01
675,0x89C434,0xA1518B,1,0xA1518B,1,0x00,0x01
676,0x8855AC,0xFFC87E,2,0xFFC87E,2,0x0000,0x0004
677,0x8855C2,0xFFC87E,2,0xFFC87E,2,0x0004,0x0008
678,0x8855F0,0xFFC87E,2,0xFFC87E,2,0x0008,0x000C
678,0x89C414,0xFFC87E,2,0xFFC87E,2,0x000C,0x0000
678,0x89C42C,0xFFC80C,1,0xFFC80C,1,0x01,0x00
678,0x89C43E,0xA1518B,1,0xA1518B,1,0x01,0x00
679,0x8855AC,0xFFC87E,2,0xFFC87E,2,0x0000,0x0004
680,0x8855C2,0xFFC87E,2,0xFFC87E,2,0x0004,0x0008
681,0x8855F0,0xFFC87E,2,0xFFC87E,2,0x0008,0x000C
681,0x89C414,0xFFC87E,2,0xFFC87E,2,0x000C,0x0000
681,0x89C42C,0xFFC80C,1,0xFFC80C,1,0x00,0x01
681,0x89C434,0xA1518B,1,0xA1518B,1,0x00,0x01
682,0x8855AC,0xFFC87E,2,0xFFC87E,2,0x0000,0x0004
683,0x8855C2,0xFFC87E,2,0xFFC87E,2,0x0004,0x0008
684,0x8855F0,0xFFC87E,2,0xFFC87E,2,0x0008,0x000C
684,0x89C414,0xFFC87E,2,0xFFC87E,2,0x000C,0x0000
684,0x89C42C,0xFFC80C,1,0xFFC80C,1,0x01,0x00
684,0x89C43E,0xA1518B,1,0xA1518B,1,0x03,0x00
685,0x8855AC,0xFFC87E,2,0xFFC87E,2,0x0000,0x0004
686,0x8855C2,0xFFC87E,2,0xFFC87E,2,0x0004,0x0008
687,0x8855F0,0xFFC87E,2,0xFFC87E,2,0x0008,0x000C
687,0x89C414,0xFFC87E,2,0xFFC87E,2,0x000C,0x0000
687,0x89C42C,0xFFC80C,1,0xFFC80C,1,0x00,0x01
687,0x89C434,0xA1518B,1,0xA1518B,1,0x00,0x01
688,0x8855AC,0xFFC87E,2,0xFFC87E,2,0x0000,0x0004
689,0x8855C2,0xFFC87E,2,0xFFC87E,2,0x0004,0x0008
690,0x8855F0,0xFFC87E,2,0xFFC87E,2,0x0008,0x000C
690,0x89C414,0xFFC87E,2,0xFFC87E,2,0x000C,0x0000
690,0x89C42C,0xFFC80C,1,0xFFC80C,1,0x01,0x00
690,0x89C43E,0xA1518B,1,0xA1518B,1,0x01,0x00
691,0x8855AC,0xFFC87E,2,0xFFC87E,2,0x0000,0x0004
692,0x8855C2,0xFFC87E,2,0xFFC87E,2,0x0004,0x0008
693,0x8855F0,0xFFC87E,2,0xFFC87E,2,0x0008,0x000C
693,0x89C414,0xFFC87E,2,0xFFC87E,2,0x000C,0x0000
693,0x89C42C,0xFFC80C,1,0xFFC80C,1,0x00,0x01
693,0x89C434,0xA1518B,1,0xA1518B,1,0x00,0x01
694,0x8855AC,0xFFC87E,2,0xFFC87E,2,0x0000,0x0004
695,0x8855C2,0xFFC87E,2,0xFFC87E,2,0x0004,0x0008
696,0x8855F0,0xFFC87E,2,0xFFC87E,2,0x0008,0x000C
696,0x89C414,0xFFC87E,2,0xFFC87E,2,0x000C,0x0000
696,0x89C42C,0xFFC80C,1,0xFFC80C,1,0x01,0x00
696,0x89C43E,0xA1518B,1,0xA1518B,1,0x01,0x00
697,0x8855AC,0xFFC87E,2,0xFFC87E,2,0x0000,0x0004
698,0x8855C2,0xFFC87E,2,0xFFC87E,2,0x0004,0x0008
699,0x8855F0,0xFFC87E,2,0xFFC87E,2,0x0008,0x000C
699,0x89C414,0xFFC87E,2,0xFFC87E,2,0x000C,0x0000
699,0x89C42C,0xFFC80C,1,0xFFC80C,1,0x00,0x01
699,0x89C434,0xA1518B,1,0xA1518B,1,0x00,0x01
700,0x8855AC,0xFFC87E,2,0xFFC87E,2,0x0000,0x0004
701,0x8855C2,0xFFC87E,2,0xFFC87E,2,0x0004,0x0008
702,0x8855F0,0xFFC87E,2,0xFFC87E,2,0x0008,0x000C
702,0x89C414,0xFFC87E,2,0xFFC87E,2,0x000C,0x0000
702,0x89C42C,0xFFC80C,1,0xFFC80C,1,0x01,0x00
702,0x89C43E,0xA1518B,1,0xA1518B,1,0x03,0x00
703,0x8855AC,0xFFC87E,2,0xFFC87E,2,0x0000,0x0004
704,0x8855C2,0xFFC87E,2,0xFFC87E,2,0x0004,0x0008
705,0x8855F0,0xFFC87E,2,0xFFC87E,2,0x0008,0x000C
705,0x89C414,0xFFC87E,2,0xFFC87E,2,0x000C,0x0000
705,0x89C42C,0xFFC80C,1,0xFFC80C,1,0x00,0x01
705,0x89C434,0xA1518B,1,0xA1518B,1,0x00,0x01
706,0x8855AC,0xFFC87E,2,0xFFC87E,2,0x0000,0x0004
707,0x8855C2,0xFFC87E,2,0xFFC87E,2,0x0004,0x0008
708,0x8855F0,0xFFC87E,2,0xFFC87E,2,0x0008,0x000C
708,0x89C414,0xFFC87E,2,0xFFC87E,2,0x000C,0x0000
708,0x89C42C,0xFFC80C,1,0xFFC80C,1,0x01,0x00
708,0x89C43E,0xA1518B,1,0xA1518B,1,0x01,0x00
709,0x8855AC,0xFFC87E,2,0xFFC87E,2,0x0000,0x0004
710,0x8855C2,0xFFC87E,2,0xFFC87E,2,0x0004,0x0008
711,0x8855F0,0xFFC87E,2,0xFFC87E,2,0x0008,0x000C
711,0x89C414,0xFFC87E,2,0xFFC87E,2,0x000C,0x0000
711,0x89C42C,0xFFC80C,1,0xFFC80C,1,0x00,0x01
711,0x89C434,0xA1518B,1,0xA1518B,1,0x00,0x01
712,0x8855AC,0xFFC87E,2,0xFFC87E,2,0x0000,0x0004
713,0x8855C2,0xFFC87E,2,0xFFC87E,2,0x0004,0x0008
714,0x8855F0,0xFFC87E,2,0xFFC87E,2,0x0008,0x000C
714,0x89C414,0xFFC87E,2,0xFFC87E,2,0x000C,0x0000
714,0x89C42C,0xFFC80C,1,0xFFC80C,1,0x01,0x00
714,0x89C43E,0xA1518B,1,0xA1518B,1,0x01,0x00
715,0x8855AC,0xFFC87E,2,0xFFC87E,2,0x0000,0x0004
716,0x8855C2,0xFFC87E,2,0xFFC87E,2,0x0004,0x0008
717,0x8855F0,0xFFC87E,2,0xFFC87E,2,0x0008,0x000C
717,0x89C414,0xFFC87E,2,0xFFC87E,2,0x000C,0x0000
717,0x89C42C,0xFFC80C,1,0xFFC80C,1,0x00,0x01
717,0x89C434,0xA1518B,1,0xA1518B,1,0x00,0x01
718,0x8855AC,0xFFC87E,2,0xFFC87E,2,0x0000,0x0004
719,0x8855C2,0xFFC87E,2,0xFFC87E,2,0x0004,0x0008
720,0x8855F0,0xFFC87E,2,0xFFC87E,2,0x0008,0x000C
720,0x89C414,0xFFC87E,2,0xFFC87E,2,0x000C,0x0000
720,0x89C42C,0xFFC80C,1,0xFFC80C,1,0x01,0x00
720,0x89C43E,0xA1518B,1,0xA1518B,1,0x03,0x00
721,0x8855AC,0xFFC87E,2,0xFFC87E,2,0x0000,0x0004
722,0x8855C2,0xFFC87E,2,0xFFC87E,2,0x0004,0x0008
723,0x8855F0,0xFFC87E,2,0xFFC87E,2,0x0008,0x000C
723,0x89C414,0xFFC87E,2,0xFFC87E,2,0x000C,0x0000
723,0x89C42C,0xFFC80C,1,0xFFC80C,1,0x00,0x01
723,0x89C434,0xA1518B,1,0xA1518B,1,0x00,0x01
724,0x8855AC,0xFFC87E,2,0xFFC87E,2,0x0000,0x0004
725,0x8855C2,0xFFC87E,2,0xFFC87E,2,0x0004,0x0008
726,0x8855F0,0xFFC87E,2,0xFFC87E,2,0x0008,0x000C
726,0x89C414,0xFFC87E,2,0xFFC87E,2,0x000C,0x0000
726,0x89C42C,0xFFC80C,1,0xFFC80C,1,0x01,0x00
726,0x89C43E,0xA1518B,1,0xA1518B,1,0x01,0x00
727,0x8855AC,0xFFC87E,2,0xFFC87E,2,0x0000,0x0004
728,0x8855C2,0xFFC87E,2,0xFFC87E,2,0x0004,0x0008
729,0x8855F0,0xFFC87E,2,0xFFC87E,2,0x0008,0x000C
729,0x89C414,0xFFC87E,2,0xFFC87E,2,0x000C,0x0000
729,0x89C42C,0xFFC80C,1,0xFFC80C,1,0x00,0x01
729,0x89C434,0xA1518B,1,0xA1518B,1,0x00,0x01
730,0x8855AC,0xFFC87E,2,0xFFC87E,2,0x0000,0x0004
731,0x8855C2,0xFFC87E,2,0xFFC87E,2,0x0004,0x0008
732,0x8855F0,0xFFC87E,2,0xFFC87E,2,0x0008,0x000C
732,0x89C414,0xFFC87E,2,0xFFC87E,2,0x000C,0x0000
732,0x89C42C,0xFFC80C,1,0xFFC80C,1,0x01,0x00
732,0x89C43E,0xA1518B,1,0xA1518B,1,0x01,0x00
733,0x8855AC,0xFFC87E,2,0xFFC87E,2,0x0000,0x0004
734,0x8855C2,0xFFC87E,2,0xFFC87E,2,0x0004,0x0008
735,0x88BBB8,0xFF0002,4,0xFF0002,4,0x00885586,0x008926D2
735,0x8855F0,0xFFC87E,2,0xFFC87E,2,0x0008,0x000C
735,0x8826CE,0xA1518B,1,0xA1518B,1,0x00,0x00
736,0x8826DE,0xA1518B,1,0xA1518B,1,0x00,0x03
736,0x8826EE,0xA1518B,1,0xA1518B,1,0x01,0x02
736,0x8826F4,0xFFC80C,1,0xFFC80C,1,0x00,0x00
743,0x89297E,0xFFC87E,2,0xFFC87E,2,0x000C,0x0000
743,0x892984,0xFF0002,4,0xFF0002,4,0x008926D2,0x00892A40
745,0x892BEC,0xFFC87E,2,0xFFC87E,2,0x0000,0x0004
746,0x892C98,0xFFC87E,2,0xFFC87E,2,0x0004,0x0008
747,0x892EF6,0xFFC87E,2,0xFFC87E,2,0x0008,0x0000
747,0x881CE8,0xFFC80C,1,0xFFC80C,1,0x00,0x01
747,0x881CF0,0xA1518B,1,0xA1518B,1,0x00,0x01
747,0x892BEC,0xFFC87E,2,0xFFC87E,2,0x0000,0x0004
748,0x892C98,0xFFC87E,2,0xFFC87E,2,0x0004,0x0008
750,0x892EF6,0xFFC87E,2,0xFFC87E,2,0x0008,0x0000
750,0x881CE8,0xFFC80C,1,0xFFC80C,1,0x01,0x00
750,0x881CFA,0xA1518B,1,0xA1518B,1,0x01,0x02
750,0x892BEC,0xFFC87E,2,0xFFC87E,2,0x0000,0x0004
751,0x892C98,0xFFC87E,2,0xFFC87E,2,0x0004,0x0008
753,0x892EF6,0xFFC87E,2,0xFFC87E,2,0x0008,0x0000
753,0x881CE8,0xFFC80C,1,0xFFC80C,1,0x00,0x01
753,0x881CF0,0xA1518B,1,0xA1518B,1,0x00,0x01
753,0x892BEC,0xFFC87E,2,0xFFC87E,2,0x0000,0x0004
754,0x892C98,0xFFC87E,2,0xFFC87E,2,0x0004,0x0008
756,0x892EF6,0xFFC87E,2,0xFFC87E,2,0x0008,0x0000
756,0x881CE8,0xFFC80C,1,0xFFC80C,1,0x01,0x00
756,0x881CFA,0xA1518B,1,0xA1518B,1,0x01,0x00
756,0x892BEC,0xFFC87E,2,0xFFC87E,2,0x0000,0x0004
757,0x892C98,0xFFC87E,2,0xFFC87E,2,0x0004,0x0008
759,0x892EF6,0xFFC87E,2,0xFFC87E,2,0x0008,0x0000
759,0x881CE8,0xFFC80C,1,0xFFC80C,1,0x00,0x01
759,0x881CF0,0xA1518B,1,0xA1518B,1,0x00,0x01
759,0x892BEC,0xFFC87E,2,0xFFC87E,2,0x0000,0x0004
760,0x892C98,0xFFC87E,2,0xFFC87E,2,0x0004,0x0008
762,0x892EF6,0xFFC87E,2,0xFFC87E,2,0x0008,0x0000
762,0x881CE8,0xFFC80C,1,0xFFC80C,1,0x01,0x00
762,0x881CFA,0xA1518B,1,0xA1518B,1,0x01,0x00
762,0x892BEC,0xFFC87E,2,0xFFC87E,2,0x0000,0x0004
763,0x892C98,0xFFC87E,2,0xFFC87E,2,0x0004,0x0008
765,0x892EF6,0xFFC87E,2,0xFFC87E,2,0x0008,0x0000
765,0x881CE8,0xFFC80C,1,0xFFC80C,1,0x00,0x01
765,0x881CF0,0xA1518B,1,0xA1518B,1,0x00,0x01
766,0x892BEC,0xFFC87E,2,0xFFC87E,2,0x0000,0x0004
766,0x892C98,0xFFC87E,2,0xFFC87E,2,0x0004,0x0008
768,0x892EF6,0xFFC87E,2,0xFFC87E,2,0x0008,0x0000
768,0x881CE8,0xFFC80C,1,0xFFC80C,1,0x01,0x00
768,0x881CFA,0xA1518B,1,0xA1518B,1,0x01,0x00
768,0x892BEC,0xFFC87E,2,0xFFC87E,2,0x0000,0x0004
769,0x892C98,0xFFC87E,2,0xFFC87E,2,0x0004,0x0008
771,0x892EF6,0xFFC87E,2,0xFFC87E,2,0x0008,0x0000
771,0x881CE8,0xFFC80C,1,0xFFC80C,1,0x00,0x01
771,0x881CF0,0xA1518B,1,0xA1518B,1,0x00,0x01
771,0x892BEC,0xFFC87E,2,0xFFC87E,2,0x0000,0x0004
772,0x892C98,0xFFC87E,2,0xFFC87E,2,0x0004,0x0008
774,0x892EF6,0xFFC87E,2,0xFFC87E,2,0x0008,0x0000
774,0x881CE8,0xFFC80C,1,0xFFC80C,1,0x01,0x00
774,0x881CFA,0xA1518B,1,0xA1518B,1,0x01,0x00
774,0x892BEC,0xFFC87E,2,0xFFC87E,2,0x0000,0x0004
775,0x892C98,0xFFC87E,2,0xFFC87E,2,0x0004,0x0008
777,0x892E96,0xFFC87E,2,0xFFC87E,2,0x0008,0x0000
777,0x881CE8,0xFFC80C,1,0xFFC80C,1,0x00,0x01
777,0x881CF0,0xA1518B,1,0xA1518B,1,0x02,0x01
777,0x892BEC,0xFFC87E,2,0xFFC87E,2,0x0000,0x0004
778,0x892C98,0xFFC87E,2,0xFFC87E,2,0x0004,0x0008
780,0x892E96,0xFFC87E,2,0xFFC87E,2,0x0008,0x0000
780,0x881CE8,0xFFC80C,1,0xFFC80C,1,0x01,0x00
780,0x881CFA,0xA1518B,1,0xA1518B,1,0x01,0x00
781,0x892BEC,0xFFC87E,2,0xFFC87E,2,0x0000,0x0004
781,0x892C98,0xFFC87E,2,0xFFC87E,2,0x0004,0x0008
783,0x892E96,0xFFC87E,2,0xFFC87E,2,0x0008,0x0000
783,0x881CE8,0xFFC80C,1,0xFFC80C,1,0x00,0x01
783,0x881CF0,0xA1518B,1,0xA1518B,1,0x00,0x01
784,0x892BEC,0xFFC87E,2,0xFFC87E,2,0x0000,0x0004
784,0x892C98,0xFFC87E,2,0xFFC87E,2,0x0004,0x0008
786,0x892E96,0xFFC87E,2,0xFFC87E,2,0x0008,0x0000
786,0x881CE8,0xFFC80C,1,0xFFC80C,1,0x01,0x00
786,0x881CFA,0xA1518B,1,0xA1518B,1,0x01,0x02
787,0x892BEC,0xFFC87E,2,0xFFC87E,2,0x0000,0x0004
787,0x892C98,0xFFC87E,2,0xFFC87E,2,0x0004,0x0008
789,0x892E96,0xFFC87E,2,0xFFC87E,2,0x0008,0x0000
789,0x881CE8,0xFFC80C,1,0xFFC80C,1,0x00,0x01
789,0x881CF0,0xA1518B,1,0xA1518B,1,0x00,0x01
789,0x892BEC,0xFFC87E,2,0xFFC87E,2,0x0000,0x0004
790,0x892C98,0xFFC87E,2,0xFFC87E,2,0x0004,0x0008
792,0x892E96,0xFFC87E,2,0xFFC87E,2,0x0008,0x0000
792,0x881CE8,0xFFC80C,1,0xFFC80C,1,0x01,0x00
792,0x881CFA,0xA1518B,1,0xA1518B,1,0x01,0x00
792,0x892BEC,0xFFC87E,2,0xFFC87E,2,0x0000,0x0004
793,0x892C98,0xFFC87E,2,0xFFC87E,2,0x0004,0x0008
795,0x892E96,0xFFC87E,2,0xFFC87E,2,0x0008,0x0000
795,0x881CE8,0xFFC80C,1,0xFFC80C,1,0x00,0x01
795,0x881CF0,0xA1518B,1,0xA1518B,1,0x02,0x01
796,0x892BEC,0xFFC87E,2,0xFFC87E,2,0x0000,0x0004
797,0x892C98,0xFFC87E,2,0xFFC87E,2,0x0004,0x0008
798,0x892E96,0xFFC87E,2,0xFFC87E,2,0x0008,0x0000
798,0x881CE8,0xFFC80C,1,0xFFC80C,1,0x01,0x00
798,0x881CFA,0xA1518B,1,0xA1518B,1,0x01,0x00
799,0x892BEC,0xFFC87E,2,0xFFC87E,2,0x0000,0x0004
799,0x892C98,0xFFC87E,2,0xFFC87E,2,0x0004,0x0008
801,0x892E96,0xFFC87E,2,0xFFC87E,2,0x0008,0x0000
801,0x881CE8,0xFFC80C,1,0xFFC80C,1,0x00,0x01
801,0x881CF0,0xA1518B,1,0xA1518B,1,0x00,0x01
802,0x892BEC,0xFFC87E,2,0xFFC87E,2,0x0000,0x0004
802,0x892C98,0xFFC87E,2,0xFFC87E,2,0x0004,0x0008
804,0x892E96,0xFFC87E,2,0xFFC87E,2,0x0008,0x0000
804,0x881CE8,0xFFC80C,1,0xFFC80C,1,0x01,0x00
804,0x881CFA,0xA1518B,1,0xA1518B,1,0x01,0x00
805,0x892BEC,0xFFC87E,2,0xFFC87E,2,0x0000,0x0004
805,0x892C98,0xFFC87E,2,0xFFC87E,2,0x0004,0x0008
807,0x892E96,0xFFC87E,2,0xFFC87E,2,0x0008,0x0000
807,0x881CE8,0xFFC80C,1,0xFFC80C,1,0x00,0x01
807,0x881CF0,0xA1518B,1,0xA1518B,1,0x00,0x01
808,0x892BEC,0xFFC87E,2,0xFFC87E,2,0x0000,0x0004
808,0x892C98,0xFFC87E,2,0xFFC87E,2,0x0004,0x0008
810,0x892E96,0xFFC87E,2,0xFFC87E,2,0x0008,0x0000
810,0x881CE8,0xFFC80C,1,0xFFC80C,1,0x01,0x00
810,0x881CFA,0xA1518B,1,0xA1518B,1,0x01,0x02
811,0x892BEC,0xFFC87E,2,0xFFC87E,2,0x0000,0x0004
811,0x892C98,0xFFC87E,2,0xFFC87E,2,0x0004,0x0008
813,0x892E96,0xFFC87E,2,0xFFC87E,2,0x0008,0x0000
813,0x881CE8,0xFFC80C,1,0xFFC80C,1,0x00,0x01
813,0x881CF0,0xA1518B,1,0xA1518B,1,0x02,0x01
814,0x892BEC,0xFFC87E,2,0xFFC87E,2,0x0000,0x0004
814,0x892C98,0xFFC87E,2,0xFFC87E,2,0x0004,0x0008
816,0x892E96,0xFFC87E,2,0xFFC87E,2,0x0008,0x0000
816,0x881CE8,0xFFC80C,1,0xFFC80C,1,0x01,0x00
816,0x881CFA,0xA1518B,1,0xA1518B,1,0x01,0x00
817,0x892BEC,0xFFC87E,2,0xFFC87E,2,0x0000,0x0004
817,0x892C98,0xFFC87E,2,0xFFC87E,2,0x0004,0x0008
819,0x892E96,0xFFC87E,2,0xFFC87E,2,0x0008,0x0000
819,0x881CE8,0xFFC80C,1,0xFFC80C,1,0x00,0x01
819,0x881CF0,0xA1518B,1,0xA1518B,1,0x02,0x01
820,0x892BEC,0xFFC87E,2,0xFFC87E,2,0x0000,0x0004
820,0x892C98,0xFFC87E,2,0xFFC87E,2,0x0004,0x0008
822,0x892E96,0xFFC87E,2,0xFFC87E,2,0x0008,0x0000
822,0x881CE8,0xFFC80C,1,0xFFC80C,1,0x01,0x00
822,0x881CFA,0xA1518B,1,0xA1518B,1,0x01,0x00
823,0x892BEC,0xFFC87E,2,0xFFC87E,2,0x0000,0x0004
823,0x892C98,0xFFC87E,2,0xFFC87E,2,0x0004,0x0008
825,0x892E96,0xFFC87E,2,0xFFC87E,2,0x0008,0x0000
825,0x881CE8,0xFFC80C,1,0xFFC80C,1,0x00,0x01
825,0x881CF0,0xA1518B,1,0xA1518B,1,0x00,0x01
826,0x892BEC,0xFFC87E,2,0xFFC87E,2,0x0000,0x0004
827,0x892C98,0xFFC87E,2,0xFFC87E,2,0x0004,0x0008
828,0x892E96,0xFFC87E,2,0xFFC87E,2,0x0008,0x0000
828,0x881CE8,0xFFC80C,1,0xFFC80C,1,0x01,0x00
828,0x881CFA,0xA1518B,1,0xA1518B,1,0x01,0x00
829,0x892BEC,0xFFC87E,2,0xFFC87E,2,0x0000,0x0004
829,0x892C98,0xFFC87E,2,0xFFC87E,2,0x0004,0x0008
831,0x892E96,0xFFC87E,2,0xFFC87E,2,0x0008,0x0000
831,0x881CE8,0xFFC80C,1,0xFFC80C,1,0x00,0x01
831,0x881CF0,0xA1518B,1,0xA1518B,1,0x00,0x01
832,0x892BEC,0xFFC87E,2,0xFFC87E,2,0x0000,0x0004
832,0x892C98,0xFFC87E,2,0xFFC87E,2,0x0004,0x0008
834,0x892E96,0xFFC87E,2,0xFFC87E,2,0x0008,0x0000
834,0x881CE8,0xFFC80C,1,0xFFC80C,1,0x01,0x00
834,0x881CFA,0xA1518B,1,0xA1518B,1,0x01,0x00
835,0x892BEC,0xFFC87E,2,0xFFC87E,2,0x0000,0x0004
835,0x892C98,0xFFC87E,2,0xFFC87E,2,0x0004,0x0008
837,0x892E96,0xFFC87E,2,0xFFC87E,2,0x0008,0x0000
837,0x881CE8,0xFFC80C,1,0xFFC80C,1,0x00,0x01
837,0x881CF0,0xA1518B,1,0xA1518B,1,0x00,0x01
837,0x892BEC,0xFFC87E,2,0xFFC87E,2,0x0000,0x0004
838,0x892C98,0xFFC87E,2,0xFFC87E,2,0x0004,0x0008
840,0x892E96,0xFFC87E,2,0xFFC87E,2,0x0008,0x0000
840,0x881CE8,0xFFC80C,1,0xFFC80C,1,0x01,0x00
840,0x881CFA,0xA1518B,1,0xA1518B,1,0x01,0x00
840,0x892BEC,0xFFC87E,2,0xFFC87E,2,0x0000,0x0004
841,0x892C98,0xFFC87E,2,0xFFC87E,2,0x0004,0x0008
843,0x892EF6,0xFFC87E,2,0xFFC87E,2,0x0008,0x0000
843,0x881CE8,0xFFC80C,1,0xFFC80C,1,0x00,0x01
843,0x881CF0,0xA1518B,1,0xA1518B,1,0x00,0x01
844,0x892BEC,0xFFC87E,2,0xFFC87E,2,0x0000,0x0004
844,0x892C98,0xFFC87E,2,0xFFC87E,2,0x0004,0x0008
846,0x892EF6,0xFFC87E,2,0xFFC87E,2,0x0008,0x0000
846,0x881CE8,0xFFC80C,1,0xFFC80C,1,0x01,0x00
846,0x881CFA,0xA1518B,1,0xA1518B,1,0x01,0x00
847,0x892BEC,0xFFC87E,2,0xFFC87E,2,0x0000,0x0004
847,0x892C98,0xFFC87E,2,0xFFC87E,2,0x0004,0x0008
849,0x892EF6,0xFFC87E,2,0xFFC87E,2,0x0008,0x0000
849,0x881CE8,0xFFC80C,1,0xFFC80C,1,0x00,0x01
849,0x881CF0,0xA1518B,1,0xA1518B,1,0x00,0x01
850,0x892BEC,0xFFC87E,2,0xFFC87E,2,0x0000,0x0004
850,0x892C98,0xFFC87E,2,0xFFC87E,2,0x0004,0x0008
852,0x892EF6,0xFFC87E,2,0xFFC87E,2,0x0008,0x0000
852,0x881CE8,0xFFC80C,1,0xFFC80C,1,0x01,0x00
852,0x881CFA,0xA1518B,1,0xA1518B,1,0x01,0x00
853,0x892BEC,0xFFC87E,2,0xFFC87E,2,0x0000,0x0004
853,0x892C98,0xFFC87E,2,0xFFC87E,2,0x0004,0x0008
855,0x892EF6,0xFFC87E,2,0xFFC87E,2,0x0008,0x0000
855,0x881CE8,0xFFC80C,1,0xFFC80C,1,0x00,0x01
855,0x881CF0,0xA1518B,1,0xA1518B,1,0x00,0x01
856,0x892BEC,0xFFC87E,2,0xFFC87E,2,0x0000,0x0004
856,0x892C98,0xFFC87E,2,0xFFC87E,2,0x0004,0x0008
858,0x892EF6,0xFFC87E,2,0xFFC87E,2,0x0008,0x0000
858,0x881CE8,0xFFC80C,1,0xFFC80C,1,0x01,0x00
858,0x881CFA,0xA1518B,1,0xA1518B,1,0x01,0x00
858,0x892BEC,0xFFC87E,2,0xFFC87E,2,0x0000,0x0004
859,0x892C98,0xFFC87E,2,0xFFC87E,2,0x0004,0x0008
861,0x892EF6,0xFFC87E,2,0xFFC87E,2,0x0008,0x0000
861,0x881CE8,0xFFC80C,1,0xFFC80C,1,0x00,0x01
861,0x881CF0,0xA1518B,1,0xA1518B,1,0x00,0x01
862,0x892BEC,0xFFC87E,2,0xFFC87E,2,0x0000,0x0004
862,0x892C98,0xFFC87E,2,0xFFC87E,2,0x0004,0x0008
864,0x892EF6,0xFFC87E,2,0xFFC87E,2,0x0008,0x0000
864,0x881CE8,0xFFC80C,1,0xFFC80C,1,0x01,0x00
864,0x881CFA,0xA1518B,1,0xA1518B,1,0x03,0x00
864,0x892BEC,0xFFC87E,2,0xFFC87E,2,0x0000,0x0004
865,0x892C98,0xFFC87E,2,0xFFC87E,2,0x0004,0x0008
867,0x892EF6,0xFFC87E,2,0xFFC87E,2,0x0008,0x0000
867,0x881CE8,0xFFC80C,1,0xFFC80C,1,0x00,0x01
867,0x881CF0,0xA1518B,1,0xA1518B,1,0x02,0x01
868,0x892BEC,0xFFC87E,2,0xFFC87E,2,0x0000,0x0004
868,0x892C98,0xFFC87E,2,0xFFC87E,2,0x0004,0x0008
870,0x892EF6,0xFFC87E,2,0xFFC87E,2,0x0008,0x0000
870,0x881CE8,0xFFC80C,1,0xFFC80C,1,0x01,0x00
870,0x881CFA,0xA1518B,1,0xA1518B,1,0x01,0x00
871,0x892BEC,0xFFC87E,2,0xFFC87E,2,0x0000,0x0004
871,0x892C98,0xFFC87E,2,0xFFC87E,2,0x0004,0x0008
873,0x892EEE,0xFFC87E,2,0xFFC87E,2,0x0008,0x000C
873,0x881CE8,0xFFC80C,1,0xFFC80C,1,0x00,0x01
873,0x881CF0,0xA1518B,1,0xA1518B,1,0x00,0x01
874,0x892F18,0xFFC87E,2,0xFFC87E,2,0x000C,0x0000
874,0x892F3E,0xFFC87E,2,0xFFC87E,2,0x0000,0x0000
874,0x892F44,0xFF0002,4,0xFF0002,4,0x00892A40,0x0088E5CE
874,0x8826CE,0xA1518B,1,0xA1518B,1,0x01,0x00
875,0x8826DE,0xA1518B,1,0xA1518B,1,0x02,0x01
875,0x8826EE,0xA1518B,1,0xA1518B,1,0x03,0x00
875,0x8826F4,0xFFC80C,1,0xFFC80C,1,0x01,0x00
882,0x88E830,0xFFC87E,2,0xFFC87E,2,0x0000,0x0000
882,0x88E836,0xFF0002,4,0xFF0002,4,0x0088E5CE,0x0088E90C
884,0x88EAB4,0xFFC87E,2,0xFFC87E,2,0x0000,0x0004
884,0x88EEDE,0xFFC87E,2,0xFFC87E,2,0x0004,0x0000
885,0x881CE8,0xFFC80C,1,0xFFC80C,1,0x00,0x01
885,0x881CF0,0xA1518B,1,0xA1518B,1,0x00,0x01
886,0x88EAB4,0xFFC87E,2,0xFFC87E,2,0x0000,0x0004
892,0x88EEDE,0xFFC87E,2,0xFFC87E,2,0x0004,0x0000
892,0x881CE8,0xFFC80C,1,0xFFC80C,1,0x01,0x00
892,0x881CFA,0xA1518B,1,0xA1518B,1,0x01,0x00
893,0x88EAB4,0xFFC87E,2,0xFFC87E,2,0x0000,0x0004
900,0x88EEDE,0xFFC87E,2,0xFFC87E,2,0x0004,0x0000
900,0x881CE8,0xFFC80C,1,0xFFC80C,1,0x00,0x01
900,0x881CF0,0xA1518B,1,0xA1518B,1,0x00,0x03
901,0x88EAB4,0xFFC87E,2,0xFFC87E,2,0x0000,0x0004
907,0x88EEDE,0xFFC87E,2,0xFFC87E,2,0x0004,0x0000
908,0x881CE8,0xFFC80C,1,0xFFC80C,1,0x01,0x00
908,0x881CFA,0xA1518B,1,0xA1518B,1,0x01,0x00
909,0x88EAB4,0xFFC87E,2,0xFFC87E,2,0x0000,0x0004
915,0x88EEDE,0xFFC87E,2,0xFFC87E,2,0x0004,0x0000
915,0x881CE8,0xFFC80C,1,0xFFC80C,1,0x00,0x01
915,0x881CF0,0xA1518B,1,0xA1518B,1,0x00,0x01
916,0x88EAB4,0xFFC87E,2,0xFFC87E,2,0x0000,0x0004
923,0x88EEDE,0xFFC87E,2,0xFFC87E,2,0x0004,0x0000
923,0x881CE8,0xFFC80C,1,0xFFC80C,1,0x01,0x00
923,0x881CFA,0xA1518B,1,0xA1518B,1,0x01,0x00
924,0x88EAB4,0xFFC87E,2,0xFFC87E,2,0x0000,0x0004
930,0x88EEDE,0xFFC87E,2,0xFFC87E,2,0x0004,0x0000
930,0x881CE8,0xFFC80C,1,0xFFC80C,1,0x00,0x01
930,0x881CF0,0xA1518B,1,0xA1518B,1,0x00,0x01
931,0x88EAB4,0xFFC87E,2,0xFFC87E,2,0x0000,0x0004
938,0x88EEDE,0xFFC87E,2,0xFFC87E,2,0x0004,0x0000
938,0x881CE8,0xFFC80C,1,0xFFC80C,1,0x01,0x00
938,0x881CFA,0xA1518B,1,0xA1518B,1,0x01,0x02
939,0x88EAB4,0xFFC87E,2,0xFFC87E,2,0x0000,0x0004
946,0x88EEDE,0xFFC87E,2,0xFFC87E,2,0x0004,0x0000
946,0x881CE8,0xFFC80C,1,0xFFC80C,1,0x00,0x01
946,0x881CF0,0xA1518B,1,0xA1518B,1,0x00,0x01
947,0x88EAB4,0xFFC87E,2,0xFFC87E,2,0x0000,0x0004
953,0x88EEDE,0xFFC87E,2,0xFFC87E,2,0x0004,0x0000
953,0x881CE8,0xFFC80C,1,0xFFC80C,1,0x01,0x00
953,0x881CFA,0xA1518B,1,0xA1518B,1,0x01,0x00
954,0x88EAB4,0xFFC87E,2,0xFFC87E,2,0x0000,0x0004
961,0x88EE50,0xFFC87E,2,0xFFC87E,2,0x0004,0x0000
961,0x881CE8,0xFFC80C,1,0xFFC80C,1,0x00,0x01
961,0x881CF0,0xA1518B,1,0xA1518B,1,0x00,0x01
962,0x88EAB4,0xFFC87E,2,0xFFC87E,2,0x0000,0x0004
969,0x88EE50,0xFFC87E,2,0xFFC87E,2,0x0004,0x0000
969,0x881CE8,0xFFC80C,1,0xFFC80C,1,0x01,0x00
969,0x881CFA,0xA1518B,1,0xA1518B,1,0x01,0x00
970,0x88EAB4,0xFFC87E,2,0xFFC87E,2,0x0000,0x0004
976,0x88EE50,0xFFC87E,2,0xFFC87E,2,0x0004,0x0000
976,0x881CE8,0xFFC80C,1,0xFFC80C,1,0x00,0x01
976,0x881CF0,0xA1518B,1,0xA1518B,1,0x00,0x03
977,0x88EAB4,0xFFC87E,2,0xFFC87E,2,0x0000,0x0004
984,0x88EE50,0xFFC87E,2,0xFFC87E,2,0x0004,0x0000
984,0x881CE8,0xFFC80C,1,0xFFC80C,1,0x01,0x00
984,0x881CFA,0xA1518B,1,0xA1518B,1,0x01,0x00
985,0x88EAB4,0xFFC87E,2,0xFFC87E,2,0x0000,0x0004
992,0x88EE50,0xFFC87E,2,0xFFC87E,2,0x0004,0x0000
992,0x881CE8,0xFFC80C,1,0xFFC80C,1,0x00,0x01
992,0x881CF0,0xA1518B,1,0xA1518B,1,0x00,0x03
993,0x88EAB4,0xFFC87E,2,0xFFC87E,2,0x0000,0x0004
999,0x88EE50,0xFFC87E,2,0xFFC87E,2,0x0004,0x0000
999,0x881CE8,0xFFC80C,1,0xFFC80C,1,0x01,0x00
999,0x881CFA,0xA1518B,1,0xA1518B,1,0x01,0x00
1000,0x88EAB4,0xFFC87E,2,0xFFC87E,2,0x0000,0x0004
1007,0x88EE50,0xFFC87E,2,0xFFC87E,2,0x0004,0x0000
1007,0x881CE8,0xFFC80C,1,0xFFC80C,1,0x00,0x01
1007,0x881CF0,0xA1518B,1,0xA1518B,1,0x02,0x01
1008,0x88EAB4,0xFFC87E,2,0xFFC87E,2,0x0000,0x0004
1014,0x88EE50,0xFFC87E,2,0xFFC87E,2,0x0004,0x0000
1015,0x881CE8,0xFFC80C,1,0xFFC80C,1,0x01,0x00
1015,0x881CFA,0xA1518B,1,0xA1518B,1,0x01,0x00
1016,0x88EAB4,0xFFC87E,2,0xFFC87E,2,0x0000,0x0004
1022,0x88EE50,0xFFC87E,2,0xFFC87E,2,0x0004,0x0000
1022,0x881CE8,0xFFC80C,1,0xFFC80C,1,0x00,0x01
1022,0x881CF0,0xA1518B,1,0xA1518B,1,0x00,0x03
1023,0x88EAB4,0xFFC87E,2,0xFFC87E,2,0x0000,0x0004
1030,0x88EEDE,0xFFC87E,2,0xFFC87E,2,0x0004,0x0000
1030,0x881CE8,0xFFC80C,1,0xFFC80C,1,0x01,0x00
1030,0x881CFA,0xA1518B,1,0xA1518B,1,0x01,0x02
1031,0x88EAB4,0xFFC87E,2,0xFFC87E,2,0x0000,0x0004
1037,0x88EEDE,0xFFC87E,2,0xFFC87E,2,0x0004,0x0000
1038,0x881CE8,0xFFC80C,1,0xFFC80C,1,0x00,0x01
1038,0x881CF0,0xA1518B,1,0xA1518B,1,0x00,0x01
1039,0x88EAB4,0xFFC87E,2,0xFFC87E,2,0x0000,0x0004
1045,0x88EEDE,0xFFC87E,2,0xFFC87E,2,0x0004,0x0000
1045,0x881CE8,0xFFC80C,1,0xFFC80C,1,0x01,0x00
1045,0x881CFA,0xA1518B,1,0xA1518B,1,0x01,0x00
1046,0x88EAB4,0xFFC87E,2,0xFFC87E,2,0x0000,0x0004
1053,0x88EEDE,0xFFC87E,2,0xFFC87E,2,0x0004,0x0000
1053,0x881CE8,0xFFC80C,1,0xFFC80C,1,0x00,0x01
1053,0x881CF0,0xA1518B,1,0xA1518B,1,0x00,0x01
1054,0x88EAB4,0xFFC87E,2,0xFFC87E,2,0x0000,0x0004
1060,0x88EEDE,0xFFC87E,2,0xFFC87E,2,0x0004,0x0000
1060,0x881CE8,0xFFC80C,1,0xFFC80C,1,0x01,0x00
1060,0x881CFA,0xA1518B,1,0xA1518B,1,0x01,0x00
1061,0x88EAB4,0xFFC87E,2,0xFFC87E,2,0x0000,0x0004
1068,0x88EEDE,0xFFC87E,2,0xFFC87E,2,0x0004,0x0000
1068,0x881CE8,0xFFC80C,1,0xFFC80C,1,0x00,0x01
1068,0x881CF0,0xA1518B,1,0xA1518B,1,0x00,0x01
1069,0x88EAB4,0xFFC87E,2,0xFFC87E,2,0x0000,0x0004
1075,0x88EEDE,0xFFC87E,2,0xFFC87E,2,0x0004,0x0000
1076,0x881CE8,0xFFC80C,1,0xFFC80C,1,0x01,0x00
1076,0x881CFA,0xA1518B,1,0xA1518B,1,0x01,0x00
1077,0x88EAB4,0xFFC87E,2,0xFFC87E,2,0x0000,0x0004
1083,0x88EEDE,0xFFC87E,2,0xFFC87E,2,0x0004,0x0000
1083,0x881CE8,0xFFC80C,1,0xFFC80C,1,0x00,0x01
1083,0x881CF0,0xA1518B,1,0xA1518B,1,0x00,0x01
1084,0x88EAB4,0xFFC87E,2,0xFFC87E,2,0x0000,0x0004
1091,0x88EEDE,0xFFC87E,2,0xFFC87E,2,0x0004,0x0000
1091,0x881CE8,0xFFC80C,1,0xFFC80C,1,0x01,0x00
1091,0x881CFA,0xA1518B,1,0xA1518B,1,0x01,0x00
1092,0x88EAB4,0xFFC87E,2,0xFFC87E,2,0x0000,0x0004
1098,0x88EEDE,0xFFC87E,2,0xFFC87E,2,0x0004,0x0000
1098,0x881CE8,0xFFC80C,1,0xFFC80C,1,0x00,0x01
1098,0x881CF0,0xA1518B,1,0xA1518B,1,0x00,0x01
1099,0x88EAB4,0xFFC87E,2,0xFFC87E,2,0x0000,0x0004
1106,0x88EED6,0xFFC87E,2,0xFFC87E,2,0x0004,0x0008
1106,0x881CE8,0xFFC80C,1,0xFFC80C,1,0x01,0x00
1106,0x881CFA,0xA1518B,1,0xA1518B,1,0x01,0x00
1106,0x88EF00,0xFFC87E,2,0xFFC87E,2,0x0008,0x0000
1106,0x88EF06,0xFF0002,4,0xFF0002,4,0x0088E90C,0x008926D2
1106,0x88EF16,0xFF0002,4,0xFF0002,4,0x008926D2,0x0088D4A4
1106,0x88EF26,0xFF0002,4,0xFF0002,4,0x0088D4A4,0x0088D48A
1107,0x881CE8,0xFFC80C,1,0xFFC80C,1,0x00,0x01
1107,0x881CF0,0xA1518B,1,0xA1518B,1,0x00,0x01
1107,0x8826CE,0xA1518B,1,0xA1518B,1,0x01,0x00
1108,0x8826DE,0xA1518B,1,0xA1518B,1,0x00,0x03
1108,0x8826EE,0xA1518B,1,0xA1518B,1,0x01,0x02
1108,0x8826F4,0xFFC80C,1,0xFFC80C,1,0x01,0x00
1115,0x88D72C,0xFFC87E,2,0xFFC87E,2,0x0000,0x0000
1115,0x88D732,0xFF0002,4,0xFF0002,4,0x0088D48A,0x0088D864
1116,0x88DA82,0xFFC87E,2,0xFFC87E,2,0x0000,0x0004
1117,0x88DCA6,0xFFC87E,2,0xFFC87E,2,0x0004,0x0008
1119,0x88DE8C,0xFFC87E,2,0xFFC87E,2,0x0008,0x0000
1119,0x881CE8,0xFFC80C,1,0xFFC80C,1,0x00,0x01
1119,0x881CF0,0xA1518B,1,0xA1518B,1,0x00,0x03
1120,0x88DA82,0xFFC87E,2,0xFFC87E,2,0x0000,0x0004
1121,0x88DCA6,0xFFC87E,2,0xFFC87E,2,0x0004,0x0008
1122,0x88DE8C,0xFFC87E,2,0xFFC87E,2,0x0008,0x0000
1122,0x881CE8,0xFFC80C,1,0xFFC80C,1,0x01,0x00
1122,0x881CFA,0xA1518B,1,0xA1518B,1,0x01,0x00
1123,0x88DA82,0xFFC87E,2,0xFFC87E,2,0x0000,0x0004
1124,0x88DCA6,0xFFC87E,2,0xFFC87E,2,0x0004,0x0008
1125,0x88DE8C,0xFFC87E,2,0xFFC87E,2,0x0008,0x0000
1125,0x881CE8,0xFFC80C,1,0xFFC80C,1,0x00,0x01
1125,0x881CF0,0xA1518B,1,0xA1518B,1,0x00,0x01
1126,0x88DA82,0xFFC87E,2,0xFFC87E,2,0x0000,0x0004
1127,0x88DCA6,0xFFC87E,2,0xFFC87E,2,0x0004,0x0008
1128,0x88DE8C,0xFFC87E,2,0xFFC87E,2,0x0008,0x0000
1128,0x881CE8,0xFFC80C,1,0xFFC80C,1,0x01,0x00
1128,0x881CFA,0xA1518B,1,0xA1518B,1,0x01,0x02
1129,0x88DA82,0xFFC87E,2,0xFFC87E,2,0x0000,0x0004
1130,0x88DCA6,0xFFC87E,2,0xFFC87E,2,0x0004,0x0008
1131,0x88DE8C,0xFFC87E,2,0xFFC87E,2,0x0008,0x0000
1131,0x881CE8,0xFFC80C,1,0xFFC80C,1,0x00,0x01
1131,0x881CF0,0xA1518B,1,0xA1518B,1,0x00,0x03
1132,0x88DA82,0xFFC87E,2,0xFFC87E,2,0x0000,0x0004
1133,0x88DCA6,0xFFC87E,2,0xFFC87E,2,0x0004,0x0008
1134,0x88DE8C,0xFFC87E,2,0xFFC87E,2,0x0008,0x0000
1134,0x881CE8,0xFFC80C,1,0xFFC80C,1,0x01,0x00
1134,0x881CFA,0xA1518B,1,0xA1518B,1,0x01,0x02
1135,0x88DA82,0xFFC87E,2,0xFFC87E,2,0x0000,0x0004
1136,0x88DCA6,0xFFC87E,2,0xFFC87E,2,0x0004,0x0008
1137,0x88DE8C,0xFFC87E,2,0xFFC87E,2,0x0008,0x0000
1137,0x881CE8,0xFFC80C,1,0xFFC80C,1,0x00,0x01
1137,0x881CF0,0xA1518B,1,0xA1518B,1,0x00,0x01
1138,0x88DA82,0xFFC87E,2,0xFFC87E,2,0x0000,0x0004
1139,0x88DCA6,0xFFC87E,2,0xFFC87E,2,0x0004,0x0008
1140,0x88DE8C,0xFFC87E,2,0xFFC87E,2,0x0008,0x0000
1140,0x881CE8,0xFFC80C,1,0xFFC80C,1,0x01,0x00
1140,0x881CFA,0xA1518B,1,0xA1518B,1,0x01,0x00
1141,0x88DA82,0xFFC87E,2,0xFFC87E,2,0x0000,0x0004
1142,0x88DCA6,0xFFC87E,2,0xFFC87E,2,0x0004,0x0008
1143,0x88DE8C,0xFFC87E,2,0xFFC87E,2,0x0008,0x0000
1143,0x881CE8,0xFFC80C,1,0xFFC80C,1,0x00,0x01
1143,0x881CF0,0xA1518B,1,0xA1518B,1,0x00,0x01
1144,0x88DA82,0xFFC87E,2,0xFFC87E,2,0x0000,0x0004
1145,0x88DCA6,0xFFC87E,2,0xFFC87E,2,0x0004,0x0008
1146,0x88DE8C,0xFFC87E,2,0xFFC87E,2,0x0008,0x0000
1146,0x881CE8,0xFFC80C,1,0xFFC80C,1,0x01,0x00
1146,0x881CFA,0xA1518B,1,0xA1518B,1,0x01,0x02
1147,0x88DA82,0xFFC87E,2,0xFFC87E,2,0x0000,0x0004
1148,0x88DCA6,0xFFC87E,2,0xFFC87E,2,0x0004,0x0008
1149,0x88DE34,0xFFC87E,2,0xFFC87E,2,0x0008,0x0000
1149,0x881CE8,0xFFC80C,1,0xFFC80C,1,0x00,0x01
1149,0x881CF0,0xA1518B,1,0xA1518B,1,0x02,0x01
1150,0x88DA82,0xFFC87E,2,0xFFC87E,2,0x0000,0x0004
1151,0x88DCA6,0xFFC87E,2,0xFFC87E,2,0x0004,0x0008
1152,0x88DE34,0xFFC87E,2,0xFFC87E,2,0x0008,0x0000
1152,0x881CE8,0xFFC80C,1,0xFFC80C,1,0x01,0x00
1152,0x881CFA,0xA1518B,1,0xA1518B,1,0x01,0x00
1153,0x88DA82,0xFFC87E,2,0xFFC87E,2,0x0000,0x0004
1154,0x88DCA6,0xFFC87E,2,0xFFC87E,2,0x0004,0x0008
1155,0x88DE34,0xFFC87E,2,0xFFC87E,2,0x0008,0x0000
1155,0x881CE8,0xFFC80C,1,0xFFC80C,1,0x00,0x01
1155,0x881CF0,0xA1518B,1,0xA1518B,1,0x00,0x01
1156,0x88DA82,0xFFC87E,2,0xFFC87E,2,0x0000,0x0004
1157,0x88DCA6,0xFFC87E,2,0xFFC87E,2,0x0004,0x0008
1158,0x88DE34,0xFFC87E,2,0xFFC87E,2,0x0008,0x0000
1158,0x881CE8,0xFFC80C,1,0xFFC80C,1,0x01,0x00
1158,0x881CFA,0xA1518B,1,0xA1518B,1,0x03,0x00
1159,0x88DA82,0xFFC87E,2,0xFFC87E,2,0x0000,0x0004
1160,0x88DCA6,0xFFC87E,2,0xFFC87E,2,0x0004,0x0008
1161,0x88DE34,0xFFC87E,2,0xFFC87E,2,0x0008,0x0000
1161,0x881CE8,0xFFC80C,1,0xFFC80C,1,0x00,0x01
1161,0x881CF0,0xA1518B,1,0xA1518B,1,0x00,0x01
1162,0x88DA82,0xFFC87E,2,0xFFC87E,2,0x0000,0x0004
1163,0x88DCA6,0xFFC87E,2,0xFFC87E,2,0x0004,0x0008
1164,0x88DE34,0xFFC87E,2,0xFFC87E,2,0x0008,0x0000
1164,0x881CE8,0xFFC80C,1,0xFFC80C,1,0x01,0x00
1164,0x881CFA,0xA1518B,1,0xA1518B,1,0x01,0x00
1165,0x88DA82,0xFFC87E,2,0xFFC87E,2,0x0000,0x0004
1166,0x88DCA6,0xFFC87E,2,0xFFC87E,2,0x0004,0x0008
1167,0x88DE34,0xFFC87E,2,0xFFC87E,2,0x0008,0x0000
1167,0x881CE8,0xFFC80C,1,0xFFC80C,1,0x00,0x01
1167,0x881CF0,0xA1518B,1,0xA1518B,1,0x00,0x01
1168,0x88DA82,0xFFC87E,2,0xFFC87E,2,0x0000,0x0004
1169,0x88DCA6,0xFFC87E,2,0xFFC87E,2,0x0004,0x0008
1170,0x88DE34,0xFFC87E,2,0xFFC87E,2,0x0008,0x0000
1170,0x881CE8,0xFFC80C,1,0xFFC80C,1,0x01,0x00
1170,0x881CFA,0xA1518B,1,0xA1518B,1,0x03,0x00
1171,0x88DA82,0xFFC87E,2,0xFFC87E,2,0x0000,0x0004
1172,0x88DCA6,0xFFC87E,2,0xFFC87E,2,0x0004,0x0008
1173,0x88DE34,0xFFC87E,2,0xFFC87E,2,0x0008,0x0000
1173,0x881CE8,0xFFC80C,1,0xFFC80C,1,0x00,0x01
1173,0x881CF0,0xA1518B,1,0xA1518B,1,0x00,0x03
1174,0x88DA82,0xFFC87E,2,0xFFC87E,2,0x0000,0x0004
1175,0x88DCA6,0xFFC87E,2,0xFFC87E,2,0x0004,0x0008
1176,0x88DE34,0xFFC87E,2,0xFFC87E,2,0x0008,0x0000
1176,0x881CE8,0xFFC80C,1,0xFFC80C,1,0x01,0x00
1176,0x881CFA,0xA1518B,1,0xA1518B,1,0x01,0x00
1177,0x88DA82,0xFFC87E,2,0xFFC87E,2,0x0000,0x0004
1178,0x88DCA6,0xFFC87E,2,0xFFC87E,2,0x0004,0x0008
1179,0x88DE34,0xFFC87E,2,0xFFC87E,2,0x0008,0x0000
1179,0x881CE8,0xFFC80C,1,0xFFC80C,1,0x00,0x01
1179,0x881CF0,0xA1518B,1,0xA1518B,1,0x00,0x03
1180,0x88DA82,0xFFC87E,2,0xFFC87E,2,0x0000,0x0004
1181,0x88DCA6,0xFFC87E,2,0xFFC87E,2,0x0004,0x0008
1182,0x88DE34,0xFFC87E,2,0xFFC87E,2,0x0008,0x0000
1182,0x881CE8,0xFFC80C,1,0xFFC80C,1,0x01,0x00
1182,0x881CFA,0xA1518B,1,0xA1518B,1,0x03,0x00
1183,0x88DA82,0xFFC87E,2,0xFFC87E,2,0x0000,0x0004
1184,0x88DCA6,0xFFC87E,2,0xFFC87E,2,0x0004,0x0008
1185,0x88DE34,0xFFC87E,2,0xFFC87E,2,0x0008,0x0000
1185,0x881CE8,0xFFC80C,1,0xFFC80C,1,0x00,0x01
1185,0x881CF0,0xA1518B,1,0xA1518B,1,0x00,0x01
1186,0x88DA82,0xFFC87E,2,0xFFC87E,2,0x0000,0x0004
1187,0x88DCA6,0xFFC87E,2,0xFFC87E,2,0x0004,0x0008
1188,0x88DE34,0xFFC87E,2,0xFFC87E,2,0x0008,0x0000
1188,0x881CE8,0xFFC80C,1,0xFFC80C,1,0x01,0x00
1188,0x881CFA,0xA1518B,1,0xA1518B,1,0x01,0x00
1189,0x88DA82,0xFFC87E,2,0xFFC87E,2,0x0000,0x0004
1190,0x88DCA6,0xFFC87E,2,0xFFC87E,2,0x0004,0x0008
1191,0x88DE34,0xFFC87E,2,0xFFC87E,2,0x0008,0x0000
1191,0x881CE8,0xFFC80C,1,0xFFC80C,1,0x00,0x01
1191,0x881CF0,0xA1518B,1,0xA1518B,1,0x00,0x03
1192,0x88DA82,0xFFC87E,2,0xFFC87E,2,0x0000,0x0004
1193,0x88DCA6,0xFFC87E,2,0xFFC87E,2,0x0004,0x0008
1194,0x88DE34,0xFFC87E,2,0xFFC87E,2,0x0008,0x0000
1194,0x881CE8,0xFFC80C,1,0xFFC80C,1,0x01,0x00
1194,0x881CFA,0xA1518B,1,0xA1518B,1,0x01,0x00
1195,0x88DA82,0xFFC87E,2,0xFFC87E,2,0x0000,0x0004
1196,0x88DCA6,0xFFC87E,2,0xFFC87E,2,0x0004,0x0008
1197,0x88DE34,0xFFC87E,2,0xFFC87E,2,0x0008,0x0000
1197,0x881CE8,0xFFC80C,1,0xFFC80C,1,0x00,0x01
1197,0x881CF0,0xA1518B,1,0xA1518B,1,0x00,0x03
1198,0x88DA82,0xFFC87E,2,0xFFC87E,2,0x0000,0x0004
1199,0x88DCA6,0xFFC87E,2,0xFFC87E,2,0x0004,0x0008
1200,0x88DE34,0xFFC87E,2,0xFFC87E,2,0x0008,0x0000
1200,0x881CE8,0xFFC80C,1,0xFFC80C,1,0x01,0x00
1200,0x881CFA,0xA1518B,1,0xA1518B,1,0x01,0x00
1201,0x88DA82,0xFFC87E,2,0xFFC87E,2,0x0000,0x0004
1202,0x88DCA6,0xFFC87E,2,0xFFC87E,2,0x0004,0x0008
1203,0x88DE8C,0xFFC87E,2,0xFFC87E,2,0x0008,0x0000
1203,0x881CE8,0xFFC80C,1,0xFFC80C,1,0x00,0x01
1203,0x881CF0,0xA1518B,1,0xA1518B,1,0x00,0x01
1204,0x88DA82,0xFFC87E,2,0xFFC87E,2,0x0000,0x0004
1205,0x88DCA6,0xFFC87E,2,0xFFC87E,2,0x0004,0x0008
1206,0x88DE8C,0xFFC87E,2,0xFFC87E,2,0x0008,0x0000
1206,0x881CE8,0xFFC80C,1,0xFFC80C,1,0x01,0x00
1206,0x881CFA,0xA1518B,1,0xA1518B,1,0x01,0x00
1207,0x88DA82,0xFFC87E,2,0xFFC87E,2,0x0000,0x0004
1208,0x88DCA6,0xFFC87E,2,0xFFC87E,2,0x0004,0x0008
1209,0x88DE8C,0xFFC87E,2,0xFFC87E,2,0x0008,0x0000
1209,0x881CE8,0xFFC80C,1,0xFFC80C,1,0x00,0x01
1209,0x881CF0,0xA1518B,1,0xA1518B,1,0x00,0x01
1210,0x88DA82,0xFFC87E,2,0xFFC87E,2,0x0000,0x0004
1211,0x88DCA6,0xFFC87E,2,0xFFC87E,2,0x0004,0x0008
1212,0x88DE8C,0xFFC87E,2,0xFFC87E,2,0x0008,0x0000
1212,0x881CE8,0xFFC80C,1,0xFFC80C,1,0x01,0x00
1212,0x881CFA,0xA1518B,1,0xA1518B,1,0x01,0x00
1212,0x88DA82,0xFFC87E,2,0xFFC87E,2,0x0000,0x0004
1214,0x88DCA6,0xFFC87E,2,0xFFC87E,2,0x0004,0x0008
1215,0x88DE8C,0xFFC87E,2,0xFFC87E,2,0x0008,0x0000
1215,0x881CE8,0xFFC80C,1,0xFFC80C,1,0x00,0x01
1215,0x881CF0,0xA1518B,1,0xA1518B,1,0x00,0x01
1216,0x88DA82,0xFFC87E,2,0xFFC87E,2,0x0000,0x0004
1217,0x88DCA6,0xFFC87E,2,0xFFC87E,2,0x0004,0x0008
1218,0x88DE8C,0xFFC87E,2,0xFFC87E,2,0x0008,0x0000
1218,0x881CE8,0xFFC80C,1,0xFFC80C,1,0x01,0x00
1218,0x881CFA,0xA1518B,1,0xA1518B,1,0x01,0x02
1219,0x88DA82,0xFFC87E,2,0xFFC87E,2,0x0000,0x0004
1220,0x88DCA6,0xFFC87E,2,0xFFC87E,2,0x0004,0x0008
1221,0x88DE8C,0xFFC87E,2,0xFFC87E,2,0x0008,0x0000
1221,0x881CE8,0xFFC80C,1,0xFFC80C,1,0x00,0x01
1221,0x881CF0,0xA1518B,1,0xA1518B,1,0x00,0x01
1222,0x88DA82,0xFFC87E,2,0xFFC87E,2,0x0000,0x0004
1223,0x88DCA6,0xFFC87E,2,0xFFC87E,2,0x0004,0x0008
1224,0x88DE8C,0xFFC87E,2,0xFFC87E,2,0x0008,0x0000
1224,0x881CE8,0xFFC80C,1,0xFFC80C,1,0x01,0x00
1224,0x881CFA,0xA1518B,1,0xA1518B,1,0x03,0x00
1225,0x88DA82,0xFFC87E,2,0xFFC87E,2,0x0000,0x0004
1226,0x88DCA6,0xFFC87E,2,0xFFC87E,2,0x0004,0x0008
1227,0x88DE8C,0xFFC87E,2,0xFFC87E,2,0x0008,0x0000
1227,0x881CE8,0xFFC80C,1,0xFFC80C,1,0x00,0x01
1227,0x881CF0,0xA1518B,1,0xA1518B,1,0x02,0x01
1228,0x88DA82,0xFFC87E,2,0xFFC87E,2,0x0000,0x0004
1229,0x88DCA6,0xFFC87E,2,0xFFC87E,2,0x0004,0x0008
1230,0x88DE8C,0xFFC87E,2,0xFFC87E,2,0x0008,0x0000
1230,0x881CE8,0xFFC80C,1,0xFFC80C,1,0x01,0x00
1230,0x881CFA,0xA1518B,1,0xA1518B,1,0x01,0x00
1231,0x88DA82,0xFFC87E,2,0xFFC87E,2,0x0000,0x0004
1232,0x88DCA6,0xFFC87E,2,0xFFC87E,2,0x0004,0x0008
1233,0x88DE84,0xFFC87E,2,0xFFC87E,2,0x0008,0x000C
1233,0x881CE8,0xFFC80C,1,0xFFC80C,1,0x00,0x01
1233,0x881CF0,0xA1518B,1,0xA1518B,1,0x00,0x01
1234,0x88E006,0xFFC87E,2,0xFFC87E,2,0x000C,0x0010
1234,0x881CE8,0xFFC80C,1,0xFFC80C,1,0x01,0x00
1234,0x881CFA,0xA1518B,1,0xA1518B,1,0x01,0x00
1235,0x88E066,0xFFC87E,2,0xFFC87E,2,0x0010,0x0000
1235,0x88E06C,0xFF0002,4,0xFF0002,4,0x0088D864,0x0088E5CE
1235,0x88E0B6,0xFF0002,4,0xFF0002,4,0x0088E5CE,0x00884D98
1235,0x88E0D4,0xFF0002,4,0xFF0002,4,0x00884D98,0x0089CB00
1235,0x881CE8,0xFFC80C,1,0xFFC80C,1,0x00,0x01
1235,0x881CF0,0xA1518B,1,0xA1518B,1,0x02,0x01
1235,0x89CB02,0xFF7B40,1,0xFF7B40,1,0x00,0x00
1236,0x88272A,0xA1518B,1,0xA1518B,1,0x01,0x00
1236,0x882736,0xA1518B,1,0xA1518B,1,0x00,0x00
1253,0x884B96,0xFFC87E,2,0xFFC87E,2,0x0000,0x0000
1255,0x884C6A,0xFF0002,4,0xFF0002,4,0x0089CB00,0x00884CBC
1257,0x884CF2,0xFFC87E,2,0xFFC87E,2,0x0000,0x0004
1257,0x884D0C,0xFFC87E,2,0xFFC87E,2,0x0004,0x0008
1259,0x01C8E0,0xFF7B40,1,0xFF7B40,1,0x00,0x01
1259,0x004D6A,0xFFC87E,2,0xFFC87E,2,0x0008,0x000C
1259,0x89C414,0xFFC87E,2,0xFFC87E,2,0x000C,0x0000
1259,0x89C42C,0xFFC80C,1,0xFFC80C,1,0x01,0x00
1259,0x89C43E,0xA1518B,1,0xA1518B,1,0x00,0x00
1260,0x884CF2,0xFFC87E,2,0xFFC87E,2,0x0000,0x0004
1260,0x884D0C,0xFFC87E,2,0xFFC87E,2,0x0004,0x0008
1262,0x01C95A,0xFF7B40,1,0xFF7B40,1,0x01,0x02
1262,0x004D6A,0xFFC87E,2,0xFFC87E,2,0x0008,0x000C
1262,0x89C414,0xFFC87E,2,0xFFC87E,2,0x000C,0x0000
1262,0x89C42C,0xFFC80C,1,0xFFC80C,1,0x00,0x01
1262,0x89C434,0xA1518B,1,0xA1518B,1,0x00,0x03
1263,0x884CF2,0xFFC87E,2,0xFFC87E,2,0x0000,0x0004
1263,0x884D0C,0xFFC87E,2,0xFFC87E,2,0x0004,0x0008
1265,0x004D6A,0xFFC87E,2,0xFFC87E,2,0x0008,0x000C
1265,0x89C414,0xFFC87E,2,0xFFC87E,2,0x000C,0x0000
1265,0x89C42C,0xFFC80C,1,0xFFC80C,1,0x01,0x00
1265,0x89C43E,0xA1518B,1,0xA1518B,1,0x01,0x00
1266,0x884CF2,0xFFC87E,2,0xFFC87E,2,0x0000,0x0004
1266,0x884D0C,0xFFC87E,2,0xFFC87E,2,0x0004,0x0008
1268,0x004D6A,0xFFC87E,2,0xFFC87E,2,0x0008,0x000C
1268,0x89C414,0xFFC87E,2,0xFFC87E,2,0x000C,0x0000
1268,0x89C42C,0xFFC80C,1,0xFFC80C,1,0x00,0x01
1268,0x89C434,0xA1518B,1,0xA1518B,1,0x00,0x01
1269,0x884CF2,0xFFC87E,2,0xFFC87E,2,0x0000,0x0004
1269,0x884D0C,0xFFC87E,2,0xFFC87E,2,0x0004,0x0008
1271,0x004D6A,0xFFC87E,2,0xFFC87E,2,0x0008,0x000C
1271,0x89C414,0xFFC87E,2,0xFFC87E,2,0x000C,0x0000
1271,0x89C42C,0xFFC80C,1,0xFFC80C,1,0x01,0x00
1271,0x89C43E,0xA1518B,1,0xA1518B,1,0x01,0x00
1272,0x884CF2,0xFFC87E,2,0xFFC87E,2,0x0000,0x0004
1272,0x884D0C,0xFFC87E,2,0xFFC87E,2,0x0004,0x0008
1274,0x004D6A,0xFFC87E,2,0xFFC87E,2,0x0008,0x000C
1274,0x89C414,0xFFC87E,2,0xFFC87E,2,0x000C,0x0000
1274,0x89C42C,0xFFC80C,1,0xFFC80C,1,0x00,0x01
1274,0x89C434,0xA1518B,1,0xA1518B,1,0x00,0x01
1275,0x884CF2,0xFFC87E,2,0xFFC87E,2,0x0000,0x0004
1275,0x884D0C,0xFFC87E,2,0xFFC87E,2,0x0004,0x0008
1277,0x004D6A,0xFFC87E,2,0xFFC87E,2,0x0008,0x000C
1277,0x89C414,0xFFC87E,2,0xFFC87E,2,0x000C,0x0000
1277,0x89C42C,0xFFC80C,1,0xFFC80C,1,0x01,0x00
1277,0x89C43E,0xA1518B,1,0xA1518B,1,0x01,0x02
1278,0x884CF2,0xFFC87E,2,0xFFC87E,2,0x0000,0x0004
1278,0x884D0C,0xFFC87E,2,0xFFC87E,2,0x0004,0x0008
1280,0x004D6A,0xFFC87E,2,0xFFC87E,2,0x0008,0x000C
1280,0x89C414,0xFFC87E,2,0xFFC87E,2,0x000C,0x0000
1280,0x89C42C,0xFFC80C,1,0xFFC80C,1,0x00,0x01
1280,0x89C434,0xA1518B,1,0xA1518B,1,0x00,0x03
1281,0x884CF2,0xFFC87E,2,0xFFC87E,2,0x0000,0x0004
1281,0x884D0C,0xFFC87E,2,0xFFC87E,2,0x0004,0x0008
1283,0x004D6A,0xFFC87E,2,0xFFC87E,2,0x0008,0x000C
1283,0x89C414,0xFFC87E,2,0xFFC87E,2,0x000C,0x0000
1283,0x89C42C,0xFFC80C,1,0xFFC80C,1,0x01,0x00
1283,0x89C43E,0xA1518B,1,0xA1518B,1,0x01,0x02
1284,0x884CF2,0xFFC87E,2,0xFFC87E,2,0x0000,0x0004
1284,0x884D0C,0xFFC87E,2,0xFFC87E,2,0x0004,0x0008
1286,0x004D6A,0xFFC87E,2,0xFFC87E,2,0x0008,0x000C
1286,0x89C414,0xFFC87E,2,0xFFC87E,2,0x000C,0x0000
1286,0x89C42C,0xFFC80C,1,0xFFC80C,1,0x00,0x01
1286,0x89C434,0xA1518B,1,0xA1518B,1,0x00,0x03
1287,0x884CF2,0xFFC87E,2,0xFFC87E,2,0x0000,0x0004
1287,0x884D0C,0xFFC87E,2,0xFFC87E,2,0x0004,0x0008
1289,0x004D6A,0xFFC87E,2,0xFFC87E,2,0x0008,0x000C
1289,0x89C414,0xFFC87E,2,0xFFC87E,2,0x000C,0x0000
1289,0x89C42C,0xFFC80C,1,0xFFC80C,1,0x01,0x00
1289,0x89C43E,0xA1518B,1,0xA1518B,1,0x01,0x00
1290,0x884CF2,0xFFC87E,2,0xFFC87E,2,0x0000,0x0004
1290,0x884D0C,0xFFC87E,2,0xFFC87E,2,0x0004,0x0008
1292,0x004D6A,0xFFC87E,2,0xFFC87E,2,0x0008,0x000C
1292,0x89C414,0xFFC87E,2,0xFFC87E,2,0x000C,0x0000
1292,0x89C42C,0xFFC80C,1,0xFFC80C,1,0x00,0x01
1292,0x89C434,0xA1518B,1,0xA1518B,1,0x00,0x01
1293,0x884CF2,0xFFC87E,2,0xFFC87E,2,0x0000,0x0004
1293,0x884D0C,0xFFC87E,2,0xFFC87E,2,0x0004,0x0008
1295,0x004D6A,0xFFC87E,2,0xFFC87E,2,0x0008,0x000C
1295,0x89C414,0xFFC87E,2,0xFFC87E,2,0x000C,0x0000
1295,0x89C42C,0xFFC80C,1,0xFFC80C,1,0x01,0x00
1295,0x89C43E,0xA1518B,1,0xA1518B,1,0x01,0x00
1296,0x884CF2,0xFFC87E,2,0xFFC87E,2,0x0000,0x0004
1296,0x884D0C,0xFFC87E,2,0xFFC87E,2,0x0004,0x0008
1298,0x004D6A,0xFFC87E,2,0xFFC87E,2,0x0008,0x000C
1298,0x89C414,0xFFC87E,2,0xFFC87E,2,0x000C,0x0000
1298,0x89C42C,0xFFC80C,1,0xFFC80C,1,0x00,0x01
1298,0x89C434,0xA1518B,1,0xA1518B,1,0x00,0x01
1299,0x884CF2,0xFFC87E,2,0xFFC87E,2,0x0000,0x0004
1299,0x884D0C,0xFFC87E,2,0xFFC87E,2,0x0004,0x0008
1301,0x004D6A,0xFFC87E,2,0xFFC87E,2,0x0008,0x000C
1301,0x89C414,0xFFC87E,2,0xFFC87E,2,0x000C,0x0000
1301,0x89C42C,0xFFC80C,1,0xFFC80C,1,0x01,0x00
1301,0x89C43E,0xA1518B,1,0xA1518B,1,0x01,0x00
1302,0x884CF2,0xFFC87E,2,0xFFC87E,2,0x0000,0x0004
1302,0x884D0C,0xFFC87E,2,0xFFC87E,2,0x0004,0x0008
1304,0x004D6A,0xFFC87E,2,0xFFC87E,2,0x0008,0x000C
1304,0x89C414,0xFFC87E,2,0xFFC87E,2,0x000C,0x0000
1304,0x89C42C,0xFFC80C,1,0xFFC80C,1,0x00,0x01
1304,0x89C434,0xA1518B,1,0xA1518B,1,0x00,0x01
1305,0x884CF2,0xFFC87E,2,0xFFC87E,2,0x0000,0x0004
1305,0x884D0C,0xFFC87E,2,0xFFC87E,2,0x0004,0x0008
1307,0x004D6A,0xFFC87E,2,0xFFC87E,2,0x0008,0x000C
1307,0x89C414,0xFFC87E,2,0xFFC87E,2,0x000C,0x0000
1307,0x89C42C,0xFFC80C,1,0xFFC80C,1,0x01,0x00
1307,0x89C43E,0xA1518B,1,0xA1518B,1,0x01,0x00
1308,0x884CF2,0xFFC87E,2,0xFFC87E,2,0x0000,0x0004
1308,0x884D0C,0xFFC87E,2,0xFFC87E,2,0x0004,0x0008
1310,0x004D6A,0xFFC87E,2,0xFFC87E,2,0x0008,0x000C
1310,0x89C414,0xFFC87E,2,0xFFC87E,2,0x000C,0x0000
1310,0x89C42C,0xFFC80C,1,0xFFC80C,1,0x00,0x01
1310,0x89C434,0xA1518B,1,0xA1518B,1,0x00,0x01
1311,0x884CF2,0xFFC87E,2,0xFFC87E,2,0x0000,0x0004
1311,0x884D0C,0xFFC87E,2,0xFFC87E,2,0x0004,0x0008
1313,0x004D6A,0xFFC87E,2,0xFFC87E,2,0x0008,0x000C
1313,0x89C414,0xFFC87E,2,0xFFC87E,2,0x000C,0x0000
1313,0x89C42C,0xFFC80C,1,0xFFC80C,1,0x01,0x00
1313,0x89C43E,0xA1518B,1,0xA1518B,1,0x01,0x00
1314,0x884CF2,0xFFC87E,2,0xFFC87E,2,0x0000,0x0004
1314,0x884D0C,0xFFC87E,2,0xFFC87E,2,0x0004,0x0008
1316,0x004D6A,0xFFC87E,2,0xFFC87E,2,0x0008,0x000C
1316,0x89C414,0xFFC87E,2,0xFFC87E,2,0x000C,0x0000
1316,0x89C42C,0xFFC80C,1,0xFFC80C,1,0x00,0x01
1316,0x89C434,0xA1518B,1,0xA1518B,1,0x00,0x03
1317,0x884CF2,0xFFC87E,2,0xFFC87E,2,0x0000,0x0004
1318,0x884D0C,0xFFC87E,2,0xFFC87E,2,0x0004,0x0008
1319,0x004D6A,0xFFC87E,2,0xFFC87E,2,0x0008,0x000C
1319,0x89C414,0xFFC87E,2,0xFFC87E,2,0x000C,0x0000
1319,0x89C42C,0xFFC80C,1,0xFFC80C,1,0x01,0x00
1319,0x89C43E,0xA1518B,1,0xA1518B,1,0x01,0x02
1320,0x884CF2,0xFFC87E,2,0xFFC87E,2,0x0000,0x0004
1321,0x884D0C,0xFFC87E,2,0xFFC87E,2,0x0004,0x0008
1322,0x004D6A,0xFFC87E,2,0xFFC87E,2,0x0008,0x000C
1322,0x89C414,0xFFC87E,2,0xFFC87E,2,0x000C,0x0000
1322,0x89C42C,0xFFC80C,1,0xFFC80C,1,0x00,0x01
1322,0x89C434,0xA1518B,1,0xA1518B,1,0x00,0x03
1323,0x884CF2,0xFFC87E,2,0xFFC87E,2,0x0000,0x0004
1324,0x884D0C,0xFFC87E,2,0xFFC87E,2,0x0004,0x0008
1325,0x004D6A,0xFFC87E,2,0xFFC87E,2,0x0008,0x000C
1325,0x89C414,0xFFC87E,2,0xFFC87E,2,0x000C,0x0000
1325,0x89C42C,0xFFC80C,1,0xFFC80C,1,0x01,0x00
1325,0x89C43E,0xA1518B,1,0xA1518B,1,0x01,0x02
1326,0x884CF2,0xFFC87E,2,0xFFC87E,2,0x0000,0x0004
1327,0x884D0C,0xFFC87E,2,0xFFC87E,2,0x0004,0x0008
1328,0x004D6A,0xFFC87E,2,0xFFC87E,2,0x0008,0x000C
1328,0x89C414,0xFFC87E,2,0xFFC87E,2,0x000C,0x0000
1328,0x89C42C,0xFFC80C,1,0xFFC80C,1,0x00,0x01
1328,0x89C434,0xA1518B,1,0xA1518B,1,0x00,0x01
1329,0x884CF2,0xFFC87E,2,0xFFC87E,2,0x0000,0x0004
1330,0x884D0C,0xFFC87E,2,0xFFC87E,2,0x0004,0x0008
1331,0x004D6A,0xFFC87E,2,0xFFC87E,2,0x0008,0x000C
1331,0x89C414,0xFFC87E,2,0xFFC87E,2,0x000C,0x0000
1331,0x89C42C,0xFFC80C,1,0xFFC80C,1,0x01,0x00
1331,0x89C43E,0xA1518B,1,0xA1518B,1,0x01,0x00
1332,0x884CF2,0xFFC87E,2,0xFFC87E,2,0x0000,0x0004
1333,0x884D0C,0xFFC87E,2,0xFFC87E,2,0x0004,0x0008
1334,0x004D6A,0xFFC87E,2,0xFFC87E,2,0x0008,0x000C
1334,0x89C414,0xFFC87E,2,0xFFC87E,2,0x000C,0x0000
1334,0x89C42C,0xFFC80C,1,0xFFC80C,1,0x00,0x01
1334,0x89C434,0xA1518B,1,0xA1518B,1,0x00,0x01
1335,0x884CF2,0xFFC87E,2,0xFFC87E,2,0x0000,0x0004
1336,0x884D0C,0xFFC87E,2,0xFFC87E,2,0x0004,0x0008
1337,0x004D6A,0xFFC87E,2,0xFFC87E,2,0x0008,0x000C
1337,0x89C414,0xFFC87E,2,0xFFC87E,2,0x000C,0x0000
1337,0x89C42C,0xFFC80C,1,0xFFC80C,1,0x01,0x00
1337,0x89C43E,0xA1518B,1,0xA1518B,1,0x01,0x00
1338,0x884CF2,0xFFC87E,2,0xFFC87E,2,0x0000,0x0004
1339,0x884D0C,0xFFC87E,2,0xFFC87E,2,0x0004,0x0008
# COMPLETE frames=1340 events=2047 errors=0
