# VRD_WRITE_TRACE version=3 sh2_drc=0 profile_pc=0 profile_pc_env=0 m68k_batching=normal instruction_start_hook=1 composed=1 caller_addr=0x00884CBC caller_max=0 targets=3
# TARGET index=0 addr=0xFFC87E size=2
# TARGET index=1 addr=0xFF0002 size=4
# TARGET index=2 addr=0xFF7B40 size=1
frame,pc,target_addr,target_size,access_addr,access_size,old_value,new_value
1,0x0004A8,0xFF0002,4,0xFF0000,4,0x00000000,0x00010000
1,0x0004AA,0xFF0002,4,0xFF0004,4,0x00010000,0x00015101
1,0x8806C8,0xFF0002,4,0xFF0000,4,0x00015101,0x00005101
1,0x8806CA,0xFF0002,4,0xFF0004,4,0x00005101,0x00000000
2,0x8806C8,0xFF7B40,1,0xFF7B40,4,0x00,0x00
2,0x8806D6,0xFFC87E,2,0xFFC87C,4,0x0000,0x0000
10,0x880DBC,0xFF7B40,1,0xFF7B40,4,0x00,0x00
11,0x880DBC,0xFFC87E,2,0xFFC87C,4,0x0000,0x0000
13,0x880FDE,0xFF0002,4,0xFF0002,2,0x00000000,0x00890000
13,0x880FDE,0xFF0002,4,0xFF0004,2,0x00890000,0x00894262
13,0x880C38,0xFF0002,4,0xFF0002,4,0x00894262,0x00894262
14,0x89435E,0xFFC87E,2,0xFFC87E,2,0x0000,0x0000
14,0x8943BA,0xFF0002,4,0xFF0002,4,0x00894262,0x008943C6
16,0x8943EC,0xFFC87E,2,0xFFC87E,2,0x0000,0x0004
16,0x8943FA,0xFFC87E,2,0xFFC87E,2,0x0004,0x0008
18,0x881E60,0xFFC87E,2,0xFFC87E,2,0x0008,0x0000
19,0x8943EC,0xFFC87E,2,0xFFC87E,2,0x0000,0x0004
19,0x8943FA,0xFFC87E,2,0xFFC87E,2,0x0004,0x0008
21,0x881E60,0xFFC87E,2,0xFFC87E,2,0x0008,0x0000
22,0x8943EC,0xFFC87E,2,0xFFC87E,2,0x0000,0x0004
22,0x8943FA,0xFFC87E,2,0xFFC87E,2,0x0004,0x0008
24,0x881E60,0xFFC87E,2,0xFFC87E,2,0x0008,0x0000
25,0x8943EC,0xFFC87E,2,0xFFC87E,2,0x0000,0x0004
25,0x8943FA,0xFFC87E,2,0xFFC87E,2,0x0004,0x0008
27,0x881E60,0xFFC87E,2,0xFFC87E,2,0x0008,0x0000
28,0x8943EC,0xFFC87E,2,0xFFC87E,2,0x0000,0x0004
28,0x8943FA,0xFFC87E,2,0xFFC87E,2,0x0004,0x0008
30,0x881E60,0xFFC87E,2,0xFFC87E,2,0x0008,0x0000
31,0x8943EC,0xFFC87E,2,0xFFC87E,2,0x0000,0x0004
31,0x8943FA,0xFFC87E,2,0xFFC87E,2,0x0004,0x0008
33,0x881E60,0xFFC87E,2,0xFFC87E,2,0x0008,0x0000
34,0x8943EC,0xFFC87E,2,0xFFC87E,2,0x0000,0x0004
34,0x8943FA,0xFFC87E,2,0xFFC87E,2,0x0004,0x0008
36,0x881E60,0xFFC87E,2,0xFFC87E,2,0x0008,0x0000
37,0x8943EC,0xFFC87E,2,0xFFC87E,2,0x0000,0x0004
37,0x8943FA,0xFFC87E,2,0xFFC87E,2,0x0004,0x0008
39,0x881E60,0xFFC87E,2,0xFFC87E,2,0x0008,0x0000
40,0x8943EC,0xFFC87E,2,0xFFC87E,2,0x0000,0x0004
40,0x8943FA,0xFFC87E,2,0xFFC87E,2,0x0004,0x0008
42,0x881E60,0xFFC87E,2,0xFFC87E,2,0x0008,0x0000
43,0x8943EC,0xFFC87E,2,0xFFC87E,2,0x0000,0x0004
43,0x8943FA,0xFFC87E,2,0xFFC87E,2,0x0004,0x0008
45,0x881E60,0xFFC87E,2,0xFFC87E,2,0x0008,0x0000
46,0x8943EC,0xFFC87E,2,0xFFC87E,2,0x0000,0x0004
46,0x8943FA,0xFFC87E,2,0xFFC87E,2,0x0004,0x0008
48,0x881E60,0xFFC87E,2,0xFFC87E,2,0x0008,0x0000
49,0x8943EC,0xFFC87E,2,0xFFC87E,2,0x0000,0x0004
49,0x8943FA,0xFFC87E,2,0xFFC87E,2,0x0004,0x0008
51,0x881E60,0xFFC87E,2,0xFFC87E,2,0x0008,0x0000
52,0x8943EC,0xFFC87E,2,0xFFC87E,2,0x0000,0x0004
52,0x8943FA,0xFFC87E,2,0xFFC87E,2,0x0004,0x0008
54,0x881E60,0xFFC87E,2,0xFFC87E,2,0x0008,0x0000
55,0x8943EC,0xFFC87E,2,0xFFC87E,2,0x0000,0x0004
55,0x8943FA,0xFFC87E,2,0xFFC87E,2,0x0004,0x0008
57,0x881E60,0xFFC87E,2,0xFFC87E,2,0x0008,0x0000
58,0x8943EC,0xFFC87E,2,0xFFC87E,2,0x0000,0x0004
58,0x8943FA,0xFFC87E,2,0xFFC87E,2,0x0004,0x0008
60,0x881E60,0xFFC87E,2,0xFFC87E,2,0x0008,0x0000
61,0x8943EC,0xFFC87E,2,0xFFC87E,2,0x0000,0x0004
61,0x8943FA,0xFFC87E,2,0xFFC87E,2,0x0004,0x0008
63,0x881E60,0xFFC87E,2,0xFFC87E,2,0x0008,0x0000
64,0x8943EC,0xFFC87E,2,0xFFC87E,2,0x0000,0x0004
64,0x8943FA,0xFFC87E,2,0xFFC87E,2,0x0004,0x0008
66,0x881E60,0xFFC87E,2,0xFFC87E,2,0x0008,0x0000
67,0x8943EC,0xFFC87E,2,0xFFC87E,2,0x0000,0x0004
67,0x8943FA,0xFFC87E,2,0xFFC87E,2,0x0004,0x0008
69,0x881E60,0xFFC87E,2,0xFFC87E,2,0x0008,0x0000
70,0x8943EC,0xFFC87E,2,0xFFC87E,2,0x0000,0x0004
70,0x8943FA,0xFFC87E,2,0xFFC87E,2,0x0004,0x0008
72,0x881E60,0xFFC87E,2,0xFFC87E,2,0x0008,0x0000
73,0x8943EC,0xFFC87E,2,0xFFC87E,2,0x0000,0x0004
73,0x8943FA,0xFFC87E,2,0xFFC87E,2,0x0004,0x0008
75,0x881E60,0xFFC87E,2,0xFFC87E,2,0x0008,0x0000
76,0x8943EC,0xFFC87E,2,0xFFC87E,2,0x0000,0x0004
76,0x8943FA,0xFFC87E,2,0xFFC87E,2,0x0004,0x0008
78,0x881E60,0xFFC87E,2,0xFFC87E,2,0x0008,0x0000
79,0x8943EC,0xFFC87E,2,0xFFC87E,2,0x0000,0x0004
79,0x8943FA,0xFFC87E,2,0xFFC87E,2,0x0004,0x0008
81,0x881E60,0xFFC87E,2,0xFFC87E,2,0x0008,0x0000
82,0x8943EC,0xFFC87E,2,0xFFC87E,2,0x0000,0x0004
82,0x8943FA,0xFFC87E,2,0xFFC87E,2,0x0004,0x0008
84,0x881E60,0xFFC87E,2,0xFFC87E,2,0x0008,0x0000
85,0x8943EC,0xFFC87E,2,0xFFC87E,2,0x0000,0x0004
85,0x8943FA,0xFFC87E,2,0xFFC87E,2,0x0004,0x0008
87,0x881E60,0xFFC87E,2,0xFFC87E,2,0x0008,0x0000
88,0x8943EC,0xFFC87E,2,0xFFC87E,2,0x0000,0x0004
88,0x8943FA,0xFFC87E,2,0xFFC87E,2,0x0004,0x0008
90,0x881E60,0xFFC87E,2,0xFFC87E,2,0x0008,0x0000
91,0x8943EC,0xFFC87E,2,0xFFC87E,2,0x0000,0x0004
91,0x8943FA,0xFFC87E,2,0xFFC87E,2,0x0004,0x0008
93,0x881E60,0xFFC87E,2,0xFFC87E,2,0x0008,0x0000
94,0x8943EC,0xFFC87E,2,0xFFC87E,2,0x0000,0x0004
94,0x8943FA,0xFFC87E,2,0xFFC87E,2,0x0004,0x0008
96,0x881E60,0xFFC87E,2,0xFFC87E,2,0x0008,0x0000
97,0x8943EC,0xFFC87E,2,0xFFC87E,2,0x0000,0x0004
97,0x8943FA,0xFFC87E,2,0xFFC87E,2,0x0004,0x0008
99,0x881E60,0xFFC87E,2,0xFFC87E,2,0x0008,0x0000
100,0x8943EC,0xFFC87E,2,0xFFC87E,2,0x0000,0x0004
100,0x8943FA,0xFFC87E,2,0xFFC87E,2,0x0004,0x0008
102,0x881E60,0xFFC87E,2,0xFFC87E,2,0x0008,0x0000
103,0x8943EC,0xFFC87E,2,0xFFC87E,2,0x0000,0x0004
103,0x8943FA,0xFFC87E,2,0xFFC87E,2,0x0004,0x0008
105,0x881E60,0xFFC87E,2,0xFFC87E,2,0x0008,0x0000
106,0x8943EC,0xFFC87E,2,0xFFC87E,2,0x0000,0x0004
106,0x8943FA,0xFFC87E,2,0xFFC87E,2,0x0004,0x0008
108,0x881E60,0xFFC87E,2,0xFFC87E,2,0x0008,0x0000
109,0x8943EC,0xFFC87E,2,0xFFC87E,2,0x0000,0x0004
109,0x8943FA,0xFFC87E,2,0xFFC87E,2,0x0004,0x0008
111,0x881E60,0xFFC87E,2,0xFFC87E,2,0x0008,0x0000
112,0x8943EC,0xFFC87E,2,0xFFC87E,2,0x0000,0x0004
112,0x8943FA,0xFFC87E,2,0xFFC87E,2,0x0004,0x0008
114,0x881E60,0xFFC87E,2,0xFFC87E,2,0x0008,0x0000
115,0x8943EC,0xFFC87E,2,0xFFC87E,2,0x0000,0x0004
115,0x8943FA,0xFFC87E,2,0xFFC87E,2,0x0004,0x0008
117,0x881E60,0xFFC87E,2,0xFFC87E,2,0x0008,0x0000
118,0x8943EC,0xFFC87E,2,0xFFC87E,2,0x0000,0x0004
118,0x8943FA,0xFFC87E,2,0xFFC87E,2,0x0004,0x0008
120,0x881E60,0xFFC87E,2,0xFFC87E,2,0x0008,0x0000
121,0x8943EC,0xFFC87E,2,0xFFC87E,2,0x0000,0x0004
121,0x8943FA,0xFFC87E,2,0xFFC87E,2,0x0004,0x0008
123,0x881E60,0xFFC87E,2,0xFFC87E,2,0x0008,0x0000
124,0x8943EC,0xFFC87E,2,0xFFC87E,2,0x0000,0x0004
124,0x8943FA,0xFFC87E,2,0xFFC87E,2,0x0004,0x0008
126,0x881E60,0xFFC87E,2,0xFFC87E,2,0x0008,0x0000
127,0x8943EC,0xFFC87E,2,0xFFC87E,2,0x0000,0x0004
127,0x8943FA,0xFFC87E,2,0xFFC87E,2,0x0004,0x0008
129,0x881E60,0xFFC87E,2,0xFFC87E,2,0x0008,0x0000
130,0x8943EC,0xFFC87E,2,0xFFC87E,2,0x0000,0x0004
130,0x8943FA,0xFFC87E,2,0xFFC87E,2,0x0004,0x0008
132,0x881E60,0xFFC87E,2,0xFFC87E,2,0x0008,0x0000
133,0x8943EC,0xFFC87E,2,0xFFC87E,2,0x0000,0x0004
133,0x8943FA,0xFFC87E,2,0xFFC87E,2,0x0004,0x0008
135,0x881E60,0xFFC87E,2,0xFFC87E,2,0x0008,0x0000
136,0x8943EC,0xFFC87E,2,0xFFC87E,2,0x0000,0x0004
136,0x8943FA,0xFFC87E,2,0xFFC87E,2,0x0004,0x0008
138,0x881E60,0xFFC87E,2,0xFFC87E,2,0x0008,0x0000
139,0x8943EC,0xFFC87E,2,0xFFC87E,2,0x0000,0x0004
139,0x8943FA,0xFFC87E,2,0xFFC87E,2,0x0004,0x0008
141,0x881E60,0xFFC87E,2,0xFFC87E,2,0x0008,0x0000
142,0x8943EC,0xFFC87E,2,0xFFC87E,2,0x0000,0x0004
142,0x8943FA,0xFFC87E,2,0xFFC87E,2,0x0004,0x0008
144,0x881E60,0xFFC87E,2,0xFFC87E,2,0x0008,0x0000
145,0x8943EC,0xFFC87E,2,0xFFC87E,2,0x0000,0x0004
145,0x8943FA,0xFFC87E,2,0xFFC87E,2,0x0004,0x0008
147,0x881E60,0xFFC87E,2,0xFFC87E,2,0x0008,0x0000
148,0x8943EC,0xFFC87E,2,0xFFC87E,2,0x0000,0x0004
148,0x8943FA,0xFFC87E,2,0xFFC87E,2,0x0004,0x0008
150,0x881E60,0xFFC87E,2,0xFFC87E,2,0x0008,0x0000
151,0x8943EC,0xFFC87E,2,0xFFC87E,2,0x0000,0x0004
151,0x8943FA,0xFFC87E,2,0xFFC87E,2,0x0004,0x0008
153,0x881E60,0xFFC87E,2,0xFFC87E,2,0x0008,0x0000
154,0x8943EC,0xFFC87E,2,0xFFC87E,2,0x0000,0x0004
154,0x8943FA,0xFFC87E,2,0xFFC87E,2,0x0004,0x0008
156,0x881E60,0xFFC87E,2,0xFFC87E,2,0x0008,0x0000
157,0x8943EC,0xFFC87E,2,0xFFC87E,2,0x0000,0x0004
157,0x8943FA,0xFFC87E,2,0xFFC87E,2,0x0004,0x0008
159,0x881E60,0xFFC87E,2,0xFFC87E,2,0x0008,0x0000
160,0x8943EC,0xFFC87E,2,0xFFC87E,2,0x0000,0x0004
160,0x8943FA,0xFFC87E,2,0xFFC87E,2,0x0004,0x0008
162,0x881E60,0xFFC87E,2,0xFFC87E,2,0x0008,0x0000
163,0x8943EC,0xFFC87E,2,0xFFC87E,2,0x0000,0x0004
163,0x8943FA,0xFFC87E,2,0xFFC87E,2,0x0004,0x0008
165,0x881E60,0xFFC87E,2,0xFFC87E,2,0x0008,0x0000
166,0x8943EC,0xFFC87E,2,0xFFC87E,2,0x0000,0x0004
166,0x8943FA,0xFFC87E,2,0xFFC87E,2,0x0004,0x0008
168,0x881E60,0xFFC87E,2,0xFFC87E,2,0x0008,0x0000
169,0x8943EC,0xFFC87E,2,0xFFC87E,2,0x0000,0x0004
169,0x8943FA,0xFFC87E,2,0xFFC87E,2,0x0004,0x0008
171,0x881E60,0xFFC87E,2,0xFFC87E,2,0x0008,0x0000
172,0x8943EC,0xFFC87E,2,0xFFC87E,2,0x0000,0x0004
172,0x8943FA,0xFFC87E,2,0xFFC87E,2,0x0004,0x0008
174,0x881E60,0xFFC87E,2,0xFFC87E,2,0x0008,0x0000
175,0x8943EC,0xFFC87E,2,0xFFC87E,2,0x0000,0x0004
175,0x8943FA,0xFFC87E,2,0xFFC87E,2,0x0004,0x0008
177,0x881E60,0xFFC87E,2,0xFFC87E,2,0x0008,0x0000
178,0x8943EC,0xFFC87E,2,0xFFC87E,2,0x0000,0x0004
178,0x8943FA,0xFFC87E,2,0xFFC87E,2,0x0004,0x0008
180,0x881E60,0xFFC87E,2,0xFFC87E,2,0x0008,0x0000
181,0x8943EC,0xFFC87E,2,0xFFC87E,2,0x0000,0x0004
181,0x8943FA,0xFFC87E,2,0xFFC87E,2,0x0004,0x0008
183,0x881E60,0xFFC87E,2,0xFFC87E,2,0x0008,0x0000
184,0x8943EC,0xFFC87E,2,0xFFC87E,2,0x0000,0x0004
184,0x8943FA,0xFFC87E,2,0xFFC87E,2,0x0004,0x0008
186,0x881E60,0xFFC87E,2,0xFFC87E,2,0x0008,0x0000
187,0x8943EC,0xFFC87E,2,0xFFC87E,2,0x0000,0x0004
187,0x8943FA,0xFFC87E,2,0xFFC87E,2,0x0004,0x0008
189,0x881E60,0xFFC87E,2,0xFFC87E,2,0x0008,0x0000
190,0x8943EC,0xFFC87E,2,0xFFC87E,2,0x0000,0x0004
190,0x8943FA,0xFFC87E,2,0xFFC87E,2,0x0004,0x0008
192,0x881E60,0xFFC87E,2,0xFFC87E,2,0x0008,0x0000
193,0x8943EC,0xFFC87E,2,0xFFC87E,2,0x0000,0x0004
193,0x8943FA,0xFFC87E,2,0xFFC87E,2,0x0004,0x0008
195,0x881E60,0xFFC87E,2,0xFFC87E,2,0x0008,0x0000
196,0x8943EC,0xFFC87E,2,0xFFC87E,2,0x0000,0x0004
196,0x8943FA,0xFFC87E,2,0xFFC87E,2,0x0004,0x0008
198,0x881E60,0xFFC87E,2,0xFFC87E,2,0x0008,0x0000
199,0x8943EC,0xFFC87E,2,0xFFC87E,2,0x0000,0x0004
199,0x8943FA,0xFFC87E,2,0xFFC87E,2,0x0004,0x0008
201,0x881E60,0xFFC87E,2,0xFFC87E,2,0x0008,0x0000
202,0x8943EC,0xFFC87E,2,0xFFC87E,2,0x0000,0x0004
202,0x8943FA,0xFFC87E,2,0xFFC87E,2,0x0004,0x0008
204,0x881E60,0xFFC87E,2,0xFFC87E,2,0x0008,0x0000
205,0x8943EC,0xFFC87E,2,0xFFC87E,2,0x0000,0x0004
205,0x8943FA,0xFFC87E,2,0xFFC87E,2,0x0004,0x0008
207,0x881E60,0xFFC87E,2,0xFFC87E,2,0x0008,0x0000
208,0x8943EC,0xFFC87E,2,0xFFC87E,2,0x0000,0x0004
208,0x8943FA,0xFFC87E,2,0xFFC87E,2,0x0004,0x0008
210,0x881E60,0xFFC87E,2,0xFFC87E,2,0x0008,0x0000
211,0x8943EC,0xFFC87E,2,0xFFC87E,2,0x0000,0x0004
211,0x8943FA,0xFFC87E,2,0xFFC87E,2,0x0004,0x0008
213,0x881E60,0xFFC87E,2,0xFFC87E,2,0x0008,0x0000
214,0x8943EC,0xFFC87E,2,0xFFC87E,2,0x0000,0x0004
214,0x8943FA,0xFFC87E,2,0xFFC87E,2,0x0004,0x0008
216,0x881E60,0xFFC87E,2,0xFFC87E,2,0x0008,0x0000
217,0x8943EC,0xFFC87E,2,0xFFC87E,2,0x0000,0x0004
217,0x8943FA,0xFFC87E,2,0xFFC87E,2,0x0004,0x0008
219,0x881E60,0xFFC87E,2,0xFFC87E,2,0x0008,0x0000
220,0x8943EC,0xFFC87E,2,0xFFC87E,2,0x0000,0x0004
220,0x8943FA,0xFFC87E,2,0xFFC87E,2,0x0004,0x0008
222,0x881E60,0xFFC87E,2,0xFFC87E,2,0x0008,0x0000
223,0x8943EC,0xFFC87E,2,0xFFC87E,2,0x0000,0x0004
223,0x8943FA,0xFFC87E,2,0xFFC87E,2,0x0004,0x0008
225,0x881E60,0xFFC87E,2,0xFFC87E,2,0x0008,0x0000
226,0x8943EC,0xFFC87E,2,0xFFC87E,2,0x0000,0x0004
226,0x8943FA,0xFFC87E,2,0xFFC87E,2,0x0004,0x0008
228,0x881E60,0xFFC87E,2,0xFFC87E,2,0x0008,0x0000
229,0x8943EC,0xFFC87E,2,0xFFC87E,2,0x0000,0x0004
229,0x8943FA,0xFFC87E,2,0xFFC87E,2,0x0004,0x0008
231,0x881E60,0xFFC87E,2,0xFFC87E,2,0x0008,0x0000
232,0x8943EC,0xFFC87E,2,0xFFC87E,2,0x0000,0x0004
232,0x8943FA,0xFFC87E,2,0xFFC87E,2,0x0004,0x0008
234,0x881E60,0xFFC87E,2,0xFFC87E,2,0x0008,0x0000
235,0x8943EC,0xFFC87E,2,0xFFC87E,2,0x0000,0x0004
235,0x8943FA,0xFFC87E,2,0xFFC87E,2,0x0004,0x0008
237,0x881E60,0xFFC87E,2,0xFFC87E,2,0x0008,0x0000
238,0x8943EC,0xFFC87E,2,0xFFC87E,2,0x0000,0x0004
238,0x8943FA,0xFFC87E,2,0xFFC87E,2,0x0004,0x0008
240,0x881E60,0xFFC87E,2,0xFFC87E,2,0x0008,0x0000
241,0x8943EC,0xFFC87E,2,0xFFC87E,2,0x0000,0x0004
241,0x8943FA,0xFFC87E,2,0xFFC87E,2,0x0004,0x0008
243,0x881E60,0xFFC87E,2,0xFFC87E,2,0x0008,0x0000
244,0x8943EC,0xFFC87E,2,0xFFC87E,2,0x0000,0x0004
244,0x8943FA,0xFFC87E,2,0xFFC87E,2,0x0004,0x0008
246,0x881E60,0xFFC87E,2,0xFFC87E,2,0x0008,0x0000
247,0x8943EC,0xFFC87E,2,0xFFC87E,2,0x0000,0x0004
247,0x8943FA,0xFFC87E,2,0xFFC87E,2,0x0004,0x0008
249,0x881E60,0xFFC87E,2,0xFFC87E,2,0x0008,0x0000
250,0x8943EC,0xFFC87E,2,0xFFC87E,2,0x0000,0x0004
250,0x8943FA,0xFFC87E,2,0xFFC87E,2,0x0004,0x0008
252,0x881E60,0xFFC87E,2,0xFFC87E,2,0x0008,0x0000
253,0x8943EC,0xFFC87E,2,0xFFC87E,2,0x0000,0x0004
253,0x8943FA,0xFFC87E,2,0xFFC87E,2,0x0004,0x0008
255,0x881E60,0xFFC87E,2,0xFFC87E,2,0x0008,0x0000
256,0x8943EC,0xFFC87E,2,0xFFC87E,2,0x0000,0x0004
256,0x8943FA,0xFFC87E,2,0xFFC87E,2,0x0004,0x0008
258,0x881E60,0xFFC87E,2,0xFFC87E,2,0x0008,0x0000
259,0x8943EC,0xFFC87E,2,0xFFC87E,2,0x0000,0x0004
259,0x8943FA,0xFFC87E,2,0xFFC87E,2,0x0004,0x0008
261,0x881E60,0xFFC87E,2,0xFFC87E,2,0x0008,0x0000
262,0x8943EC,0xFFC87E,2,0xFFC87E,2,0x0000,0x0004
262,0x8943FA,0xFFC87E,2,0xFFC87E,2,0x0004,0x0008
264,0x881E60,0xFFC87E,2,0xFFC87E,2,0x0008,0x0000
265,0x8943EC,0xFFC87E,2,0xFFC87E,2,0x0000,0x0004
265,0x8943FA,0xFFC87E,2,0xFFC87E,2,0x0004,0x0008
267,0x881E60,0xFFC87E,2,0xFFC87E,2,0x0008,0x0000
268,0x8943EC,0xFFC87E,2,0xFFC87E,2,0x0000,0x0004
268,0x8943FA,0xFFC87E,2,0xFFC87E,2,0x0004,0x0008
270,0x881E60,0xFFC87E,2,0xFFC87E,2,0x0008,0x0000
271,0x8943EC,0xFFC87E,2,0xFFC87E,2,0x0000,0x0004
271,0x8943FA,0xFFC87E,2,0xFFC87E,2,0x0004,0x0008
273,0x881E60,0xFFC87E,2,0xFFC87E,2,0x0008,0x0000
274,0x8943EC,0xFFC87E,2,0xFFC87E,2,0x0000,0x0004
274,0x8943FA,0xFFC87E,2,0xFFC87E,2,0x0004,0x0008
276,0x881E60,0xFFC87E,2,0xFFC87E,2,0x0008,0x0000
277,0x8943EC,0xFFC87E,2,0xFFC87E,2,0x0000,0x0004
277,0x8943FA,0xFFC87E,2,0xFFC87E,2,0x0004,0x0008
279,0x881E60,0xFFC87E,2,0xFFC87E,2,0x0008,0x0000
280,0x8943EC,0xFFC87E,2,0xFFC87E,2,0x0000,0x0004
280,0x8943FA,0xFFC87E,2,0xFFC87E,2,0x0004,0x0008
282,0x881E60,0xFFC87E,2,0xFFC87E,2,0x0008,0x0000
283,0x8943EC,0xFFC87E,2,0xFFC87E,2,0x0000,0x0004
283,0x8943FA,0xFFC87E,2,0xFFC87E,2,0x0004,0x0008
285,0x881E60,0xFFC87E,2,0xFFC87E,2,0x0008,0x0000
286,0x8943EC,0xFFC87E,2,0xFFC87E,2,0x0000,0x0004
286,0x8943FA,0xFFC87E,2,0xFFC87E,2,0x0004,0x0008
288,0x881E60,0xFFC87E,2,0xFFC87E,2,0x0008,0x0000
289,0x8943EC,0xFFC87E,2,0xFFC87E,2,0x0000,0x0004
289,0x8943FA,0xFFC87E,2,0xFFC87E,2,0x0004,0x0008
291,0x881E60,0xFFC87E,2,0xFFC87E,2,0x0008,0x0000
292,0x8943EC,0xFFC87E,2,0xFFC87E,2,0x0000,0x0004
292,0x8943FA,0xFFC87E,2,0xFFC87E,2,0x0004,0x0008
294,0x881E60,0xFFC87E,2,0xFFC87E,2,0x0008,0x0000
295,0x8943EC,0xFFC87E,2,0xFFC87E,2,0x0000,0x0004
295,0x8943FA,0xFFC87E,2,0xFFC87E,2,0x0004,0x0008
297,0x881E60,0xFFC87E,2,0xFFC87E,2,0x0008,0x0000
298,0x8943EC,0xFFC87E,2,0xFFC87E,2,0x0000,0x0004
298,0x8943FA,0xFFC87E,2,0xFFC87E,2,0x0004,0x0008
300,0x881E60,0xFFC87E,2,0xFFC87E,2,0x0008,0x0000
301,0x8943EC,0xFFC87E,2,0xFFC87E,2,0x0000,0x0004
301,0x8943FA,0xFFC87E,2,0xFFC87E,2,0x0004,0x0008
303,0x881E60,0xFFC87E,2,0xFFC87E,2,0x0008,0x0000
304,0x8943EC,0xFFC87E,2,0xFFC87E,2,0x0000,0x0004
304,0x8943FA,0xFFC87E,2,0xFFC87E,2,0x0004,0x0008
306,0x881E60,0xFFC87E,2,0xFFC87E,2,0x0008,0x0000
307,0x8943EC,0xFFC87E,2,0xFFC87E,2,0x0000,0x0004
307,0x8943FA,0xFFC87E,2,0xFFC87E,2,0x0004,0x0008
309,0x881E60,0xFFC87E,2,0xFFC87E,2,0x0008,0x0000
310,0x8943EC,0xFFC87E,2,0xFFC87E,2,0x0000,0x0004
310,0x8943FA,0xFFC87E,2,0xFFC87E,2,0x0004,0x0008
312,0x881E60,0xFFC87E,2,0xFFC87E,2,0x0008,0x0000
313,0x8943EC,0xFFC87E,2,0xFFC87E,2,0x0000,0x0004
313,0x8943FA,0xFFC87E,2,0xFFC87E,2,0x0004,0x0008
315,0x881E60,0xFFC87E,2,0xFFC87E,2,0x0008,0x0000
316,0x8943EC,0xFFC87E,2,0xFFC87E,2,0x0000,0x0004
316,0x8943FA,0xFFC87E,2,0xFFC87E,2,0x0004,0x0008
318,0x881E60,0xFFC87E,2,0xFFC87E,2,0x0008,0x0000
319,0x8943EC,0xFFC87E,2,0xFFC87E,2,0x0000,0x0004
319,0x8943FA,0xFFC87E,2,0xFFC87E,2,0x0004,0x0008
321,0x881E60,0xFFC87E,2,0xFFC87E,2,0x0008,0x0000
322,0x8943EC,0xFFC87E,2,0xFFC87E,2,0x0000,0x0004
322,0x8943FA,0xFFC87E,2,0xFFC87E,2,0x0004,0x0008
324,0x881E60,0xFFC87E,2,0xFFC87E,2,0x0008,0x0000
325,0x8943EC,0xFFC87E,2,0xFFC87E,2,0x0000,0x0004
325,0x8943FA,0xFFC87E,2,0xFFC87E,2,0x0004,0x0008
327,0x881E60,0xFFC87E,2,0xFFC87E,2,0x0008,0x0000
328,0x8943EC,0xFFC87E,2,0xFFC87E,2,0x0000,0x0004
328,0x8943FA,0xFFC87E,2,0xFFC87E,2,0x0004,0x0008
330,0x881E60,0xFFC87E,2,0xFFC87E,2,0x0008,0x0000
331,0x8943EC,0xFFC87E,2,0xFFC87E,2,0x0000,0x0004
331,0x8943FA,0xFFC87E,2,0xFFC87E,2,0x0004,0x0008
333,0x881E60,0xFFC87E,2,0xFFC87E,2,0x0008,0x0000
334,0x8943EC,0xFFC87E,2,0xFFC87E,2,0x0000,0x0004
334,0x8943FA,0xFFC87E,2,0xFFC87E,2,0x0004,0x0008
336,0x881E60,0xFFC87E,2,0xFFC87E,2,0x0008,0x0000
337,0x8943EC,0xFFC87E,2,0xFFC87E,2,0x0000,0x0004
337,0x8943FA,0xFFC87E,2,0xFFC87E,2,0x0004,0x0008
339,0x881E60,0xFFC87E,2,0xFFC87E,2,0x0008,0x0000
340,0x8943EC,0xFFC87E,2,0xFFC87E,2,0x0000,0x0004
340,0x8943FA,0xFFC87E,2,0xFFC87E,2,0x0004,0x0008
342,0x881E60,0xFFC87E,2,0xFFC87E,2,0x0008,0x0000
343,0x8943EC,0xFFC87E,2,0xFFC87E,2,0x0000,0x0004
343,0x8943FA,0xFFC87E,2,0xFFC87E,2,0x0004,0x0008
345,0x881E60,0xFFC87E,2,0xFFC87E,2,0x0008,0x0000
346,0x8943EC,0xFFC87E,2,0xFFC87E,2,0x0000,0x0004
346,0x8943FA,0xFFC87E,2,0xFFC87E,2,0x0004,0x0008
348,0x881E60,0xFFC87E,2,0xFFC87E,2,0x0008,0x0000
349,0x8943EC,0xFFC87E,2,0xFFC87E,2,0x0000,0x0004
349,0x8943FA,0xFFC87E,2,0xFFC87E,2,0x0004,0x0008
351,0x881E60,0xFFC87E,2,0xFFC87E,2,0x0008,0x0000
351,0x8943EC,0xFFC87E,2,0xFFC87E,2,0x0000,0x0004
352,0x8943FA,0xFFC87E,2,0xFFC87E,2,0x0004,0x0008
354,0x881E60,0xFFC87E,2,0xFFC87E,2,0x0008,0x0000
354,0x8943EC,0xFFC87E,2,0xFFC87E,2,0x0000,0x0004
355,0x8943FA,0xFFC87E,2,0xFFC87E,2,0x0004,0x0008
357,0x881E60,0xFFC87E,2,0xFFC87E,2,0x0008,0x0000
357,0x8943EC,0xFFC87E,2,0xFFC87E,2,0x0000,0x0004
358,0x8943FA,0xFFC87E,2,0xFFC87E,2,0x0004,0x0008
360,0x881E60,0xFFC87E,2,0xFFC87E,2,0x0008,0x0000
360,0x8943EC,0xFFC87E,2,0xFFC87E,2,0x0000,0x0004
361,0x8943FA,0xFFC87E,2,0xFFC87E,2,0x0004,0x0008
363,0x881E60,0xFFC87E,2,0xFFC87E,2,0x0008,0x0000
363,0x8943EC,0xFFC87E,2,0xFFC87E,2,0x0000,0x0004
364,0x8943FA,0xFFC87E,2,0xFFC87E,2,0x0004,0x0008
366,0x881E60,0xFFC87E,2,0xFFC87E,2,0x0008,0x0000
366,0x8943EC,0xFFC87E,2,0xFFC87E,2,0x0000,0x0004
367,0x8943FA,0xFFC87E,2,0xFFC87E,2,0x0004,0x0008
369,0x881E60,0xFFC87E,2,0xFFC87E,2,0x0008,0x0000
369,0x8943EC,0xFFC87E,2,0xFFC87E,2,0x0000,0x0004
370,0x8943FA,0xFFC87E,2,0xFFC87E,2,0x0004,0x0008
372,0x881E60,0xFFC87E,2,0xFFC87E,2,0x0008,0x0000
372,0x894554,0xFF0002,4,0xFF0002,4,0x008943C6,0x008853B0
372,0x8943EC,0xFFC87E,2,0xFFC87E,2,0x0000,0x0004
391,0x8854D2,0xFFC87E,2,0xFFC87E,2,0x0004,0x0000
393,0x885566,0xFF0002,4,0xFF0002,4,0x008853B0,0x00885586
395,0x8855AC,0xFFC87E,2,0xFFC87E,2,0x0000,0x0004
395,0x8855C2,0xFFC87E,2,0xFFC87E,2,0x0004,0x0008
397,0x8855F0,0xFFC87E,2,0xFFC87E,2,0x0008,0x000C
397,0x89C414,0xFFC87E,2,0xFFC87E,2,0x000C,0x0000
398,0x8855AC,0xFFC87E,2,0xFFC87E,2,0x0000,0x0004
399,0x8855C2,0xFFC87E,2,0xFFC87E,2,0x0004,0x0008
400,0x8855F0,0xFFC87E,2,0xFFC87E,2,0x0008,0x000C
400,0x89C414,0xFFC87E,2,0xFFC87E,2,0x000C,0x0000
401,0x8855AC,0xFFC87E,2,0xFFC87E,2,0x0000,0x0004
402,0x8855C2,0xFFC87E,2,0xFFC87E,2,0x0004,0x0008
403,0x8855F0,0xFFC87E,2,0xFFC87E,2,0x0008,0x000C
403,0x89C414,0xFFC87E,2,0xFFC87E,2,0x000C,0x0000
404,0x8855AC,0xFFC87E,2,0xFFC87E,2,0x0000,0x0004
405,0x8855C2,0xFFC87E,2,0xFFC87E,2,0x0004,0x0008
406,0x8855F0,0xFFC87E,2,0xFFC87E,2,0x0008,0x000C
406,0x89C414,0xFFC87E,2,0xFFC87E,2,0x000C,0x0000
407,0x8855AC,0xFFC87E,2,0xFFC87E,2,0x0000,0x0004
408,0x8855C2,0xFFC87E,2,0xFFC87E,2,0x0004,0x0008
409,0x8855F0,0xFFC87E,2,0xFFC87E,2,0x0008,0x000C
409,0x89C414,0xFFC87E,2,0xFFC87E,2,0x000C,0x0000
410,0x8855AC,0xFFC87E,2,0xFFC87E,2,0x0000,0x0004
411,0x8855C2,0xFFC87E,2,0xFFC87E,2,0x0004,0x0008
412,0x8855F0,0xFFC87E,2,0xFFC87E,2,0x0008,0x000C
412,0x89C414,0xFFC87E,2,0xFFC87E,2,0x000C,0x0000
413,0x8855AC,0xFFC87E,2,0xFFC87E,2,0x0000,0x0004
414,0x8855C2,0xFFC87E,2,0xFFC87E,2,0x0004,0x0008
415,0x8855F0,0xFFC87E,2,0xFFC87E,2,0x0008,0x000C
415,0x89C414,0xFFC87E,2,0xFFC87E,2,0x000C,0x0000
416,0x8855AC,0xFFC87E,2,0xFFC87E,2,0x0000,0x0004
417,0x8855C2,0xFFC87E,2,0xFFC87E,2,0x0004,0x0008
418,0x8855F0,0xFFC87E,2,0xFFC87E,2,0x0008,0x000C
418,0x89C414,0xFFC87E,2,0xFFC87E,2,0x000C,0x0000
419,0x8855AC,0xFFC87E,2,0xFFC87E,2,0x0000,0x0004
420,0x8855C2,0xFFC87E,2,0xFFC87E,2,0x0004,0x0008
421,0x8855F0,0xFFC87E,2,0xFFC87E,2,0x0008,0x000C
421,0x89C414,0xFFC87E,2,0xFFC87E,2,0x000C,0x0000
422,0x8855AC,0xFFC87E,2,0xFFC87E,2,0x0000,0x0004
423,0x8855C2,0xFFC87E,2,0xFFC87E,2,0x0004,0x0008
424,0x8855F0,0xFFC87E,2,0xFFC87E,2,0x0008,0x000C
424,0x89C414,0xFFC87E,2,0xFFC87E,2,0x000C,0x0000
425,0x8855AC,0xFFC87E,2,0xFFC87E,2,0x0000,0x0004
426,0x8855C2,0xFFC87E,2,0xFFC87E,2,0x0004,0x0008
427,0x8855F0,0xFFC87E,2,0xFFC87E,2,0x0008,0x000C
427,0x89C414,0xFFC87E,2,0xFFC87E,2,0x000C,0x0000
428,0x8855AC,0xFFC87E,2,0xFFC87E,2,0x0000,0x0004
429,0x8855C2,0xFFC87E,2,0xFFC87E,2,0x0004,0x0008
430,0x8855F0,0xFFC87E,2,0xFFC87E,2,0x0008,0x000C
430,0x89C414,0xFFC87E,2,0xFFC87E,2,0x000C,0x0000
431,0x8855AC,0xFFC87E,2,0xFFC87E,2,0x0000,0x0004
432,0x8855C2,0xFFC87E,2,0xFFC87E,2,0x0004,0x0008
433,0x8855F0,0xFFC87E,2,0xFFC87E,2,0x0008,0x000C
433,0x89C414,0xFFC87E,2,0xFFC87E,2,0x000C,0x0000
434,0x8855AC,0xFFC87E,2,0xFFC87E,2,0x0000,0x0004
435,0x8855C2,0xFFC87E,2,0xFFC87E,2,0x0004,0x0008
436,0x8855F0,0xFFC87E,2,0xFFC87E,2,0x0008,0x000C
436,0x89C414,0xFFC87E,2,0xFFC87E,2,0x000C,0x0000
437,0x8855AC,0xFFC87E,2,0xFFC87E,2,0x0000,0x0004
438,0x8855C2,0xFFC87E,2,0xFFC87E,2,0x0004,0x0008
439,0x8855F0,0xFFC87E,2,0xFFC87E,2,0x0008,0x000C
439,0x89C414,0xFFC87E,2,0xFFC87E,2,0x000C,0x0000
440,0x8855AC,0xFFC87E,2,0xFFC87E,2,0x0000,0x0004
441,0x8855C2,0xFFC87E,2,0xFFC87E,2,0x0004,0x0008
442,0x8855F0,0xFFC87E,2,0xFFC87E,2,0x0008,0x000C
442,0x89C414,0xFFC87E,2,0xFFC87E,2,0x000C,0x0000
443,0x8855AC,0xFFC87E,2,0xFFC87E,2,0x0000,0x0004
444,0x8855C2,0xFFC87E,2,0xFFC87E,2,0x0004,0x0008
445,0x8855F0,0xFFC87E,2,0xFFC87E,2,0x0008,0x000C
445,0x89C414,0xFFC87E,2,0xFFC87E,2,0x000C,0x0000
446,0x8855AC,0xFFC87E,2,0xFFC87E,2,0x0000,0x0004
447,0x8855C2,0xFFC87E,2,0xFFC87E,2,0x0004,0x0008
448,0x8855F0,0xFFC87E,2,0xFFC87E,2,0x0008,0x000C
448,0x89C414,0xFFC87E,2,0xFFC87E,2,0x000C,0x0000
449,0x8855AC,0xFFC87E,2,0xFFC87E,2,0x0000,0x0004
450,0x8855C2,0xFFC87E,2,0xFFC87E,2,0x0004,0x0008
451,0x8855F0,0xFFC87E,2,0xFFC87E,2,0x0008,0x000C
451,0x89C414,0xFFC87E,2,0xFFC87E,2,0x000C,0x0000
452,0x8855AC,0xFFC87E,2,0xFFC87E,2,0x0000,0x0004
453,0x8855C2,0xFFC87E,2,0xFFC87E,2,0x0004,0x0008
454,0x8855F0,0xFFC87E,2,0xFFC87E,2,0x0008,0x000C
454,0x89C414,0xFFC87E,2,0xFFC87E,2,0x000C,0x0000
455,0x8855AC,0xFFC87E,2,0xFFC87E,2,0x0000,0x0004
456,0x8855C2,0xFFC87E,2,0xFFC87E,2,0x0004,0x0008
457,0x8855F0,0xFFC87E,2,0xFFC87E,2,0x0008,0x000C
457,0x89C414,0xFFC87E,2,0xFFC87E,2,0x000C,0x0000
458,0x8855AC,0xFFC87E,2,0xFFC87E,2,0x0000,0x0004
459,0x8855C2,0xFFC87E,2,0xFFC87E,2,0x0004,0x0008
460,0x8855F0,0xFFC87E,2,0xFFC87E,2,0x0008,0x000C
460,0x89C414,0xFFC87E,2,0xFFC87E,2,0x000C,0x0000
461,0x8855AC,0xFFC87E,2,0xFFC87E,2,0x0000,0x0004
462,0x8855C2,0xFFC87E,2,0xFFC87E,2,0x0004,0x0008
463,0x8855F0,0xFFC87E,2,0xFFC87E,2,0x0008,0x000C
463,0x89C414,0xFFC87E,2,0xFFC87E,2,0x000C,0x0000
464,0x8855AC,0xFFC87E,2,0xFFC87E,2,0x0000,0x0004
465,0x8855C2,0xFFC87E,2,0xFFC87E,2,0x0004,0x0008
466,0x8855F0,0xFFC87E,2,0xFFC87E,2,0x0008,0x000C
466,0x89C414,0xFFC87E,2,0xFFC87E,2,0x000C,0x0000
467,0x8855AC,0xFFC87E,2,0xFFC87E,2,0x0000,0x0004
468,0x8855C2,0xFFC87E,2,0xFFC87E,2,0x0004,0x0008
469,0x8855F0,0xFFC87E,2,0xFFC87E,2,0x0008,0x000C
469,0x89C414,0xFFC87E,2,0xFFC87E,2,0x000C,0x0000
470,0x8855AC,0xFFC87E,2,0xFFC87E,2,0x0000,0x0004
471,0x8855C2,0xFFC87E,2,0xFFC87E,2,0x0004,0x0008
472,0x8855F0,0xFFC87E,2,0xFFC87E,2,0x0008,0x000C
472,0x89C414,0xFFC87E,2,0xFFC87E,2,0x000C,0x0000
473,0x8855AC,0xFFC87E,2,0xFFC87E,2,0x0000,0x0004
474,0x8855C2,0xFFC87E,2,0xFFC87E,2,0x0004,0x0008
475,0x8855F0,0xFFC87E,2,0xFFC87E,2,0x0008,0x000C
475,0x89C414,0xFFC87E,2,0xFFC87E,2,0x000C,0x0000
476,0x8855AC,0xFFC87E,2,0xFFC87E,2,0x0000,0x0004
477,0x8855C2,0xFFC87E,2,0xFFC87E,2,0x0004,0x0008
478,0x8855F0,0xFFC87E,2,0xFFC87E,2,0x0008,0x000C
478,0x89C414,0xFFC87E,2,0xFFC87E,2,0x000C,0x0000
479,0x8855AC,0xFFC87E,2,0xFFC87E,2,0x0000,0x0004
480,0x8855C2,0xFFC87E,2,0xFFC87E,2,0x0004,0x0008
481,0x8855F0,0xFFC87E,2,0xFFC87E,2,0x0008,0x000C
481,0x89C414,0xFFC87E,2,0xFFC87E,2,0x000C,0x0000
482,0x8855AC,0xFFC87E,2,0xFFC87E,2,0x0000,0x0004
483,0x8855C2,0xFFC87E,2,0xFFC87E,2,0x0004,0x0008
484,0x8855F0,0xFFC87E,2,0xFFC87E,2,0x0008,0x000C
484,0x89C414,0xFFC87E,2,0xFFC87E,2,0x000C,0x0000
485,0x8855AC,0xFFC87E,2,0xFFC87E,2,0x0000,0x0004
486,0x8855C2,0xFFC87E,2,0xFFC87E,2,0x0004,0x0008
487,0x8855F0,0xFFC87E,2,0xFFC87E,2,0x0008,0x000C
487,0x89C414,0xFFC87E,2,0xFFC87E,2,0x000C,0x0000
488,0x8855AC,0xFFC87E,2,0xFFC87E,2,0x0000,0x0004
489,0x8855C2,0xFFC87E,2,0xFFC87E,2,0x0004,0x0008
490,0x8855F0,0xFFC87E,2,0xFFC87E,2,0x0008,0x000C
490,0x89C414,0xFFC87E,2,0xFFC87E,2,0x000C,0x0000
491,0x8855AC,0xFFC87E,2,0xFFC87E,2,0x0000,0x0004
492,0x8855C2,0xFFC87E,2,0xFFC87E,2,0x0004,0x0008
493,0x8855F0,0xFFC87E,2,0xFFC87E,2,0x0008,0x000C
493,0x89C414,0xFFC87E,2,0xFFC87E,2,0x000C,0x0000
494,0x8855AC,0xFFC87E,2,0xFFC87E,2,0x0000,0x0004
495,0x8855C2,0xFFC87E,2,0xFFC87E,2,0x0004,0x0008
496,0x8855F0,0xFFC87E,2,0xFFC87E,2,0x0008,0x000C
496,0x89C414,0xFFC87E,2,0xFFC87E,2,0x000C,0x0000
497,0x8855AC,0xFFC87E,2,0xFFC87E,2,0x0000,0x0004
498,0x8855C2,0xFFC87E,2,0xFFC87E,2,0x0004,0x0008
499,0x8855F0,0xFFC87E,2,0xFFC87E,2,0x0008,0x000C
499,0x89C414,0xFFC87E,2,0xFFC87E,2,0x000C,0x0000
500,0x8855AC,0xFFC87E,2,0xFFC87E,2,0x0000,0x0004
501,0x8855C2,0xFFC87E,2,0xFFC87E,2,0x0004,0x0008
502,0x8855F0,0xFFC87E,2,0xFFC87E,2,0x0008,0x000C
502,0x89C414,0xFFC87E,2,0xFFC87E,2,0x000C,0x0000
503,0x8855AC,0xFFC87E,2,0xFFC87E,2,0x0000,0x0004
504,0x8855C2,0xFFC87E,2,0xFFC87E,2,0x0004,0x0008
505,0x8855F0,0xFFC87E,2,0xFFC87E,2,0x0008,0x000C
505,0x89C414,0xFFC87E,2,0xFFC87E,2,0x000C,0x0000
506,0x8855AC,0xFFC87E,2,0xFFC87E,2,0x0000,0x0004
507,0x8855C2,0xFFC87E,2,0xFFC87E,2,0x0004,0x0008
508,0x8855F0,0xFFC87E,2,0xFFC87E,2,0x0008,0x000C
508,0x89C414,0xFFC87E,2,0xFFC87E,2,0x000C,0x0000
509,0x8855AC,0xFFC87E,2,0xFFC87E,2,0x0000,0x0004
510,0x8855C2,0xFFC87E,2,0xFFC87E,2,0x0004,0x0008
511,0x8855F0,0xFFC87E,2,0xFFC87E,2,0x0008,0x000C
511,0x89C414,0xFFC87E,2,0xFFC87E,2,0x000C,0x0000
512,0x8855AC,0xFFC87E,2,0xFFC87E,2,0x0000,0x0004
513,0x8855C2,0xFFC87E,2,0xFFC87E,2,0x0004,0x0008
514,0x8855F0,0xFFC87E,2,0xFFC87E,2,0x0008,0x000C
514,0x89C414,0xFFC87E,2,0xFFC87E,2,0x000C,0x0000
515,0x8855AC,0xFFC87E,2,0xFFC87E,2,0x0000,0x0004
516,0x8855C2,0xFFC87E,2,0xFFC87E,2,0x0004,0x0008
517,0x8855F0,0xFFC87E,2,0xFFC87E,2,0x0008,0x000C
517,0x89C414,0xFFC87E,2,0xFFC87E,2,0x000C,0x0000
518,0x8855AC,0xFFC87E,2,0xFFC87E,2,0x0000,0x0004
519,0x8855C2,0xFFC87E,2,0xFFC87E,2,0x0004,0x0008
520,0x8855F0,0xFFC87E,2,0xFFC87E,2,0x0008,0x000C
520,0x89C414,0xFFC87E,2,0xFFC87E,2,0x000C,0x0000
521,0x8855AC,0xFFC87E,2,0xFFC87E,2,0x0000,0x0004
522,0x8855C2,0xFFC87E,2,0xFFC87E,2,0x0004,0x0008
523,0x8855F0,0xFFC87E,2,0xFFC87E,2,0x0008,0x000C
523,0x89C414,0xFFC87E,2,0xFFC87E,2,0x000C,0x0000
524,0x8855AC,0xFFC87E,2,0xFFC87E,2,0x0000,0x0004
525,0x8855C2,0xFFC87E,2,0xFFC87E,2,0x0004,0x0008
526,0x8855F0,0xFFC87E,2,0xFFC87E,2,0x0008,0x000C
526,0x89C414,0xFFC87E,2,0xFFC87E,2,0x000C,0x0000
527,0x8855AC,0xFFC87E,2,0xFFC87E,2,0x0000,0x0004
528,0x8855C2,0xFFC87E,2,0xFFC87E,2,0x0004,0x0008
529,0x8855F0,0xFFC87E,2,0xFFC87E,2,0x0008,0x000C
529,0x89C414,0xFFC87E,2,0xFFC87E,2,0x000C,0x0000
530,0x8855AC,0xFFC87E,2,0xFFC87E,2,0x0000,0x0004
531,0x8855C2,0xFFC87E,2,0xFFC87E,2,0x0004,0x0008
532,0x8855F0,0xFFC87E,2,0xFFC87E,2,0x0008,0x000C
532,0x89C414,0xFFC87E,2,0xFFC87E,2,0x000C,0x0000
533,0x8855AC,0xFFC87E,2,0xFFC87E,2,0x0000,0x0004
534,0x8855C2,0xFFC87E,2,0xFFC87E,2,0x0004,0x0008
535,0x8855F0,0xFFC87E,2,0xFFC87E,2,0x0008,0x000C
535,0x89C414,0xFFC87E,2,0xFFC87E,2,0x000C,0x0000
536,0x8855AC,0xFFC87E,2,0xFFC87E,2,0x0000,0x0004
537,0x8855C2,0xFFC87E,2,0xFFC87E,2,0x0004,0x0008
538,0x8855F0,0xFFC87E,2,0xFFC87E,2,0x0008,0x000C
538,0x89C414,0xFFC87E,2,0xFFC87E,2,0x000C,0x0000
539,0x8855AC,0xFFC87E,2,0xFFC87E,2,0x0000,0x0004
540,0x8855C2,0xFFC87E,2,0xFFC87E,2,0x0004,0x0008
541,0x8855F0,0xFFC87E,2,0xFFC87E,2,0x0008,0x000C
541,0x89C414,0xFFC87E,2,0xFFC87E,2,0x000C,0x0000
542,0x8855AC,0xFFC87E,2,0xFFC87E,2,0x0000,0x0004
543,0x8855C2,0xFFC87E,2,0xFFC87E,2,0x0004,0x0008
544,0x8855F0,0xFFC87E,2,0xFFC87E,2,0x0008,0x000C
544,0x89C414,0xFFC87E,2,0xFFC87E,2,0x000C,0x0000
545,0x8855AC,0xFFC87E,2,0xFFC87E,2,0x0000,0x0004
546,0x8855C2,0xFFC87E,2,0xFFC87E,2,0x0004,0x0008
547,0x8855F0,0xFFC87E,2,0xFFC87E,2,0x0008,0x000C
547,0x89C414,0xFFC87E,2,0xFFC87E,2,0x000C,0x0000
548,0x8855AC,0xFFC87E,2,0xFFC87E,2,0x0000,0x0004
549,0x8855C2,0xFFC87E,2,0xFFC87E,2,0x0004,0x0008
550,0x8855F0,0xFFC87E,2,0xFFC87E,2,0x0008,0x000C
550,0x89C414,0xFFC87E,2,0xFFC87E,2,0x000C,0x0000
551,0x8855AC,0xFFC87E,2,0xFFC87E,2,0x0000,0x0004
552,0x8855C2,0xFFC87E,2,0xFFC87E,2,0x0004,0x0008
553,0x8855F0,0xFFC87E,2,0xFFC87E,2,0x0008,0x000C
553,0x89C414,0xFFC87E,2,0xFFC87E,2,0x000C,0x0000
554,0x8855AC,0xFFC87E,2,0xFFC87E,2,0x0000,0x0004
555,0x8855C2,0xFFC87E,2,0xFFC87E,2,0x0004,0x0008
556,0x8855F0,0xFFC87E,2,0xFFC87E,2,0x0008,0x000C
556,0x89C414,0xFFC87E,2,0xFFC87E,2,0x000C,0x0000
557,0x8855AC,0xFFC87E,2,0xFFC87E,2,0x0000,0x0004
558,0x8855C2,0xFFC87E,2,0xFFC87E,2,0x0004,0x0008
559,0x8855F0,0xFFC87E,2,0xFFC87E,2,0x0008,0x000C
559,0x89C414,0xFFC87E,2,0xFFC87E,2,0x000C,0x0000
560,0x8855AC,0xFFC87E,2,0xFFC87E,2,0x0000,0x0004
561,0x8855C2,0xFFC87E,2,0xFFC87E,2,0x0004,0x0008
562,0x8855F0,0xFFC87E,2,0xFFC87E,2,0x0008,0x000C
562,0x89C414,0xFFC87E,2,0xFFC87E,2,0x000C,0x0000
563,0x8855AC,0xFFC87E,2,0xFFC87E,2,0x0000,0x0004
564,0x8855C2,0xFFC87E,2,0xFFC87E,2,0x0004,0x0008
565,0x8855F0,0xFFC87E,2,0xFFC87E,2,0x0008,0x000C
565,0x89C414,0xFFC87E,2,0xFFC87E,2,0x000C,0x0000
566,0x8855AC,0xFFC87E,2,0xFFC87E,2,0x0000,0x0004
567,0x8855C2,0xFFC87E,2,0xFFC87E,2,0x0004,0x0008
568,0x8855F0,0xFFC87E,2,0xFFC87E,2,0x0008,0x000C
568,0x89C414,0xFFC87E,2,0xFFC87E,2,0x000C,0x0000
569,0x8855AC,0xFFC87E,2,0xFFC87E,2,0x0000,0x0004
570,0x8855C2,0xFFC87E,2,0xFFC87E,2,0x0004,0x0008
571,0x8855F0,0xFFC87E,2,0xFFC87E,2,0x0008,0x000C
571,0x89C414,0xFFC87E,2,0xFFC87E,2,0x000C,0x0000
572,0x8855AC,0xFFC87E,2,0xFFC87E,2,0x0000,0x0004
573,0x8855C2,0xFFC87E,2,0xFFC87E,2,0x0004,0x0008
574,0x8855F0,0xFFC87E,2,0xFFC87E,2,0x0008,0x000C
574,0x89C414,0xFFC87E,2,0xFFC87E,2,0x000C,0x0000
575,0x8855AC,0xFFC87E,2,0xFFC87E,2,0x0000,0x0004
576,0x8855C2,0xFFC87E,2,0xFFC87E,2,0x0004,0x0008
577,0x8855F0,0xFFC87E,2,0xFFC87E,2,0x0008,0x000C
577,0x89C414,0xFFC87E,2,0xFFC87E,2,0x000C,0x0000
578,0x8855AC,0xFFC87E,2,0xFFC87E,2,0x0000,0x0004
579,0x8855C2,0xFFC87E,2,0xFFC87E,2,0x0004,0x0008
580,0x8855F0,0xFFC87E,2,0xFFC87E,2,0x0008,0x000C
580,0x89C414,0xFFC87E,2,0xFFC87E,2,0x000C,0x0000
581,0x8855AC,0xFFC87E,2,0xFFC87E,2,0x0000,0x0004
582,0x8855C2,0xFFC87E,2,0xFFC87E,2,0x0004,0x0008
583,0x8855F0,0xFFC87E,2,0xFFC87E,2,0x0008,0x000C
583,0x89C414,0xFFC87E,2,0xFFC87E,2,0x000C,0x0000
584,0x8855AC,0xFFC87E,2,0xFFC87E,2,0x0000,0x0004
585,0x8855C2,0xFFC87E,2,0xFFC87E,2,0x0004,0x0008
586,0x8855F0,0xFFC87E,2,0xFFC87E,2,0x0008,0x000C
586,0x89C414,0xFFC87E,2,0xFFC87E,2,0x000C,0x0000
587,0x8855AC,0xFFC87E,2,0xFFC87E,2,0x0000,0x0004
588,0x8855C2,0xFFC87E,2,0xFFC87E,2,0x0004,0x0008
589,0x8855F0,0xFFC87E,2,0xFFC87E,2,0x0008,0x000C
589,0x89C414,0xFFC87E,2,0xFFC87E,2,0x000C,0x0000
590,0x8855AC,0xFFC87E,2,0xFFC87E,2,0x0000,0x0004
591,0x8855C2,0xFFC87E,2,0xFFC87E,2,0x0004,0x0008
592,0x8855F0,0xFFC87E,2,0xFFC87E,2,0x0008,0x000C
592,0x89C414,0xFFC87E,2,0xFFC87E,2,0x000C,0x0000
593,0x8855AC,0xFFC87E,2,0xFFC87E,2,0x0000,0x0004
594,0x8855C2,0xFFC87E,2,0xFFC87E,2,0x0004,0x0008
595,0x8855F0,0xFFC87E,2,0xFFC87E,2,0x0008,0x000C
595,0x89C414,0xFFC87E,2,0xFFC87E,2,0x000C,0x0000
596,0x8855AC,0xFFC87E,2,0xFFC87E,2,0x0000,0x0004
597,0x8855C2,0xFFC87E,2,0xFFC87E,2,0x0004,0x0008
598,0x8855F0,0xFFC87E,2,0xFFC87E,2,0x0008,0x000C
598,0x89C414,0xFFC87E,2,0xFFC87E,2,0x000C,0x0000
599,0x8855AC,0xFFC87E,2,0xFFC87E,2,0x0000,0x0004
600,0x8855C2,0xFFC87E,2,0xFFC87E,2,0x0004,0x0008
601,0x8855F0,0xFFC87E,2,0xFFC87E,2,0x0008,0x000C
601,0x89C414,0xFFC87E,2,0xFFC87E,2,0x000C,0x0000
602,0x8855AC,0xFFC87E,2,0xFFC87E,2,0x0000,0x0004
603,0x8855C2,0xFFC87E,2,0xFFC87E,2,0x0004,0x0008
604,0x8855F0,0xFFC87E,2,0xFFC87E,2,0x0008,0x000C
604,0x89C414,0xFFC87E,2,0xFFC87E,2,0x000C,0x0000
605,0x8855AC,0xFFC87E,2,0xFFC87E,2,0x0000,0x0004
606,0x8855C2,0xFFC87E,2,0xFFC87E,2,0x0004,0x0008
607,0x8855F0,0xFFC87E,2,0xFFC87E,2,0x0008,0x000C
607,0x89C414,0xFFC87E,2,0xFFC87E,2,0x000C,0x0000
608,0x8855AC,0xFFC87E,2,0xFFC87E,2,0x0000,0x0004
609,0x8855C2,0xFFC87E,2,0xFFC87E,2,0x0004,0x0008
610,0x8855F0,0xFFC87E,2,0xFFC87E,2,0x0008,0x000C
610,0x89C414,0xFFC87E,2,0xFFC87E,2,0x000C,0x0000
611,0x8855AC,0xFFC87E,2,0xFFC87E,2,0x0000,0x0004
612,0x8855C2,0xFFC87E,2,0xFFC87E,2,0x0004,0x0008
613,0x8855F0,0xFFC87E,2,0xFFC87E,2,0x0008,0x000C
613,0x89C414,0xFFC87E,2,0xFFC87E,2,0x000C,0x0000
614,0x8855AC,0xFFC87E,2,0xFFC87E,2,0x0000,0x0004
615,0x8855C2,0xFFC87E,2,0xFFC87E,2,0x0004,0x0008
616,0x8855F0,0xFFC87E,2,0xFFC87E,2,0x0008,0x000C
616,0x89C414,0xFFC87E,2,0xFFC87E,2,0x000C,0x0000
617,0x8855AC,0xFFC87E,2,0xFFC87E,2,0x0000,0x0004
618,0x8855C2,0xFFC87E,2,0xFFC87E,2,0x0004,0x0008
619,0x8855F0,0xFFC87E,2,0xFFC87E,2,0x0008,0x000C
619,0x89C414,0xFFC87E,2,0xFFC87E,2,0x000C,0x0000
620,0x8855AC,0xFFC87E,2,0xFFC87E,2,0x0000,0x0004
621,0x8855C2,0xFFC87E,2,0xFFC87E,2,0x0004,0x0008
622,0x8855F0,0xFFC87E,2,0xFFC87E,2,0x0008,0x000C
622,0x89C414,0xFFC87E,2,0xFFC87E,2,0x000C,0x0000
623,0x8855AC,0xFFC87E,2,0xFFC87E,2,0x0000,0x0004
624,0x8855C2,0xFFC87E,2,0xFFC87E,2,0x0004,0x0008
625,0x8855F0,0xFFC87E,2,0xFFC87E,2,0x0008,0x000C
625,0x89C414,0xFFC87E,2,0xFFC87E,2,0x000C,0x0000
626,0x8855AC,0xFFC87E,2,0xFFC87E,2,0x0000,0x0004
627,0x8855C2,0xFFC87E,2,0xFFC87E,2,0x0004,0x0008
628,0x8855F0,0xFFC87E,2,0xFFC87E,2,0x0008,0x000C
628,0x89C414,0xFFC87E,2,0xFFC87E,2,0x000C,0x0000
629,0x8855AC,0xFFC87E,2,0xFFC87E,2,0x0000,0x0004
630,0x8855C2,0xFFC87E,2,0xFFC87E,2,0x0004,0x0008
631,0x8855F0,0xFFC87E,2,0xFFC87E,2,0x0008,0x000C
631,0x89C414,0xFFC87E,2,0xFFC87E,2,0x000C,0x0000
632,0x8855AC,0xFFC87E,2,0xFFC87E,2,0x0000,0x0004
633,0x8855C2,0xFFC87E,2,0xFFC87E,2,0x0004,0x0008
634,0x8855F0,0xFFC87E,2,0xFFC87E,2,0x0008,0x000C
634,0x89C414,0xFFC87E,2,0xFFC87E,2,0x000C,0x0000
635,0x8855AC,0xFFC87E,2,0xFFC87E,2,0x0000,0x0004
636,0x8855C2,0xFFC87E,2,0xFFC87E,2,0x0004,0x0008
637,0x8855F0,0xFFC87E,2,0xFFC87E,2,0x0008,0x000C
637,0x89C414,0xFFC87E,2,0xFFC87E,2,0x000C,0x0000
638,0x8855AC,0xFFC87E,2,0xFFC87E,2,0x0000,0x0004
639,0x8855C2,0xFFC87E,2,0xFFC87E,2,0x0004,0x0008
640,0x8855F0,0xFFC87E,2,0xFFC87E,2,0x0008,0x000C
640,0x89C414,0xFFC87E,2,0xFFC87E,2,0x000C,0x0000
641,0x8855AC,0xFFC87E,2,0xFFC87E,2,0x0000,0x0004
642,0x8855C2,0xFFC87E,2,0xFFC87E,2,0x0004,0x0008
643,0x8855F0,0xFFC87E,2,0xFFC87E,2,0x0008,0x000C
643,0x89C414,0xFFC87E,2,0xFFC87E,2,0x000C,0x0000
644,0x8855AC,0xFFC87E,2,0xFFC87E,2,0x0000,0x0004
645,0x8855C2,0xFFC87E,2,0xFFC87E,2,0x0004,0x0008
646,0x8855F0,0xFFC87E,2,0xFFC87E,2,0x0008,0x000C
646,0x89C414,0xFFC87E,2,0xFFC87E,2,0x000C,0x0000
647,0x8855AC,0xFFC87E,2,0xFFC87E,2,0x0000,0x0004
648,0x8855C2,0xFFC87E,2,0xFFC87E,2,0x0004,0x0008
649,0x8855F0,0xFFC87E,2,0xFFC87E,2,0x0008,0x000C
649,0x89C414,0xFFC87E,2,0xFFC87E,2,0x000C,0x0000
650,0x8855AC,0xFFC87E,2,0xFFC87E,2,0x0000,0x0004
651,0x8855C2,0xFFC87E,2,0xFFC87E,2,0x0004,0x0008
652,0x8855F0,0xFFC87E,2,0xFFC87E,2,0x0008,0x000C
652,0x89C414,0xFFC87E,2,0xFFC87E,2,0x000C,0x0000
653,0x8855AC,0xFFC87E,2,0xFFC87E,2,0x0000,0x0004
654,0x8855C2,0xFFC87E,2,0xFFC87E,2,0x0004,0x0008
655,0x8855F0,0xFFC87E,2,0xFFC87E,2,0x0008,0x000C
655,0x89C414,0xFFC87E,2,0xFFC87E,2,0x000C,0x0000
656,0x8855AC,0xFFC87E,2,0xFFC87E,2,0x0000,0x0004
657,0x8855C2,0xFFC87E,2,0xFFC87E,2,0x0004,0x0008
658,0x8855F0,0xFFC87E,2,0xFFC87E,2,0x0008,0x000C
658,0x89C414,0xFFC87E,2,0xFFC87E,2,0x000C,0x0000
659,0x8855AC,0xFFC87E,2,0xFFC87E,2,0x0000,0x0004
660,0x8855C2,0xFFC87E,2,0xFFC87E,2,0x0004,0x0008
661,0x8855F0,0xFFC87E,2,0xFFC87E,2,0x0008,0x000C
661,0x89C414,0xFFC87E,2,0xFFC87E,2,0x000C,0x0000
662,0x8855AC,0xFFC87E,2,0xFFC87E,2,0x0000,0x0004
663,0x8855C2,0xFFC87E,2,0xFFC87E,2,0x0004,0x0008
664,0x8855F0,0xFFC87E,2,0xFFC87E,2,0x0008,0x000C
664,0x89C414,0xFFC87E,2,0xFFC87E,2,0x000C,0x0000
665,0x8855AC,0xFFC87E,2,0xFFC87E,2,0x0000,0x0004
666,0x8855C2,0xFFC87E,2,0xFFC87E,2,0x0004,0x0008
667,0x8855F0,0xFFC87E,2,0xFFC87E,2,0x0008,0x000C
667,0x89C414,0xFFC87E,2,0xFFC87E,2,0x000C,0x0000
668,0x8855AC,0xFFC87E,2,0xFFC87E,2,0x0000,0x0004
669,0x8855C2,0xFFC87E,2,0xFFC87E,2,0x0004,0x0008
670,0x8855F0,0xFFC87E,2,0xFFC87E,2,0x0008,0x000C
670,0x89C414,0xFFC87E,2,0xFFC87E,2,0x000C,0x0000
671,0x8855AC,0xFFC87E,2,0xFFC87E,2,0x0000,0x0004
672,0x8855C2,0xFFC87E,2,0xFFC87E,2,0x0004,0x0008
673,0x8855F0,0xFFC87E,2,0xFFC87E,2,0x0008,0x000C
673,0x89C414,0xFFC87E,2,0xFFC87E,2,0x000C,0x0000
674,0x8855AC,0xFFC87E,2,0xFFC87E,2,0x0000,0x0004
675,0x8855C2,0xFFC87E,2,0xFFC87E,2,0x0004,0x0008
676,0x8855F0,0xFFC87E,2,0xFFC87E,2,0x0008,0x000C
676,0x89C414,0xFFC87E,2,0xFFC87E,2,0x000C,0x0000
677,0x8855AC,0xFFC87E,2,0xFFC87E,2,0x0000,0x0004
678,0x8855C2,0xFFC87E,2,0xFFC87E,2,0x0004,0x0008
679,0x8855F0,0xFFC87E,2,0xFFC87E,2,0x0008,0x000C
679,0x89C414,0xFFC87E,2,0xFFC87E,2,0x000C,0x0000
680,0x8855AC,0xFFC87E,2,0xFFC87E,2,0x0000,0x0004
681,0x8855C2,0xFFC87E,2,0xFFC87E,2,0x0004,0x0008
682,0x8855F0,0xFFC87E,2,0xFFC87E,2,0x0008,0x000C
682,0x89C414,0xFFC87E,2,0xFFC87E,2,0x000C,0x0000
683,0x8855AC,0xFFC87E,2,0xFFC87E,2,0x0000,0x0004
684,0x8855C2,0xFFC87E,2,0xFFC87E,2,0x0004,0x0008
685,0x8855F0,0xFFC87E,2,0xFFC87E,2,0x0008,0x000C
685,0x89C414,0xFFC87E,2,0xFFC87E,2,0x000C,0x0000
686,0x8855AC,0xFFC87E,2,0xFFC87E,2,0x0000,0x0004
687,0x8855C2,0xFFC87E,2,0xFFC87E,2,0x0004,0x0008
688,0x8855F0,0xFFC87E,2,0xFFC87E,2,0x0008,0x000C
688,0x89C414,0xFFC87E,2,0xFFC87E,2,0x000C,0x0000
689,0x8855AC,0xFFC87E,2,0xFFC87E,2,0x0000,0x0004
690,0x8855C2,0xFFC87E,2,0xFFC87E,2,0x0004,0x0008
691,0x8855F0,0xFFC87E,2,0xFFC87E,2,0x0008,0x000C
691,0x89C414,0xFFC87E,2,0xFFC87E,2,0x000C,0x0000
692,0x8855AC,0xFFC87E,2,0xFFC87E,2,0x0000,0x0004
693,0x8855C2,0xFFC87E,2,0xFFC87E,2,0x0004,0x0008
694,0x8855F0,0xFFC87E,2,0xFFC87E,2,0x0008,0x000C
694,0x89C414,0xFFC87E,2,0xFFC87E,2,0x000C,0x0000
695,0x8855AC,0xFFC87E,2,0xFFC87E,2,0x0000,0x0004
696,0x8855C2,0xFFC87E,2,0xFFC87E,2,0x0004,0x0008
697,0x8855F0,0xFFC87E,2,0xFFC87E,2,0x0008,0x000C
697,0x89C414,0xFFC87E,2,0xFFC87E,2,0x000C,0x0000
698,0x8855AC,0xFFC87E,2,0xFFC87E,2,0x0000,0x0004
699,0x8855C2,0xFFC87E,2,0xFFC87E,2,0x0004,0x0008
700,0x8855F0,0xFFC87E,2,0xFFC87E,2,0x0008,0x000C
700,0x89C414,0xFFC87E,2,0xFFC87E,2,0x000C,0x0000
701,0x8855AC,0xFFC87E,2,0xFFC87E,2,0x0000,0x0004
702,0x8855C2,0xFFC87E,2,0xFFC87E,2,0x0004,0x0008
703,0x8855F0,0xFFC87E,2,0xFFC87E,2,0x0008,0x000C
703,0x89C414,0xFFC87E,2,0xFFC87E,2,0x000C,0x0000
704,0x8855AC,0xFFC87E,2,0xFFC87E,2,0x0000,0x0004
705,0x8855C2,0xFFC87E,2,0xFFC87E,2,0x0004,0x0008
706,0x8855F0,0xFFC87E,2,0xFFC87E,2,0x0008,0x000C
706,0x89C414,0xFFC87E,2,0xFFC87E,2,0x000C,0x0000
707,0x8855AC,0xFFC87E,2,0xFFC87E,2,0x0000,0x0004
708,0x8855C2,0xFFC87E,2,0xFFC87E,2,0x0004,0x0008
709,0x8855F0,0xFFC87E,2,0xFFC87E,2,0x0008,0x000C
709,0x89C414,0xFFC87E,2,0xFFC87E,2,0x000C,0x0000
710,0x8855AC,0xFFC87E,2,0xFFC87E,2,0x0000,0x0004
711,0x8855C2,0xFFC87E,2,0xFFC87E,2,0x0004,0x0008
712,0x8855F0,0xFFC87E,2,0xFFC87E,2,0x0008,0x000C
712,0x89C414,0xFFC87E,2,0xFFC87E,2,0x000C,0x0000
713,0x8855AC,0xFFC87E,2,0xFFC87E,2,0x0000,0x0004
714,0x8855C2,0xFFC87E,2,0xFFC87E,2,0x0004,0x0008
715,0x8855F0,0xFFC87E,2,0xFFC87E,2,0x0008,0x000C
715,0x89C414,0xFFC87E,2,0xFFC87E,2,0x000C,0x0000
716,0x8855AC,0xFFC87E,2,0xFFC87E,2,0x0000,0x0004
717,0x8855C2,0xFFC87E,2,0xFFC87E,2,0x0004,0x0008
718,0x8855F0,0xFFC87E,2,0xFFC87E,2,0x0008,0x000C
718,0x89C414,0xFFC87E,2,0xFFC87E,2,0x000C,0x0000
719,0x8855AC,0xFFC87E,2,0xFFC87E,2,0x0000,0x0004
720,0x8855C2,0xFFC87E,2,0xFFC87E,2,0x0004,0x0008
721,0x8855F0,0xFFC87E,2,0xFFC87E,2,0x0008,0x000C
721,0x89C414,0xFFC87E,2,0xFFC87E,2,0x000C,0x0000
722,0x8855AC,0xFFC87E,2,0xFFC87E,2,0x0000,0x0004
723,0x8855C2,0xFFC87E,2,0xFFC87E,2,0x0004,0x0008
724,0x8855F0,0xFFC87E,2,0xFFC87E,2,0x0008,0x000C
724,0x89C414,0xFFC87E,2,0xFFC87E,2,0x000C,0x0000
725,0x8855AC,0xFFC87E,2,0xFFC87E,2,0x0000,0x0004
726,0x8855C2,0xFFC87E,2,0xFFC87E,2,0x0004,0x0008
727,0x8855F0,0xFFC87E,2,0xFFC87E,2,0x0008,0x000C
727,0x89C414,0xFFC87E,2,0xFFC87E,2,0x000C,0x0000
728,0x8855AC,0xFFC87E,2,0xFFC87E,2,0x0000,0x0004
729,0x8855C2,0xFFC87E,2,0xFFC87E,2,0x0004,0x0008
730,0x8855F0,0xFFC87E,2,0xFFC87E,2,0x0008,0x000C
730,0x89C414,0xFFC87E,2,0xFFC87E,2,0x000C,0x0000
731,0x8855AC,0xFFC87E,2,0xFFC87E,2,0x0000,0x0004
732,0x8855C2,0xFFC87E,2,0xFFC87E,2,0x0004,0x0008
733,0x88BBB8,0xFF0002,4,0xFF0002,4,0x00885586,0x008926D2
733,0x8855F0,0xFFC87E,2,0xFFC87E,2,0x0008,0x000C
741,0x89297E,0xFFC87E,2,0xFFC87E,2,0x000C,0x0000
741,0x892984,0xFF0002,4,0xFF0002,4,0x008926D2,0x00892A40
743,0x892BEC,0xFFC87E,2,0xFFC87E,2,0x0000,0x0004
744,0x892C98,0xFFC87E,2,0xFFC87E,2,0x0004,0x0008
745,0x892EF6,0xFFC87E,2,0xFFC87E,2,0x0008,0x0000
745,0x892BEC,0xFFC87E,2,0xFFC87E,2,0x0000,0x0004
746,0x892C98,0xFFC87E,2,0xFFC87E,2,0x0004,0x0008
748,0x892EF6,0xFFC87E,2,0xFFC87E,2,0x0008,0x0000
748,0x892BEC,0xFFC87E,2,0xFFC87E,2,0x0000,0x0004
749,0x892C98,0xFFC87E,2,0xFFC87E,2,0x0004,0x0008
751,0x892EF6,0xFFC87E,2,0xFFC87E,2,0x0008,0x0000
751,0x892BEC,0xFFC87E,2,0xFFC87E,2,0x0000,0x0004
752,0x892C98,0xFFC87E,2,0xFFC87E,2,0x0004,0x0008
754,0x892EF6,0xFFC87E,2,0xFFC87E,2,0x0008,0x0000
754,0x892BEC,0xFFC87E,2,0xFFC87E,2,0x0000,0x0004
755,0x892C98,0xFFC87E,2,0xFFC87E,2,0x0004,0x0008
757,0x892EF6,0xFFC87E,2,0xFFC87E,2,0x0008,0x0000
757,0x892BEC,0xFFC87E,2,0xFFC87E,2,0x0000,0x0004
758,0x892C98,0xFFC87E,2,0xFFC87E,2,0x0004,0x0008
760,0x892EF6,0xFFC87E,2,0xFFC87E,2,0x0008,0x0000
760,0x892BEC,0xFFC87E,2,0xFFC87E,2,0x0000,0x0004
761,0x892C98,0xFFC87E,2,0xFFC87E,2,0x0004,0x0008
763,0x892EF6,0xFFC87E,2,0xFFC87E,2,0x0008,0x0000
764,0x892BEC,0xFFC87E,2,0xFFC87E,2,0x0000,0x0004
764,0x892C98,0xFFC87E,2,0xFFC87E,2,0x0004,0x0008
766,0x892EF6,0xFFC87E,2,0xFFC87E,2,0x0008,0x0000
766,0x892BEC,0xFFC87E,2,0xFFC87E,2,0x0000,0x0004
767,0x892C98,0xFFC87E,2,0xFFC87E,2,0x0004,0x0008
769,0x892EF6,0xFFC87E,2,0xFFC87E,2,0x0008,0x0000
769,0x892BEC,0xFFC87E,2,0xFFC87E,2,0x0000,0x0004
770,0x892C98,0xFFC87E,2,0xFFC87E,2,0x0004,0x0008
772,0x892EF6,0xFFC87E,2,0xFFC87E,2,0x0008,0x0000
772,0x892BEC,0xFFC87E,2,0xFFC87E,2,0x0000,0x0004
773,0x892C98,0xFFC87E,2,0xFFC87E,2,0x0004,0x0008
775,0x892E96,0xFFC87E,2,0xFFC87E,2,0x0008,0x0000
775,0x892BEC,0xFFC87E,2,0xFFC87E,2,0x0000,0x0004
776,0x892C98,0xFFC87E,2,0xFFC87E,2,0x0004,0x0008
778,0x892E96,0xFFC87E,2,0xFFC87E,2,0x0008,0x0000
779,0x892BEC,0xFFC87E,2,0xFFC87E,2,0x0000,0x0004
779,0x892C98,0xFFC87E,2,0xFFC87E,2,0x0004,0x0008
781,0x892E96,0xFFC87E,2,0xFFC87E,2,0x0008,0x0000
782,0x892BEC,0xFFC87E,2,0xFFC87E,2,0x0000,0x0004
782,0x892C98,0xFFC87E,2,0xFFC87E,2,0x0004,0x0008
784,0x892E96,0xFFC87E,2,0xFFC87E,2,0x0008,0x0000
785,0x892BEC,0xFFC87E,2,0xFFC87E,2,0x0000,0x0004
785,0x892C98,0xFFC87E,2,0xFFC87E,2,0x0004,0x0008
787,0x892E96,0xFFC87E,2,0xFFC87E,2,0x0008,0x0000
787,0x892BEC,0xFFC87E,2,0xFFC87E,2,0x0000,0x0004
788,0x892C98,0xFFC87E,2,0xFFC87E,2,0x0004,0x0008
790,0x892E96,0xFFC87E,2,0xFFC87E,2,0x0008,0x0000
790,0x892BEC,0xFFC87E,2,0xFFC87E,2,0x0000,0x0004
791,0x892C98,0xFFC87E,2,0xFFC87E,2,0x0004,0x0008
793,0x892E96,0xFFC87E,2,0xFFC87E,2,0x0008,0x0000
794,0x892BEC,0xFFC87E,2,0xFFC87E,2,0x0000,0x0004
795,0x892C98,0xFFC87E,2,0xFFC87E,2,0x0004,0x0008
796,0x892E96,0xFFC87E,2,0xFFC87E,2,0x0008,0x0000
797,0x892BEC,0xFFC87E,2,0xFFC87E,2,0x0000,0x0004
797,0x892C98,0xFFC87E,2,0xFFC87E,2,0x0004,0x0008
799,0x892E96,0xFFC87E,2,0xFFC87E,2,0x0008,0x0000
800,0x892BEC,0xFFC87E,2,0xFFC87E,2,0x0000,0x0004
800,0x892C98,0xFFC87E,2,0xFFC87E,2,0x0004,0x0008
802,0x892E96,0xFFC87E,2,0xFFC87E,2,0x0008,0x0000
803,0x892BEC,0xFFC87E,2,0xFFC87E,2,0x0000,0x0004
803,0x892C98,0xFFC87E,2,0xFFC87E,2,0x0004,0x0008
805,0x892E96,0xFFC87E,2,0xFFC87E,2,0x0008,0x0000
806,0x892BEC,0xFFC87E,2,0xFFC87E,2,0x0000,0x0004
806,0x892C98,0xFFC87E,2,0xFFC87E,2,0x0004,0x0008
808,0x892E96,0xFFC87E,2,0xFFC87E,2,0x0008,0x0000
809,0x892BEC,0xFFC87E,2,0xFFC87E,2,0x0000,0x0004
809,0x892C98,0xFFC87E,2,0xFFC87E,2,0x0004,0x0008
811,0x892E96,0xFFC87E,2,0xFFC87E,2,0x0008,0x0000
812,0x892BEC,0xFFC87E,2,0xFFC87E,2,0x0000,0x0004
812,0x892C98,0xFFC87E,2,0xFFC87E,2,0x0004,0x0008
814,0x892E96,0xFFC87E,2,0xFFC87E,2,0x0008,0x0000
815,0x892BEC,0xFFC87E,2,0xFFC87E,2,0x0000,0x0004
815,0x892C98,0xFFC87E,2,0xFFC87E,2,0x0004,0x0008
817,0x892E96,0xFFC87E,2,0xFFC87E,2,0x0008,0x0000
818,0x892BEC,0xFFC87E,2,0xFFC87E,2,0x0000,0x0004
818,0x892C98,0xFFC87E,2,0xFFC87E,2,0x0004,0x0008
820,0x892E96,0xFFC87E,2,0xFFC87E,2,0x0008,0x0000
821,0x892BEC,0xFFC87E,2,0xFFC87E,2,0x0000,0x0004
821,0x892C98,0xFFC87E,2,0xFFC87E,2,0x0004,0x0008
823,0x892E96,0xFFC87E,2,0xFFC87E,2,0x0008,0x0000
824,0x892BEC,0xFFC87E,2,0xFFC87E,2,0x0000,0x0004
825,0x892C98,0xFFC87E,2,0xFFC87E,2,0x0004,0x0008
826,0x892E96,0xFFC87E,2,0xFFC87E,2,0x0008,0x0000
827,0x892BEC,0xFFC87E,2,0xFFC87E,2,0x0000,0x0004
827,0x892C98,0xFFC87E,2,0xFFC87E,2,0x0004,0x0008
829,0x892E96,0xFFC87E,2,0xFFC87E,2,0x0008,0x0000
830,0x892BEC,0xFFC87E,2,0xFFC87E,2,0x0000,0x0004
830,0x892C98,0xFFC87E,2,0xFFC87E,2,0x0004,0x0008
832,0x892E96,0xFFC87E,2,0xFFC87E,2,0x0008,0x0000
833,0x892BEC,0xFFC87E,2,0xFFC87E,2,0x0000,0x0004
833,0x892C98,0xFFC87E,2,0xFFC87E,2,0x0004,0x0008
835,0x892E96,0xFFC87E,2,0xFFC87E,2,0x0008,0x0000
835,0x892BEC,0xFFC87E,2,0xFFC87E,2,0x0000,0x0004
836,0x892C98,0xFFC87E,2,0xFFC87E,2,0x0004,0x0008
838,0x892E96,0xFFC87E,2,0xFFC87E,2,0x0008,0x0000
838,0x892BEC,0xFFC87E,2,0xFFC87E,2,0x0000,0x0004
839,0x892C98,0xFFC87E,2,0xFFC87E,2,0x0004,0x0008
841,0x892EF6,0xFFC87E,2,0xFFC87E,2,0x0008,0x0000
842,0x892BEC,0xFFC87E,2,0xFFC87E,2,0x0000,0x0004
842,0x892C98,0xFFC87E,2,0xFFC87E,2,0x0004,0x0008
844,0x892EF6,0xFFC87E,2,0xFFC87E,2,0x0008,0x0000
845,0x892BEC,0xFFC87E,2,0xFFC87E,2,0x0000,0x0004
845,0x892C98,0xFFC87E,2,0xFFC87E,2,0x0004,0x0008
847,0x892EF6,0xFFC87E,2,0xFFC87E,2,0x0008,0x0000
848,0x892BEC,0xFFC87E,2,0xFFC87E,2,0x0000,0x0004
848,0x892C98,0xFFC87E,2,0xFFC87E,2,0x0004,0x0008
850,0x892EF6,0xFFC87E,2,0xFFC87E,2,0x0008,0x0000
851,0x892BEC,0xFFC87E,2,0xFFC87E,2,0x0000,0x0004
851,0x892C98,0xFFC87E,2,0xFFC87E,2,0x0004,0x0008
853,0x892EF6,0xFFC87E,2,0xFFC87E,2,0x0008,0x0000
854,0x892BEC,0xFFC87E,2,0xFFC87E,2,0x0000,0x0004
854,0x892C98,0xFFC87E,2,0xFFC87E,2,0x0004,0x0008
856,0x892EF6,0xFFC87E,2,0xFFC87E,2,0x0008,0x0000
856,0x892BEC,0xFFC87E,2,0xFFC87E,2,0x0000,0x0004
857,0x892C98,0xFFC87E,2,0xFFC87E,2,0x0004,0x0008
859,0x892EF6,0xFFC87E,2,0xFFC87E,2,0x0008,0x0000
860,0x892BEC,0xFFC87E,2,0xFFC87E,2,0x0000,0x0004
860,0x892C98,0xFFC87E,2,0xFFC87E,2,0x0004,0x0008
862,0x892EF6,0xFFC87E,2,0xFFC87E,2,0x0008,0x0000
862,0x892BEC,0xFFC87E,2,0xFFC87E,2,0x0000,0x0004
863,0x892C98,0xFFC87E,2,0xFFC87E,2,0x0004,0x0008
865,0x892EF6,0xFFC87E,2,0xFFC87E,2,0x0008,0x0000
866,0x892BEC,0xFFC87E,2,0xFFC87E,2,0x0000,0x0004
866,0x892C98,0xFFC87E,2,0xFFC87E,2,0x0004,0x0008
868,0x892EF6,0xFFC87E,2,0xFFC87E,2,0x0008,0x0000
869,0x892BEC,0xFFC87E,2,0xFFC87E,2,0x0000,0x0004
869,0x892C98,0xFFC87E,2,0xFFC87E,2,0x0004,0x0008
871,0x892EEE,0xFFC87E,2,0xFFC87E,2,0x0008,0x000C
872,0x892F18,0xFFC87E,2,0xFFC87E,2,0x000C,0x0000
872,0x892F3E,0xFFC87E,2,0xFFC87E,2,0x0000,0x0000
872,0x892F44,0xFF0002,4,0xFF0002,4,0x00892A40,0x0088E5CE
880,0x88E830,0xFFC87E,2,0xFFC87E,2,0x0000,0x0000
880,0x88E836,0xFF0002,4,0xFF0002,4,0x0088E5CE,0x0088E90C
882,0x88EAB4,0xFFC87E,2,0xFFC87E,2,0x0000,0x0004
882,0x88EEDE,0xFFC87E,2,0xFFC87E,2,0x0004,0x0000
884,0x88EAB4,0xFFC87E,2,0xFFC87E,2,0x0000,0x0004
890,0x88EEDE,0xFFC87E,2,0xFFC87E,2,0x0004,0x0000
891,0x88EAB4,0xFFC87E,2,0xFFC87E,2,0x0000,0x0004
898,0x88EEDE,0xFFC87E,2,0xFFC87E,2,0x0004,0x0000
899,0x88EAB4,0xFFC87E,2,0xFFC87E,2,0x0000,0x0004
905,0x88EEDE,0xFFC87E,2,0xFFC87E,2,0x0004,0x0000
907,0x88EAB4,0xFFC87E,2,0xFFC87E,2,0x0000,0x0004
913,0x88EEDE,0xFFC87E,2,0xFFC87E,2,0x0004,0x0000
914,0x88EAB4,0xFFC87E,2,0xFFC87E,2,0x0000,0x0004
921,0x88EEDE,0xFFC87E,2,0xFFC87E,2,0x0004,0x0000
922,0x88EAB4,0xFFC87E,2,0xFFC87E,2,0x0000,0x0004
928,0x88EEDE,0xFFC87E,2,0xFFC87E,2,0x0004,0x0000
929,0x88EAB4,0xFFC87E,2,0xFFC87E,2,0x0000,0x0004
975,0x88EEDE,0xFFC87E,2,0xFFC87E,2,0x0004,0x0000
976,0x88EAB4,0xFFC87E,2,0xFFC87E,2,0x0000,0x0004
983,0x88EEDE,0xFFC87E,2,0xFFC87E,2,0x0004,0x0000
984,0x88EAB4,0xFFC87E,2,0xFFC87E,2,0x0000,0x0004
990,0x88EEDE,0xFFC87E,2,0xFFC87E,2,0x0004,0x0000
991,0x88EAB4,0xFFC87E,2,0xFFC87E,2,0x0000,0x0004
998,0x88EE50,0xFFC87E,2,0xFFC87E,2,0x0004,0x0000
999,0x88EAB4,0xFFC87E,2,0xFFC87E,2,0x0000,0x0004
1006,0x88EE50,0xFFC87E,2,0xFFC87E,2,0x0004,0x0000
1007,0x88EAB4,0xFFC87E,2,0xFFC87E,2,0x0000,0x0004
1013,0x88EE50,0xFFC87E,2,0xFFC87E,2,0x0004,0x0000
1014,0x88EAB4,0xFFC87E,2,0xFFC87E,2,0x0000,0x0004
1021,0x88EE50,0xFFC87E,2,0xFFC87E,2,0x0004,0x0000
1022,0x88EAB4,0xFFC87E,2,0xFFC87E,2,0x0000,0x0004
1029,0x88EEDE,0xFFC87E,2,0xFFC87E,2,0x0004,0x0000
1030,0x88EAB4,0xFFC87E,2,0xFFC87E,2,0x0000,0x0004
1036,0x88EEDE,0xFFC87E,2,0xFFC87E,2,0x0004,0x0000
1037,0x88EAB4,0xFFC87E,2,0xFFC87E,2,0x0000,0x0004
1044,0x88EEDE,0xFFC87E,2,0xFFC87E,2,0x0004,0x0000
1045,0x88EAB4,0xFFC87E,2,0xFFC87E,2,0x0000,0x0004
1051,0x88EEDE,0xFFC87E,2,0xFFC87E,2,0x0004,0x0000
1053,0x88EAB4,0xFFC87E,2,0xFFC87E,2,0x0000,0x0004
1059,0x88EEDE,0xFFC87E,2,0xFFC87E,2,0x0004,0x0000
1060,0x88EAB4,0xFFC87E,2,0xFFC87E,2,0x0000,0x0004
1067,0x88EEDE,0xFFC87E,2,0xFFC87E,2,0x0004,0x0000
1068,0x88EAB4,0xFFC87E,2,0xFFC87E,2,0x0000,0x0004
1074,0x88EEDE,0xFFC87E,2,0xFFC87E,2,0x0004,0x0000
1076,0x88EAB4,0xFFC87E,2,0xFFC87E,2,0x0000,0x0004
1082,0x88EEDE,0xFFC87E,2,0xFFC87E,2,0x0004,0x0000
1083,0x88EAB4,0xFFC87E,2,0xFFC87E,2,0x0000,0x0004
1090,0x88EEDE,0xFFC87E,2,0xFFC87E,2,0x0004,0x0000
1091,0x88EAB4,0xFFC87E,2,0xFFC87E,2,0x0000,0x0004
1097,0x88EEDE,0xFFC87E,2,0xFFC87E,2,0x0004,0x0000
1098,0x88EAB4,0xFFC87E,2,0xFFC87E,2,0x0000,0x0004
1105,0x88EED6,0xFFC87E,2,0xFFC87E,2,0x0004,0x0008
1105,0x88EF00,0xFFC87E,2,0xFFC87E,2,0x0008,0x0000
1105,0x88EF06,0xFF0002,4,0xFF0002,4,0x0088E90C,0x008926D2
1105,0x88EF16,0xFF0002,4,0xFF0002,4,0x008926D2,0x0088D4A4
1105,0x88EF26,0xFF0002,4,0xFF0002,4,0x0088D4A4,0x0088D48A
1114,0x88D72C,0xFFC87E,2,0xFFC87E,2,0x0000,0x0000
1114,0x88D732,0xFF0002,4,0xFF0002,4,0x0088D48A,0x0088D864
1115,0x88DA82,0xFFC87E,2,0xFFC87E,2,0x0000,0x0004
1116,0x88DCA6,0xFFC87E,2,0xFFC87E,2,0x0004,0x0008
1118,0x88DE8C,0xFFC87E,2,0xFFC87E,2,0x0008,0x0000
1118,0x88DA82,0xFFC87E,2,0xFFC87E,2,0x0000,0x0004
1120,0x88DCA6,0xFFC87E,2,0xFFC87E,2,0x0004,0x0008
1121,0x88DE8C,0xFFC87E,2,0xFFC87E,2,0x0008,0x0000
1122,0x88DA82,0xFFC87E,2,0xFFC87E,2,0x0000,0x0004
1123,0x88DCA6,0xFFC87E,2,0xFFC87E,2,0x0004,0x0008
1124,0x88DE8C,0xFFC87E,2,0xFFC87E,2,0x0008,0x0000
1125,0x88DA82,0xFFC87E,2,0xFFC87E,2,0x0000,0x0004
1126,0x88DCA6,0xFFC87E,2,0xFFC87E,2,0x0004,0x0008
1127,0x88DE8C,0xFFC87E,2,0xFFC87E,2,0x0008,0x0000
1128,0x88DA82,0xFFC87E,2,0xFFC87E,2,0x0000,0x0004
1129,0x88DCA6,0xFFC87E,2,0xFFC87E,2,0x0004,0x0008
1130,0x88DE8C,0xFFC87E,2,0xFFC87E,2,0x0008,0x0000
1131,0x88DA82,0xFFC87E,2,0xFFC87E,2,0x0000,0x0004
1132,0x88DCA6,0xFFC87E,2,0xFFC87E,2,0x0004,0x0008
1133,0x88DE8C,0xFFC87E,2,0xFFC87E,2,0x0008,0x0000
1134,0x88DA82,0xFFC87E,2,0xFFC87E,2,0x0000,0x0004
1135,0x88DCA6,0xFFC87E,2,0xFFC87E,2,0x0004,0x0008
1136,0x88DE8C,0xFFC87E,2,0xFFC87E,2,0x0008,0x0000
1137,0x88DA82,0xFFC87E,2,0xFFC87E,2,0x0000,0x0004
1138,0x88DCA6,0xFFC87E,2,0xFFC87E,2,0x0004,0x0008
1139,0x88DE8C,0xFFC87E,2,0xFFC87E,2,0x0008,0x0000
1140,0x88DA82,0xFFC87E,2,0xFFC87E,2,0x0000,0x0004
1141,0x88DCA6,0xFFC87E,2,0xFFC87E,2,0x0004,0x0008
1142,0x88DE8C,0xFFC87E,2,0xFFC87E,2,0x0008,0x0000
1143,0x88DA82,0xFFC87E,2,0xFFC87E,2,0x0000,0x0004
1144,0x88DCA6,0xFFC87E,2,0xFFC87E,2,0x0004,0x0008
1145,0x88DE8C,0xFFC87E,2,0xFFC87E,2,0x0008,0x0000
1146,0x88DA82,0xFFC87E,2,0xFFC87E,2,0x0000,0x0004
1147,0x88DCA6,0xFFC87E,2,0xFFC87E,2,0x0004,0x0008
1148,0x88DE34,0xFFC87E,2,0xFFC87E,2,0x0008,0x0000
1149,0x88DA82,0xFFC87E,2,0xFFC87E,2,0x0000,0x0004
1150,0x88DCA6,0xFFC87E,2,0xFFC87E,2,0x0004,0x0008
1151,0x88DE34,0xFFC87E,2,0xFFC87E,2,0x0008,0x0000
1152,0x88DA82,0xFFC87E,2,0xFFC87E,2,0x0000,0x0004
1153,0x88DCA6,0xFFC87E,2,0xFFC87E,2,0x0004,0x0008
1154,0x88DE34,0xFFC87E,2,0xFFC87E,2,0x0008,0x0000
1155,0x88DA82,0xFFC87E,2,0xFFC87E,2,0x0000,0x0004
1156,0x88DCA6,0xFFC87E,2,0xFFC87E,2,0x0004,0x0008
1157,0x88DE34,0xFFC87E,2,0xFFC87E,2,0x0008,0x0000
1158,0x88DA82,0xFFC87E,2,0xFFC87E,2,0x0000,0x0004
1159,0x88DCA6,0xFFC87E,2,0xFFC87E,2,0x0004,0x0008
1160,0x88DE34,0xFFC87E,2,0xFFC87E,2,0x0008,0x0000
1161,0x88DA82,0xFFC87E,2,0xFFC87E,2,0x0000,0x0004
1162,0x88DCA6,0xFFC87E,2,0xFFC87E,2,0x0004,0x0008
1163,0x88DE34,0xFFC87E,2,0xFFC87E,2,0x0008,0x0000
1164,0x88DA82,0xFFC87E,2,0xFFC87E,2,0x0000,0x0004
1165,0x88DCA6,0xFFC87E,2,0xFFC87E,2,0x0004,0x0008
1166,0x88DE34,0xFFC87E,2,0xFFC87E,2,0x0008,0x0000
1167,0x88DA82,0xFFC87E,2,0xFFC87E,2,0x0000,0x0004
1168,0x88DCA6,0xFFC87E,2,0xFFC87E,2,0x0004,0x0008
1169,0x88DE34,0xFFC87E,2,0xFFC87E,2,0x0008,0x0000
1170,0x88DA82,0xFFC87E,2,0xFFC87E,2,0x0000,0x0004
1171,0x88DCA6,0xFFC87E,2,0xFFC87E,2,0x0004,0x0008
1172,0x88DE34,0xFFC87E,2,0xFFC87E,2,0x0008,0x0000
1173,0x88DA82,0xFFC87E,2,0xFFC87E,2,0x0000,0x0004
1174,0x88DCA6,0xFFC87E,2,0xFFC87E,2,0x0004,0x0008
1175,0x88DE34,0xFFC87E,2,0xFFC87E,2,0x0008,0x0000
1176,0x88DA82,0xFFC87E,2,0xFFC87E,2,0x0000,0x0004
1177,0x88DCA6,0xFFC87E,2,0xFFC87E,2,0x0004,0x0008
1178,0x88DE34,0xFFC87E,2,0xFFC87E,2,0x0008,0x0000
1179,0x88DA82,0xFFC87E,2,0xFFC87E,2,0x0000,0x0004
1180,0x88DCA6,0xFFC87E,2,0xFFC87E,2,0x0004,0x0008
1181,0x88DE34,0xFFC87E,2,0xFFC87E,2,0x0008,0x0000
1182,0x88DA82,0xFFC87E,2,0xFFC87E,2,0x0000,0x0004
1183,0x88DCA6,0xFFC87E,2,0xFFC87E,2,0x0004,0x0008
1184,0x88DE34,0xFFC87E,2,0xFFC87E,2,0x0008,0x0000
1185,0x88DA82,0xFFC87E,2,0xFFC87E,2,0x0000,0x0004
1186,0x88DCA6,0xFFC87E,2,0xFFC87E,2,0x0004,0x0008
1187,0x88DE34,0xFFC87E,2,0xFFC87E,2,0x0008,0x0000
1188,0x88DA82,0xFFC87E,2,0xFFC87E,2,0x0000,0x0004
1189,0x88DCA6,0xFFC87E,2,0xFFC87E,2,0x0004,0x0008
1190,0x88DE34,0xFFC87E,2,0xFFC87E,2,0x0008,0x0000
1191,0x88DA82,0xFFC87E,2,0xFFC87E,2,0x0000,0x0004
1192,0x88DCA6,0xFFC87E,2,0xFFC87E,2,0x0004,0x0008
1193,0x88DE34,0xFFC87E,2,0xFFC87E,2,0x0008,0x0000
1194,0x88DA82,0xFFC87E,2,0xFFC87E,2,0x0000,0x0004
1195,0x88DCA6,0xFFC87E,2,0xFFC87E,2,0x0004,0x0008
1196,0x88DE34,0xFFC87E,2,0xFFC87E,2,0x0008,0x0000
1197,0x88DA82,0xFFC87E,2,0xFFC87E,2,0x0000,0x0004
1198,0x88DCA6,0xFFC87E,2,0xFFC87E,2,0x0004,0x0008
1199,0x88DE34,0xFFC87E,2,0xFFC87E,2,0x0008,0x0000
1199,0x88DA82,0xFFC87E,2,0xFFC87E,2,0x0000,0x0004
1201,0x88DCA6,0xFFC87E,2,0xFFC87E,2,0x0004,0x0008
1202,0x88DE34,0xFFC87E,2,0xFFC87E,2,0x0008,0x0000
1202,0x88DA82,0xFFC87E,2,0xFFC87E,2,0x0000,0x0004
1204,0x88DCA6,0xFFC87E,2,0xFFC87E,2,0x0004,0x0008
1205,0x88DE8C,0xFFC87E,2,0xFFC87E,2,0x0008,0x0000
1206,0x88DA82,0xFFC87E,2,0xFFC87E,2,0x0000,0x0004
1207,0x88DCA6,0xFFC87E,2,0xFFC87E,2,0x0004,0x0008
1208,0x88DE8C,0xFFC87E,2,0xFFC87E,2,0x0008,0x0000
1209,0x88DA82,0xFFC87E,2,0xFFC87E,2,0x0000,0x0004
1210,0x88DCA6,0xFFC87E,2,0xFFC87E,2,0x0004,0x0008
1211,0x88DE8C,0xFFC87E,2,0xFFC87E,2,0x0008,0x0000
1212,0x88DA82,0xFFC87E,2,0xFFC87E,2,0x0000,0x0004
1213,0x88DCA6,0xFFC87E,2,0xFFC87E,2,0x0004,0x0008
1214,0x88DE8C,0xFFC87E,2,0xFFC87E,2,0x0008,0x0000
1215,0x88DA82,0xFFC87E,2,0xFFC87E,2,0x0000,0x0004
1216,0x88DCA6,0xFFC87E,2,0xFFC87E,2,0x0004,0x0008
1217,0x88DE8C,0xFFC87E,2,0xFFC87E,2,0x0008,0x0000
1218,0x88DA82,0xFFC87E,2,0xFFC87E,2,0x0000,0x0004
1219,0x88DCA6,0xFFC87E,2,0xFFC87E,2,0x0004,0x0008
1220,0x88DE8C,0xFFC87E,2,0xFFC87E,2,0x0008,0x0000
1221,0x88DA82,0xFFC87E,2,0xFFC87E,2,0x0000,0x0004
1222,0x88DCA6,0xFFC87E,2,0xFFC87E,2,0x0004,0x0008
1223,0x88DE8C,0xFFC87E,2,0xFFC87E,2,0x0008,0x0000
1224,0x88DA82,0xFFC87E,2,0xFFC87E,2,0x0000,0x0004
1225,0x88DCA6,0xFFC87E,2,0xFFC87E,2,0x0004,0x0008
1226,0x88DE8C,0xFFC87E,2,0xFFC87E,2,0x0008,0x0000
1227,0x88DA82,0xFFC87E,2,0xFFC87E,2,0x0000,0x0004
1228,0x88DCA6,0xFFC87E,2,0xFFC87E,2,0x0004,0x0008
1229,0x88DE8C,0xFFC87E,2,0xFFC87E,2,0x0008,0x0000
1230,0x88DA82,0xFFC87E,2,0xFFC87E,2,0x0000,0x0004
1231,0x88DCA6,0xFFC87E,2,0xFFC87E,2,0x0004,0x0008
1232,0x88DE8C,0xFFC87E,2,0xFFC87E,2,0x0008,0x0000
1233,0x88DA82,0xFFC87E,2,0xFFC87E,2,0x0000,0x0004
1234,0x88DCA6,0xFFC87E,2,0xFFC87E,2,0x0004,0x0008
1235,0x88DE84,0xFFC87E,2,0xFFC87E,2,0x0008,0x000C
1236,0x88E006,0xFFC87E,2,0xFFC87E,2,0x000C,0x0010
1237,0x88E066,0xFFC87E,2,0xFFC87E,2,0x0010,0x0000
1237,0x88E06C,0xFF0002,4,0xFF0002,4,0x0088D864,0x0088E5CE
1237,0x88E0B6,0xFF0002,4,0xFF0002,4,0x0088E5CE,0x00884D98
1237,0x88E0D4,0xFF0002,4,0xFF0002,4,0x00884D98,0x0089CB00
1237,0x89CB02,0xFF7B40,1,0xFF7B40,1,0x00,0x00
1255,0x884B96,0xFFC87E,2,0xFFC87E,2,0x0000,0x0000
1257,0x884C6A,0xFF0002,4,0xFF0002,4,0x0089CB00,0x00884CBC
1259,0x884CF2,0xFFC87E,2,0xFFC87E,2,0x0000,0x0004
1259,0x884D0C,0xFFC87E,2,0xFFC87E,2,0x0004,0x0008
1261,0x01C8E0,0xFF7B40,1,0xFF7B40,1,0x00,0x01
1261,0x004D6A,0xFFC87E,2,0xFFC87E,2,0x0008,0x000C
1261,0x89C414,0xFFC87E,2,0xFFC87E,2,0x000C,0x0000
1262,0x884CF2,0xFFC87E,2,0xFFC87E,2,0x0000,0x0004
1262,0x884D0C,0xFFC87E,2,0xFFC87E,2,0x0004,0x0008
# COMPLETE frames=1280 events=1153 errors=0
