# VRD_WRITE_TRACE version=3 sh2_drc=1 profile_pc=0 profile_pc_env=0 m68k_batching=normal instruction_start_hook=1 composed=1 caller_addr=0xFFFFFFFF caller_max=0 targets=3
# TARGET index=0 addr=0xFFC87E size=2
# TARGET index=1 addr=0xFF0002 size=4
# TARGET index=2 addr=0xFF7B41 size=1
frame,pc,target_addr,target_size,access_addr,access_size,old_value,new_value
16,0x891404,0xFFC87E,2,0xFFC87E,2,0x0008,0x000C
17,0x891802,0xFFC87E,2,0xFFC87E,2,0x000C,0x0000
17,0x891822,0xFF0002,4,0xFF0002,4,0x00891122,0x0089C914
17,0x89C91C,0xFF7B41,1,0xFF7B41,1,0x00,0x01
35,0x884B96,0xFFC87E,2,0xFFC87E,2,0x0000,0x0000
37,0x884C98,0xFF0002,4,0xFF0002,4,0x0089C914,0x00885618
39,0x88564A,0xFFC87E,2,0xFFC87E,2,0x0000,0x0004
40,0x885668,0xFFC87E,2,0xFFC87E,2,0x0004,0x0008
41,0x8856BE,0xFFC87E,2,0xFFC87E,2,0x0008,0x000C
41,0x89C414,0xFFC87E,2,0xFFC87E,2,0x000C,0x0000
42,0x88564A,0xFFC87E,2,0xFFC87E,2,0x0000,0x0004
42,0x885668,0xFFC87E,2,0xFFC87E,2,0x0004,0x0008
44,0x8856BE,0xFFC87E,2,0xFFC87E,2,0x0008,0x000C
44,0x89C414,0xFFC87E,2,0xFFC87E,2,0x000C,0x0000
45,0x88564A,0xFFC87E,2,0xFFC87E,2,0x0000,0x0004
45,0x885668,0xFFC87E,2,0xFFC87E,2,0x0004,0x0008
47,0x8856BE,0xFFC87E,2,0xFFC87E,2,0x0008,0x000C
47,0x89C414,0xFFC87E,2,0xFFC87E,2,0x000C,0x0000
48,0x88564A,0xFFC87E,2,0xFFC87E,2,0x0000,0x0004
48,0x885668,0xFFC87E,2,0xFFC87E,2,0x0004,0x0008
50,0x8856BE,0xFFC87E,2,0xFFC87E,2,0x0008,0x000C
50,0x89C414,0xFFC87E,2,0xFFC87E,2,0x000C,0x0000
51,0x88564A,0xFFC87E,2,0xFFC87E,2,0x0000,0x0004
51,0x885668,0xFFC87E,2,0xFFC87E,2,0x0004,0x0008
53,0x8856BE,0xFFC87E,2,0xFFC87E,2,0x0008,0x000C
53,0x89C414,0xFFC87E,2,0xFFC87E,2,0x000C,0x0000
54,0x88564A,0xFFC87E,2,0xFFC87E,2,0x0000,0x0004
54,0x885668,0xFFC87E,2,0xFFC87E,2,0x0004,0x0008
56,0x8856BE,0xFFC87E,2,0xFFC87E,2,0x0008,0x000C
56,0x89C414,0xFFC87E,2,0xFFC87E,2,0x000C,0x0000
57,0x88564A,0xFFC87E,2,0xFFC87E,2,0x0000,0x0004
57,0x885668,0xFFC87E,2,0xFFC87E,2,0x0004,0x0008
59,0x8856BE,0xFFC87E,2,0xFFC87E,2,0x0008,0x000C
59,0x89C414,0xFFC87E,2,0xFFC87E,2,0x000C,0x0000
60,0x88564A,0xFFC87E,2,0xFFC87E,2,0x0000,0x0004
60,0x885668,0xFFC87E,2,0xFFC87E,2,0x0004,0x0008
62,0x8856BE,0xFFC87E,2,0xFFC87E,2,0x0008,0x000C
62,0x89C414,0xFFC87E,2,0xFFC87E,2,0x000C,0x0000
63,0x88564A,0xFFC87E,2,0xFFC87E,2,0x0000,0x0004
63,0x885668,0xFFC87E,2,0xFFC87E,2,0x0004,0x0008
65,0x8856BE,0xFFC87E,2,0xFFC87E,2,0x0008,0x000C
65,0x89C414,0xFFC87E,2,0xFFC87E,2,0x000C,0x0000
66,0x88564A,0xFFC87E,2,0xFFC87E,2,0x0000,0x0004
66,0x885668,0xFFC87E,2,0xFFC87E,2,0x0004,0x0008
68,0x8856BE,0xFFC87E,2,0xFFC87E,2,0x0008,0x000C
68,0x89C414,0xFFC87E,2,0xFFC87E,2,0x000C,0x0000
69,0x88564A,0xFFC87E,2,0xFFC87E,2,0x0000,0x0004
69,0x885668,0xFFC87E,2,0xFFC87E,2,0x0004,0x0008
71,0x8856BE,0xFFC87E,2,0xFFC87E,2,0x0008,0x000C
71,0x89C414,0xFFC87E,2,0xFFC87E,2,0x000C,0x0000
72,0x88564A,0xFFC87E,2,0xFFC87E,2,0x0000,0x0004
72,0x885668,0xFFC87E,2,0xFFC87E,2,0x0004,0x0008
74,0x8856BE,0xFFC87E,2,0xFFC87E,2,0x0008,0x000C
74,0x89C414,0xFFC87E,2,0xFFC87E,2,0x000C,0x0000
75,0x88564A,0xFFC87E,2,0xFFC87E,2,0x0000,0x0004
75,0x885668,0xFFC87E,2,0xFFC87E,2,0x0004,0x0008
77,0x8856BE,0xFFC87E,2,0xFFC87E,2,0x0008,0x000C
77,0x89C414,0xFFC87E,2,0xFFC87E,2,0x000C,0x0000
78,0x88564A,0xFFC87E,2,0xFFC87E,2,0x0000,0x0004
78,0x885668,0xFFC87E,2,0xFFC87E,2,0x0004,0x0008
80,0x8856BE,0xFFC87E,2,0xFFC87E,2,0x0008,0x000C
80,0x89C414,0xFFC87E,2,0xFFC87E,2,0x000C,0x0000
81,0x88564A,0xFFC87E,2,0xFFC87E,2,0x0000,0x0004
81,0x885668,0xFFC87E,2,0xFFC87E,2,0x0004,0x0008
83,0x8856BE,0xFFC87E,2,0xFFC87E,2,0x0008,0x000C
83,0x89C414,0xFFC87E,2,0xFFC87E,2,0x000C,0x0000
84,0x88564A,0xFFC87E,2,0xFFC87E,2,0x0000,0x0004
84,0x885668,0xFFC87E,2,0xFFC87E,2,0x0004,0x0008
86,0x8856BE,0xFFC87E,2,0xFFC87E,2,0x0008,0x000C
86,0x89C414,0xFFC87E,2,0xFFC87E,2,0x000C,0x0000
87,0x88564A,0xFFC87E,2,0xFFC87E,2,0x0000,0x0004
87,0x885668,0xFFC87E,2,0xFFC87E,2,0x0004,0x0008
89,0x8856BE,0xFFC87E,2,0xFFC87E,2,0x0008,0x000C
89,0x89C414,0xFFC87E,2,0xFFC87E,2,0x000C,0x0000
90,0x88564A,0xFFC87E,2,0xFFC87E,2,0x0000,0x0004
90,0x885668,0xFFC87E,2,0xFFC87E,2,0x0004,0x0008
92,0x8856BE,0xFFC87E,2,0xFFC87E,2,0x0008,0x000C
92,0x89C414,0xFFC87E,2,0xFFC87E,2,0x000C,0x0000
93,0x88564A,0xFFC87E,2,0xFFC87E,2,0x0000,0x0004
93,0x885668,0xFFC87E,2,0xFFC87E,2,0x0004,0x0008
95,0x8856BE,0xFFC87E,2,0xFFC87E,2,0x0008,0x000C
95,0x89C414,0xFFC87E,2,0xFFC87E,2,0x000C,0x0000
96,0x88564A,0xFFC87E,2,0xFFC87E,2,0x0000,0x0004
96,0x885668,0xFFC87E,2,0xFFC87E,2,0x0004,0x0008
98,0x8856BE,0xFFC87E,2,0xFFC87E,2,0x0008,0x000C
98,0x89C414,0xFFC87E,2,0xFFC87E,2,0x000C,0x0000
99,0x88564A,0xFFC87E,2,0xFFC87E,2,0x0000,0x0004
100,0x885668,0xFFC87E,2,0xFFC87E,2,0x0004,0x0008
101,0x8856BE,0xFFC87E,2,0xFFC87E,2,0x0008,0x000C
101,0x89C414,0xFFC87E,2,0xFFC87E,2,0x000C,0x0000
102,0x88564A,0xFFC87E,2,0xFFC87E,2,0x0000,0x0004
103,0x885668,0xFFC87E,2,0xFFC87E,2,0x0004,0x0008
104,0x8856BE,0xFFC87E,2,0xFFC87E,2,0x0008,0x000C
104,0x89C414,0xFFC87E,2,0xFFC87E,2,0x000C,0x0000
105,0x88564A,0xFFC87E,2,0xFFC87E,2,0x0000,0x0004
106,0x885668,0xFFC87E,2,0xFFC87E,2,0x0004,0x0008
107,0x8856BE,0xFFC87E,2,0xFFC87E,2,0x0008,0x000C
107,0x89C414,0xFFC87E,2,0xFFC87E,2,0x000C,0x0000
108,0x88564A,0xFFC87E,2,0xFFC87E,2,0x0000,0x0004
109,0x885668,0xFFC87E,2,0xFFC87E,2,0x0004,0x0008
110,0x8856BE,0xFFC87E,2,0xFFC87E,2,0x0008,0x000C
110,0x89C414,0xFFC87E,2,0xFFC87E,2,0x000C,0x0000
111,0x88564A,0xFFC87E,2,0xFFC87E,2,0x0000,0x0004
112,0x885668,0xFFC87E,2,0xFFC87E,2,0x0004,0x0008
113,0x8856BE,0xFFC87E,2,0xFFC87E,2,0x0008,0x000C
113,0x89C414,0xFFC87E,2,0xFFC87E,2,0x000C,0x0000
114,0x88564A,0xFFC87E,2,0xFFC87E,2,0x0000,0x0004
115,0x885668,0xFFC87E,2,0xFFC87E,2,0x0004,0x0008
116,0x8856BE,0xFFC87E,2,0xFFC87E,2,0x0008,0x000C
116,0x89C414,0xFFC87E,2,0xFFC87E,2,0x000C,0x0000
117,0x88564A,0xFFC87E,2,0xFFC87E,2,0x0000,0x0004
118,0x885668,0xFFC87E,2,0xFFC87E,2,0x0004,0x0008
119,0x8856BE,0xFFC87E,2,0xFFC87E,2,0x0008,0x000C
119,0x89C414,0xFFC87E,2,0xFFC87E,2,0x000C,0x0000
120,0x88564A,0xFFC87E,2,0xFFC87E,2,0x0000,0x0004
121,0x885668,0xFFC87E,2,0xFFC87E,2,0x0004,0x0008
122,0x8856BE,0xFFC87E,2,0xFFC87E,2,0x0008,0x000C
122,0x89C414,0xFFC87E,2,0xFFC87E,2,0x000C,0x0000
123,0x88564A,0xFFC87E,2,0xFFC87E,2,0x0000,0x0004
124,0x885668,0xFFC87E,2,0xFFC87E,2,0x0004,0x0008
125,0x8856BE,0xFFC87E,2,0xFFC87E,2,0x0008,0x000C
125,0x89C414,0xFFC87E,2,0xFFC87E,2,0x000C,0x0000
126,0x88564A,0xFFC87E,2,0xFFC87E,2,0x0000,0x0004
127,0x885668,0xFFC87E,2,0xFFC87E,2,0x0004,0x0008
128,0x8856BE,0xFFC87E,2,0xFFC87E,2,0x0008,0x000C
128,0x89C414,0xFFC87E,2,0xFFC87E,2,0x000C,0x0000
129,0x88564A,0xFFC87E,2,0xFFC87E,2,0x0000,0x0004
130,0x885668,0xFFC87E,2,0xFFC87E,2,0x0004,0x0008
131,0x8856BE,0xFFC87E,2,0xFFC87E,2,0x0008,0x000C
131,0x89C414,0xFFC87E,2,0xFFC87E,2,0x000C,0x0000
132,0x88564A,0xFFC87E,2,0xFFC87E,2,0x0000,0x0004
133,0x885668,0xFFC87E,2,0xFFC87E,2,0x0004,0x0008
134,0x8856BE,0xFFC87E,2,0xFFC87E,2,0x0008,0x000C
134,0x89C414,0xFFC87E,2,0xFFC87E,2,0x000C,0x0000
135,0x88564A,0xFFC87E,2,0xFFC87E,2,0x0000,0x0004
136,0x885668,0xFFC87E,2,0xFFC87E,2,0x0004,0x0008
137,0x8856BE,0xFFC87E,2,0xFFC87E,2,0x0008,0x000C
137,0x89C414,0xFFC87E,2,0xFFC87E,2,0x000C,0x0000
138,0x88564A,0xFFC87E,2,0xFFC87E,2,0x0000,0x0004
139,0x885668,0xFFC87E,2,0xFFC87E,2,0x0004,0x0008
140,0x8856BE,0xFFC87E,2,0xFFC87E,2,0x0008,0x000C
140,0x89C414,0xFFC87E,2,0xFFC87E,2,0x000C,0x0000
141,0x88564A,0xFFC87E,2,0xFFC87E,2,0x0000,0x0004
142,0x885668,0xFFC87E,2,0xFFC87E,2,0x0004,0x0008
143,0x8856BE,0xFFC87E,2,0xFFC87E,2,0x0008,0x000C
143,0x89C414,0xFFC87E,2,0xFFC87E,2,0x000C,0x0000
144,0x88564A,0xFFC87E,2,0xFFC87E,2,0x0000,0x0004
145,0x885668,0xFFC87E,2,0xFFC87E,2,0x0004,0x0008
146,0x8856BE,0xFFC87E,2,0xFFC87E,2,0x0008,0x000C
146,0x89C414,0xFFC87E,2,0xFFC87E,2,0x000C,0x0000
147,0x88564A,0xFFC87E,2,0xFFC87E,2,0x0000,0x0004
148,0x885668,0xFFC87E,2,0xFFC87E,2,0x0004,0x0008
149,0x8856BE,0xFFC87E,2,0xFFC87E,2,0x0008,0x000C
149,0x89C414,0xFFC87E,2,0xFFC87E,2,0x000C,0x0000
150,0x88564A,0xFFC87E,2,0xFFC87E,2,0x0000,0x0004
151,0x885668,0xFFC87E,2,0xFFC87E,2,0x0004,0x0008
152,0x8856BE,0xFFC87E,2,0xFFC87E,2,0x0008,0x000C
152,0x89C414,0xFFC87E,2,0xFFC87E,2,0x000C,0x0000
153,0x88564A,0xFFC87E,2,0xFFC87E,2,0x0000,0x0004
154,0x885668,0xFFC87E,2,0xFFC87E,2,0x0004,0x0008
155,0x8856BE,0xFFC87E,2,0xFFC87E,2,0x0008,0x000C
155,0x89C414,0xFFC87E,2,0xFFC87E,2,0x000C,0x0000
156,0x88564A,0xFFC87E,2,0xFFC87E,2,0x0000,0x0004
157,0x885668,0xFFC87E,2,0xFFC87E,2,0x0004,0x0008
158,0x8856BE,0xFFC87E,2,0xFFC87E,2,0x0008,0x000C
158,0x89C414,0xFFC87E,2,0xFFC87E,2,0x000C,0x0000
159,0x88564A,0xFFC87E,2,0xFFC87E,2,0x0000,0x0004
160,0x885668,0xFFC87E,2,0xFFC87E,2,0x0004,0x0008
161,0x8856BE,0xFFC87E,2,0xFFC87E,2,0x0008,0x000C
161,0x89C414,0xFFC87E,2,0xFFC87E,2,0x000C,0x0000
162,0x88564A,0xFFC87E,2,0xFFC87E,2,0x0000,0x0004
163,0x885668,0xFFC87E,2,0xFFC87E,2,0x0004,0x0008
164,0x8856BE,0xFFC87E,2,0xFFC87E,2,0x0008,0x000C
164,0x89C414,0xFFC87E,2,0xFFC87E,2,0x000C,0x0000
165,0x88564A,0xFFC87E,2,0xFFC87E,2,0x0000,0x0004
166,0x885668,0xFFC87E,2,0xFFC87E,2,0x0004,0x0008
167,0x8856BE,0xFFC87E,2,0xFFC87E,2,0x0008,0x000C
167,0x89C414,0xFFC87E,2,0xFFC87E,2,0x000C,0x0000
168,0x88564A,0xFFC87E,2,0xFFC87E,2,0x0000,0x0004
169,0x885668,0xFFC87E,2,0xFFC87E,2,0x0004,0x0008
170,0x8856BE,0xFFC87E,2,0xFFC87E,2,0x0008,0x000C
170,0x89C414,0xFFC87E,2,0xFFC87E,2,0x000C,0x0000
171,0x88564A,0xFFC87E,2,0xFFC87E,2,0x0000,0x0004
172,0x885668,0xFFC87E,2,0xFFC87E,2,0x0004,0x0008
173,0x8856BE,0xFFC87E,2,0xFFC87E,2,0x0008,0x000C
173,0x89C414,0xFFC87E,2,0xFFC87E,2,0x000C,0x0000
174,0x88564A,0xFFC87E,2,0xFFC87E,2,0x0000,0x0004
175,0x885668,0xFFC87E,2,0xFFC87E,2,0x0004,0x0008
176,0x8856BE,0xFFC87E,2,0xFFC87E,2,0x0008,0x000C
176,0x89C414,0xFFC87E,2,0xFFC87E,2,0x000C,0x0000
177,0x88564A,0xFFC87E,2,0xFFC87E,2,0x0000,0x0004
178,0x885668,0xFFC87E,2,0xFFC87E,2,0x0004,0x0008
179,0x8856BE,0xFFC87E,2,0xFFC87E,2,0x0008,0x000C
179,0x89C414,0xFFC87E,2,0xFFC87E,2,0x000C,0x0000
180,0x88564A,0xFFC87E,2,0xFFC87E,2,0x0000,0x0004
181,0x885668,0xFFC87E,2,0xFFC87E,2,0x0004,0x0008
182,0x8856BE,0xFFC87E,2,0xFFC87E,2,0x0008,0x000C
182,0x89C414,0xFFC87E,2,0xFFC87E,2,0x000C,0x0000
183,0x88564A,0xFFC87E,2,0xFFC87E,2,0x0000,0x0004
184,0x885668,0xFFC87E,2,0xFFC87E,2,0x0004,0x0008
185,0x8856BE,0xFFC87E,2,0xFFC87E,2,0x0008,0x000C
185,0x89C414,0xFFC87E,2,0xFFC87E,2,0x000C,0x0000
186,0x88564A,0xFFC87E,2,0xFFC87E,2,0x0000,0x0004
187,0x885668,0xFFC87E,2,0xFFC87E,2,0x0004,0x0008
188,0x8856BE,0xFFC87E,2,0xFFC87E,2,0x0008,0x000C
188,0x89C414,0xFFC87E,2,0xFFC87E,2,0x000C,0x0000
189,0x88564A,0xFFC87E,2,0xFFC87E,2,0x0000,0x0004
# COMPLETE frames=190 events=207 errors=0
