# VRD_WRITE_TRACE version=3 sh2_drc=0 profile_pc=0 profile_pc_env=0 m68k_batching=normal instruction_start_hook=1 composed=1 caller_addr=0x00884CBC caller_max=0 targets=5
# TARGET index=0 addr=0xFFC87E size=2
# TARGET index=1 addr=0xFF0002 size=4
# TARGET index=2 addr=0xFF7B40 size=1
# TARGET index=3 addr=0xFFC80C size=1
# TARGET index=4 addr=0xA1518B size=1
frame,pc,target_addr,target_size,access_addr,access_size,old_value,new_value
1,0x0004A8,0xFF0002,4,0xFF0000,4,0x00000000,0x00010000
1,0x0004AA,0xFF0002,4,0xFF0004,4,0x00010000,0x00015101
1,0x8806C8,0xFF0002,4,0xFF0000,4,0x00015101,0x00005101
1,0x8806CA,0xFF0002,4,0xFF0004,4,0x00005101,0x00000000
2,0x8806C8,0xFF7B40,1,0xFF7B40,4,0x00,0x00
2,0x8806CE,0xFFC80C,1,0xFFC80C,4,0x00,0x00
2,0x8806D6,0xFFC87E,2,0xFFC87C,4,0x0000,0x0000
3,0x880738,0xA1518B,1,0xA1518B,1,0x00,0x00
3,0x880744,0xA1518B,1,0xA1518B,1,0x00,0x01
3,0x880744,0xA1518B,1,0xA1518B,1,0x01,0x03
3,0x880750,0xA1518B,1,0xA1518B,1,0x01,0x00
10,0x880DBC,0xFF7B40,1,0xFF7B40,4,0x00,0x00
11,0x880DBC,0xFFC80C,1,0xFFC80C,4,0x00,0x00
11,0x880DBC,0xFFC87E,2,0xFFC87C,4,0x0000,0x0000
12,0x882678,0xA1518B,1,0xA1518A,2,0x00,0x00
12,0x8826CE,0xA1518B,1,0xA1518B,1,0x00,0x00
13,0x8826DE,0xA1518B,1,0xA1518B,1,0x00,0x01
13,0x8826EE,0xA1518B,1,0xA1518B,1,0x01,0x02
13,0x8826F4,0xFFC80C,1,0xFFC80C,1,0x00,0x00
13,0x880FDE,0xFF0002,4,0xFF0002,2,0x00000000,0x00890000
13,0x880FDE,0xFF0002,4,0xFF0004,2,0x00890000,0x00894262
13,0x880C38,0xFF0002,4,0xFF0002,4,0x00894262,0x00894262
13,0x882692,0xA1518B,1,0xA1518B,1,0x00,0x00
13,0x8826A4,0xA1518B,1,0xA1518B,1,0x00,0x01
13,0x8826B6,0xA1518B,1,0xA1518B,1,0x01,0x00
13,0x8826BC,0xFFC80C,1,0xFFC80C,1,0x00,0x00
14,0x89435E,0xFFC87E,2,0xFFC87E,2,0x0000,0x0000
14,0x8943BA,0xFF0002,4,0xFF0002,4,0x00894262,0x008943C6
16,0x8943EC,0xFFC87E,2,0xFFC87E,2,0x0000,0x0004
16,0x8943FA,0xFFC87E,2,0xFFC87E,2,0x0004,0x0008
18,0x881E60,0xFFC87E,2,0xFFC87E,2,0x0008,0x0000
18,0x881E66,0xFFC80C,1,0xFFC80C,1,0x00,0x01
18,0x881E6E,0xA1518B,1,0xA1518B,1,0x00,0x01
19,0x8943EC,0xFFC87E,2,0xFFC87E,2,0x0000,0x0004
19,0x8943FA,0xFFC87E,2,0xFFC87E,2,0x0004,0x0008
21,0x881E60,0xFFC87E,2,0xFFC87E,2,0x0008,0x0000
21,0x881E66,0xFFC80C,1,0xFFC80C,1,0x01,0x00
21,0x881E78,0xA1518B,1,0xA1518B,1,0x01,0x00
22,0x8943EC,0xFFC87E,2,0xFFC87E,2,0x0000,0x0004
22,0x8943FA,0xFFC87E,2,0xFFC87E,2,0x0004,0x0008
24,0x881E60,0xFFC87E,2,0xFFC87E,2,0x0008,0x0000
24,0x881E66,0xFFC80C,1,0xFFC80C,1,0x00,0x01
24,0x881E6E,0xA1518B,1,0xA1518B,1,0x02,0x01
25,0x8943EC,0xFFC87E,2,0xFFC87E,2,0x0000,0x0004
25,0x8943FA,0xFFC87E,2,0xFFC87E,2,0x0004,0x0008
27,0x881E60,0xFFC87E,2,0xFFC87E,2,0x0008,0x0000
27,0x881E66,0xFFC80C,1,0xFFC80C,1,0x01,0x00
27,0x881E78,0xA1518B,1,0xA1518B,1,0x01,0x00
28,0x8943EC,0xFFC87E,2,0xFFC87E,2,0x0000,0x0004
28,0x8943FA,0xFFC87E,2,0xFFC87E,2,0x0004,0x0008
30,0x881E60,0xFFC87E,2,0xFFC87E,2,0x0008,0x0000
30,0x881E66,0xFFC80C,1,0xFFC80C,1,0x00,0x01
30,0x881E6E,0xA1518B,1,0xA1518B,1,0x00,0x01
31,0x8943EC,0xFFC87E,2,0xFFC87E,2,0x0000,0x0004
31,0x8943FA,0xFFC87E,2,0xFFC87E,2,0x0004,0x0008
33,0x881E60,0xFFC87E,2,0xFFC87E,2,0x0008,0x0000
33,0x881E66,0xFFC80C,1,0xFFC80C,1,0x01,0x00
33,0x881E78,0xA1518B,1,0xA1518B,1,0x01,0x00
34,0x8943EC,0xFFC87E,2,0xFFC87E,2,0x0000,0x0004
34,0x8943FA,0xFFC87E,2,0xFFC87E,2,0x0004,0x0008
36,0x881E60,0xFFC87E,2,0xFFC87E,2,0x0008,0x0000
36,0x881E66,0xFFC80C,1,0xFFC80C,1,0x00,0x01
36,0x881E6E,0xA1518B,1,0xA1518B,1,0x02,0x01
37,0x8943EC,0xFFC87E,2,0xFFC87E,2,0x0000,0x0004
37,0x8943FA,0xFFC87E,2,0xFFC87E,2,0x0004,0x0008
39,0x881E60,0xFFC87E,2,0xFFC87E,2,0x0008,0x0000
39,0x881E66,0xFFC80C,1,0xFFC80C,1,0x01,0x00
39,0x881E78,0xA1518B,1,0xA1518B,1,0x01,0x00
40,0x8943EC,0xFFC87E,2,0xFFC87E,2,0x0000,0x0004
40,0x8943FA,0xFFC87E,2,0xFFC87E,2,0x0004,0x0008
42,0x881E60,0xFFC87E,2,0xFFC87E,2,0x0008,0x0000
42,0x881E66,0xFFC80C,1,0xFFC80C,1,0x00,0x01
42,0x881E6E,0xA1518B,1,0xA1518B,1,0x00,0x01
43,0x8943EC,0xFFC87E,2,0xFFC87E,2,0x0000,0x0004
43,0x8943FA,0xFFC87E,2,0xFFC87E,2,0x0004,0x0008
45,0x881E60,0xFFC87E,2,0xFFC87E,2,0x0008,0x0000
45,0x881E66,0xFFC80C,1,0xFFC80C,1,0x01,0x00
45,0x881E78,0xA1518B,1,0xA1518B,1,0x01,0x00
46,0x8943EC,0xFFC87E,2,0xFFC87E,2,0x0000,0x0004
46,0x8943FA,0xFFC87E,2,0xFFC87E,2,0x0004,0x0008
48,0x881E60,0xFFC87E,2,0xFFC87E,2,0x0008,0x0000
48,0x881E66,0xFFC80C,1,0xFFC80C,1,0x00,0x01
48,0x881E6E,0xA1518B,1,0xA1518B,1,0x02,0x01
49,0x8943EC,0xFFC87E,2,0xFFC87E,2,0x0000,0x0004
49,0x8943FA,0xFFC87E,2,0xFFC87E,2,0x0004,0x0008
51,0x881E60,0xFFC87E,2,0xFFC87E,2,0x0008,0x0000
51,0x881E66,0xFFC80C,1,0xFFC80C,1,0x01,0x00
51,0x881E78,0xA1518B,1,0xA1518B,1,0x01,0x00
52,0x8943EC,0xFFC87E,2,0xFFC87E,2,0x0000,0x0004
52,0x8943FA,0xFFC87E,2,0xFFC87E,2,0x0004,0x0008
54,0x881E60,0xFFC87E,2,0xFFC87E,2,0x0008,0x0000
54,0x881E66,0xFFC80C,1,0xFFC80C,1,0x00,0x01
54,0x881E6E,0xA1518B,1,0xA1518B,1,0x00,0x01
55,0x8943EC,0xFFC87E,2,0xFFC87E,2,0x0000,0x0004
55,0x8943FA,0xFFC87E,2,0xFFC87E,2,0x0004,0x0008
57,0x881E60,0xFFC87E,2,0xFFC87E,2,0x0008,0x0000
57,0x881E66,0xFFC80C,1,0xFFC80C,1,0x01,0x00
57,0x881E78,0xA1518B,1,0xA1518B,1,0x01,0x00
58,0x8943EC,0xFFC87E,2,0xFFC87E,2,0x0000,0x0004
58,0x8943FA,0xFFC87E,2,0xFFC87E,2,0x0004,0x0008
60,0x881E60,0xFFC87E,2,0xFFC87E,2,0x0008,0x0000
60,0x881E66,0xFFC80C,1,0xFFC80C,1,0x00,0x01
60,0x881E6E,0xA1518B,1,0xA1518B,1,0x02,0x01
61,0x8943EC,0xFFC87E,2,0xFFC87E,2,0x0000,0x0004
61,0x8943FA,0xFFC87E,2,0xFFC87E,2,0x0004,0x0008
63,0x881E60,0xFFC87E,2,0xFFC87E,2,0x0008,0x0000
63,0x881E66,0xFFC80C,1,0xFFC80C,1,0x01,0x00
63,0x881E78,0xA1518B,1,0xA1518B,1,0x01,0x00
64,0x8943EC,0xFFC87E,2,0xFFC87E,2,0x0000,0x0004
64,0x8943FA,0xFFC87E,2,0xFFC87E,2,0x0004,0x0008
66,0x881E60,0xFFC87E,2,0xFFC87E,2,0x0008,0x0000
66,0x881E66,0xFFC80C,1,0xFFC80C,1,0x00,0x01
66,0x881E6E,0xA1518B,1,0xA1518B,1,0x00,0x01
67,0x8943EC,0xFFC87E,2,0xFFC87E,2,0x0000,0x0004
67,0x8943FA,0xFFC87E,2,0xFFC87E,2,0x0004,0x0008
69,0x881E60,0xFFC87E,2,0xFFC87E,2,0x0008,0x0000
69,0x881E66,0xFFC80C,1,0xFFC80C,1,0x01,0x00
69,0x881E78,0xA1518B,1,0xA1518B,1,0x01,0x00
70,0x8943EC,0xFFC87E,2,0xFFC87E,2,0x0000,0x0004
70,0x8943FA,0xFFC87E,2,0xFFC87E,2,0x0004,0x0008
72,0x881E60,0xFFC87E,2,0xFFC87E,2,0x0008,0x0000
72,0x881E66,0xFFC80C,1,0xFFC80C,1,0x00,0x01
72,0x881E6E,0xA1518B,1,0xA1518B,1,0x02,0x01
73,0x8943EC,0xFFC87E,2,0xFFC87E,2,0x0000,0x0004
73,0x8943FA,0xFFC87E,2,0xFFC87E,2,0x0004,0x0008
75,0x881E60,0xFFC87E,2,0xFFC87E,2,0x0008,0x0000
75,0x881E66,0xFFC80C,1,0xFFC80C,1,0x01,0x00
75,0x881E78,0xA1518B,1,0xA1518B,1,0x01,0x00
76,0x8943EC,0xFFC87E,2,0xFFC87E,2,0x0000,0x0004
76,0x8943FA,0xFFC87E,2,0xFFC87E,2,0x0004,0x0008
78,0x881E60,0xFFC87E,2,0xFFC87E,2,0x0008,0x0000
78,0x881E66,0xFFC80C,1,0xFFC80C,1,0x00,0x01
78,0x881E6E,0xA1518B,1,0xA1518B,1,0x00,0x01
79,0x8943EC,0xFFC87E,2,0xFFC87E,2,0x0000,0x0004
79,0x8943FA,0xFFC87E,2,0xFFC87E,2,0x0004,0x0008
81,0x881E60,0xFFC87E,2,0xFFC87E,2,0x0008,0x0000
81,0x881E66,0xFFC80C,1,0xFFC80C,1,0x01,0x00
81,0x881E78,0xA1518B,1,0xA1518B,1,0x01,0x00
82,0x8943EC,0xFFC87E,2,0xFFC87E,2,0x0000,0x0004
82,0x8943FA,0xFFC87E,2,0xFFC87E,2,0x0004,0x0008
84,0x881E60,0xFFC87E,2,0xFFC87E,2,0x0008,0x0000
84,0x881E66,0xFFC80C,1,0xFFC80C,1,0x00,0x01
84,0x881E6E,0xA1518B,1,0xA1518B,1,0x02,0x01
85,0x8943EC,0xFFC87E,2,0xFFC87E,2,0x0000,0x0004
85,0x8943FA,0xFFC87E,2,0xFFC87E,2,0x0004,0x0008
87,0x881E60,0xFFC87E,2,0xFFC87E,2,0x0008,0x0000
87,0x881E66,0xFFC80C,1,0xFFC80C,1,0x01,0x00
87,0x881E78,0xA1518B,1,0xA1518B,1,0x01,0x00
88,0x8943EC,0xFFC87E,2,0xFFC87E,2,0x0000,0x0004
88,0x8943FA,0xFFC87E,2,0xFFC87E,2,0x0004,0x0008
90,0x881E60,0xFFC87E,2,0xFFC87E,2,0x0008,0x0000
90,0x881E66,0xFFC80C,1,0xFFC80C,1,0x00,0x01
90,0x881E6E,0xA1518B,1,0xA1518B,1,0x00,0x01
91,0x8943EC,0xFFC87E,2,0xFFC87E,2,0x0000,0x0004
91,0x8943FA,0xFFC87E,2,0xFFC87E,2,0x0004,0x0008
93,0x881E60,0xFFC87E,2,0xFFC87E,2,0x0008,0x0000
93,0x881E66,0xFFC80C,1,0xFFC80C,1,0x01,0x00
93,0x881E78,0xA1518B,1,0xA1518B,1,0x01,0x00
94,0x8943EC,0xFFC87E,2,0xFFC87E,2,0x0000,0x0004
94,0x8943FA,0xFFC87E,2,0xFFC87E,2,0x0004,0x0008
96,0x881E60,0xFFC87E,2,0xFFC87E,2,0x0008,0x0000
96,0x881E66,0xFFC80C,1,0xFFC80C,1,0x00,0x01
96,0x881E6E,0xA1518B,1,0xA1518B,1,0x02,0x01
97,0x8943EC,0xFFC87E,2,0xFFC87E,2,0x0000,0x0004
97,0x8943FA,0xFFC87E,2,0xFFC87E,2,0x0004,0x0008
99,0x881E60,0xFFC87E,2,0xFFC87E,2,0x0008,0x0000
99,0x881E66,0xFFC80C,1,0xFFC80C,1,0x01,0x00
99,0x881E78,0xA1518B,1,0xA1518B,1,0x01,0x00
100,0x8943EC,0xFFC87E,2,0xFFC87E,2,0x0000,0x0004
100,0x8943FA,0xFFC87E,2,0xFFC87E,2,0x0004,0x0008
102,0x881E60,0xFFC87E,2,0xFFC87E,2,0x0008,0x0000
102,0x881E66,0xFFC80C,1,0xFFC80C,1,0x00,0x01
102,0x881E6E,0xA1518B,1,0xA1518B,1,0x00,0x01
103,0x8943EC,0xFFC87E,2,0xFFC87E,2,0x0000,0x0004
103,0x8943FA,0xFFC87E,2,0xFFC87E,2,0x0004,0x0008
105,0x881E60,0xFFC87E,2,0xFFC87E,2,0x0008,0x0000
105,0x881E66,0xFFC80C,1,0xFFC80C,1,0x01,0x00
105,0x881E78,0xA1518B,1,0xA1518B,1,0x01,0x00
106,0x8943EC,0xFFC87E,2,0xFFC87E,2,0x0000,0x0004
106,0x8943FA,0xFFC87E,2,0xFFC87E,2,0x0004,0x0008
108,0x881E60,0xFFC87E,2,0xFFC87E,2,0x0008,0x0000
108,0x881E66,0xFFC80C,1,0xFFC80C,1,0x00,0x01
108,0x881E6E,0xA1518B,1,0xA1518B,1,0x02,0x01
109,0x8943EC,0xFFC87E,2,0xFFC87E,2,0x0000,0x0004
109,0x8943FA,0xFFC87E,2,0xFFC87E,2,0x0004,0x0008
111,0x881E60,0xFFC87E,2,0xFFC87E,2,0x0008,0x0000
111,0x881E66,0xFFC80C,1,0xFFC80C,1,0x01,0x00
111,0x881E78,0xA1518B,1,0xA1518B,1,0x01,0x00
112,0x8943EC,0xFFC87E,2,0xFFC87E,2,0x0000,0x0004
112,0x8943FA,0xFFC87E,2,0xFFC87E,2,0x0004,0x0008
114,0x881E60,0xFFC87E,2,0xFFC87E,2,0x0008,0x0000
114,0x881E66,0xFFC80C,1,0xFFC80C,1,0x00,0x01
114,0x881E6E,0xA1518B,1,0xA1518B,1,0x00,0x01
115,0x8943EC,0xFFC87E,2,0xFFC87E,2,0x0000,0x0004
115,0x8943FA,0xFFC87E,2,0xFFC87E,2,0x0004,0x0008
117,0x881E60,0xFFC87E,2,0xFFC87E,2,0x0008,0x0000
117,0x881E66,0xFFC80C,1,0xFFC80C,1,0x01,0x00
117,0x881E78,0xA1518B,1,0xA1518B,1,0x01,0x00
118,0x8943EC,0xFFC87E,2,0xFFC87E,2,0x0000,0x0004
118,0x8943FA,0xFFC87E,2,0xFFC87E,2,0x0004,0x0008
120,0x881E60,0xFFC87E,2,0xFFC87E,2,0x0008,0x0000
120,0x881E66,0xFFC80C,1,0xFFC80C,1,0x00,0x01
120,0x881E6E,0xA1518B,1,0xA1518B,1,0x02,0x01
121,0x8943EC,0xFFC87E,2,0xFFC87E,2,0x0000,0x0004
121,0x8943FA,0xFFC87E,2,0xFFC87E,2,0x0004,0x0008
123,0x881E60,0xFFC87E,2,0xFFC87E,2,0x0008,0x0000
123,0x881E66,0xFFC80C,1,0xFFC80C,1,0x01,0x00
123,0x881E78,0xA1518B,1,0xA1518B,1,0x01,0x00
124,0x8943EC,0xFFC87E,2,0xFFC87E,2,0x0000,0x0004
124,0x8943FA,0xFFC87E,2,0xFFC87E,2,0x0004,0x0008
126,0x881E60,0xFFC87E,2,0xFFC87E,2,0x0008,0x0000
126,0x881E66,0xFFC80C,1,0xFFC80C,1,0x00,0x01
126,0x881E6E,0xA1518B,1,0xA1518B,1,0x00,0x01
127,0x8943EC,0xFFC87E,2,0xFFC87E,2,0x0000,0x0004
127,0x8943FA,0xFFC87E,2,0xFFC87E,2,0x0004,0x0008
129,0x881E60,0xFFC87E,2,0xFFC87E,2,0x0008,0x0000
129,0x881E66,0xFFC80C,1,0xFFC80C,1,0x01,0x00
129,0x881E78,0xA1518B,1,0xA1518B,1,0x01,0x00
130,0x8943EC,0xFFC87E,2,0xFFC87E,2,0x0000,0x0004
130,0x8943FA,0xFFC87E,2,0xFFC87E,2,0x0004,0x0008
132,0x881E60,0xFFC87E,2,0xFFC87E,2,0x0008,0x0000
132,0x881E66,0xFFC80C,1,0xFFC80C,1,0x00,0x01
132,0x881E6E,0xA1518B,1,0xA1518B,1,0x02,0x01
133,0x8943EC,0xFFC87E,2,0xFFC87E,2,0x0000,0x0004
133,0x8943FA,0xFFC87E,2,0xFFC87E,2,0x0004,0x0008
135,0x881E60,0xFFC87E,2,0xFFC87E,2,0x0008,0x0000
135,0x881E66,0xFFC80C,1,0xFFC80C,1,0x01,0x00
135,0x881E78,0xA1518B,1,0xA1518B,1,0x01,0x00
136,0x8943EC,0xFFC87E,2,0xFFC87E,2,0x0000,0x0004
136,0x8943FA,0xFFC87E,2,0xFFC87E,2,0x0004,0x0008
138,0x881E60,0xFFC87E,2,0xFFC87E,2,0x0008,0x0000
138,0x881E66,0xFFC80C,1,0xFFC80C,1,0x00,0x01
138,0x881E6E,0xA1518B,1,0xA1518B,1,0x00,0x01
139,0x8943EC,0xFFC87E,2,0xFFC87E,2,0x0000,0x0004
139,0x8943FA,0xFFC87E,2,0xFFC87E,2,0x0004,0x0008
141,0x881E60,0xFFC87E,2,0xFFC87E,2,0x0008,0x0000
141,0x881E66,0xFFC80C,1,0xFFC80C,1,0x01,0x00
141,0x881E78,0xA1518B,1,0xA1518B,1,0x01,0x00
142,0x8943EC,0xFFC87E,2,0xFFC87E,2,0x0000,0x0004
142,0x8943FA,0xFFC87E,2,0xFFC87E,2,0x0004,0x0008
144,0x881E60,0xFFC87E,2,0xFFC87E,2,0x0008,0x0000
144,0x881E66,0xFFC80C,1,0xFFC80C,1,0x00,0x01
144,0x881E6E,0xA1518B,1,0xA1518B,1,0x02,0x01
145,0x8943EC,0xFFC87E,2,0xFFC87E,2,0x0000,0x0004
145,0x8943FA,0xFFC87E,2,0xFFC87E,2,0x0004,0x0008
147,0x881E60,0xFFC87E,2,0xFFC87E,2,0x0008,0x0000
147,0x881E66,0xFFC80C,1,0xFFC80C,1,0x01,0x00
147,0x881E78,0xA1518B,1,0xA1518B,1,0x01,0x00
148,0x8943EC,0xFFC87E,2,0xFFC87E,2,0x0000,0x0004
148,0x8943FA,0xFFC87E,2,0xFFC87E,2,0x0004,0x0008
150,0x881E60,0xFFC87E,2,0xFFC87E,2,0x0008,0x0000
150,0x881E66,0xFFC80C,1,0xFFC80C,1,0x00,0x01
150,0x881E6E,0xA1518B,1,0xA1518B,1,0x00,0x01
151,0x8943EC,0xFFC87E,2,0xFFC87E,2,0x0000,0x0004
151,0x8943FA,0xFFC87E,2,0xFFC87E,2,0x0004,0x0008
153,0x881E60,0xFFC87E,2,0xFFC87E,2,0x0008,0x0000
153,0x881E66,0xFFC80C,1,0xFFC80C,1,0x01,0x00
153,0x881E78,0xA1518B,1,0xA1518B,1,0x01,0x00
154,0x8943EC,0xFFC87E,2,0xFFC87E,2,0x0000,0x0004
154,0x8943FA,0xFFC87E,2,0xFFC87E,2,0x0004,0x0008
156,0x881E60,0xFFC87E,2,0xFFC87E,2,0x0008,0x0000
156,0x881E66,0xFFC80C,1,0xFFC80C,1,0x00,0x01
156,0x881E6E,0xA1518B,1,0xA1518B,1,0x02,0x01
157,0x8943EC,0xFFC87E,2,0xFFC87E,2,0x0000,0x0004
157,0x8943FA,0xFFC87E,2,0xFFC87E,2,0x0004,0x0008
159,0x881E60,0xFFC87E,2,0xFFC87E,2,0x0008,0x0000
159,0x881E66,0xFFC80C,1,0xFFC80C,1,0x01,0x00
159,0x881E78,0xA1518B,1,0xA1518B,1,0x01,0x00
160,0x8943EC,0xFFC87E,2,0xFFC87E,2,0x0000,0x0004
160,0x8943FA,0xFFC87E,2,0xFFC87E,2,0x0004,0x0008
162,0x881E60,0xFFC87E,2,0xFFC87E,2,0x0008,0x0000
162,0x881E66,0xFFC80C,1,0xFFC80C,1,0x00,0x01
162,0x881E6E,0xA1518B,1,0xA1518B,1,0x00,0x01
163,0x8943EC,0xFFC87E,2,0xFFC87E,2,0x0000,0x0004
163,0x8943FA,0xFFC87E,2,0xFFC87E,2,0x0004,0x0008
165,0x881E60,0xFFC87E,2,0xFFC87E,2,0x0008,0x0000
165,0x881E66,0xFFC80C,1,0xFFC80C,1,0x01,0x00
165,0x881E78,0xA1518B,1,0xA1518B,1,0x01,0x00
166,0x8943EC,0xFFC87E,2,0xFFC87E,2,0x0000,0x0004
166,0x8943FA,0xFFC87E,2,0xFFC87E,2,0x0004,0x0008
168,0x881E60,0xFFC87E,2,0xFFC87E,2,0x0008,0x0000
168,0x881E66,0xFFC80C,1,0xFFC80C,1,0x00,0x01
168,0x881E6E,0xA1518B,1,0xA1518B,1,0x02,0x01
169,0x8943EC,0xFFC87E,2,0xFFC87E,2,0x0000,0x0004
169,0x8943FA,0xFFC87E,2,0xFFC87E,2,0x0004,0x0008
171,0x881E60,0xFFC87E,2,0xFFC87E,2,0x0008,0x0000
171,0x881E66,0xFFC80C,1,0xFFC80C,1,0x01,0x00
171,0x881E78,0xA1518B,1,0xA1518B,1,0x01,0x00
172,0x8943EC,0xFFC87E,2,0xFFC87E,2,0x0000,0x0004
172,0x8943FA,0xFFC87E,2,0xFFC87E,2,0x0004,0x0008
174,0x881E60,0xFFC87E,2,0xFFC87E,2,0x0008,0x0000
174,0x881E66,0xFFC80C,1,0xFFC80C,1,0x00,0x01
174,0x881E6E,0xA1518B,1,0xA1518B,1,0x00,0x01
175,0x8943EC,0xFFC87E,2,0xFFC87E,2,0x0000,0x0004
175,0x8943FA,0xFFC87E,2,0xFFC87E,2,0x0004,0x0008
177,0x881E60,0xFFC87E,2,0xFFC87E,2,0x0008,0x0000
177,0x881E66,0xFFC80C,1,0xFFC80C,1,0x01,0x00
177,0x881E78,0xA1518B,1,0xA1518B,1,0x01,0x00
178,0x8943EC,0xFFC87E,2,0xFFC87E,2,0x0000,0x0004
178,0x8943FA,0xFFC87E,2,0xFFC87E,2,0x0004,0x0008
180,0x881E60,0xFFC87E,2,0xFFC87E,2,0x0008,0x0000
180,0x881E66,0xFFC80C,1,0xFFC80C,1,0x00,0x01
180,0x881E6E,0xA1518B,1,0xA1518B,1,0x02,0x01
181,0x8943EC,0xFFC87E,2,0xFFC87E,2,0x0000,0x0004
181,0x8943FA,0xFFC87E,2,0xFFC87E,2,0x0004,0x0008
183,0x881E60,0xFFC87E,2,0xFFC87E,2,0x0008,0x0000
183,0x881E66,0xFFC80C,1,0xFFC80C,1,0x01,0x00
183,0x881E78,0xA1518B,1,0xA1518B,1,0x01,0x00
184,0x8943EC,0xFFC87E,2,0xFFC87E,2,0x0000,0x0004
184,0x8943FA,0xFFC87E,2,0xFFC87E,2,0x0004,0x0008
186,0x881E60,0xFFC87E,2,0xFFC87E,2,0x0008,0x0000
186,0x881E66,0xFFC80C,1,0xFFC80C,1,0x00,0x01
186,0x881E6E,0xA1518B,1,0xA1518B,1,0x00,0x01
187,0x8943EC,0xFFC87E,2,0xFFC87E,2,0x0000,0x0004
187,0x8943FA,0xFFC87E,2,0xFFC87E,2,0x0004,0x0008
189,0x881E60,0xFFC87E,2,0xFFC87E,2,0x0008,0x0000
189,0x881E66,0xFFC80C,1,0xFFC80C,1,0x01,0x00
189,0x881E78,0xA1518B,1,0xA1518B,1,0x01,0x00
190,0x8943EC,0xFFC87E,2,0xFFC87E,2,0x0000,0x0004
190,0x8943FA,0xFFC87E,2,0xFFC87E,2,0x0004,0x0008
192,0x881E60,0xFFC87E,2,0xFFC87E,2,0x0008,0x0000
192,0x881E66,0xFFC80C,1,0xFFC80C,1,0x00,0x01
192,0x881E6E,0xA1518B,1,0xA1518B,1,0x02,0x01
193,0x8943EC,0xFFC87E,2,0xFFC87E,2,0x0000,0x0004
193,0x8943FA,0xFFC87E,2,0xFFC87E,2,0x0004,0x0008
195,0x881E60,0xFFC87E,2,0xFFC87E,2,0x0008,0x0000
195,0x881E66,0xFFC80C,1,0xFFC80C,1,0x01,0x00
195,0x881E78,0xA1518B,1,0xA1518B,1,0x01,0x00
196,0x8943EC,0xFFC87E,2,0xFFC87E,2,0x0000,0x0004
196,0x8943FA,0xFFC87E,2,0xFFC87E,2,0x0004,0x0008
198,0x881E60,0xFFC87E,2,0xFFC87E,2,0x0008,0x0000
198,0x881E66,0xFFC80C,1,0xFFC80C,1,0x00,0x01
198,0x881E6E,0xA1518B,1,0xA1518B,1,0x00,0x01
199,0x8943EC,0xFFC87E,2,0xFFC87E,2,0x0000,0x0004
199,0x8943FA,0xFFC87E,2,0xFFC87E,2,0x0004,0x0008
201,0x881E60,0xFFC87E,2,0xFFC87E,2,0x0008,0x0000
201,0x881E66,0xFFC80C,1,0xFFC80C,1,0x01,0x00
201,0x881E78,0xA1518B,1,0xA1518B,1,0x01,0x00
202,0x8943EC,0xFFC87E,2,0xFFC87E,2,0x0000,0x0004
202,0x8943FA,0xFFC87E,2,0xFFC87E,2,0x0004,0x0008
204,0x881E60,0xFFC87E,2,0xFFC87E,2,0x0008,0x0000
204,0x881E66,0xFFC80C,1,0xFFC80C,1,0x00,0x01
204,0x881E6E,0xA1518B,1,0xA1518B,1,0x02,0x01
205,0x8943EC,0xFFC87E,2,0xFFC87E,2,0x0000,0x0004
205,0x8943FA,0xFFC87E,2,0xFFC87E,2,0x0004,0x0008
207,0x881E60,0xFFC87E,2,0xFFC87E,2,0x0008,0x0000
207,0x881E66,0xFFC80C,1,0xFFC80C,1,0x01,0x00
207,0x881E78,0xA1518B,1,0xA1518B,1,0x01,0x00
208,0x8943EC,0xFFC87E,2,0xFFC87E,2,0x0000,0x0004
208,0x8943FA,0xFFC87E,2,0xFFC87E,2,0x0004,0x0008
210,0x881E60,0xFFC87E,2,0xFFC87E,2,0x0008,0x0000
210,0x881E66,0xFFC80C,1,0xFFC80C,1,0x00,0x01
210,0x881E6E,0xA1518B,1,0xA1518B,1,0x00,0x01
211,0x8943EC,0xFFC87E,2,0xFFC87E,2,0x0000,0x0004
211,0x8943FA,0xFFC87E,2,0xFFC87E,2,0x0004,0x0008
213,0x881E60,0xFFC87E,2,0xFFC87E,2,0x0008,0x0000
213,0x881E66,0xFFC80C,1,0xFFC80C,1,0x01,0x00
213,0x881E78,0xA1518B,1,0xA1518B,1,0x01,0x00
214,0x8943EC,0xFFC87E,2,0xFFC87E,2,0x0000,0x0004
214,0x8943FA,0xFFC87E,2,0xFFC87E,2,0x0004,0x0008
216,0x881E60,0xFFC87E,2,0xFFC87E,2,0x0008,0x0000
216,0x881E66,0xFFC80C,1,0xFFC80C,1,0x00,0x01
216,0x881E6E,0xA1518B,1,0xA1518B,1,0x02,0x01
217,0x8943EC,0xFFC87E,2,0xFFC87E,2,0x0000,0x0004
217,0x8943FA,0xFFC87E,2,0xFFC87E,2,0x0004,0x0008
219,0x881E60,0xFFC87E,2,0xFFC87E,2,0x0008,0x0000
219,0x881E66,0xFFC80C,1,0xFFC80C,1,0x01,0x00
219,0x881E78,0xA1518B,1,0xA1518B,1,0x01,0x00
220,0x8943EC,0xFFC87E,2,0xFFC87E,2,0x0000,0x0004
220,0x8943FA,0xFFC87E,2,0xFFC87E,2,0x0004,0x0008
222,0x881E60,0xFFC87E,2,0xFFC87E,2,0x0008,0x0000
222,0x881E66,0xFFC80C,1,0xFFC80C,1,0x00,0x01
222,0x881E6E,0xA1518B,1,0xA1518B,1,0x00,0x01
223,0x8943EC,0xFFC87E,2,0xFFC87E,2,0x0000,0x0004
223,0x8943FA,0xFFC87E,2,0xFFC87E,2,0x0004,0x0008
225,0x881E60,0xFFC87E,2,0xFFC87E,2,0x0008,0x0000
225,0x881E66,0xFFC80C,1,0xFFC80C,1,0x01,0x00
225,0x881E78,0xA1518B,1,0xA1518B,1,0x01,0x00
226,0x8943EC,0xFFC87E,2,0xFFC87E,2,0x0000,0x0004
226,0x8943FA,0xFFC87E,2,0xFFC87E,2,0x0004,0x0008
228,0x881E60,0xFFC87E,2,0xFFC87E,2,0x0008,0x0000
228,0x881E66,0xFFC80C,1,0xFFC80C,1,0x00,0x01
228,0x881E6E,0xA1518B,1,0xA1518B,1,0x02,0x01
229,0x8943EC,0xFFC87E,2,0xFFC87E,2,0x0000,0x0004
229,0x8943FA,0xFFC87E,2,0xFFC87E,2,0x0004,0x0008
231,0x881E60,0xFFC87E,2,0xFFC87E,2,0x0008,0x0000
231,0x881E66,0xFFC80C,1,0xFFC80C,1,0x01,0x00
231,0x881E78,0xA1518B,1,0xA1518B,1,0x01,0x00
232,0x8943EC,0xFFC87E,2,0xFFC87E,2,0x0000,0x0004
232,0x8943FA,0xFFC87E,2,0xFFC87E,2,0x0004,0x0008
234,0x881E60,0xFFC87E,2,0xFFC87E,2,0x0008,0x0000
234,0x881E66,0xFFC80C,1,0xFFC80C,1,0x00,0x01
234,0x881E6E,0xA1518B,1,0xA1518B,1,0x00,0x01
235,0x8943EC,0xFFC87E,2,0xFFC87E,2,0x0000,0x0004
235,0x8943FA,0xFFC87E,2,0xFFC87E,2,0x0004,0x0008
237,0x881E60,0xFFC87E,2,0xFFC87E,2,0x0008,0x0000
237,0x881E66,0xFFC80C,1,0xFFC80C,1,0x01,0x00
237,0x881E78,0xA1518B,1,0xA1518B,1,0x01,0x00
238,0x8943EC,0xFFC87E,2,0xFFC87E,2,0x0000,0x0004
238,0x8943FA,0xFFC87E,2,0xFFC87E,2,0x0004,0x0008
240,0x881E60,0xFFC87E,2,0xFFC87E,2,0x0008,0x0000
240,0x881E66,0xFFC80C,1,0xFFC80C,1,0x00,0x01
240,0x881E6E,0xA1518B,1,0xA1518B,1,0x02,0x01
241,0x8943EC,0xFFC87E,2,0xFFC87E,2,0x0000,0x0004
241,0x8943FA,0xFFC87E,2,0xFFC87E,2,0x0004,0x0008
243,0x881E60,0xFFC87E,2,0xFFC87E,2,0x0008,0x0000
243,0x881E66,0xFFC80C,1,0xFFC80C,1,0x01,0x00
243,0x881E78,0xA1518B,1,0xA1518B,1,0x01,0x00
244,0x8943EC,0xFFC87E,2,0xFFC87E,2,0x0000,0x0004
244,0x8943FA,0xFFC87E,2,0xFFC87E,2,0x0004,0x0008
246,0x881E60,0xFFC87E,2,0xFFC87E,2,0x0008,0x0000
246,0x881E66,0xFFC80C,1,0xFFC80C,1,0x00,0x01
246,0x881E6E,0xA1518B,1,0xA1518B,1,0x00,0x01
247,0x8943EC,0xFFC87E,2,0xFFC87E,2,0x0000,0x0004
247,0x8943FA,0xFFC87E,2,0xFFC87E,2,0x0004,0x0008
249,0x881E60,0xFFC87E,2,0xFFC87E,2,0x0008,0x0000
249,0x881E66,0xFFC80C,1,0xFFC80C,1,0x01,0x00
249,0x881E78,0xA1518B,1,0xA1518B,1,0x01,0x00
250,0x8943EC,0xFFC87E,2,0xFFC87E,2,0x0000,0x0004
250,0x8943FA,0xFFC87E,2,0xFFC87E,2,0x0004,0x0008
252,0x881E60,0xFFC87E,2,0xFFC87E,2,0x0008,0x0000
252,0x881E66,0xFFC80C,1,0xFFC80C,1,0x00,0x01
252,0x881E6E,0xA1518B,1,0xA1518B,1,0x02,0x01
253,0x8943EC,0xFFC87E,2,0xFFC87E,2,0x0000,0x0004
253,0x8943FA,0xFFC87E,2,0xFFC87E,2,0x0004,0x0008
255,0x881E60,0xFFC87E,2,0xFFC87E,2,0x0008,0x0000
255,0x881E66,0xFFC80C,1,0xFFC80C,1,0x01,0x00
255,0x881E78,0xA1518B,1,0xA1518B,1,0x01,0x00
256,0x8943EC,0xFFC87E,2,0xFFC87E,2,0x0000,0x0004
256,0x8943FA,0xFFC87E,2,0xFFC87E,2,0x0004,0x0008
258,0x881E60,0xFFC87E,2,0xFFC87E,2,0x0008,0x0000
258,0x881E66,0xFFC80C,1,0xFFC80C,1,0x00,0x01
258,0x881E6E,0xA1518B,1,0xA1518B,1,0x00,0x01
259,0x8943EC,0xFFC87E,2,0xFFC87E,2,0x0000,0x0004
259,0x8943FA,0xFFC87E,2,0xFFC87E,2,0x0004,0x0008
261,0x881E60,0xFFC87E,2,0xFFC87E,2,0x0008,0x0000
261,0x881E66,0xFFC80C,1,0xFFC80C,1,0x01,0x00
261,0x881E78,0xA1518B,1,0xA1518B,1,0x01,0x00
262,0x8943EC,0xFFC87E,2,0xFFC87E,2,0x0000,0x0004
262,0x8943FA,0xFFC87E,2,0xFFC87E,2,0x0004,0x0008
264,0x881E60,0xFFC87E,2,0xFFC87E,2,0x0008,0x0000
264,0x881E66,0xFFC80C,1,0xFFC80C,1,0x00,0x01
264,0x881E6E,0xA1518B,1,0xA1518B,1,0x02,0x01
265,0x8943EC,0xFFC87E,2,0xFFC87E,2,0x0000,0x0004
265,0x8943FA,0xFFC87E,2,0xFFC87E,2,0x0004,0x0008
267,0x881E60,0xFFC87E,2,0xFFC87E,2,0x0008,0x0000
267,0x881E66,0xFFC80C,1,0xFFC80C,1,0x01,0x00
267,0x881E78,0xA1518B,1,0xA1518B,1,0x01,0x00
268,0x8943EC,0xFFC87E,2,0xFFC87E,2,0x0000,0x0004
268,0x8943FA,0xFFC87E,2,0xFFC87E,2,0x0004,0x0008
270,0x881E60,0xFFC87E,2,0xFFC87E,2,0x0008,0x0000
270,0x881E66,0xFFC80C,1,0xFFC80C,1,0x00,0x01
270,0x881E6E,0xA1518B,1,0xA1518B,1,0x00,0x01
271,0x8943EC,0xFFC87E,2,0xFFC87E,2,0x0000,0x0004
271,0x8943FA,0xFFC87E,2,0xFFC87E,2,0x0004,0x0008
273,0x881E60,0xFFC87E,2,0xFFC87E,2,0x0008,0x0000
273,0x881E66,0xFFC80C,1,0xFFC80C,1,0x01,0x00
273,0x881E78,0xA1518B,1,0xA1518B,1,0x01,0x00
274,0x8943EC,0xFFC87E,2,0xFFC87E,2,0x0000,0x0004
274,0x8943FA,0xFFC87E,2,0xFFC87E,2,0x0004,0x0008
276,0x881E60,0xFFC87E,2,0xFFC87E,2,0x0008,0x0000
276,0x881E66,0xFFC80C,1,0xFFC80C,1,0x00,0x01
276,0x881E6E,0xA1518B,1,0xA1518B,1,0x02,0x01
277,0x8943EC,0xFFC87E,2,0xFFC87E,2,0x0000,0x0004
277,0x8943FA,0xFFC87E,2,0xFFC87E,2,0x0004,0x0008
279,0x881E60,0xFFC87E,2,0xFFC87E,2,0x0008,0x0000
279,0x881E66,0xFFC80C,1,0xFFC80C,1,0x01,0x00
279,0x881E78,0xA1518B,1,0xA1518B,1,0x01,0x00
280,0x8943EC,0xFFC87E,2,0xFFC87E,2,0x0000,0x0004
280,0x8943FA,0xFFC87E,2,0xFFC87E,2,0x0004,0x0008
282,0x881E60,0xFFC87E,2,0xFFC87E,2,0x0008,0x0000
282,0x881E66,0xFFC80C,1,0xFFC80C,1,0x00,0x01
282,0x881E6E,0xA1518B,1,0xA1518B,1,0x00,0x01
283,0x8943EC,0xFFC87E,2,0xFFC87E,2,0x0000,0x0004
283,0x8943FA,0xFFC87E,2,0xFFC87E,2,0x0004,0x0008
285,0x881E60,0xFFC87E,2,0xFFC87E,2,0x0008,0x0000
285,0x881E66,0xFFC80C,1,0xFFC80C,1,0x01,0x00
285,0x881E78,0xA1518B,1,0xA1518B,1,0x01,0x00
286,0x8943EC,0xFFC87E,2,0xFFC87E,2,0x0000,0x0004
286,0x8943FA,0xFFC87E,2,0xFFC87E,2,0x0004,0x0008
288,0x881E60,0xFFC87E,2,0xFFC87E,2,0x0008,0x0000
288,0x881E66,0xFFC80C,1,0xFFC80C,1,0x00,0x01
288,0x881E6E,0xA1518B,1,0xA1518B,1,0x02,0x01
289,0x8943EC,0xFFC87E,2,0xFFC87E,2,0x0000,0x0004
289,0x8943FA,0xFFC87E,2,0xFFC87E,2,0x0004,0x0008
291,0x881E60,0xFFC87E,2,0xFFC87E,2,0x0008,0x0000
291,0x881E66,0xFFC80C,1,0xFFC80C,1,0x01,0x00
291,0x881E78,0xA1518B,1,0xA1518B,1,0x01,0x00
292,0x8943EC,0xFFC87E,2,0xFFC87E,2,0x0000,0x0004
292,0x8943FA,0xFFC87E,2,0xFFC87E,2,0x0004,0x0008
294,0x881E60,0xFFC87E,2,0xFFC87E,2,0x0008,0x0000
294,0x881E66,0xFFC80C,1,0xFFC80C,1,0x00,0x01
294,0x881E6E,0xA1518B,1,0xA1518B,1,0x00,0x01
295,0x8943EC,0xFFC87E,2,0xFFC87E,2,0x0000,0x0004
295,0x8943FA,0xFFC87E,2,0xFFC87E,2,0x0004,0x0008
297,0x881E60,0xFFC87E,2,0xFFC87E,2,0x0008,0x0000
297,0x881E66,0xFFC80C,1,0xFFC80C,1,0x01,0x00
297,0x881E78,0xA1518B,1,0xA1518B,1,0x01,0x00
298,0x8943EC,0xFFC87E,2,0xFFC87E,2,0x0000,0x0004
298,0x8943FA,0xFFC87E,2,0xFFC87E,2,0x0004,0x0008
300,0x881E60,0xFFC87E,2,0xFFC87E,2,0x0008,0x0000
300,0x881E66,0xFFC80C,1,0xFFC80C,1,0x00,0x01
300,0x881E6E,0xA1518B,1,0xA1518B,1,0x02,0x01
301,0x8943EC,0xFFC87E,2,0xFFC87E,2,0x0000,0x0004
301,0x8943FA,0xFFC87E,2,0xFFC87E,2,0x0004,0x0008
303,0x881E60,0xFFC87E,2,0xFFC87E,2,0x0008,0x0000
303,0x881E66,0xFFC80C,1,0xFFC80C,1,0x01,0x00
303,0x881E78,0xA1518B,1,0xA1518B,1,0x01,0x00
304,0x8943EC,0xFFC87E,2,0xFFC87E,2,0x0000,0x0004
304,0x8943FA,0xFFC87E,2,0xFFC87E,2,0x0004,0x0008
306,0x881E60,0xFFC87E,2,0xFFC87E,2,0x0008,0x0000
306,0x881E66,0xFFC80C,1,0xFFC80C,1,0x00,0x01
306,0x881E6E,0xA1518B,1,0xA1518B,1,0x00,0x01
307,0x8943EC,0xFFC87E,2,0xFFC87E,2,0x0000,0x0004
307,0x8943FA,0xFFC87E,2,0xFFC87E,2,0x0004,0x0008
309,0x881E60,0xFFC87E,2,0xFFC87E,2,0x0008,0x0000
309,0x881E66,0xFFC80C,1,0xFFC80C,1,0x01,0x00
309,0x881E78,0xA1518B,1,0xA1518B,1,0x01,0x00
310,0x8943EC,0xFFC87E,2,0xFFC87E,2,0x0000,0x0004
310,0x8943FA,0xFFC87E,2,0xFFC87E,2,0x0004,0x0008
312,0x881E60,0xFFC87E,2,0xFFC87E,2,0x0008,0x0000
312,0x881E66,0xFFC80C,1,0xFFC80C,1,0x00,0x01
312,0x881E6E,0xA1518B,1,0xA1518B,1,0x02,0x01
313,0x8943EC,0xFFC87E,2,0xFFC87E,2,0x0000,0x0004
313,0x8943FA,0xFFC87E,2,0xFFC87E,2,0x0004,0x0008
315,0x881E60,0xFFC87E,2,0xFFC87E,2,0x0008,0x0000
315,0x881E66,0xFFC80C,1,0xFFC80C,1,0x01,0x00
315,0x881E78,0xA1518B,1,0xA1518B,1,0x01,0x00
316,0x8943EC,0xFFC87E,2,0xFFC87E,2,0x0000,0x0004
316,0x8943FA,0xFFC87E,2,0xFFC87E,2,0x0004,0x0008
318,0x881E60,0xFFC87E,2,0xFFC87E,2,0x0008,0x0000
318,0x881E66,0xFFC80C,1,0xFFC80C,1,0x00,0x01
318,0x881E6E,0xA1518B,1,0xA1518B,1,0x00,0x01
319,0x8943EC,0xFFC87E,2,0xFFC87E,2,0x0000,0x0004
319,0x8943FA,0xFFC87E,2,0xFFC87E,2,0x0004,0x0008
321,0x881E60,0xFFC87E,2,0xFFC87E,2,0x0008,0x0000
321,0x881E66,0xFFC80C,1,0xFFC80C,1,0x01,0x00
321,0x881E78,0xA1518B,1,0xA1518B,1,0x01,0x00
322,0x8943EC,0xFFC87E,2,0xFFC87E,2,0x0000,0x0004
322,0x8943FA,0xFFC87E,2,0xFFC87E,2,0x0004,0x0008
324,0x881E60,0xFFC87E,2,0xFFC87E,2,0x0008,0x0000
324,0x881E66,0xFFC80C,1,0xFFC80C,1,0x00,0x01
324,0x881E6E,0xA1518B,1,0xA1518B,1,0x02,0x01
325,0x8943EC,0xFFC87E,2,0xFFC87E,2,0x0000,0x0004
325,0x8943FA,0xFFC87E,2,0xFFC87E,2,0x0004,0x0008
327,0x881E60,0xFFC87E,2,0xFFC87E,2,0x0008,0x0000
327,0x881E66,0xFFC80C,1,0xFFC80C,1,0x01,0x00
327,0x881E78,0xA1518B,1,0xA1518B,1,0x01,0x00
328,0x8943EC,0xFFC87E,2,0xFFC87E,2,0x0000,0x0004
328,0x8943FA,0xFFC87E,2,0xFFC87E,2,0x0004,0x0008
330,0x881E60,0xFFC87E,2,0xFFC87E,2,0x0008,0x0000
330,0x881E66,0xFFC80C,1,0xFFC80C,1,0x00,0x01
330,0x881E6E,0xA1518B,1,0xA1518B,1,0x00,0x01
331,0x8943EC,0xFFC87E,2,0xFFC87E,2,0x0000,0x0004
331,0x8943FA,0xFFC87E,2,0xFFC87E,2,0x0004,0x0008
333,0x881E60,0xFFC87E,2,0xFFC87E,2,0x0008,0x0000
333,0x881E66,0xFFC80C,1,0xFFC80C,1,0x01,0x00
333,0x881E78,0xA1518B,1,0xA1518B,1,0x01,0x00
334,0x8943EC,0xFFC87E,2,0xFFC87E,2,0x0000,0x0004
334,0x8943FA,0xFFC87E,2,0xFFC87E,2,0x0004,0x0008
336,0x881E60,0xFFC87E,2,0xFFC87E,2,0x0008,0x0000
336,0x881E66,0xFFC80C,1,0xFFC80C,1,0x00,0x01
336,0x881E6E,0xA1518B,1,0xA1518B,1,0x02,0x01
337,0x8943EC,0xFFC87E,2,0xFFC87E,2,0x0000,0x0004
337,0x8943FA,0xFFC87E,2,0xFFC87E,2,0x0004,0x0008
339,0x881E60,0xFFC87E,2,0xFFC87E,2,0x0008,0x0000
339,0x881E66,0xFFC80C,1,0xFFC80C,1,0x01,0x00
339,0x881E78,0xA1518B,1,0xA1518B,1,0x01,0x00
340,0x8943EC,0xFFC87E,2,0xFFC87E,2,0x0000,0x0004
340,0x8943FA,0xFFC87E,2,0xFFC87E,2,0x0004,0x0008
342,0x881E60,0xFFC87E,2,0xFFC87E,2,0x0008,0x0000
342,0x881E66,0xFFC80C,1,0xFFC80C,1,0x00,0x01
342,0x881E6E,0xA1518B,1,0xA1518B,1,0x00,0x01
343,0x8943EC,0xFFC87E,2,0xFFC87E,2,0x0000,0x0004
343,0x8943FA,0xFFC87E,2,0xFFC87E,2,0x0004,0x0008
345,0x881E60,0xFFC87E,2,0xFFC87E,2,0x0008,0x0000
345,0x881E66,0xFFC80C,1,0xFFC80C,1,0x01,0x00
345,0x881E78,0xA1518B,1,0xA1518B,1,0x01,0x00
346,0x8943EC,0xFFC87E,2,0xFFC87E,2,0x0000,0x0004
346,0x8943FA,0xFFC87E,2,0xFFC87E,2,0x0004,0x0008
348,0x881E60,0xFFC87E,2,0xFFC87E,2,0x0008,0x0000
348,0x881E66,0xFFC80C,1,0xFFC80C,1,0x00,0x01
348,0x881E6E,0xA1518B,1,0xA1518B,1,0x02,0x01
349,0x8943EC,0xFFC87E,2,0xFFC87E,2,0x0000,0x0004
349,0x8943FA,0xFFC87E,2,0xFFC87E,2,0x0004,0x0008
351,0x881E60,0xFFC87E,2,0xFFC87E,2,0x0008,0x0000
351,0x881E66,0xFFC80C,1,0xFFC80C,1,0x01,0x00
351,0x881E78,0xA1518B,1,0xA1518B,1,0x01,0x00
351,0x8943EC,0xFFC87E,2,0xFFC87E,2,0x0000,0x0004
352,0x8943FA,0xFFC87E,2,0xFFC87E,2,0x0004,0x0008
354,0x881E60,0xFFC87E,2,0xFFC87E,2,0x0008,0x0000
354,0x881E66,0xFFC80C,1,0xFFC80C,1,0x00,0x01
354,0x881E6E,0xA1518B,1,0xA1518B,1,0x00,0x01
354,0x8943EC,0xFFC87E,2,0xFFC87E,2,0x0000,0x0004
355,0x8943FA,0xFFC87E,2,0xFFC87E,2,0x0004,0x0008
357,0x881E60,0xFFC87E,2,0xFFC87E,2,0x0008,0x0000
357,0x881E66,0xFFC80C,1,0xFFC80C,1,0x01,0x00
357,0x881E78,0xA1518B,1,0xA1518B,1,0x01,0x00
357,0x8943EC,0xFFC87E,2,0xFFC87E,2,0x0000,0x0004
358,0x8943FA,0xFFC87E,2,0xFFC87E,2,0x0004,0x0008
360,0x881E60,0xFFC87E,2,0xFFC87E,2,0x0008,0x0000
360,0x881E66,0xFFC80C,1,0xFFC80C,1,0x00,0x01
360,0x881E6E,0xA1518B,1,0xA1518B,1,0x02,0x01
360,0x8943EC,0xFFC87E,2,0xFFC87E,2,0x0000,0x0004
361,0x8943FA,0xFFC87E,2,0xFFC87E,2,0x0004,0x0008
363,0x881E60,0xFFC87E,2,0xFFC87E,2,0x0008,0x0000
363,0x881E66,0xFFC80C,1,0xFFC80C,1,0x01,0x00
363,0x881E78,0xA1518B,1,0xA1518B,1,0x01,0x00
363,0x8943EC,0xFFC87E,2,0xFFC87E,2,0x0000,0x0004
364,0x8943FA,0xFFC87E,2,0xFFC87E,2,0x0004,0x0008
366,0x881E60,0xFFC87E,2,0xFFC87E,2,0x0008,0x0000
366,0x881E66,0xFFC80C,1,0xFFC80C,1,0x00,0x01
366,0x881E6E,0xA1518B,1,0xA1518B,1,0x00,0x01
366,0x8943EC,0xFFC87E,2,0xFFC87E,2,0x0000,0x0004
367,0x8943FA,0xFFC87E,2,0xFFC87E,2,0x0004,0x0008
369,0x881E60,0xFFC87E,2,0xFFC87E,2,0x0008,0x0000
369,0x881E66,0xFFC80C,1,0xFFC80C,1,0x01,0x00
369,0x881E78,0xA1518B,1,0xA1518B,1,0x01,0x00
369,0x8943EC,0xFFC87E,2,0xFFC87E,2,0x0000,0x0004
370,0x8943FA,0xFFC87E,2,0xFFC87E,2,0x0004,0x0008
372,0x881E60,0xFFC87E,2,0xFFC87E,2,0x0008,0x0000
372,0x881E66,0xFFC80C,1,0xFFC80C,1,0x00,0x01
372,0x881E6E,0xA1518B,1,0xA1518B,1,0x02,0x01
372,0x894554,0xFF0002,4,0xFF0002,4,0x008943C6,0x008853B0
372,0x8943EC,0xFFC87E,2,0xFFC87E,2,0x0000,0x0004
374,0x88272A,0xA1518B,1,0xA1518B,1,0x01,0x00
374,0x882736,0xA1518B,1,0xA1518B,1,0x00,0x00
391,0x8854D2,0xFFC87E,2,0xFFC87E,2,0x0004,0x0000
393,0x885566,0xFF0002,4,0xFF0002,4,0x008853B0,0x00885586
395,0x8855AC,0xFFC87E,2,0xFFC87E,2,0x0000,0x0004
395,0x8855C2,0xFFC87E,2,0xFFC87E,2,0x0004,0x0008
397,0x8855F0,0xFFC87E,2,0xFFC87E,2,0x0008,0x000C
397,0x89C414,0xFFC87E,2,0xFFC87E,2,0x000C,0x0000
397,0x89C42C,0xFFC80C,1,0xFFC80C,1,0x01,0x00
397,0x89C43E,0xA1518B,1,0xA1518B,1,0x00,0x02
398,0x8855AC,0xFFC87E,2,0xFFC87E,2,0x0000,0x0004
399,0x8855C2,0xFFC87E,2,0xFFC87E,2,0x0004,0x0008
400,0x8855F0,0xFFC87E,2,0xFFC87E,2,0x0008,0x000C
400,0x89C414,0xFFC87E,2,0xFFC87E,2,0x000C,0x0000
400,0x89C42C,0xFFC80C,1,0xFFC80C,1,0x00,0x01
400,0x89C434,0xA1518B,1,0xA1518B,1,0x00,0x01
401,0x8855AC,0xFFC87E,2,0xFFC87E,2,0x0000,0x0004
402,0x8855C2,0xFFC87E,2,0xFFC87E,2,0x0004,0x0008
403,0x8855F0,0xFFC87E,2,0xFFC87E,2,0x0008,0x000C
403,0x89C414,0xFFC87E,2,0xFFC87E,2,0x000C,0x0000
403,0x89C42C,0xFFC80C,1,0xFFC80C,1,0x01,0x00
403,0x89C43E,0xA1518B,1,0xA1518B,1,0x01,0x00
404,0x8855AC,0xFFC87E,2,0xFFC87E,2,0x0000,0x0004
405,0x8855C2,0xFFC87E,2,0xFFC87E,2,0x0004,0x0008
406,0x8855F0,0xFFC87E,2,0xFFC87E,2,0x0008,0x000C
406,0x89C414,0xFFC87E,2,0xFFC87E,2,0x000C,0x0000
406,0x89C42C,0xFFC80C,1,0xFFC80C,1,0x00,0x01
406,0x89C434,0xA1518B,1,0xA1518B,1,0x00,0x03
407,0x8855AC,0xFFC87E,2,0xFFC87E,2,0x0000,0x0004
408,0x8855C2,0xFFC87E,2,0xFFC87E,2,0x0004,0x0008
409,0x8855F0,0xFFC87E,2,0xFFC87E,2,0x0008,0x000C
409,0x89C414,0xFFC87E,2,0xFFC87E,2,0x000C,0x0000
409,0x89C42C,0xFFC80C,1,0xFFC80C,1,0x01,0x00
409,0x89C43E,0xA1518B,1,0xA1518B,1,0x01,0x00
410,0x8855AC,0xFFC87E,2,0xFFC87E,2,0x0000,0x0004
411,0x8855C2,0xFFC87E,2,0xFFC87E,2,0x0004,0x0008
412,0x8855F0,0xFFC87E,2,0xFFC87E,2,0x0008,0x000C
412,0x89C414,0xFFC87E,2,0xFFC87E,2,0x000C,0x0000
412,0x89C42C,0xFFC80C,1,0xFFC80C,1,0x00,0x01
412,0x89C434,0xA1518B,1,0xA1518B,1,0x00,0x01
413,0x8855AC,0xFFC87E,2,0xFFC87E,2,0x0000,0x0004
414,0x8855C2,0xFFC87E,2,0xFFC87E,2,0x0004,0x0008
415,0x8855F0,0xFFC87E,2,0xFFC87E,2,0x0008,0x000C
415,0x89C414,0xFFC87E,2,0xFFC87E,2,0x000C,0x0000
415,0x89C42C,0xFFC80C,1,0xFFC80C,1,0x01,0x00
415,0x89C43E,0xA1518B,1,0xA1518B,1,0x01,0x00
416,0x8855AC,0xFFC87E,2,0xFFC87E,2,0x0000,0x0004
417,0x8855C2,0xFFC87E,2,0xFFC87E,2,0x0004,0x0008
418,0x8855F0,0xFFC87E,2,0xFFC87E,2,0x0008,0x000C
418,0x89C414,0xFFC87E,2,0xFFC87E,2,0x000C,0x0000
418,0x89C42C,0xFFC80C,1,0xFFC80C,1,0x00,0x01
418,0x89C434,0xA1518B,1,0xA1518B,1,0x00,0x01
419,0x8855AC,0xFFC87E,2,0xFFC87E,2,0x0000,0x0004
420,0x8855C2,0xFFC87E,2,0xFFC87E,2,0x0004,0x0008
421,0x8855F0,0xFFC87E,2,0xFFC87E,2,0x0008,0x000C
421,0x89C414,0xFFC87E,2,0xFFC87E,2,0x000C,0x0000
421,0x89C42C,0xFFC80C,1,0xFFC80C,1,0x01,0x00
421,0x89C43E,0xA1518B,1,0xA1518B,1,0x01,0x00
422,0x8855AC,0xFFC87E,2,0xFFC87E,2,0x0000,0x0004
423,0x8855C2,0xFFC87E,2,0xFFC87E,2,0x0004,0x0008
424,0x8855F0,0xFFC87E,2,0xFFC87E,2,0x0008,0x000C
424,0x89C414,0xFFC87E,2,0xFFC87E,2,0x000C,0x0000
424,0x89C42C,0xFFC80C,1,0xFFC80C,1,0x00,0x01
424,0x89C434,0xA1518B,1,0xA1518B,1,0x00,0x01
425,0x8855AC,0xFFC87E,2,0xFFC87E,2,0x0000,0x0004
426,0x8855C2,0xFFC87E,2,0xFFC87E,2,0x0004,0x0008
427,0x8855F0,0xFFC87E,2,0xFFC87E,2,0x0008,0x000C
427,0x89C414,0xFFC87E,2,0xFFC87E,2,0x000C,0x0000
427,0x89C42C,0xFFC80C,1,0xFFC80C,1,0x01,0x00
427,0x89C43E,0xA1518B,1,0xA1518B,1,0x01,0x00
428,0x8855AC,0xFFC87E,2,0xFFC87E,2,0x0000,0x0004
429,0x8855C2,0xFFC87E,2,0xFFC87E,2,0x0004,0x0008
430,0x8855F0,0xFFC87E,2,0xFFC87E,2,0x0008,0x000C
430,0x89C414,0xFFC87E,2,0xFFC87E,2,0x000C,0x0000
430,0x89C42C,0xFFC80C,1,0xFFC80C,1,0x00,0x01
430,0x89C434,0xA1518B,1,0xA1518B,1,0x02,0x01
431,0x8855AC,0xFFC87E,2,0xFFC87E,2,0x0000,0x0004
432,0x8855C2,0xFFC87E,2,0xFFC87E,2,0x0004,0x0008
433,0x8855F0,0xFFC87E,2,0xFFC87E,2,0x0008,0x000C
433,0x89C414,0xFFC87E,2,0xFFC87E,2,0x000C,0x0000
433,0x89C42C,0xFFC80C,1,0xFFC80C,1,0x01,0x00
433,0x89C43E,0xA1518B,1,0xA1518B,1,0x01,0x00
434,0x8855AC,0xFFC87E,2,0xFFC87E,2,0x0000,0x0004
435,0x8855C2,0xFFC87E,2,0xFFC87E,2,0x0004,0x0008
436,0x8855F0,0xFFC87E,2,0xFFC87E,2,0x0008,0x000C
436,0x89C414,0xFFC87E,2,0xFFC87E,2,0x000C,0x0000
436,0x89C42C,0xFFC80C,1,0xFFC80C,1,0x00,0x01
436,0x89C434,0xA1518B,1,0xA1518B,1,0x00,0x01
437,0x8855AC,0xFFC87E,2,0xFFC87E,2,0x0000,0x0004
438,0x8855C2,0xFFC87E,2,0xFFC87E,2,0x0004,0x0008
439,0x8855F0,0xFFC87E,2,0xFFC87E,2,0x0008,0x000C
439,0x89C414,0xFFC87E,2,0xFFC87E,2,0x000C,0x0000
439,0x89C42C,0xFFC80C,1,0xFFC80C,1,0x01,0x00
439,0x89C43E,0xA1518B,1,0xA1518B,1,0x01,0x00
440,0x8855AC,0xFFC87E,2,0xFFC87E,2,0x0000,0x0004
441,0x8855C2,0xFFC87E,2,0xFFC87E,2,0x0004,0x0008
442,0x8855F0,0xFFC87E,2,0xFFC87E,2,0x0008,0x000C
442,0x89C414,0xFFC87E,2,0xFFC87E,2,0x000C,0x0000
442,0x89C42C,0xFFC80C,1,0xFFC80C,1,0x00,0x01
442,0x89C434,0xA1518B,1,0xA1518B,1,0x00,0x01
443,0x8855AC,0xFFC87E,2,0xFFC87E,2,0x0000,0x0004
444,0x8855C2,0xFFC87E,2,0xFFC87E,2,0x0004,0x0008
445,0x8855F0,0xFFC87E,2,0xFFC87E,2,0x0008,0x000C
445,0x89C414,0xFFC87E,2,0xFFC87E,2,0x000C,0x0000
445,0x89C42C,0xFFC80C,1,0xFFC80C,1,0x01,0x00
445,0x89C43E,0xA1518B,1,0xA1518B,1,0x01,0x00
446,0x8855AC,0xFFC87E,2,0xFFC87E,2,0x0000,0x0004
447,0x8855C2,0xFFC87E,2,0xFFC87E,2,0x0004,0x0008
448,0x8855F0,0xFFC87E,2,0xFFC87E,2,0x0008,0x000C
448,0x89C414,0xFFC87E,2,0xFFC87E,2,0x000C,0x0000
448,0x89C42C,0xFFC80C,1,0xFFC80C,1,0x00,0x01
448,0x89C434,0xA1518B,1,0xA1518B,1,0x00,0x01
449,0x8855AC,0xFFC87E,2,0xFFC87E,2,0x0000,0x0004
450,0x8855C2,0xFFC87E,2,0xFFC87E,2,0x0004,0x0008
451,0x8855F0,0xFFC87E,2,0xFFC87E,2,0x0008,0x000C
451,0x89C414,0xFFC87E,2,0xFFC87E,2,0x000C,0x0000
451,0x89C42C,0xFFC80C,1,0xFFC80C,1,0x01,0x00
451,0x89C43E,0xA1518B,1,0xA1518B,1,0x03,0x00
452,0x8855AC,0xFFC87E,2,0xFFC87E,2,0x0000,0x0004
453,0x8855C2,0xFFC87E,2,0xFFC87E,2,0x0004,0x0008
454,0x8855F0,0xFFC87E,2,0xFFC87E,2,0x0008,0x000C
454,0x89C414,0xFFC87E,2,0xFFC87E,2,0x000C,0x0000
454,0x89C42C,0xFFC80C,1,0xFFC80C,1,0x00,0x01
454,0x89C434,0xA1518B,1,0xA1518B,1,0x00,0x01
455,0x8855AC,0xFFC87E,2,0xFFC87E,2,0x0000,0x0004
456,0x8855C2,0xFFC87E,2,0xFFC87E,2,0x0004,0x0008
457,0x8855F0,0xFFC87E,2,0xFFC87E,2,0x0008,0x000C
457,0x89C414,0xFFC87E,2,0xFFC87E,2,0x000C,0x0000
457,0x89C42C,0xFFC80C,1,0xFFC80C,1,0x01,0x00
457,0x89C43E,0xA1518B,1,0xA1518B,1,0x01,0x02
458,0x8855AC,0xFFC87E,2,0xFFC87E,2,0x0000,0x0004
459,0x8855C2,0xFFC87E,2,0xFFC87E,2,0x0004,0x0008
460,0x8855F0,0xFFC87E,2,0xFFC87E,2,0x0008,0x000C
460,0x89C414,0xFFC87E,2,0xFFC87E,2,0x000C,0x0000
460,0x89C42C,0xFFC80C,1,0xFFC80C,1,0x00,0x01
460,0x89C434,0xA1518B,1,0xA1518B,1,0x00,0x01
461,0x8855AC,0xFFC87E,2,0xFFC87E,2,0x0000,0x0004
462,0x8855C2,0xFFC87E,2,0xFFC87E,2,0x0004,0x0008
463,0x8855F0,0xFFC87E,2,0xFFC87E,2,0x0008,0x000C
463,0x89C414,0xFFC87E,2,0xFFC87E,2,0x000C,0x0000
463,0x89C42C,0xFFC80C,1,0xFFC80C,1,0x01,0x00
463,0x89C43E,0xA1518B,1,0xA1518B,1,0x01,0x00
464,0x8855AC,0xFFC87E,2,0xFFC87E,2,0x0000,0x0004
465,0x8855C2,0xFFC87E,2,0xFFC87E,2,0x0004,0x0008
466,0x8855F0,0xFFC87E,2,0xFFC87E,2,0x0008,0x000C
466,0x89C414,0xFFC87E,2,0xFFC87E,2,0x000C,0x0000
466,0x89C42C,0xFFC80C,1,0xFFC80C,1,0x00,0x01
466,0x89C434,0xA1518B,1,0xA1518B,1,0x00,0x01
467,0x8855AC,0xFFC87E,2,0xFFC87E,2,0x0000,0x0004
468,0x8855C2,0xFFC87E,2,0xFFC87E,2,0x0004,0x0008
469,0x8855F0,0xFFC87E,2,0xFFC87E,2,0x0008,0x000C
469,0x89C414,0xFFC87E,2,0xFFC87E,2,0x000C,0x0000
469,0x89C42C,0xFFC80C,1,0xFFC80C,1,0x01,0x00
469,0x89C43E,0xA1518B,1,0xA1518B,1,0x01,0x00
470,0x8855AC,0xFFC87E,2,0xFFC87E,2,0x0000,0x0004
471,0x8855C2,0xFFC87E,2,0xFFC87E,2,0x0004,0x0008
472,0x8855F0,0xFFC87E,2,0xFFC87E,2,0x0008,0x000C
472,0x89C414,0xFFC87E,2,0xFFC87E,2,0x000C,0x0000
472,0x89C42C,0xFFC80C,1,0xFFC80C,1,0x00,0x01
472,0x89C434,0xA1518B,1,0xA1518B,1,0x00,0x01
473,0x8855AC,0xFFC87E,2,0xFFC87E,2,0x0000,0x0004
474,0x8855C2,0xFFC87E,2,0xFFC87E,2,0x0004,0x0008
475,0x8855F0,0xFFC87E,2,0xFFC87E,2,0x0008,0x000C
475,0x89C414,0xFFC87E,2,0xFFC87E,2,0x000C,0x0000
475,0x89C42C,0xFFC80C,1,0xFFC80C,1,0x01,0x00
475,0x89C43E,0xA1518B,1,0xA1518B,1,0x01,0x02
476,0x8855AC,0xFFC87E,2,0xFFC87E,2,0x0000,0x0004
477,0x8855C2,0xFFC87E,2,0xFFC87E,2,0x0004,0x0008
478,0x8855F0,0xFFC87E,2,0xFFC87E,2,0x0008,0x000C
478,0x89C414,0xFFC87E,2,0xFFC87E,2,0x000C,0x0000
478,0x89C42C,0xFFC80C,1,0xFFC80C,1,0x00,0x01
478,0x89C434,0xA1518B,1,0xA1518B,1,0x00,0x01
479,0x8855AC,0xFFC87E,2,0xFFC87E,2,0x0000,0x0004
480,0x8855C2,0xFFC87E,2,0xFFC87E,2,0x0004,0x0008
481,0x8855F0,0xFFC87E,2,0xFFC87E,2,0x0008,0x000C
481,0x89C414,0xFFC87E,2,0xFFC87E,2,0x000C,0x0000
481,0x89C42C,0xFFC80C,1,0xFFC80C,1,0x01,0x00
481,0x89C43E,0xA1518B,1,0xA1518B,1,0x01,0x00
482,0x8855AC,0xFFC87E,2,0xFFC87E,2,0x0000,0x0004
483,0x8855C2,0xFFC87E,2,0xFFC87E,2,0x0004,0x0008
484,0x8855F0,0xFFC87E,2,0xFFC87E,2,0x0008,0x000C
484,0x89C414,0xFFC87E,2,0xFFC87E,2,0x000C,0x0000
484,0x89C42C,0xFFC80C,1,0xFFC80C,1,0x00,0x01
484,0x89C434,0xA1518B,1,0xA1518B,1,0x00,0x01
485,0x8855AC,0xFFC87E,2,0xFFC87E,2,0x0000,0x0004
486,0x8855C2,0xFFC87E,2,0xFFC87E,2,0x0004,0x0008
487,0x8855F0,0xFFC87E,2,0xFFC87E,2,0x0008,0x000C
487,0x89C414,0xFFC87E,2,0xFFC87E,2,0x000C,0x0000
487,0x89C42C,0xFFC80C,1,0xFFC80C,1,0x01,0x00
487,0x89C43E,0xA1518B,1,0xA1518B,1,0x01,0x00
488,0x8855AC,0xFFC87E,2,0xFFC87E,2,0x0000,0x0004
489,0x8855C2,0xFFC87E,2,0xFFC87E,2,0x0004,0x0008
490,0x8855F0,0xFFC87E,2,0xFFC87E,2,0x0008,0x000C
490,0x89C414,0xFFC87E,2,0xFFC87E,2,0x000C,0x0000
490,0x89C42C,0xFFC80C,1,0xFFC80C,1,0x00,0x01
490,0x89C434,0xA1518B,1,0xA1518B,1,0x02,0x01
491,0x8855AC,0xFFC87E,2,0xFFC87E,2,0x0000,0x0004
492,0x8855C2,0xFFC87E,2,0xFFC87E,2,0x0004,0x0008
493,0x8855F0,0xFFC87E,2,0xFFC87E,2,0x0008,0x000C
493,0x89C414,0xFFC87E,2,0xFFC87E,2,0x000C,0x0000
493,0x89C42C,0xFFC80C,1,0xFFC80C,1,0x01,0x00
493,0x89C43E,0xA1518B,1,0xA1518B,1,0x01,0x00
494,0x8855AC,0xFFC87E,2,0xFFC87E,2,0x0000,0x0004
495,0x8855C2,0xFFC87E,2,0xFFC87E,2,0x0004,0x0008
496,0x8855F0,0xFFC87E,2,0xFFC87E,2,0x0008,0x000C
496,0x89C414,0xFFC87E,2,0xFFC87E,2,0x000C,0x0000
496,0x89C42C,0xFFC80C,1,0xFFC80C,1,0x00,0x01
496,0x89C434,0xA1518B,1,0xA1518B,1,0x00,0x01
497,0x8855AC,0xFFC87E,2,0xFFC87E,2,0x0000,0x0004
498,0x8855C2,0xFFC87E,2,0xFFC87E,2,0x0004,0x0008
499,0x8855F0,0xFFC87E,2,0xFFC87E,2,0x0008,0x000C
499,0x89C414,0xFFC87E,2,0xFFC87E,2,0x000C,0x0000
499,0x89C42C,0xFFC80C,1,0xFFC80C,1,0x01,0x00
499,0x89C43E,0xA1518B,1,0xA1518B,1,0x01,0x00
500,0x8855AC,0xFFC87E,2,0xFFC87E,2,0x0000,0x0004
501,0x8855C2,0xFFC87E,2,0xFFC87E,2,0x0004,0x0008
502,0x8855F0,0xFFC87E,2,0xFFC87E,2,0x0008,0x000C
502,0x89C414,0xFFC87E,2,0xFFC87E,2,0x000C,0x0000
502,0x89C42C,0xFFC80C,1,0xFFC80C,1,0x00,0x01
502,0x89C434,0xA1518B,1,0xA1518B,1,0x00,0x01
503,0x8855AC,0xFFC87E,2,0xFFC87E,2,0x0000,0x0004
504,0x8855C2,0xFFC87E,2,0xFFC87E,2,0x0004,0x0008
505,0x8855F0,0xFFC87E,2,0xFFC87E,2,0x0008,0x000C
505,0x89C414,0xFFC87E,2,0xFFC87E,2,0x000C,0x0000
505,0x89C42C,0xFFC80C,1,0xFFC80C,1,0x01,0x00
505,0x89C43E,0xA1518B,1,0xA1518B,1,0x01,0x02
506,0x8855AC,0xFFC87E,2,0xFFC87E,2,0x0000,0x0004
507,0x8855C2,0xFFC87E,2,0xFFC87E,2,0x0004,0x0008
508,0x8855F0,0xFFC87E,2,0xFFC87E,2,0x0008,0x000C
508,0x89C414,0xFFC87E,2,0xFFC87E,2,0x000C,0x0000
508,0x89C42C,0xFFC80C,1,0xFFC80C,1,0x00,0x01
508,0x89C434,0xA1518B,1,0xA1518B,1,0x00,0x03
509,0x8855AC,0xFFC87E,2,0xFFC87E,2,0x0000,0x0004
510,0x8855C2,0xFFC87E,2,0xFFC87E,2,0x0004,0x0008
511,0x8855F0,0xFFC87E,2,0xFFC87E,2,0x0008,0x000C
511,0x89C414,0xFFC87E,2,0xFFC87E,2,0x000C,0x0000
511,0x89C42C,0xFFC80C,1,0xFFC80C,1,0x01,0x00
511,0x89C43E,0xA1518B,1,0xA1518B,1,0x01,0x00
512,0x8855AC,0xFFC87E,2,0xFFC87E,2,0x0000,0x0004
513,0x8855C2,0xFFC87E,2,0xFFC87E,2,0x0004,0x0008
514,0x8855F0,0xFFC87E,2,0xFFC87E,2,0x0008,0x000C
514,0x89C414,0xFFC87E,2,0xFFC87E,2,0x000C,0x0000
514,0x89C42C,0xFFC80C,1,0xFFC80C,1,0x00,0x01
514,0x89C434,0xA1518B,1,0xA1518B,1,0x02,0x01
515,0x8855AC,0xFFC87E,2,0xFFC87E,2,0x0000,0x0004
516,0x8855C2,0xFFC87E,2,0xFFC87E,2,0x0004,0x0008
517,0x8855F0,0xFFC87E,2,0xFFC87E,2,0x0008,0x000C
517,0x89C414,0xFFC87E,2,0xFFC87E,2,0x000C,0x0000
517,0x89C42C,0xFFC80C,1,0xFFC80C,1,0x01,0x00
517,0x89C43E,0xA1518B,1,0xA1518B,1,0x01,0x00
518,0x8855AC,0xFFC87E,2,0xFFC87E,2,0x0000,0x0004
519,0x8855C2,0xFFC87E,2,0xFFC87E,2,0x0004,0x0008
520,0x8855F0,0xFFC87E,2,0xFFC87E,2,0x0008,0x000C
520,0x89C414,0xFFC87E,2,0xFFC87E,2,0x000C,0x0000
520,0x89C42C,0xFFC80C,1,0xFFC80C,1,0x00,0x01
520,0x89C434,0xA1518B,1,0xA1518B,1,0x00,0x01
521,0x8855AC,0xFFC87E,2,0xFFC87E,2,0x0000,0x0004
522,0x8855C2,0xFFC87E,2,0xFFC87E,2,0x0004,0x0008
523,0x8855F0,0xFFC87E,2,0xFFC87E,2,0x0008,0x000C
523,0x89C414,0xFFC87E,2,0xFFC87E,2,0x000C,0x0000
523,0x89C42C,0xFFC80C,1,0xFFC80C,1,0x01,0x00
523,0x89C43E,0xA1518B,1,0xA1518B,1,0x01,0x00
524,0x8855AC,0xFFC87E,2,0xFFC87E,2,0x0000,0x0004
525,0x8855C2,0xFFC87E,2,0xFFC87E,2,0x0004,0x0008
526,0x8855F0,0xFFC87E,2,0xFFC87E,2,0x0008,0x000C
526,0x89C414,0xFFC87E,2,0xFFC87E,2,0x000C,0x0000
526,0x89C42C,0xFFC80C,1,0xFFC80C,1,0x00,0x01
526,0x89C434,0xA1518B,1,0xA1518B,1,0x00,0x01
527,0x8855AC,0xFFC87E,2,0xFFC87E,2,0x0000,0x0004
528,0x8855C2,0xFFC87E,2,0xFFC87E,2,0x0004,0x0008
529,0x8855F0,0xFFC87E,2,0xFFC87E,2,0x0008,0x000C
529,0x89C414,0xFFC87E,2,0xFFC87E,2,0x000C,0x0000
529,0x89C42C,0xFFC80C,1,0xFFC80C,1,0x01,0x00
529,0x89C43E,0xA1518B,1,0xA1518B,1,0x01,0x00
530,0x8855AC,0xFFC87E,2,0xFFC87E,2,0x0000,0x0004
531,0x8855C2,0xFFC87E,2,0xFFC87E,2,0x0004,0x0008
532,0x8855F0,0xFFC87E,2,0xFFC87E,2,0x0008,0x000C
532,0x89C414,0xFFC87E,2,0xFFC87E,2,0x000C,0x0000
532,0x89C42C,0xFFC80C,1,0xFFC80C,1,0x00,0x01
532,0x89C434,0xA1518B,1,0xA1518B,1,0x02,0x01
533,0x8855AC,0xFFC87E,2,0xFFC87E,2,0x0000,0x0004
534,0x8855C2,0xFFC87E,2,0xFFC87E,2,0x0004,0x0008
535,0x8855F0,0xFFC87E,2,0xFFC87E,2,0x0008,0x000C
535,0x89C414,0xFFC87E,2,0xFFC87E,2,0x000C,0x0000
535,0x89C42C,0xFFC80C,1,0xFFC80C,1,0x01,0x00
535,0x89C43E,0xA1518B,1,0xA1518B,1,0x01,0x00
536,0x8855AC,0xFFC87E,2,0xFFC87E,2,0x0000,0x0004
537,0x8855C2,0xFFC87E,2,0xFFC87E,2,0x0004,0x0008
538,0x8855F0,0xFFC87E,2,0xFFC87E,2,0x0008,0x000C
538,0x89C414,0xFFC87E,2,0xFFC87E,2,0x000C,0x0000
538,0x89C42C,0xFFC80C,1,0xFFC80C,1,0x00,0x01
538,0x89C434,0xA1518B,1,0xA1518B,1,0x00,0x01
539,0x8855AC,0xFFC87E,2,0xFFC87E,2,0x0000,0x0004
540,0x8855C2,0xFFC87E,2,0xFFC87E,2,0x0004,0x0008
541,0x8855F0,0xFFC87E,2,0xFFC87E,2,0x0008,0x000C
541,0x89C414,0xFFC87E,2,0xFFC87E,2,0x000C,0x0000
541,0x89C42C,0xFFC80C,1,0xFFC80C,1,0x01,0x00
541,0x89C43E,0xA1518B,1,0xA1518B,1,0x01,0x00
542,0x8855AC,0xFFC87E,2,0xFFC87E,2,0x0000,0x0004
543,0x8855C2,0xFFC87E,2,0xFFC87E,2,0x0004,0x0008
544,0x8855F0,0xFFC87E,2,0xFFC87E,2,0x0008,0x000C
544,0x89C414,0xFFC87E,2,0xFFC87E,2,0x000C,0x0000
544,0x89C42C,0xFFC80C,1,0xFFC80C,1,0x00,0x01
544,0x89C434,0xA1518B,1,0xA1518B,1,0x00,0x01
545,0x8855AC,0xFFC87E,2,0xFFC87E,2,0x0000,0x0004
546,0x8855C2,0xFFC87E,2,0xFFC87E,2,0x0004,0x0008
547,0x8855F0,0xFFC87E,2,0xFFC87E,2,0x0008,0x000C
547,0x89C414,0xFFC87E,2,0xFFC87E,2,0x000C,0x0000
547,0x89C42C,0xFFC80C,1,0xFFC80C,1,0x01,0x00
547,0x89C43E,0xA1518B,1,0xA1518B,1,0x01,0x00
548,0x8855AC,0xFFC87E,2,0xFFC87E,2,0x0000,0x0004
549,0x8855C2,0xFFC87E,2,0xFFC87E,2,0x0004,0x0008
550,0x8855F0,0xFFC87E,2,0xFFC87E,2,0x0008,0x000C
550,0x89C414,0xFFC87E,2,0xFFC87E,2,0x000C,0x0000
550,0x89C42C,0xFFC80C,1,0xFFC80C,1,0x00,0x01
550,0x89C434,0xA1518B,1,0xA1518B,1,0x02,0x01
551,0x8855AC,0xFFC87E,2,0xFFC87E,2,0x0000,0x0004
552,0x8855C2,0xFFC87E,2,0xFFC87E,2,0x0004,0x0008
553,0x8855F0,0xFFC87E,2,0xFFC87E,2,0x0008,0x000C
553,0x89C414,0xFFC87E,2,0xFFC87E,2,0x000C,0x0000
553,0x89C42C,0xFFC80C,1,0xFFC80C,1,0x01,0x00
553,0x89C43E,0xA1518B,1,0xA1518B,1,0x01,0x00
554,0x8855AC,0xFFC87E,2,0xFFC87E,2,0x0000,0x0004
555,0x8855C2,0xFFC87E,2,0xFFC87E,2,0x0004,0x0008
556,0x8855F0,0xFFC87E,2,0xFFC87E,2,0x0008,0x000C
556,0x89C414,0xFFC87E,2,0xFFC87E,2,0x000C,0x0000
556,0x89C42C,0xFFC80C,1,0xFFC80C,1,0x00,0x01
556,0x89C434,0xA1518B,1,0xA1518B,1,0x00,0x01
557,0x8855AC,0xFFC87E,2,0xFFC87E,2,0x0000,0x0004
558,0x8855C2,0xFFC87E,2,0xFFC87E,2,0x0004,0x0008
559,0x8855F0,0xFFC87E,2,0xFFC87E,2,0x0008,0x000C
559,0x89C414,0xFFC87E,2,0xFFC87E,2,0x000C,0x0000
559,0x89C42C,0xFFC80C,1,0xFFC80C,1,0x01,0x00
559,0x89C43E,0xA1518B,1,0xA1518B,1,0x01,0x00
560,0x8855AC,0xFFC87E,2,0xFFC87E,2,0x0000,0x0004
561,0x8855C2,0xFFC87E,2,0xFFC87E,2,0x0004,0x0008
562,0x8855F0,0xFFC87E,2,0xFFC87E,2,0x0008,0x000C
562,0x89C414,0xFFC87E,2,0xFFC87E,2,0x000C,0x0000
562,0x89C42C,0xFFC80C,1,0xFFC80C,1,0x00,0x01
562,0x89C434,0xA1518B,1,0xA1518B,1,0x00,0x01
563,0x8855AC,0xFFC87E,2,0xFFC87E,2,0x0000,0x0004
564,0x8855C2,0xFFC87E,2,0xFFC87E,2,0x0004,0x0008
565,0x8855F0,0xFFC87E,2,0xFFC87E,2,0x0008,0x000C
565,0x89C414,0xFFC87E,2,0xFFC87E,2,0x000C,0x0000
565,0x89C42C,0xFFC80C,1,0xFFC80C,1,0x01,0x00
565,0x89C43E,0xA1518B,1,0xA1518B,1,0x01,0x00
566,0x8855AC,0xFFC87E,2,0xFFC87E,2,0x0000,0x0004
567,0x8855C2,0xFFC87E,2,0xFFC87E,2,0x0004,0x0008
568,0x8855F0,0xFFC87E,2,0xFFC87E,2,0x0008,0x000C
568,0x89C414,0xFFC87E,2,0xFFC87E,2,0x000C,0x0000
568,0x89C42C,0xFFC80C,1,0xFFC80C,1,0x00,0x01
568,0x89C434,0xA1518B,1,0xA1518B,1,0x02,0x01
569,0x8855AC,0xFFC87E,2,0xFFC87E,2,0x0000,0x0004
570,0x8855C2,0xFFC87E,2,0xFFC87E,2,0x0004,0x0008
571,0x8855F0,0xFFC87E,2,0xFFC87E,2,0x0008,0x000C
571,0x89C414,0xFFC87E,2,0xFFC87E,2,0x000C,0x0000
571,0x89C42C,0xFFC80C,1,0xFFC80C,1,0x01,0x00
571,0x89C43E,0xA1518B,1,0xA1518B,1,0x01,0x00
572,0x8855AC,0xFFC87E,2,0xFFC87E,2,0x0000,0x0004
573,0x8855C2,0xFFC87E,2,0xFFC87E,2,0x0004,0x0008
574,0x8855F0,0xFFC87E,2,0xFFC87E,2,0x0008,0x000C
574,0x89C414,0xFFC87E,2,0xFFC87E,2,0x000C,0x0000
574,0x89C42C,0xFFC80C,1,0xFFC80C,1,0x00,0x01
574,0x89C434,0xA1518B,1,0xA1518B,1,0x00,0x01
575,0x8855AC,0xFFC87E,2,0xFFC87E,2,0x0000,0x0004
576,0x8855C2,0xFFC87E,2,0xFFC87E,2,0x0004,0x0008
577,0x8855F0,0xFFC87E,2,0xFFC87E,2,0x0008,0x000C
577,0x89C414,0xFFC87E,2,0xFFC87E,2,0x000C,0x0000
577,0x89C42C,0xFFC80C,1,0xFFC80C,1,0x01,0x00
577,0x89C43E,0xA1518B,1,0xA1518B,1,0x01,0x00
578,0x8855AC,0xFFC87E,2,0xFFC87E,2,0x0000,0x0004
579,0x8855C2,0xFFC87E,2,0xFFC87E,2,0x0004,0x0008
580,0x8855F0,0xFFC87E,2,0xFFC87E,2,0x0008,0x000C
580,0x89C414,0xFFC87E,2,0xFFC87E,2,0x000C,0x0000
580,0x89C42C,0xFFC80C,1,0xFFC80C,1,0x00,0x01
580,0x89C434,0xA1518B,1,0xA1518B,1,0x00,0x01
581,0x8855AC,0xFFC87E,2,0xFFC87E,2,0x0000,0x0004
582,0x8855C2,0xFFC87E,2,0xFFC87E,2,0x0004,0x0008
583,0x8855F0,0xFFC87E,2,0xFFC87E,2,0x0008,0x000C
583,0x89C414,0xFFC87E,2,0xFFC87E,2,0x000C,0x0000
583,0x89C42C,0xFFC80C,1,0xFFC80C,1,0x01,0x00
583,0x89C43E,0xA1518B,1,0xA1518B,1,0x01,0x00
584,0x8855AC,0xFFC87E,2,0xFFC87E,2,0x0000,0x0004
585,0x8855C2,0xFFC87E,2,0xFFC87E,2,0x0004,0x0008
586,0x8855F0,0xFFC87E,2,0xFFC87E,2,0x0008,0x000C
586,0x89C414,0xFFC87E,2,0xFFC87E,2,0x000C,0x0000
586,0x89C42C,0xFFC80C,1,0xFFC80C,1,0x00,0x01
586,0x89C434,0xA1518B,1,0xA1518B,1,0x02,0x01
587,0x8855AC,0xFFC87E,2,0xFFC87E,2,0x0000,0x0004
588,0x8855C2,0xFFC87E,2,0xFFC87E,2,0x0004,0x0008
589,0x8855F0,0xFFC87E,2,0xFFC87E,2,0x0008,0x000C
589,0x89C414,0xFFC87E,2,0xFFC87E,2,0x000C,0x0000
589,0x89C42C,0xFFC80C,1,0xFFC80C,1,0x01,0x00
589,0x89C43E,0xA1518B,1,0xA1518B,1,0x01,0x00
590,0x8855AC,0xFFC87E,2,0xFFC87E,2,0x0000,0x0004
591,0x8855C2,0xFFC87E,2,0xFFC87E,2,0x0004,0x0008
592,0x8855F0,0xFFC87E,2,0xFFC87E,2,0x0008,0x000C
592,0x89C414,0xFFC87E,2,0xFFC87E,2,0x000C,0x0000
592,0x89C42C,0xFFC80C,1,0xFFC80C,1,0x00,0x01
592,0x89C434,0xA1518B,1,0xA1518B,1,0x00,0x01
593,0x8855AC,0xFFC87E,2,0xFFC87E,2,0x0000,0x0004
594,0x8855C2,0xFFC87E,2,0xFFC87E,2,0x0004,0x0008
595,0x8855F0,0xFFC87E,2,0xFFC87E,2,0x0008,0x000C
595,0x89C414,0xFFC87E,2,0xFFC87E,2,0x000C,0x0000
595,0x89C42C,0xFFC80C,1,0xFFC80C,1,0x01,0x00
595,0x89C43E,0xA1518B,1,0xA1518B,1,0x01,0x00
596,0x8855AC,0xFFC87E,2,0xFFC87E,2,0x0000,0x0004
597,0x8855C2,0xFFC87E,2,0xFFC87E,2,0x0004,0x0008
598,0x8855F0,0xFFC87E,2,0xFFC87E,2,0x0008,0x000C
598,0x89C414,0xFFC87E,2,0xFFC87E,2,0x000C,0x0000
598,0x89C42C,0xFFC80C,1,0xFFC80C,1,0x00,0x01
598,0x89C434,0xA1518B,1,0xA1518B,1,0x00,0x01
599,0x8855AC,0xFFC87E,2,0xFFC87E,2,0x0000,0x0004
600,0x8855C2,0xFFC87E,2,0xFFC87E,2,0x0004,0x0008
601,0x8855F0,0xFFC87E,2,0xFFC87E,2,0x0008,0x000C
601,0x89C414,0xFFC87E,2,0xFFC87E,2,0x000C,0x0000
601,0x89C42C,0xFFC80C,1,0xFFC80C,1,0x01,0x00
601,0x89C43E,0xA1518B,1,0xA1518B,1,0x01,0x00
602,0x8855AC,0xFFC87E,2,0xFFC87E,2,0x0000,0x0004
603,0x8855C2,0xFFC87E,2,0xFFC87E,2,0x0004,0x0008
604,0x8855F0,0xFFC87E,2,0xFFC87E,2,0x0008,0x000C
604,0x89C414,0xFFC87E,2,0xFFC87E,2,0x000C,0x0000
604,0x89C42C,0xFFC80C,1,0xFFC80C,1,0x00,0x01
604,0x89C434,0xA1518B,1,0xA1518B,1,0x02,0x01
605,0x8855AC,0xFFC87E,2,0xFFC87E,2,0x0000,0x0004
606,0x8855C2,0xFFC87E,2,0xFFC87E,2,0x0004,0x0008
607,0x8855F0,0xFFC87E,2,0xFFC87E,2,0x0008,0x000C
607,0x89C414,0xFFC87E,2,0xFFC87E,2,0x000C,0x0000
607,0x89C42C,0xFFC80C,1,0xFFC80C,1,0x01,0x00
607,0x89C43E,0xA1518B,1,0xA1518B,1,0x01,0x00
608,0x8855AC,0xFFC87E,2,0xFFC87E,2,0x0000,0x0004
609,0x8855C2,0xFFC87E,2,0xFFC87E,2,0x0004,0x0008
610,0x8855F0,0xFFC87E,2,0xFFC87E,2,0x0008,0x000C
610,0x89C414,0xFFC87E,2,0xFFC87E,2,0x000C,0x0000
610,0x89C42C,0xFFC80C,1,0xFFC80C,1,0x00,0x01
610,0x89C434,0xA1518B,1,0xA1518B,1,0x00,0x01
611,0x8855AC,0xFFC87E,2,0xFFC87E,2,0x0000,0x0004
612,0x8855C2,0xFFC87E,2,0xFFC87E,2,0x0004,0x0008
613,0x8855F0,0xFFC87E,2,0xFFC87E,2,0x0008,0x000C
613,0x89C414,0xFFC87E,2,0xFFC87E,2,0x000C,0x0000
613,0x89C42C,0xFFC80C,1,0xFFC80C,1,0x01,0x00
613,0x89C43E,0xA1518B,1,0xA1518B,1,0x01,0x00
614,0x8855AC,0xFFC87E,2,0xFFC87E,2,0x0000,0x0004
615,0x8855C2,0xFFC87E,2,0xFFC87E,2,0x0004,0x0008
616,0x8855F0,0xFFC87E,2,0xFFC87E,2,0x0008,0x000C
616,0x89C414,0xFFC87E,2,0xFFC87E,2,0x000C,0x0000
616,0x89C42C,0xFFC80C,1,0xFFC80C,1,0x00,0x01
616,0x89C434,0xA1518B,1,0xA1518B,1,0x00,0x01
617,0x8855AC,0xFFC87E,2,0xFFC87E,2,0x0000,0x0004
618,0x8855C2,0xFFC87E,2,0xFFC87E,2,0x0004,0x0008
619,0x8855F0,0xFFC87E,2,0xFFC87E,2,0x0008,0x000C
619,0x89C414,0xFFC87E,2,0xFFC87E,2,0x000C,0x0000
619,0x89C42C,0xFFC80C,1,0xFFC80C,1,0x01,0x00
619,0x89C43E,0xA1518B,1,0xA1518B,1,0x01,0x00
620,0x8855AC,0xFFC87E,2,0xFFC87E,2,0x0000,0x0004
621,0x8855C2,0xFFC87E,2,0xFFC87E,2,0x0004,0x0008
622,0x8855F0,0xFFC87E,2,0xFFC87E,2,0x0008,0x000C
622,0x89C414,0xFFC87E,2,0xFFC87E,2,0x000C,0x0000
622,0x89C42C,0xFFC80C,1,0xFFC80C,1,0x00,0x01
622,0x89C434,0xA1518B,1,0xA1518B,1,0x02,0x01
623,0x8855AC,0xFFC87E,2,0xFFC87E,2,0x0000,0x0004
624,0x8855C2,0xFFC87E,2,0xFFC87E,2,0x0004,0x0008
625,0x8855F0,0xFFC87E,2,0xFFC87E,2,0x0008,0x000C
625,0x89C414,0xFFC87E,2,0xFFC87E,2,0x000C,0x0000
625,0x89C42C,0xFFC80C,1,0xFFC80C,1,0x01,0x00
625,0x89C43E,0xA1518B,1,0xA1518B,1,0x01,0x00
626,0x8855AC,0xFFC87E,2,0xFFC87E,2,0x0000,0x0004
627,0x8855C2,0xFFC87E,2,0xFFC87E,2,0x0004,0x0008
628,0x8855F0,0xFFC87E,2,0xFFC87E,2,0x0008,0x000C
628,0x89C414,0xFFC87E,2,0xFFC87E,2,0x000C,0x0000
628,0x89C42C,0xFFC80C,1,0xFFC80C,1,0x00,0x01
628,0x89C434,0xA1518B,1,0xA1518B,1,0x00,0x01
629,0x8855AC,0xFFC87E,2,0xFFC87E,2,0x0000,0x0004
630,0x8855C2,0xFFC87E,2,0xFFC87E,2,0x0004,0x0008
631,0x8855F0,0xFFC87E,2,0xFFC87E,2,0x0008,0x000C
631,0x89C414,0xFFC87E,2,0xFFC87E,2,0x000C,0x0000
631,0x89C42C,0xFFC80C,1,0xFFC80C,1,0x01,0x00
631,0x89C43E,0xA1518B,1,0xA1518B,1,0x01,0x00
632,0x8855AC,0xFFC87E,2,0xFFC87E,2,0x0000,0x0004
633,0x8855C2,0xFFC87E,2,0xFFC87E,2,0x0004,0x0008
634,0x8855F0,0xFFC87E,2,0xFFC87E,2,0x0008,0x000C
634,0x89C414,0xFFC87E,2,0xFFC87E,2,0x000C,0x0000
634,0x89C42C,0xFFC80C,1,0xFFC80C,1,0x00,0x01
634,0x89C434,0xA1518B,1,0xA1518B,1,0x00,0x01
635,0x8855AC,0xFFC87E,2,0xFFC87E,2,0x0000,0x0004
636,0x8855C2,0xFFC87E,2,0xFFC87E,2,0x0004,0x0008
637,0x8855F0,0xFFC87E,2,0xFFC87E,2,0x0008,0x000C
637,0x89C414,0xFFC87E,2,0xFFC87E,2,0x000C,0x0000
637,0x89C42C,0xFFC80C,1,0xFFC80C,1,0x01,0x00
637,0x89C43E,0xA1518B,1,0xA1518B,1,0x01,0x00
638,0x8855AC,0xFFC87E,2,0xFFC87E,2,0x0000,0x0004
639,0x8855C2,0xFFC87E,2,0xFFC87E,2,0x0004,0x0008
640,0x8855F0,0xFFC87E,2,0xFFC87E,2,0x0008,0x000C
640,0x89C414,0xFFC87E,2,0xFFC87E,2,0x000C,0x0000
640,0x89C42C,0xFFC80C,1,0xFFC80C,1,0x00,0x01
640,0x89C434,0xA1518B,1,0xA1518B,1,0x02,0x01
641,0x8855AC,0xFFC87E,2,0xFFC87E,2,0x0000,0x0004
642,0x8855C2,0xFFC87E,2,0xFFC87E,2,0x0004,0x0008
643,0x8855F0,0xFFC87E,2,0xFFC87E,2,0x0008,0x000C
643,0x89C414,0xFFC87E,2,0xFFC87E,2,0x000C,0x0000
643,0x89C42C,0xFFC80C,1,0xFFC80C,1,0x01,0x00
643,0x89C43E,0xA1518B,1,0xA1518B,1,0x01,0x00
644,0x8855AC,0xFFC87E,2,0xFFC87E,2,0x0000,0x0004
645,0x8855C2,0xFFC87E,2,0xFFC87E,2,0x0004,0x0008
646,0x8855F0,0xFFC87E,2,0xFFC87E,2,0x0008,0x000C
646,0x89C414,0xFFC87E,2,0xFFC87E,2,0x000C,0x0000
646,0x89C42C,0xFFC80C,1,0xFFC80C,1,0x00,0x01
646,0x89C434,0xA1518B,1,0xA1518B,1,0x00,0x01
647,0x8855AC,0xFFC87E,2,0xFFC87E,2,0x0000,0x0004
648,0x8855C2,0xFFC87E,2,0xFFC87E,2,0x0004,0x0008
649,0x8855F0,0xFFC87E,2,0xFFC87E,2,0x0008,0x000C
649,0x89C414,0xFFC87E,2,0xFFC87E,2,0x000C,0x0000
649,0x89C42C,0xFFC80C,1,0xFFC80C,1,0x01,0x00
649,0x89C43E,0xA1518B,1,0xA1518B,1,0x01,0x00
650,0x8855AC,0xFFC87E,2,0xFFC87E,2,0x0000,0x0004
651,0x8855C2,0xFFC87E,2,0xFFC87E,2,0x0004,0x0008
652,0x8855F0,0xFFC87E,2,0xFFC87E,2,0x0008,0x000C
652,0x89C414,0xFFC87E,2,0xFFC87E,2,0x000C,0x0000
652,0x89C42C,0xFFC80C,1,0xFFC80C,1,0x00,0x01
652,0x89C434,0xA1518B,1,0xA1518B,1,0x00,0x01
653,0x8855AC,0xFFC87E,2,0xFFC87E,2,0x0000,0x0004
654,0x8855C2,0xFFC87E,2,0xFFC87E,2,0x0004,0x0008
655,0x8855F0,0xFFC87E,2,0xFFC87E,2,0x0008,0x000C
655,0x89C414,0xFFC87E,2,0xFFC87E,2,0x000C,0x0000
655,0x89C42C,0xFFC80C,1,0xFFC80C,1,0x01,0x00
655,0x89C43E,0xA1518B,1,0xA1518B,1,0x01,0x00
656,0x8855AC,0xFFC87E,2,0xFFC87E,2,0x0000,0x0004
657,0x8855C2,0xFFC87E,2,0xFFC87E,2,0x0004,0x0008
658,0x8855F0,0xFFC87E,2,0xFFC87E,2,0x0008,0x000C
658,0x89C414,0xFFC87E,2,0xFFC87E,2,0x000C,0x0000
658,0x89C42C,0xFFC80C,1,0xFFC80C,1,0x00,0x01
658,0x89C434,0xA1518B,1,0xA1518B,1,0x02,0x01
659,0x8855AC,0xFFC87E,2,0xFFC87E,2,0x0000,0x0004
660,0x8855C2,0xFFC87E,2,0xFFC87E,2,0x0004,0x0008
661,0x8855F0,0xFFC87E,2,0xFFC87E,2,0x0008,0x000C
661,0x89C414,0xFFC87E,2,0xFFC87E,2,0x000C,0x0000
661,0x89C42C,0xFFC80C,1,0xFFC80C,1,0x01,0x00
661,0x89C43E,0xA1518B,1,0xA1518B,1,0x01,0x00
662,0x8855AC,0xFFC87E,2,0xFFC87E,2,0x0000,0x0004
663,0x8855C2,0xFFC87E,2,0xFFC87E,2,0x0004,0x0008
664,0x8855F0,0xFFC87E,2,0xFFC87E,2,0x0008,0x000C
664,0x89C414,0xFFC87E,2,0xFFC87E,2,0x000C,0x0000
664,0x89C42C,0xFFC80C,1,0xFFC80C,1,0x00,0x01
664,0x89C434,0xA1518B,1,0xA1518B,1,0x00,0x01
665,0x8855AC,0xFFC87E,2,0xFFC87E,2,0x0000,0x0004
666,0x8855C2,0xFFC87E,2,0xFFC87E,2,0x0004,0x0008
667,0x8855F0,0xFFC87E,2,0xFFC87E,2,0x0008,0x000C
667,0x89C414,0xFFC87E,2,0xFFC87E,2,0x000C,0x0000
667,0x89C42C,0xFFC80C,1,0xFFC80C,1,0x01,0x00
667,0x89C43E,0xA1518B,1,0xA1518B,1,0x01,0x00
668,0x8855AC,0xFFC87E,2,0xFFC87E,2,0x0000,0x0004
669,0x8855C2,0xFFC87E,2,0xFFC87E,2,0x0004,0x0008
670,0x8855F0,0xFFC87E,2,0xFFC87E,2,0x0008,0x000C
670,0x89C414,0xFFC87E,2,0xFFC87E,2,0x000C,0x0000
670,0x89C42C,0xFFC80C,1,0xFFC80C,1,0x00,0x01
670,0x89C434,0xA1518B,1,0xA1518B,1,0x00,0x01
671,0x8855AC,0xFFC87E,2,0xFFC87E,2,0x0000,0x0004
672,0x8855C2,0xFFC87E,2,0xFFC87E,2,0x0004,0x0008
673,0x8855F0,0xFFC87E,2,0xFFC87E,2,0x0008,0x000C
673,0x89C414,0xFFC87E,2,0xFFC87E,2,0x000C,0x0000
673,0x89C42C,0xFFC80C,1,0xFFC80C,1,0x01,0x00
673,0x89C43E,0xA1518B,1,0xA1518B,1,0x01,0x00
674,0x8855AC,0xFFC87E,2,0xFFC87E,2,0x0000,0x0004
675,0x8855C2,0xFFC87E,2,0xFFC87E,2,0x0004,0x0008
676,0x8855F0,0xFFC87E,2,0xFFC87E,2,0x0008,0x000C
676,0x89C414,0xFFC87E,2,0xFFC87E,2,0x000C,0x0000
676,0x89C42C,0xFFC80C,1,0xFFC80C,1,0x00,0x01
676,0x89C434,0xA1518B,1,0xA1518B,1,0x02,0x01
677,0x8855AC,0xFFC87E,2,0xFFC87E,2,0x0000,0x0004
678,0x8855C2,0xFFC87E,2,0xFFC87E,2,0x0004,0x0008
679,0x8855F0,0xFFC87E,2,0xFFC87E,2,0x0008,0x000C
679,0x89C414,0xFFC87E,2,0xFFC87E,2,0x000C,0x0000
679,0x89C42C,0xFFC80C,1,0xFFC80C,1,0x01,0x00
679,0x89C43E,0xA1518B,1,0xA1518B,1,0x01,0x00
680,0x8855AC,0xFFC87E,2,0xFFC87E,2,0x0000,0x0004
681,0x8855C2,0xFFC87E,2,0xFFC87E,2,0x0004,0x0008
682,0x8855F0,0xFFC87E,2,0xFFC87E,2,0x0008,0x000C
682,0x89C414,0xFFC87E,2,0xFFC87E,2,0x000C,0x0000
682,0x89C42C,0xFFC80C,1,0xFFC80C,1,0x00,0x01
682,0x89C434,0xA1518B,1,0xA1518B,1,0x00,0x01
683,0x8855AC,0xFFC87E,2,0xFFC87E,2,0x0000,0x0004
684,0x8855C2,0xFFC87E,2,0xFFC87E,2,0x0004,0x0008
685,0x8855F0,0xFFC87E,2,0xFFC87E,2,0x0008,0x000C
685,0x89C414,0xFFC87E,2,0xFFC87E,2,0x000C,0x0000
685,0x89C42C,0xFFC80C,1,0xFFC80C,1,0x01,0x00
685,0x89C43E,0xA1518B,1,0xA1518B,1,0x01,0x00
686,0x8855AC,0xFFC87E,2,0xFFC87E,2,0x0000,0x0004
687,0x8855C2,0xFFC87E,2,0xFFC87E,2,0x0004,0x0008
688,0x8855F0,0xFFC87E,2,0xFFC87E,2,0x0008,0x000C
688,0x89C414,0xFFC87E,2,0xFFC87E,2,0x000C,0x0000
688,0x89C42C,0xFFC80C,1,0xFFC80C,1,0x00,0x01
688,0x89C434,0xA1518B,1,0xA1518B,1,0x00,0x01
689,0x8855AC,0xFFC87E,2,0xFFC87E,2,0x0000,0x0004
690,0x8855C2,0xFFC87E,2,0xFFC87E,2,0x0004,0x0008
691,0x8855F0,0xFFC87E,2,0xFFC87E,2,0x0008,0x000C
691,0x89C414,0xFFC87E,2,0xFFC87E,2,0x000C,0x0000
691,0x89C42C,0xFFC80C,1,0xFFC80C,1,0x01,0x00
691,0x89C43E,0xA1518B,1,0xA1518B,1,0x01,0x00
692,0x8855AC,0xFFC87E,2,0xFFC87E,2,0x0000,0x0004
693,0x8855C2,0xFFC87E,2,0xFFC87E,2,0x0004,0x0008
694,0x8855F0,0xFFC87E,2,0xFFC87E,2,0x0008,0x000C
694,0x89C414,0xFFC87E,2,0xFFC87E,2,0x000C,0x0000
694,0x89C42C,0xFFC80C,1,0xFFC80C,1,0x00,0x01
694,0x89C434,0xA1518B,1,0xA1518B,1,0x02,0x01
695,0x8855AC,0xFFC87E,2,0xFFC87E,2,0x0000,0x0004
696,0x8855C2,0xFFC87E,2,0xFFC87E,2,0x0004,0x0008
697,0x8855F0,0xFFC87E,2,0xFFC87E,2,0x0008,0x000C
697,0x89C414,0xFFC87E,2,0xFFC87E,2,0x000C,0x0000
697,0x89C42C,0xFFC80C,1,0xFFC80C,1,0x01,0x00
697,0x89C43E,0xA1518B,1,0xA1518B,1,0x01,0x00
698,0x8855AC,0xFFC87E,2,0xFFC87E,2,0x0000,0x0004
699,0x8855C2,0xFFC87E,2,0xFFC87E,2,0x0004,0x0008
700,0x8855F0,0xFFC87E,2,0xFFC87E,2,0x0008,0x000C
700,0x89C414,0xFFC87E,2,0xFFC87E,2,0x000C,0x0000
700,0x89C42C,0xFFC80C,1,0xFFC80C,1,0x00,0x01
700,0x89C434,0xA1518B,1,0xA1518B,1,0x00,0x01
701,0x8855AC,0xFFC87E,2,0xFFC87E,2,0x0000,0x0004
702,0x8855C2,0xFFC87E,2,0xFFC87E,2,0x0004,0x0008
703,0x8855F0,0xFFC87E,2,0xFFC87E,2,0x0008,0x000C
703,0x89C414,0xFFC87E,2,0xFFC87E,2,0x000C,0x0000
703,0x89C42C,0xFFC80C,1,0xFFC80C,1,0x01,0x00
703,0x89C43E,0xA1518B,1,0xA1518B,1,0x01,0x00
704,0x8855AC,0xFFC87E,2,0xFFC87E,2,0x0000,0x0004
705,0x8855C2,0xFFC87E,2,0xFFC87E,2,0x0004,0x0008
706,0x8855F0,0xFFC87E,2,0xFFC87E,2,0x0008,0x000C
706,0x89C414,0xFFC87E,2,0xFFC87E,2,0x000C,0x0000
706,0x89C42C,0xFFC80C,1,0xFFC80C,1,0x00,0x01
706,0x89C434,0xA1518B,1,0xA1518B,1,0x00,0x01
707,0x8855AC,0xFFC87E,2,0xFFC87E,2,0x0000,0x0004
708,0x8855C2,0xFFC87E,2,0xFFC87E,2,0x0004,0x0008
709,0x8855F0,0xFFC87E,2,0xFFC87E,2,0x0008,0x000C
709,0x89C414,0xFFC87E,2,0xFFC87E,2,0x000C,0x0000
709,0x89C42C,0xFFC80C,1,0xFFC80C,1,0x01,0x00
709,0x89C43E,0xA1518B,1,0xA1518B,1,0x01,0x00
710,0x8855AC,0xFFC87E,2,0xFFC87E,2,0x0000,0x0004
711,0x8855C2,0xFFC87E,2,0xFFC87E,2,0x0004,0x0008
712,0x8855F0,0xFFC87E,2,0xFFC87E,2,0x0008,0x000C
712,0x89C414,0xFFC87E,2,0xFFC87E,2,0x000C,0x0000
712,0x89C42C,0xFFC80C,1,0xFFC80C,1,0x00,0x01
712,0x89C434,0xA1518B,1,0xA1518B,1,0x02,0x01
713,0x8855AC,0xFFC87E,2,0xFFC87E,2,0x0000,0x0004
714,0x8855C2,0xFFC87E,2,0xFFC87E,2,0x0004,0x0008
715,0x8855F0,0xFFC87E,2,0xFFC87E,2,0x0008,0x000C
715,0x89C414,0xFFC87E,2,0xFFC87E,2,0x000C,0x0000
715,0x89C42C,0xFFC80C,1,0xFFC80C,1,0x01,0x00
715,0x89C43E,0xA1518B,1,0xA1518B,1,0x01,0x00
716,0x8855AC,0xFFC87E,2,0xFFC87E,2,0x0000,0x0004
717,0x8855C2,0xFFC87E,2,0xFFC87E,2,0x0004,0x0008
718,0x8855F0,0xFFC87E,2,0xFFC87E,2,0x0008,0x000C
718,0x89C414,0xFFC87E,2,0xFFC87E,2,0x000C,0x0000
718,0x89C42C,0xFFC80C,1,0xFFC80C,1,0x00,0x01
718,0x89C434,0xA1518B,1,0xA1518B,1,0x00,0x01
719,0x8855AC,0xFFC87E,2,0xFFC87E,2,0x0000,0x0004
720,0x8855C2,0xFFC87E,2,0xFFC87E,2,0x0004,0x0008
721,0x8855F0,0xFFC87E,2,0xFFC87E,2,0x0008,0x000C
721,0x89C414,0xFFC87E,2,0xFFC87E,2,0x000C,0x0000
721,0x89C42C,0xFFC80C,1,0xFFC80C,1,0x01,0x00
721,0x89C43E,0xA1518B,1,0xA1518B,1,0x01,0x00
722,0x8855AC,0xFFC87E,2,0xFFC87E,2,0x0000,0x0004
723,0x8855C2,0xFFC87E,2,0xFFC87E,2,0x0004,0x0008
724,0x8855F0,0xFFC87E,2,0xFFC87E,2,0x0008,0x000C
724,0x89C414,0xFFC87E,2,0xFFC87E,2,0x000C,0x0000
724,0x89C42C,0xFFC80C,1,0xFFC80C,1,0x00,0x01
724,0x89C434,0xA1518B,1,0xA1518B,1,0x00,0x01
725,0x8855AC,0xFFC87E,2,0xFFC87E,2,0x0000,0x0004
726,0x8855C2,0xFFC87E,2,0xFFC87E,2,0x0004,0x0008
727,0x8855F0,0xFFC87E,2,0xFFC87E,2,0x0008,0x000C
727,0x89C414,0xFFC87E,2,0xFFC87E,2,0x000C,0x0000
727,0x89C42C,0xFFC80C,1,0xFFC80C,1,0x01,0x00
727,0x89C43E,0xA1518B,1,0xA1518B,1,0x01,0x00
728,0x8855AC,0xFFC87E,2,0xFFC87E,2,0x0000,0x0004
729,0x8855C2,0xFFC87E,2,0xFFC87E,2,0x0004,0x0008
730,0x8855F0,0xFFC87E,2,0xFFC87E,2,0x0008,0x000C
730,0x89C414,0xFFC87E,2,0xFFC87E,2,0x000C,0x0000
730,0x89C42C,0xFFC80C,1,0xFFC80C,1,0x00,0x01
730,0x89C434,0xA1518B,1,0xA1518B,1,0x02,0x01
731,0x8855AC,0xFFC87E,2,0xFFC87E,2,0x0000,0x0004
732,0x8855C2,0xFFC87E,2,0xFFC87E,2,0x0004,0x0008
733,0x88BBB8,0xFF0002,4,0xFF0002,4,0x00885586,0x008926D2
733,0x8855F0,0xFFC87E,2,0xFFC87E,2,0x0008,0x000C
733,0x8826CE,0xA1518B,1,0xA1518B,1,0x03,0x00
734,0x8826DE,0xA1518B,1,0xA1518B,1,0x00,0x01
734,0x8826EE,0xA1518B,1,0xA1518B,1,0x01,0x00
734,0x8826F4,0xFFC80C,1,0xFFC80C,1,0x01,0x00
741,0x89297E,0xFFC87E,2,0xFFC87E,2,0x000C,0x0000
741,0x892984,0xFF0002,4,0xFF0002,4,0x008926D2,0x00892A40
743,0x892BEC,0xFFC87E,2,0xFFC87E,2,0x0000,0x0004
744,0x892C98,0xFFC87E,2,0xFFC87E,2,0x0004,0x0008
745,0x892EF6,0xFFC87E,2,0xFFC87E,2,0x0008,0x0000
745,0x881CE8,0xFFC80C,1,0xFFC80C,1,0x00,0x01
745,0x881CF0,0xA1518B,1,0xA1518B,1,0x00,0x01
745,0x892BEC,0xFFC87E,2,0xFFC87E,2,0x0000,0x0004
746,0x892C98,0xFFC87E,2,0xFFC87E,2,0x0004,0x0008
748,0x892EF6,0xFFC87E,2,0xFFC87E,2,0x0008,0x0000
748,0x881CE8,0xFFC80C,1,0xFFC80C,1,0x01,0x00
748,0x881CFA,0xA1518B,1,0xA1518B,1,0x01,0x00
748,0x892BEC,0xFFC87E,2,0xFFC87E,2,0x0000,0x0004
749,0x892C98,0xFFC87E,2,0xFFC87E,2,0x0004,0x0008
751,0x892EF6,0xFFC87E,2,0xFFC87E,2,0x0008,0x0000
751,0x881CE8,0xFFC80C,1,0xFFC80C,1,0x00,0x01
751,0x881CF0,0xA1518B,1,0xA1518B,1,0x02,0x01
751,0x892BEC,0xFFC87E,2,0xFFC87E,2,0x0000,0x0004
752,0x892C98,0xFFC87E,2,0xFFC87E,2,0x0004,0x0008
754,0x892EF6,0xFFC87E,2,0xFFC87E,2,0x0008,0x0000
754,0x881CE8,0xFFC80C,1,0xFFC80C,1,0x01,0x00
754,0x881CFA,0xA1518B,1,0xA1518B,1,0x01,0x00
754,0x892BEC,0xFFC87E,2,0xFFC87E,2,0x0000,0x0004
755,0x892C98,0xFFC87E,2,0xFFC87E,2,0x0004,0x0008
757,0x892EF6,0xFFC87E,2,0xFFC87E,2,0x0008,0x0000
757,0x881CE8,0xFFC80C,1,0xFFC80C,1,0x00,0x01
757,0x881CF0,0xA1518B,1,0xA1518B,1,0x00,0x01
757,0x892BEC,0xFFC87E,2,0xFFC87E,2,0x0000,0x0004
758,0x892C98,0xFFC87E,2,0xFFC87E,2,0x0004,0x0008
760,0x892EF6,0xFFC87E,2,0xFFC87E,2,0x0008,0x0000
760,0x881CE8,0xFFC80C,1,0xFFC80C,1,0x01,0x00
760,0x881CFA,0xA1518B,1,0xA1518B,1,0x01,0x00
760,0x892BEC,0xFFC87E,2,0xFFC87E,2,0x0000,0x0004
761,0x892C98,0xFFC87E,2,0xFFC87E,2,0x0004,0x0008
763,0x892EF6,0xFFC87E,2,0xFFC87E,2,0x0008,0x0000
763,0x881CE8,0xFFC80C,1,0xFFC80C,1,0x00,0x01
763,0x881CF0,0xA1518B,1,0xA1518B,1,0x00,0x01
764,0x892BEC,0xFFC87E,2,0xFFC87E,2,0x0000,0x0004
764,0x892C98,0xFFC87E,2,0xFFC87E,2,0x0004,0x0008
766,0x892EF6,0xFFC87E,2,0xFFC87E,2,0x0008,0x0000
766,0x881CE8,0xFFC80C,1,0xFFC80C,1,0x01,0x00
766,0x881CFA,0xA1518B,1,0xA1518B,1,0x01,0x00
766,0x892BEC,0xFFC87E,2,0xFFC87E,2,0x0000,0x0004
767,0x892C98,0xFFC87E,2,0xFFC87E,2,0x0004,0x0008
769,0x892EF6,0xFFC87E,2,0xFFC87E,2,0x0008,0x0000
769,0x881CE8,0xFFC80C,1,0xFFC80C,1,0x00,0x01
769,0x881CF0,0xA1518B,1,0xA1518B,1,0x00,0x03
769,0x892BEC,0xFFC87E,2,0xFFC87E,2,0x0000,0x0004
770,0x892C98,0xFFC87E,2,0xFFC87E,2,0x0004,0x0008
772,0x892EF6,0xFFC87E,2,0xFFC87E,2,0x0008,0x0000
772,0x881CE8,0xFFC80C,1,0xFFC80C,1,0x01,0x00
772,0x881CFA,0xA1518B,1,0xA1518B,1,0x01,0x00
772,0x892BEC,0xFFC87E,2,0xFFC87E,2,0x0000,0x0004
773,0x892C98,0xFFC87E,2,0xFFC87E,2,0x0004,0x0008
775,0x892E96,0xFFC87E,2,0xFFC87E,2,0x0008,0x0000
775,0x881CE8,0xFFC80C,1,0xFFC80C,1,0x00,0x01
775,0x881CF0,0xA1518B,1,0xA1518B,1,0x00,0x01
775,0x892BEC,0xFFC87E,2,0xFFC87E,2,0x0000,0x0004
776,0x892C98,0xFFC87E,2,0xFFC87E,2,0x0004,0x0008
778,0x892E96,0xFFC87E,2,0xFFC87E,2,0x0008,0x0000
778,0x881CE8,0xFFC80C,1,0xFFC80C,1,0x01,0x00
778,0x881CFA,0xA1518B,1,0xA1518B,1,0x01,0x00
779,0x892BEC,0xFFC87E,2,0xFFC87E,2,0x0000,0x0004
779,0x892C98,0xFFC87E,2,0xFFC87E,2,0x0004,0x0008
781,0x892E96,0xFFC87E,2,0xFFC87E,2,0x0008,0x0000
781,0x881CE8,0xFFC80C,1,0xFFC80C,1,0x00,0x01
781,0x881CF0,0xA1518B,1,0xA1518B,1,0x02,0x01
782,0x892BEC,0xFFC87E,2,0xFFC87E,2,0x0000,0x0004
782,0x892C98,0xFFC87E,2,0xFFC87E,2,0x0004,0x0008
784,0x892E96,0xFFC87E,2,0xFFC87E,2,0x0008,0x0000
784,0x881CE8,0xFFC80C,1,0xFFC80C,1,0x01,0x00
784,0x881CFA,0xA1518B,1,0xA1518B,1,0x01,0x00
785,0x892BEC,0xFFC87E,2,0xFFC87E,2,0x0000,0x0004
785,0x892C98,0xFFC87E,2,0xFFC87E,2,0x0004,0x0008
787,0x892E96,0xFFC87E,2,0xFFC87E,2,0x0008,0x0000
787,0x881CE8,0xFFC80C,1,0xFFC80C,1,0x00,0x01
787,0x881CF0,0xA1518B,1,0xA1518B,1,0x00,0x01
787,0x892BEC,0xFFC87E,2,0xFFC87E,2,0x0000,0x0004
788,0x892C98,0xFFC87E,2,0xFFC87E,2,0x0004,0x0008
790,0x892E96,0xFFC87E,2,0xFFC87E,2,0x0008,0x0000
790,0x881CE8,0xFFC80C,1,0xFFC80C,1,0x01,0x00
790,0x881CFA,0xA1518B,1,0xA1518B,1,0x01,0x00
790,0x892BEC,0xFFC87E,2,0xFFC87E,2,0x0000,0x0004
791,0x892C98,0xFFC87E,2,0xFFC87E,2,0x0004,0x0008
793,0x892E96,0xFFC87E,2,0xFFC87E,2,0x0008,0x0000
793,0x881CE8,0xFFC80C,1,0xFFC80C,1,0x00,0x01
793,0x881CF0,0xA1518B,1,0xA1518B,1,0x00,0x01
794,0x892BEC,0xFFC87E,2,0xFFC87E,2,0x0000,0x0004
795,0x892C98,0xFFC87E,2,0xFFC87E,2,0x0004,0x0008
796,0x892E96,0xFFC87E,2,0xFFC87E,2,0x0008,0x0000
796,0x881CE8,0xFFC80C,1,0xFFC80C,1,0x01,0x00
796,0x881CFA,0xA1518B,1,0xA1518B,1,0x01,0x00
797,0x892BEC,0xFFC87E,2,0xFFC87E,2,0x0000,0x0004
797,0x892C98,0xFFC87E,2,0xFFC87E,2,0x0004,0x0008
799,0x892E96,0xFFC87E,2,0xFFC87E,2,0x0008,0x0000
799,0x881CE8,0xFFC80C,1,0xFFC80C,1,0x00,0x01
799,0x881CF0,0xA1518B,1,0xA1518B,1,0x02,0x01
800,0x892BEC,0xFFC87E,2,0xFFC87E,2,0x0000,0x0004
800,0x892C98,0xFFC87E,2,0xFFC87E,2,0x0004,0x0008
802,0x892E96,0xFFC87E,2,0xFFC87E,2,0x0008,0x0000
802,0x881CE8,0xFFC80C,1,0xFFC80C,1,0x01,0x00
802,0x881CFA,0xA1518B,1,0xA1518B,1,0x01,0x00
803,0x892BEC,0xFFC87E,2,0xFFC87E,2,0x0000,0x0004
803,0x892C98,0xFFC87E,2,0xFFC87E,2,0x0004,0x0008
805,0x892E96,0xFFC87E,2,0xFFC87E,2,0x0008,0x0000
805,0x881CE8,0xFFC80C,1,0xFFC80C,1,0x00,0x01
805,0x881CF0,0xA1518B,1,0xA1518B,1,0x00,0x01
806,0x892BEC,0xFFC87E,2,0xFFC87E,2,0x0000,0x0004
806,0x892C98,0xFFC87E,2,0xFFC87E,2,0x0004,0x0008
808,0x892E96,0xFFC87E,2,0xFFC87E,2,0x0008,0x0000
808,0x881CE8,0xFFC80C,1,0xFFC80C,1,0x01,0x00
808,0x881CFA,0xA1518B,1,0xA1518B,1,0x01,0x00
809,0x892BEC,0xFFC87E,2,0xFFC87E,2,0x0000,0x0004
809,0x892C98,0xFFC87E,2,0xFFC87E,2,0x0004,0x0008
811,0x892E96,0xFFC87E,2,0xFFC87E,2,0x0008,0x0000
811,0x881CE8,0xFFC80C,1,0xFFC80C,1,0x00,0x01
811,0x881CF0,0xA1518B,1,0xA1518B,1,0x00,0x01
812,0x892BEC,0xFFC87E,2,0xFFC87E,2,0x0000,0x0004
812,0x892C98,0xFFC87E,2,0xFFC87E,2,0x0004,0x0008
814,0x892E96,0xFFC87E,2,0xFFC87E,2,0x0008,0x0000
814,0x881CE8,0xFFC80C,1,0xFFC80C,1,0x01,0x00
814,0x881CFA,0xA1518B,1,0xA1518B,1,0x01,0x00
815,0x892BEC,0xFFC87E,2,0xFFC87E,2,0x0000,0x0004
815,0x892C98,0xFFC87E,2,0xFFC87E,2,0x0004,0x0008
817,0x892E96,0xFFC87E,2,0xFFC87E,2,0x0008,0x0000
817,0x881CE8,0xFFC80C,1,0xFFC80C,1,0x00,0x01
817,0x881CF0,0xA1518B,1,0xA1518B,1,0x00,0x01
818,0x892BEC,0xFFC87E,2,0xFFC87E,2,0x0000,0x0004
818,0x892C98,0xFFC87E,2,0xFFC87E,2,0x0004,0x0008
820,0x892E96,0xFFC87E,2,0xFFC87E,2,0x0008,0x0000
820,0x881CE8,0xFFC80C,1,0xFFC80C,1,0x01,0x00
820,0x881CFA,0xA1518B,1,0xA1518B,1,0x01,0x00
821,0x892BEC,0xFFC87E,2,0xFFC87E,2,0x0000,0x0004
821,0x892C98,0xFFC87E,2,0xFFC87E,2,0x0004,0x0008
823,0x892E96,0xFFC87E,2,0xFFC87E,2,0x0008,0x0000
823,0x881CE8,0xFFC80C,1,0xFFC80C,1,0x00,0x01
823,0x881CF0,0xA1518B,1,0xA1518B,1,0x00,0x01
824,0x892BEC,0xFFC87E,2,0xFFC87E,2,0x0000,0x0004
825,0x892C98,0xFFC87E,2,0xFFC87E,2,0x0004,0x0008
826,0x892E96,0xFFC87E,2,0xFFC87E,2,0x0008,0x0000
826,0x881CE8,0xFFC80C,1,0xFFC80C,1,0x01,0x00
826,0x881CFA,0xA1518B,1,0xA1518B,1,0x01,0x00
827,0x892BEC,0xFFC87E,2,0xFFC87E,2,0x0000,0x0004
827,0x892C98,0xFFC87E,2,0xFFC87E,2,0x0004,0x0008
829,0x892E96,0xFFC87E,2,0xFFC87E,2,0x0008,0x0000
829,0x881CE8,0xFFC80C,1,0xFFC80C,1,0x00,0x01
829,0x881CF0,0xA1518B,1,0xA1518B,1,0x00,0x01
830,0x892BEC,0xFFC87E,2,0xFFC87E,2,0x0000,0x0004
830,0x892C98,0xFFC87E,2,0xFFC87E,2,0x0004,0x0008
832,0x892E96,0xFFC87E,2,0xFFC87E,2,0x0008,0x0000
832,0x881CE8,0xFFC80C,1,0xFFC80C,1,0x01,0x00
832,0x881CFA,0xA1518B,1,0xA1518B,1,0x01,0x00
833,0x892BEC,0xFFC87E,2,0xFFC87E,2,0x0000,0x0004
833,0x892C98,0xFFC87E,2,0xFFC87E,2,0x0004,0x0008
835,0x892E96,0xFFC87E,2,0xFFC87E,2,0x0008,0x0000
835,0x881CE8,0xFFC80C,1,0xFFC80C,1,0x00,0x01
835,0x881CF0,0xA1518B,1,0xA1518B,1,0x00,0x01
835,0x892BEC,0xFFC87E,2,0xFFC87E,2,0x0000,0x0004
836,0x892C98,0xFFC87E,2,0xFFC87E,2,0x0004,0x0008
838,0x892E96,0xFFC87E,2,0xFFC87E,2,0x0008,0x0000
838,0x881CE8,0xFFC80C,1,0xFFC80C,1,0x01,0x00
838,0x881CFA,0xA1518B,1,0xA1518B,1,0x03,0x00
838,0x892BEC,0xFFC87E,2,0xFFC87E,2,0x0000,0x0004
839,0x892C98,0xFFC87E,2,0xFFC87E,2,0x0004,0x0008
841,0x892EF6,0xFFC87E,2,0xFFC87E,2,0x0008,0x0000
841,0x881CE8,0xFFC80C,1,0xFFC80C,1,0x00,0x01
841,0x881CF0,0xA1518B,1,0xA1518B,1,0x00,0x01
842,0x892BEC,0xFFC87E,2,0xFFC87E,2,0x0000,0x0004
842,0x892C98,0xFFC87E,2,0xFFC87E,2,0x0004,0x0008
844,0x892EF6,0xFFC87E,2,0xFFC87E,2,0x0008,0x0000
844,0x881CE8,0xFFC80C,1,0xFFC80C,1,0x01,0x00
844,0x881CFA,0xA1518B,1,0xA1518B,1,0x01,0x00
845,0x892BEC,0xFFC87E,2,0xFFC87E,2,0x0000,0x0004
845,0x892C98,0xFFC87E,2,0xFFC87E,2,0x0004,0x0008
847,0x892EF6,0xFFC87E,2,0xFFC87E,2,0x0008,0x0000
847,0x881CE8,0xFFC80C,1,0xFFC80C,1,0x00,0x01
847,0x881CF0,0xA1518B,1,0xA1518B,1,0x00,0x01
848,0x892BEC,0xFFC87E,2,0xFFC87E,2,0x0000,0x0004
848,0x892C98,0xFFC87E,2,0xFFC87E,2,0x0004,0x0008
850,0x892EF6,0xFFC87E,2,0xFFC87E,2,0x0008,0x0000
850,0x881CE8,0xFFC80C,1,0xFFC80C,1,0x01,0x00
850,0x881CFA,0xA1518B,1,0xA1518B,1,0x03,0x00
851,0x892BEC,0xFFC87E,2,0xFFC87E,2,0x0000,0x0004
851,0x892C98,0xFFC87E,2,0xFFC87E,2,0x0004,0x0008
853,0x892EF6,0xFFC87E,2,0xFFC87E,2,0x0008,0x0000
853,0x881CE8,0xFFC80C,1,0xFFC80C,1,0x00,0x01
853,0x881CF0,0xA1518B,1,0xA1518B,1,0x02,0x01
854,0x892BEC,0xFFC87E,2,0xFFC87E,2,0x0000,0x0004
854,0x892C98,0xFFC87E,2,0xFFC87E,2,0x0004,0x0008
856,0x892EF6,0xFFC87E,2,0xFFC87E,2,0x0008,0x0000
856,0x881CE8,0xFFC80C,1,0xFFC80C,1,0x01,0x00
856,0x881CFA,0xA1518B,1,0xA1518B,1,0x01,0x00
856,0x892BEC,0xFFC87E,2,0xFFC87E,2,0x0000,0x0004
857,0x892C98,0xFFC87E,2,0xFFC87E,2,0x0004,0x0008
859,0x892EF6,0xFFC87E,2,0xFFC87E,2,0x0008,0x0000
859,0x881CE8,0xFFC80C,1,0xFFC80C,1,0x00,0x01
859,0x881CF0,0xA1518B,1,0xA1518B,1,0x00,0x01
860,0x892BEC,0xFFC87E,2,0xFFC87E,2,0x0000,0x0004
860,0x892C98,0xFFC87E,2,0xFFC87E,2,0x0004,0x0008
862,0x892EF6,0xFFC87E,2,0xFFC87E,2,0x0008,0x0000
862,0x881CE8,0xFFC80C,1,0xFFC80C,1,0x01,0x00
862,0x881CFA,0xA1518B,1,0xA1518B,1,0x01,0x02
862,0x892BEC,0xFFC87E,2,0xFFC87E,2,0x0000,0x0004
863,0x892C98,0xFFC87E,2,0xFFC87E,2,0x0004,0x0008
865,0x892EF6,0xFFC87E,2,0xFFC87E,2,0x0008,0x0000
865,0x881CE8,0xFFC80C,1,0xFFC80C,1,0x00,0x01
865,0x881CF0,0xA1518B,1,0xA1518B,1,0x00,0x01
866,0x892BEC,0xFFC87E,2,0xFFC87E,2,0x0000,0x0004
866,0x892C98,0xFFC87E,2,0xFFC87E,2,0x0004,0x0008
868,0x892EF6,0xFFC87E,2,0xFFC87E,2,0x0008,0x0000
868,0x881CE8,0xFFC80C,1,0xFFC80C,1,0x01,0x00
868,0x881CFA,0xA1518B,1,0xA1518B,1,0x01,0x00
869,0x892BEC,0xFFC87E,2,0xFFC87E,2,0x0000,0x0004
869,0x892C98,0xFFC87E,2,0xFFC87E,2,0x0004,0x0008
871,0x892EEE,0xFFC87E,2,0xFFC87E,2,0x0008,0x000C
871,0x881CE8,0xFFC80C,1,0xFFC80C,1,0x00,0x01
871,0x881CF0,0xA1518B,1,0xA1518B,1,0x00,0x01
872,0x892F18,0xFFC87E,2,0xFFC87E,2,0x000C,0x0000
872,0x892F3E,0xFFC87E,2,0xFFC87E,2,0x0000,0x0000
872,0x892F44,0xFF0002,4,0xFF0002,4,0x00892A40,0x0088E5CE
872,0x8826CE,0xA1518B,1,0xA1518B,1,0x01,0x00
873,0x8826DE,0xA1518B,1,0xA1518B,1,0x02,0x01
873,0x8826EE,0xA1518B,1,0xA1518B,1,0x03,0x00
873,0x8826F4,0xFFC80C,1,0xFFC80C,1,0x01,0x00
880,0x88E830,0xFFC87E,2,0xFFC87E,2,0x0000,0x0000
880,0x88E836,0xFF0002,4,0xFF0002,4,0x0088E5CE,0x0088E90C
882,0x88EAB4,0xFFC87E,2,0xFFC87E,2,0x0000,0x0004
882,0x88EEDE,0xFFC87E,2,0xFFC87E,2,0x0004,0x0000
883,0x881CE8,0xFFC80C,1,0xFFC80C,1,0x00,0x01
883,0x881CF0,0xA1518B,1,0xA1518B,1,0x00,0x01
884,0x88EAB4,0xFFC87E,2,0xFFC87E,2,0x0000,0x0004
890,0x88EEDE,0xFFC87E,2,0xFFC87E,2,0x0004,0x0000
890,0x881CE8,0xFFC80C,1,0xFFC80C,1,0x01,0x00
890,0x881CFA,0xA1518B,1,0xA1518B,1,0x01,0x00
891,0x88EAB4,0xFFC87E,2,0xFFC87E,2,0x0000,0x0004
898,0x88EEDE,0xFFC87E,2,0xFFC87E,2,0x0004,0x0000
898,0x881CE8,0xFFC80C,1,0xFFC80C,1,0x00,0x01
898,0x881CF0,0xA1518B,1,0xA1518B,1,0x02,0x01
899,0x88EAB4,0xFFC87E,2,0xFFC87E,2,0x0000,0x0004
905,0x88EEDE,0xFFC87E,2,0xFFC87E,2,0x0004,0x0000
906,0x881CE8,0xFFC80C,1,0xFFC80C,1,0x01,0x00
906,0x881CFA,0xA1518B,1,0xA1518B,1,0x01,0x00
907,0x88EAB4,0xFFC87E,2,0xFFC87E,2,0x0000,0x0004
913,0x88EEDE,0xFFC87E,2,0xFFC87E,2,0x0004,0x0000
913,0x881CE8,0xFFC80C,1,0xFFC80C,1,0x00,0x01
913,0x881CF0,0xA1518B,1,0xA1518B,1,0x00,0x01
914,0x88EAB4,0xFFC87E,2,0xFFC87E,2,0x0000,0x0004
921,0x88EEDE,0xFFC87E,2,0xFFC87E,2,0x0004,0x0000
921,0x881CE8,0xFFC80C,1,0xFFC80C,1,0x01,0x00
921,0x881CFA,0xA1518B,1,0xA1518B,1,0x01,0x00
922,0x88EAB4,0xFFC87E,2,0xFFC87E,2,0x0000,0x0004
928,0x88EEDE,0xFFC87E,2,0xFFC87E,2,0x0004,0x0000
928,0x881CE8,0xFFC80C,1,0xFFC80C,1,0x00,0x01
928,0x881CF0,0xA1518B,1,0xA1518B,1,0x00,0x01
929,0x88EAB4,0xFFC87E,2,0xFFC87E,2,0x0000,0x0004
975,0x88EEDE,0xFFC87E,2,0xFFC87E,2,0x0004,0x0000
975,0x881CE8,0xFFC80C,1,0xFFC80C,1,0x01,0x00
975,0x881CFA,0xA1518B,1,0xA1518B,1,0x01,0x00
976,0x88EAB4,0xFFC87E,2,0xFFC87E,2,0x0000,0x0004
983,0x88EEDE,0xFFC87E,2,0xFFC87E,2,0x0004,0x0000
983,0x881CE8,0xFFC80C,1,0xFFC80C,1,0x00,0x01
983,0x881CF0,0xA1518B,1,0xA1518B,1,0x00,0x01
984,0x88EAB4,0xFFC87E,2,0xFFC87E,2,0x0000,0x0004
990,0x88EEDE,0xFFC87E,2,0xFFC87E,2,0x0004,0x0000
990,0x881CE8,0xFFC80C,1,0xFFC80C,1,0x01,0x00
990,0x881CFA,0xA1518B,1,0xA1518B,1,0x01,0x00
991,0x88EAB4,0xFFC87E,2,0xFFC87E,2,0x0000,0x0004
998,0x88EE50,0xFFC87E,2,0xFFC87E,2,0x0004,0x0000
998,0x881CE8,0xFFC80C,1,0xFFC80C,1,0x00,0x01
998,0x881CF0,0xA1518B,1,0xA1518B,1,0x00,0x01
999,0x88EAB4,0xFFC87E,2,0xFFC87E,2,0x0000,0x0004
1006,0x88EE50,0xFFC87E,2,0xFFC87E,2,0x0004,0x0000
1006,0x881CE8,0xFFC80C,1,0xFFC80C,1,0x01,0x00
1006,0x881CFA,0xA1518B,1,0xA1518B,1,0x01,0x02
1007,0x88EAB4,0xFFC87E,2,0xFFC87E,2,0x0000,0x0004
1013,0x88EE50,0xFFC87E,2,0xFFC87E,2,0x0004,0x0000
1013,0x881CE8,0xFFC80C,1,0xFFC80C,1,0x00,0x01
1013,0x881CF0,0xA1518B,1,0xA1518B,1,0x02,0x01
1014,0x88EAB4,0xFFC87E,2,0xFFC87E,2,0x0000,0x0004
1021,0x88EE50,0xFFC87E,2,0xFFC87E,2,0x0004,0x0000
1021,0x881CE8,0xFFC80C,1,0xFFC80C,1,0x01,0x00
1021,0x881CFA,0xA1518B,1,0xA1518B,1,0x01,0x00
1022,0x88EAB4,0xFFC87E,2,0xFFC87E,2,0x0000,0x0004
1029,0x88EEDE,0xFFC87E,2,0xFFC87E,2,0x0004,0x0000
1029,0x881CE8,0xFFC80C,1,0xFFC80C,1,0x00,0x01
1029,0x881CF0,0xA1518B,1,0xA1518B,1,0x00,0x01
1030,0x88EAB4,0xFFC87E,2,0xFFC87E,2,0x0000,0x0004
1036,0x88EEDE,0xFFC87E,2,0xFFC87E,2,0x0004,0x0000
1036,0x881CE8,0xFFC80C,1,0xFFC80C,1,0x01,0x00
1036,0x881CFA,0xA1518B,1,0xA1518B,1,0x01,0x00
1037,0x88EAB4,0xFFC87E,2,0xFFC87E,2,0x0000,0x0004
1044,0x88EEDE,0xFFC87E,2,0xFFC87E,2,0x0004,0x0000
1044,0x881CE8,0xFFC80C,1,0xFFC80C,1,0x00,0x01
1044,0x881CF0,0xA1518B,1,0xA1518B,1,0x00,0x01
1045,0x88EAB4,0xFFC87E,2,0xFFC87E,2,0x0000,0x0004
1051,0x88EEDE,0xFFC87E,2,0xFFC87E,2,0x0004,0x0000
1052,0x881CE8,0xFFC80C,1,0xFFC80C,1,0x01,0x00
1052,0x881CFA,0xA1518B,1,0xA1518B,1,0x01,0x00
1053,0x88EAB4,0xFFC87E,2,0xFFC87E,2,0x0000,0x0004
1059,0x88EEDE,0xFFC87E,2,0xFFC87E,2,0x0004,0x0000
1059,0x881CE8,0xFFC80C,1,0xFFC80C,1,0x00,0x01
1059,0x881CF0,0xA1518B,1,0xA1518B,1,0x00,0x01
1060,0x88EAB4,0xFFC87E,2,0xFFC87E,2,0x0000,0x0004
1067,0x88EEDE,0xFFC87E,2,0xFFC87E,2,0x0004,0x0000
1067,0x881CE8,0xFFC80C,1,0xFFC80C,1,0x01,0x00
1067,0x881CFA,0xA1518B,1,0xA1518B,1,0x01,0x02
1068,0x88EAB4,0xFFC87E,2,0xFFC87E,2,0x0000,0x0004
1074,0x88EEDE,0xFFC87E,2,0xFFC87E,2,0x0004,0x0000
1075,0x881CE8,0xFFC80C,1,0xFFC80C,1,0x00,0x01
1075,0x881CF0,0xA1518B,1,0xA1518B,1,0x00,0x01
1076,0x88EAB4,0xFFC87E,2,0xFFC87E,2,0x0000,0x0004
1082,0x88EEDE,0xFFC87E,2,0xFFC87E,2,0x0004,0x0000
1082,0x881CE8,0xFFC80C,1,0xFFC80C,1,0x01,0x00
1082,0x881CFA,0xA1518B,1,0xA1518B,1,0x01,0x02
1083,0x88EAB4,0xFFC87E,2,0xFFC87E,2,0x0000,0x0004
1090,0x88EEDE,0xFFC87E,2,0xFFC87E,2,0x0004,0x0000
1090,0x881CE8,0xFFC80C,1,0xFFC80C,1,0x00,0x01
1090,0x881CF0,0xA1518B,1,0xA1518B,1,0x00,0x01
1091,0x88EAB4,0xFFC87E,2,0xFFC87E,2,0x0000,0x0004
1097,0x88EEDE,0xFFC87E,2,0xFFC87E,2,0x0004,0x0000
1097,0x881CE8,0xFFC80C,1,0xFFC80C,1,0x01,0x00
1097,0x881CFA,0xA1518B,1,0xA1518B,1,0x01,0x00
1098,0x88EAB4,0xFFC87E,2,0xFFC87E,2,0x0000,0x0004
1105,0x88EED6,0xFFC87E,2,0xFFC87E,2,0x0004,0x0008
1105,0x881CE8,0xFFC80C,1,0xFFC80C,1,0x00,0x01
1105,0x881CF0,0xA1518B,1,0xA1518B,1,0x00,0x01
1105,0x88EF00,0xFFC87E,2,0xFFC87E,2,0x0008,0x0000
1105,0x88EF06,0xFF0002,4,0xFF0002,4,0x0088E90C,0x008926D2
1105,0x88EF16,0xFF0002,4,0xFF0002,4,0x008926D2,0x0088D4A4
1105,0x88EF26,0xFF0002,4,0xFF0002,4,0x0088D4A4,0x0088D48A
1106,0x881CE8,0xFFC80C,1,0xFFC80C,1,0x01,0x00
1106,0x881CFA,0xA1518B,1,0xA1518B,1,0x01,0x00
1106,0x8826CE,0xA1518B,1,0xA1518B,1,0x00,0x00
1107,0x8826DE,0xA1518B,1,0xA1518B,1,0x00,0x01
1107,0x8826EE,0xA1518B,1,0xA1518B,1,0x01,0x00
1107,0x8826F4,0xFFC80C,1,0xFFC80C,1,0x00,0x00
1114,0x88D72C,0xFFC87E,2,0xFFC87E,2,0x0000,0x0000
1114,0x88D732,0xFF0002,4,0xFF0002,4,0x0088D48A,0x0088D864
1115,0x88DA82,0xFFC87E,2,0xFFC87E,2,0x0000,0x0004
1116,0x88DCA6,0xFFC87E,2,0xFFC87E,2,0x0004,0x0008
1118,0x88DE8C,0xFFC87E,2,0xFFC87E,2,0x0008,0x0000
1118,0x881CE8,0xFFC80C,1,0xFFC80C,1,0x00,0x01
1118,0x881CF0,0xA1518B,1,0xA1518B,1,0x00,0x01
1118,0x88DA82,0xFFC87E,2,0xFFC87E,2,0x0000,0x0004
1120,0x88DCA6,0xFFC87E,2,0xFFC87E,2,0x0004,0x0008
1121,0x88DE8C,0xFFC87E,2,0xFFC87E,2,0x0008,0x0000
1121,0x881CE8,0xFFC80C,1,0xFFC80C,1,0x01,0x00
1121,0x881CFA,0xA1518B,1,0xA1518B,1,0x01,0x00
1122,0x88DA82,0xFFC87E,2,0xFFC87E,2,0x0000,0x0004
1123,0x88DCA6,0xFFC87E,2,0xFFC87E,2,0x0004,0x0008
1124,0x88DE8C,0xFFC87E,2,0xFFC87E,2,0x0008,0x0000
1124,0x881CE8,0xFFC80C,1,0xFFC80C,1,0x00,0x01
1124,0x881CF0,0xA1518B,1,0xA1518B,1,0x00,0x01
1125,0x88DA82,0xFFC87E,2,0xFFC87E,2,0x0000,0x0004
1126,0x88DCA6,0xFFC87E,2,0xFFC87E,2,0x0004,0x0008
1127,0x88DE8C,0xFFC87E,2,0xFFC87E,2,0x0008,0x0000
1127,0x881CE8,0xFFC80C,1,0xFFC80C,1,0x01,0x00
1127,0x881CFA,0xA1518B,1,0xA1518B,1,0x01,0x00
1128,0x88DA82,0xFFC87E,2,0xFFC87E,2,0x0000,0x0004
1129,0x88DCA6,0xFFC87E,2,0xFFC87E,2,0x0004,0x0008
1130,0x88DE8C,0xFFC87E,2,0xFFC87E,2,0x0008,0x0000
1130,0x881CE8,0xFFC80C,1,0xFFC80C,1,0x00,0x01
1130,0x881CF0,0xA1518B,1,0xA1518B,1,0x00,0x03
1131,0x88DA82,0xFFC87E,2,0xFFC87E,2,0x0000,0x0004
1132,0x88DCA6,0xFFC87E,2,0xFFC87E,2,0x0004,0x0008
1133,0x88DE8C,0xFFC87E,2,0xFFC87E,2,0x0008,0x0000
1133,0x881CE8,0xFFC80C,1,0xFFC80C,1,0x01,0x00
1133,0x881CFA,0xA1518B,1,0xA1518B,1,0x03,0x00
1134,0x88DA82,0xFFC87E,2,0xFFC87E,2,0x0000,0x0004
1135,0x88DCA6,0xFFC87E,2,0xFFC87E,2,0x0004,0x0008
1136,0x88DE8C,0xFFC87E,2,0xFFC87E,2,0x0008,0x0000
1136,0x881CE8,0xFFC80C,1,0xFFC80C,1,0x00,0x01
1136,0x881CF0,0xA1518B,1,0xA1518B,1,0x00,0x01
1137,0x88DA82,0xFFC87E,2,0xFFC87E,2,0x0000,0x0004
1138,0x88DCA6,0xFFC87E,2,0xFFC87E,2,0x0004,0x0008
1139,0x88DE8C,0xFFC87E,2,0xFFC87E,2,0x0008,0x0000
1139,0x881CE8,0xFFC80C,1,0xFFC80C,1,0x01,0x00
1139,0x881CFA,0xA1518B,1,0xA1518B,1,0x01,0x00
1140,0x88DA82,0xFFC87E,2,0xFFC87E,2,0x0000,0x0004
1141,0x88DCA6,0xFFC87E,2,0xFFC87E,2,0x0004,0x0008
1142,0x88DE8C,0xFFC87E,2,0xFFC87E,2,0x0008,0x0000
1142,0x881CE8,0xFFC80C,1,0xFFC80C,1,0x00,0x01
1142,0x881CF0,0xA1518B,1,0xA1518B,1,0x00,0x03
1143,0x88DA82,0xFFC87E,2,0xFFC87E,2,0x0000,0x0004
1144,0x88DCA6,0xFFC87E,2,0xFFC87E,2,0x0004,0x0008
1145,0x88DE8C,0xFFC87E,2,0xFFC87E,2,0x0008,0x0000
1145,0x881CE8,0xFFC80C,1,0xFFC80C,1,0x01,0x00
1145,0x881CFA,0xA1518B,1,0xA1518B,1,0x01,0x00
1146,0x88DA82,0xFFC87E,2,0xFFC87E,2,0x0000,0x0004
1147,0x88DCA6,0xFFC87E,2,0xFFC87E,2,0x0004,0x0008
1148,0x88DE34,0xFFC87E,2,0xFFC87E,2,0x0008,0x0000
1148,0x881CE8,0xFFC80C,1,0xFFC80C,1,0x00,0x01
1148,0x881CF0,0xA1518B,1,0xA1518B,1,0x00,0x03
1149,0x88DA82,0xFFC87E,2,0xFFC87E,2,0x0000,0x0004
1150,0x88DCA6,0xFFC87E,2,0xFFC87E,2,0x0004,0x0008
1151,0x88DE34,0xFFC87E,2,0xFFC87E,2,0x0008,0x0000
1151,0x881CE8,0xFFC80C,1,0xFFC80C,1,0x01,0x00
1151,0x881CFA,0xA1518B,1,0xA1518B,1,0x01,0x00
1152,0x88DA82,0xFFC87E,2,0xFFC87E,2,0x0000,0x0004
1153,0x88DCA6,0xFFC87E,2,0xFFC87E,2,0x0004,0x0008
1154,0x88DE34,0xFFC87E,2,0xFFC87E,2,0x0008,0x0000
1154,0x881CE8,0xFFC80C,1,0xFFC80C,1,0x00,0x01
1154,0x881CF0,0xA1518B,1,0xA1518B,1,0x00,0x03
1155,0x88DA82,0xFFC87E,2,0xFFC87E,2,0x0000,0x0004
1156,0x88DCA6,0xFFC87E,2,0xFFC87E,2,0x0004,0x0008
1157,0x88DE34,0xFFC87E,2,0xFFC87E,2,0x0008,0x0000
1157,0x881CE8,0xFFC80C,1,0xFFC80C,1,0x01,0x00
1157,0x881CFA,0xA1518B,1,0xA1518B,1,0x01,0x02
1158,0x88DA82,0xFFC87E,2,0xFFC87E,2,0x0000,0x0004
1159,0x88DCA6,0xFFC87E,2,0xFFC87E,2,0x0004,0x0008
1160,0x88DE34,0xFFC87E,2,0xFFC87E,2,0x0008,0x0000
1160,0x881CE8,0xFFC80C,1,0xFFC80C,1,0x00,0x01
1160,0x881CF0,0xA1518B,1,0xA1518B,1,0x00,0x01
1161,0x88DA82,0xFFC87E,2,0xFFC87E,2,0x0000,0x0004
1162,0x88DCA6,0xFFC87E,2,0xFFC87E,2,0x0004,0x0008
1163,0x88DE34,0xFFC87E,2,0xFFC87E,2,0x0008,0x0000
1163,0x881CE8,0xFFC80C,1,0xFFC80C,1,0x01,0x00
1163,0x881CFA,0xA1518B,1,0xA1518B,1,0x01,0x00
1164,0x88DA82,0xFFC87E,2,0xFFC87E,2,0x0000,0x0004
1165,0x88DCA6,0xFFC87E,2,0xFFC87E,2,0x0004,0x0008
1166,0x88DE34,0xFFC87E,2,0xFFC87E,2,0x0008,0x0000
1166,0x881CE8,0xFFC80C,1,0xFFC80C,1,0x00,0x01
1166,0x881CF0,0xA1518B,1,0xA1518B,1,0x00,0x03
1167,0x88DA82,0xFFC87E,2,0xFFC87E,2,0x0000,0x0004
1168,0x88DCA6,0xFFC87E,2,0xFFC87E,2,0x0004,0x0008
1169,0x88DE34,0xFFC87E,2,0xFFC87E,2,0x0008,0x0000
1169,0x881CE8,0xFFC80C,1,0xFFC80C,1,0x01,0x00
1169,0x881CFA,0xA1518B,1,0xA1518B,1,0x01,0x00
1170,0x88DA82,0xFFC87E,2,0xFFC87E,2,0x0000,0x0004
1171,0x88DCA6,0xFFC87E,2,0xFFC87E,2,0x0004,0x0008
1172,0x88DE34,0xFFC87E,2,0xFFC87E,2,0x0008,0x0000
1172,0x881CE8,0xFFC80C,1,0xFFC80C,1,0x00,0x01
1172,0x881CF0,0xA1518B,1,0xA1518B,1,0x00,0x01
1173,0x88DA82,0xFFC87E,2,0xFFC87E,2,0x0000,0x0004
1174,0x88DCA6,0xFFC87E,2,0xFFC87E,2,0x0004,0x0008
1175,0x88DE34,0xFFC87E,2,0xFFC87E,2,0x0008,0x0000
1175,0x881CE8,0xFFC80C,1,0xFFC80C,1,0x01,0x00
1175,0x881CFA,0xA1518B,1,0xA1518B,1,0x01,0x00
1176,0x88DA82,0xFFC87E,2,0xFFC87E,2,0x0000,0x0004
1177,0x88DCA6,0xFFC87E,2,0xFFC87E,2,0x0004,0x0008
1178,0x88DE34,0xFFC87E,2,0xFFC87E,2,0x0008,0x0000
1178,0x881CE8,0xFFC80C,1,0xFFC80C,1,0x00,0x01
1178,0x881CF0,0xA1518B,1,0xA1518B,1,0x02,0x01
1179,0x88DA82,0xFFC87E,2,0xFFC87E,2,0x0000,0x0004
1180,0x88DCA6,0xFFC87E,2,0xFFC87E,2,0x0004,0x0008
1181,0x88DE34,0xFFC87E,2,0xFFC87E,2,0x0008,0x0000
1181,0x881CE8,0xFFC80C,1,0xFFC80C,1,0x01,0x00
1181,0x881CFA,0xA1518B,1,0xA1518B,1,0x01,0x00
1182,0x88DA82,0xFFC87E,2,0xFFC87E,2,0x0000,0x0004
1183,0x88DCA6,0xFFC87E,2,0xFFC87E,2,0x0004,0x0008
1184,0x88DE34,0xFFC87E,2,0xFFC87E,2,0x0008,0x0000
1184,0x881CE8,0xFFC80C,1,0xFFC80C,1,0x00,0x01
1184,0x881CF0,0xA1518B,1,0xA1518B,1,0x00,0x03
1185,0x88DA82,0xFFC87E,2,0xFFC87E,2,0x0000,0x0004
1186,0x88DCA6,0xFFC87E,2,0xFFC87E,2,0x0004,0x0008
1187,0x88DE34,0xFFC87E,2,0xFFC87E,2,0x0008,0x0000
1187,0x881CE8,0xFFC80C,1,0xFFC80C,1,0x01,0x00
1187,0x881CFA,0xA1518B,1,0xA1518B,1,0x01,0x00
1188,0x88DA82,0xFFC87E,2,0xFFC87E,2,0x0000,0x0004
1189,0x88DCA6,0xFFC87E,2,0xFFC87E,2,0x0004,0x0008
1190,0x88DE34,0xFFC87E,2,0xFFC87E,2,0x0008,0x0000
1190,0x881CE8,0xFFC80C,1,0xFFC80C,1,0x00,0x01
1190,0x881CF0,0xA1518B,1,0xA1518B,1,0x00,0x03
1191,0x88DA82,0xFFC87E,2,0xFFC87E,2,0x0000,0x0004
1192,0x88DCA6,0xFFC87E,2,0xFFC87E,2,0x0004,0x0008
1193,0x88DE34,0xFFC87E,2,0xFFC87E,2,0x0008,0x0000
1193,0x881CE8,0xFFC80C,1,0xFFC80C,1,0x01,0x00
1193,0x881CFA,0xA1518B,1,0xA1518B,1,0x01,0x00
1194,0x88DA82,0xFFC87E,2,0xFFC87E,2,0x0000,0x0004
1195,0x88DCA6,0xFFC87E,2,0xFFC87E,2,0x0004,0x0008
1196,0x88DE34,0xFFC87E,2,0xFFC87E,2,0x0008,0x0000
1196,0x881CE8,0xFFC80C,1,0xFFC80C,1,0x00,0x01
1196,0x881CF0,0xA1518B,1,0xA1518B,1,0x00,0x01
1197,0x88DA82,0xFFC87E,2,0xFFC87E,2,0x0000,0x0004
1198,0x88DCA6,0xFFC87E,2,0xFFC87E,2,0x0004,0x0008
1199,0x88DE34,0xFFC87E,2,0xFFC87E,2,0x0008,0x0000
1199,0x881CE8,0xFFC80C,1,0xFFC80C,1,0x01,0x00
1199,0x881CFA,0xA1518B,1,0xA1518B,1,0x01,0x00
1199,0x88DA82,0xFFC87E,2,0xFFC87E,2,0x0000,0x0004
1201,0x88DCA6,0xFFC87E,2,0xFFC87E,2,0x0004,0x0008
1202,0x88DE34,0xFFC87E,2,0xFFC87E,2,0x0008,0x0000
1202,0x881CE8,0xFFC80C,1,0xFFC80C,1,0x00,0x01
1202,0x881CF0,0xA1518B,1,0xA1518B,1,0x00,0x01
1202,0x88DA82,0xFFC87E,2,0xFFC87E,2,0x0000,0x0004
1204,0x88DCA6,0xFFC87E,2,0xFFC87E,2,0x0004,0x0008
1205,0x88DE8C,0xFFC87E,2,0xFFC87E,2,0x0008,0x0000
1205,0x881CE8,0xFFC80C,1,0xFFC80C,1,0x01,0x00
1205,0x881CFA,0xA1518B,1,0xA1518B,1,0x03,0x00
1206,0x88DA82,0xFFC87E,2,0xFFC87E,2,0x0000,0x0004
1207,0x88DCA6,0xFFC87E,2,0xFFC87E,2,0x0004,0x0008
1208,0x88DE8C,0xFFC87E,2,0xFFC87E,2,0x0008,0x0000
1208,0x881CE8,0xFFC80C,1,0xFFC80C,1,0x00,0x01
1208,0x881CF0,0xA1518B,1,0xA1518B,1,0x00,0x01
1209,0x88DA82,0xFFC87E,2,0xFFC87E,2,0x0000,0x0004
1210,0x88DCA6,0xFFC87E,2,0xFFC87E,2,0x0004,0x0008
1211,0x88DE8C,0xFFC87E,2,0xFFC87E,2,0x0008,0x0000
1211,0x881CE8,0xFFC80C,1,0xFFC80C,1,0x01,0x00
1211,0x881CFA,0xA1518B,1,0xA1518B,1,0x01,0x00
1212,0x88DA82,0xFFC87E,2,0xFFC87E,2,0x0000,0x0004
1213,0x88DCA6,0xFFC87E,2,0xFFC87E,2,0x0004,0x0008
1214,0x88DE8C,0xFFC87E,2,0xFFC87E,2,0x0008,0x0000
1214,0x881CE8,0xFFC80C,1,0xFFC80C,1,0x00,0x01
1214,0x881CF0,0xA1518B,1,0xA1518B,1,0x00,0x01
1215,0x88DA82,0xFFC87E,2,0xFFC87E,2,0x0000,0x0004
1216,0x88DCA6,0xFFC87E,2,0xFFC87E,2,0x0004,0x0008
1217,0x88DE8C,0xFFC87E,2,0xFFC87E,2,0x0008,0x0000
1217,0x881CE8,0xFFC80C,1,0xFFC80C,1,0x01,0x00
1217,0x881CFA,0xA1518B,1,0xA1518B,1,0x03,0x00
1218,0x88DA82,0xFFC87E,2,0xFFC87E,2,0x0000,0x0004
1219,0x88DCA6,0xFFC87E,2,0xFFC87E,2,0x0004,0x0008
1220,0x88DE8C,0xFFC87E,2,0xFFC87E,2,0x0008,0x0000
1220,0x881CE8,0xFFC80C,1,0xFFC80C,1,0x00,0x01
1220,0x881CF0,0xA1518B,1,0xA1518B,1,0x00,0x01
1221,0x88DA82,0xFFC87E,2,0xFFC87E,2,0x0000,0x0004
1222,0x88DCA6,0xFFC87E,2,0xFFC87E,2,0x0004,0x0008
1223,0x88DE8C,0xFFC87E,2,0xFFC87E,2,0x0008,0x0000
1223,0x881CE8,0xFFC80C,1,0xFFC80C,1,0x01,0x00
1223,0x881CFA,0xA1518B,1,0xA1518B,1,0x01,0x00
1224,0x88DA82,0xFFC87E,2,0xFFC87E,2,0x0000,0x0004
1225,0x88DCA6,0xFFC87E,2,0xFFC87E,2,0x0004,0x0008
1226,0x88DE8C,0xFFC87E,2,0xFFC87E,2,0x0008,0x0000
1226,0x881CE8,0xFFC80C,1,0xFFC80C,1,0x00,0x01
1226,0x881CF0,0xA1518B,1,0xA1518B,1,0x00,0x01
1227,0x88DA82,0xFFC87E,2,0xFFC87E,2,0x0000,0x0004
1228,0x88DCA6,0xFFC87E,2,0xFFC87E,2,0x0004,0x0008
1229,0x88DE8C,0xFFC87E,2,0xFFC87E,2,0x0008,0x0000
1229,0x881CE8,0xFFC80C,1,0xFFC80C,1,0x01,0x00
1229,0x881CFA,0xA1518B,1,0xA1518B,1,0x01,0x00
1230,0x88DA82,0xFFC87E,2,0xFFC87E,2,0x0000,0x0004
1231,0x88DCA6,0xFFC87E,2,0xFFC87E,2,0x0004,0x0008
1232,0x88DE8C,0xFFC87E,2,0xFFC87E,2,0x0008,0x0000
1232,0x881CE8,0xFFC80C,1,0xFFC80C,1,0x00,0x01
1232,0x881CF0,0xA1518B,1,0xA1518B,1,0x00,0x01
1233,0x88DA82,0xFFC87E,2,0xFFC87E,2,0x0000,0x0004
1234,0x88DCA6,0xFFC87E,2,0xFFC87E,2,0x0004,0x0008
1235,0x88DE84,0xFFC87E,2,0xFFC87E,2,0x0008,0x000C
1235,0x881CE8,0xFFC80C,1,0xFFC80C,1,0x01,0x00
1235,0x881CFA,0xA1518B,1,0xA1518B,1,0x01,0x02
1236,0x88E006,0xFFC87E,2,0xFFC87E,2,0x000C,0x0010
1236,0x881CE8,0xFFC80C,1,0xFFC80C,1,0x00,0x01
1236,0x881CF0,0xA1518B,1,0xA1518B,1,0x00,0x01
1237,0x88E066,0xFFC87E,2,0xFFC87E,2,0x0010,0x0000
1237,0x88E06C,0xFF0002,4,0xFF0002,4,0x0088D864,0x0088E5CE
1237,0x88E0B6,0xFF0002,4,0xFF0002,4,0x0088E5CE,0x00884D98
1237,0x88E0D4,0xFF0002,4,0xFF0002,4,0x00884D98,0x0089CB00
1237,0x881CE8,0xFFC80C,1,0xFFC80C,1,0x01,0x00
1237,0x881CFA,0xA1518B,1,0xA1518B,1,0x01,0x00
1237,0x89CB02,0xFF7B40,1,0xFF7B40,1,0x00,0x00
1238,0x88272A,0xA1518B,1,0xA1518B,1,0x00,0x01
1238,0x882736,0xA1518B,1,0xA1518B,1,0x01,0x00
1255,0x884B96,0xFFC87E,2,0xFFC87E,2,0x0000,0x0000
1257,0x884C6A,0xFF0002,4,0xFF0002,4,0x0089CB00,0x00884CBC
1259,0x884CF2,0xFFC87E,2,0xFFC87E,2,0x0000,0x0004
1259,0x884D0C,0xFFC87E,2,0xFFC87E,2,0x0004,0x0008
1261,0x01C8E0,0xFF7B40,1,0xFF7B40,1,0x00,0x01
1261,0x004D6A,0xFFC87E,2,0xFFC87E,2,0x0008,0x000C
1261,0x89C414,0xFFC87E,2,0xFFC87E,2,0x000C,0x0000
1261,0x89C42C,0xFFC80C,1,0xFFC80C,1,0x00,0x01
1261,0x89C434,0xA1518B,1,0xA1518B,1,0x00,0x01
1262,0x884CF2,0xFFC87E,2,0xFFC87E,2,0x0000,0x0004
1262,0x884D0C,0xFFC87E,2,0xFFC87E,2,0x0004,0x0008
1264,0x01C95A,0xFF7B40,1,0xFF7B40,1,0x01,0x02
1264,0x004D6A,0xFFC87E,2,0xFFC87E,2,0x0008,0x000C
1264,0x89C414,0xFFC87E,2,0xFFC87E,2,0x000C,0x0000
1264,0x89C42C,0xFFC80C,1,0xFFC80C,1,0x01,0x00
1264,0x89C43E,0xA1518B,1,0xA1518B,1,0x01,0x02
1265,0x884CF2,0xFFC87E,2,0xFFC87E,2,0x0000,0x0004
1265,0x884D0C,0xFFC87E,2,0xFFC87E,2,0x0004,0x0008
1267,0x004D6A,0xFFC87E,2,0xFFC87E,2,0x0008,0x000C
1267,0x89C414,0xFFC87E,2,0xFFC87E,2,0x000C,0x0000
1267,0x89C42C,0xFFC80C,1,0xFFC80C,1,0x00,0x01
1267,0x89C434,0xA1518B,1,0xA1518B,1,0x00,0x03
1268,0x884CF2,0xFFC87E,2,0xFFC87E,2,0x0000,0x0004
1268,0x884D0C,0xFFC87E,2,0xFFC87E,2,0x0004,0x0008
1270,0x004D6A,0xFFC87E,2,0xFFC87E,2,0x0008,0x000C
1270,0x89C414,0xFFC87E,2,0xFFC87E,2,0x000C,0x0000
1270,0x89C42C,0xFFC80C,1,0xFFC80C,1,0x01,0x00
1270,0x89C43E,0xA1518B,1,0xA1518B,1,0x01,0x02
1271,0x884CF2,0xFFC87E,2,0xFFC87E,2,0x0000,0x0004
1271,0x884D0C,0xFFC87E,2,0xFFC87E,2,0x0004,0x0008
1273,0x004D6A,0xFFC87E,2,0xFFC87E,2,0x0008,0x000C
1273,0x89C414,0xFFC87E,2,0xFFC87E,2,0x000C,0x0000
1273,0x89C42C,0xFFC80C,1,0xFFC80C,1,0x00,0x01
1273,0x89C434,0xA1518B,1,0xA1518B,1,0x00,0x03
1274,0x884CF2,0xFFC87E,2,0xFFC87E,2,0x0000,0x0004
1274,0x884D0C,0xFFC87E,2,0xFFC87E,2,0x0004,0x0008
1276,0x004D6A,0xFFC87E,2,0xFFC87E,2,0x0008,0x000C
1276,0x89C414,0xFFC87E,2,0xFFC87E,2,0x000C,0x0000
1276,0x89C42C,0xFFC80C,1,0xFFC80C,1,0x01,0x00
1276,0x89C43E,0xA1518B,1,0xA1518B,1,0x01,0x02
1277,0x884CF2,0xFFC87E,2,0xFFC87E,2,0x0000,0x0004
1277,0x884D0C,0xFFC87E,2,0xFFC87E,2,0x0004,0x0008
1279,0x004D6A,0xFFC87E,2,0xFFC87E,2,0x0008,0x000C
1279,0x89C414,0xFFC87E,2,0xFFC87E,2,0x000C,0x0000
1279,0x89C42C,0xFFC80C,1,0xFFC80C,1,0x00,0x01
1279,0x89C434,0xA1518B,1,0xA1518B,1,0x00,0x03
1280,0x884CF2,0xFFC87E,2,0xFFC87E,2,0x0000,0x0004
1280,0x884D0C,0xFFC87E,2,0xFFC87E,2,0x0004,0x0008
1282,0x004D6A,0xFFC87E,2,0xFFC87E,2,0x0008,0x000C
1282,0x89C414,0xFFC87E,2,0xFFC87E,2,0x000C,0x0000
1282,0x89C42C,0xFFC80C,1,0xFFC80C,1,0x01,0x00
1282,0x89C43E,0xA1518B,1,0xA1518B,1,0x01,0x02
1283,0x884CF2,0xFFC87E,2,0xFFC87E,2,0x0000,0x0004
1283,0x884D0C,0xFFC87E,2,0xFFC87E,2,0x0004,0x0008
1285,0x004D6A,0xFFC87E,2,0xFFC87E,2,0x0008,0x000C
1285,0x89C414,0xFFC87E,2,0xFFC87E,2,0x000C,0x0000
1285,0x89C42C,0xFFC80C,1,0xFFC80C,1,0x00,0x01
1285,0x89C434,0xA1518B,1,0xA1518B,1,0x00,0x03
1286,0x884CF2,0xFFC87E,2,0xFFC87E,2,0x0000,0x0004
1286,0x884D0C,0xFFC87E,2,0xFFC87E,2,0x0004,0x0008
1288,0x004D6A,0xFFC87E,2,0xFFC87E,2,0x0008,0x000C
1288,0x89C414,0xFFC87E,2,0xFFC87E,2,0x000C,0x0000
1288,0x89C42C,0xFFC80C,1,0xFFC80C,1,0x01,0x00
1288,0x89C43E,0xA1518B,1,0xA1518B,1,0x01,0x02
1289,0x884CF2,0xFFC87E,2,0xFFC87E,2,0x0000,0x0004
1289,0x884D0C,0xFFC87E,2,0xFFC87E,2,0x0004,0x0008
1291,0x004D6A,0xFFC87E,2,0xFFC87E,2,0x0008,0x000C
1291,0x89C414,0xFFC87E,2,0xFFC87E,2,0x000C,0x0000
1291,0x89C42C,0xFFC80C,1,0xFFC80C,1,0x00,0x01
1291,0x89C434,0xA1518B,1,0xA1518B,1,0x00,0x03
1292,0x884CF2,0xFFC87E,2,0xFFC87E,2,0x0000,0x0004
1292,0x884D0C,0xFFC87E,2,0xFFC87E,2,0x0004,0x0008
1294,0x004D6A,0xFFC87E,2,0xFFC87E,2,0x0008,0x000C
1294,0x89C414,0xFFC87E,2,0xFFC87E,2,0x000C,0x0000
1294,0x89C42C,0xFFC80C,1,0xFFC80C,1,0x01,0x00
1294,0x89C43E,0xA1518B,1,0xA1518B,1,0x01,0x02
1295,0x884CF2,0xFFC87E,2,0xFFC87E,2,0x0000,0x0004
1295,0x884D0C,0xFFC87E,2,0xFFC87E,2,0x0004,0x0008
1297,0x004D6A,0xFFC87E,2,0xFFC87E,2,0x0008,0x000C
1297,0x89C414,0xFFC87E,2,0xFFC87E,2,0x000C,0x0000
1297,0x89C42C,0xFFC80C,1,0xFFC80C,1,0x00,0x01
1297,0x89C434,0xA1518B,1,0xA1518B,1,0x00,0x03
1298,0x884CF2,0xFFC87E,2,0xFFC87E,2,0x0000,0x0004
1298,0x884D0C,0xFFC87E,2,0xFFC87E,2,0x0004,0x0008
1300,0x004D6A,0xFFC87E,2,0xFFC87E,2,0x0008,0x000C
1300,0x89C414,0xFFC87E,2,0xFFC87E,2,0x000C,0x0000
1300,0x89C42C,0xFFC80C,1,0xFFC80C,1,0x01,0x00
1300,0x89C43E,0xA1518B,1,0xA1518B,1,0x01,0x02
1301,0x884CF2,0xFFC87E,2,0xFFC87E,2,0x0000,0x0004
1301,0x884D0C,0xFFC87E,2,0xFFC87E,2,0x0004,0x0008
1303,0x004D6A,0xFFC87E,2,0xFFC87E,2,0x0008,0x000C
1303,0x89C414,0xFFC87E,2,0xFFC87E,2,0x000C,0x0000
1303,0x89C42C,0xFFC80C,1,0xFFC80C,1,0x00,0x01
1303,0x89C434,0xA1518B,1,0xA1518B,1,0x00,0x03
1304,0x884CF2,0xFFC87E,2,0xFFC87E,2,0x0000,0x0004
1304,0x884D0C,0xFFC87E,2,0xFFC87E,2,0x0004,0x0008
1306,0x004D6A,0xFFC87E,2,0xFFC87E,2,0x0008,0x000C
1306,0x89C414,0xFFC87E,2,0xFFC87E,2,0x000C,0x0000
1306,0x89C42C,0xFFC80C,1,0xFFC80C,1,0x01,0x00
1306,0x89C43E,0xA1518B,1,0xA1518B,1,0x01,0x02
1307,0x884CF2,0xFFC87E,2,0xFFC87E,2,0x0000,0x0004
1307,0x884D0C,0xFFC87E,2,0xFFC87E,2,0x0004,0x0008
1309,0x004D6A,0xFFC87E,2,0xFFC87E,2,0x0008,0x000C
1309,0x89C414,0xFFC87E,2,0xFFC87E,2,0x000C,0x0000
1309,0x89C42C,0xFFC80C,1,0xFFC80C,1,0x00,0x01
1309,0x89C434,0xA1518B,1,0xA1518B,1,0x00,0x03
1310,0x884CF2,0xFFC87E,2,0xFFC87E,2,0x0000,0x0004
1310,0x884D0C,0xFFC87E,2,0xFFC87E,2,0x0004,0x0008
1312,0x004D6A,0xFFC87E,2,0xFFC87E,2,0x0008,0x000C
1312,0x89C414,0xFFC87E,2,0xFFC87E,2,0x000C,0x0000
1312,0x89C42C,0xFFC80C,1,0xFFC80C,1,0x01,0x00
1312,0x89C43E,0xA1518B,1,0xA1518B,1,0x01,0x02
1313,0x884CF2,0xFFC87E,2,0xFFC87E,2,0x0000,0x0004
1313,0x884D0C,0xFFC87E,2,0xFFC87E,2,0x0004,0x0008
1315,0x004D6A,0xFFC87E,2,0xFFC87E,2,0x0008,0x000C
1315,0x89C414,0xFFC87E,2,0xFFC87E,2,0x000C,0x0000
1315,0x89C42C,0xFFC80C,1,0xFFC80C,1,0x00,0x01
1315,0x89C434,0xA1518B,1,0xA1518B,1,0x00,0x03
1316,0x884CF2,0xFFC87E,2,0xFFC87E,2,0x0000,0x0004
1316,0x884D0C,0xFFC87E,2,0xFFC87E,2,0x0004,0x0008
1318,0x004D6A,0xFFC87E,2,0xFFC87E,2,0x0008,0x000C
1318,0x89C414,0xFFC87E,2,0xFFC87E,2,0x000C,0x0000
1318,0x89C42C,0xFFC80C,1,0xFFC80C,1,0x01,0x00
1318,0x89C43E,0xA1518B,1,0xA1518B,1,0x01,0x02
1319,0x884CF2,0xFFC87E,2,0xFFC87E,2,0x0000,0x0004
1320,0x884D0C,0xFFC87E,2,0xFFC87E,2,0x0004,0x0008
1321,0x004D6A,0xFFC87E,2,0xFFC87E,2,0x0008,0x000C
1321,0x89C414,0xFFC87E,2,0xFFC87E,2,0x000C,0x0000
1321,0x89C42C,0xFFC80C,1,0xFFC80C,1,0x00,0x01
1321,0x89C434,0xA1518B,1,0xA1518B,1,0x00,0x03
1322,0x884CF2,0xFFC87E,2,0xFFC87E,2,0x0000,0x0004
1323,0x884D0C,0xFFC87E,2,0xFFC87E,2,0x0004,0x0008
1324,0x004D6A,0xFFC87E,2,0xFFC87E,2,0x0008,0x000C
1324,0x89C414,0xFFC87E,2,0xFFC87E,2,0x000C,0x0000
1324,0x89C42C,0xFFC80C,1,0xFFC80C,1,0x01,0x00
1324,0x89C43E,0xA1518B,1,0xA1518B,1,0x01,0x02
1325,0x884CF2,0xFFC87E,2,0xFFC87E,2,0x0000,0x0004
1326,0x884D0C,0xFFC87E,2,0xFFC87E,2,0x0004,0x0008
1327,0x004D6A,0xFFC87E,2,0xFFC87E,2,0x0008,0x000C
1327,0x89C414,0xFFC87E,2,0xFFC87E,2,0x000C,0x0000
1327,0x89C42C,0xFFC80C,1,0xFFC80C,1,0x00,0x01
1327,0x89C434,0xA1518B,1,0xA1518B,1,0x00,0x03
1328,0x884CF2,0xFFC87E,2,0xFFC87E,2,0x0000,0x0004
1329,0x884D0C,0xFFC87E,2,0xFFC87E,2,0x0004,0x0008
1330,0x004D6A,0xFFC87E,2,0xFFC87E,2,0x0008,0x000C
1330,0x89C414,0xFFC87E,2,0xFFC87E,2,0x000C,0x0000
1330,0x89C42C,0xFFC80C,1,0xFFC80C,1,0x01,0x00
1330,0x89C43E,0xA1518B,1,0xA1518B,1,0x01,0x02
1331,0x884CF2,0xFFC87E,2,0xFFC87E,2,0x0000,0x0004
1332,0x884D0C,0xFFC87E,2,0xFFC87E,2,0x0004,0x0008
1333,0x004D6A,0xFFC87E,2,0xFFC87E,2,0x0008,0x000C
1333,0x89C414,0xFFC87E,2,0xFFC87E,2,0x000C,0x0000
1333,0x89C42C,0xFFC80C,1,0xFFC80C,1,0x00,0x01
1333,0x89C434,0xA1518B,1,0xA1518B,1,0x00,0x03
1334,0x884CF2,0xFFC87E,2,0xFFC87E,2,0x0000,0x0004
1335,0x884D0C,0xFFC87E,2,0xFFC87E,2,0x0004,0x0008
1336,0x004D6A,0xFFC87E,2,0xFFC87E,2,0x0008,0x000C
1336,0x89C414,0xFFC87E,2,0xFFC87E,2,0x000C,0x0000
1336,0x89C42C,0xFFC80C,1,0xFFC80C,1,0x01,0x00
1336,0x89C43E,0xA1518B,1,0xA1518B,1,0x01,0x02
1337,0x884CF2,0xFFC87E,2,0xFFC87E,2,0x0000,0x0004
1338,0x884D0C,0xFFC87E,2,0xFFC87E,2,0x0004,0x0008
1339,0x004D6A,0xFFC87E,2,0xFFC87E,2,0x0008,0x000C
1339,0x89C414,0xFFC87E,2,0xFFC87E,2,0x000C,0x0000
1339,0x89C42C,0xFFC80C,1,0xFFC80C,1,0x00,0x01
1339,0x89C434,0xA1518B,1,0xA1518B,1,0x00,0x01
# COMPLETE frames=1340 events=2025 errors=0
