# VRD_MMIO_TRACE version=3 capacity=1048576 sh2_drc=1 profile_pc=0 profile_pc_env=0 m68k_batching=normal instruction_start_hook=1 m68k_direct=1 master_direct=1 coverage_from_start=1 pc_allowlist=m68k:0x0001C922-0x0001C9CC;master:0x02303B00-0x02303F1C
# FILTER mode1_direct=1 m68k=0x00A15103|0x00A15107|0x00A1510C|0x00A1510E|0x00A15110|0x00A15112|0x00A15120-0x00A1512F master_system=0x20004000-0x2000403F master_peripheral=0xFFFFFE00-0xFFFFFFFF
sequence,frame,cpu,pc,op,address,width,value
0,1262,m68k,0x0001C92E,read,0x00A15103,1,0x0
1,1262,m68k,0x0001C938,read,0x00A15107,1,0x0
2,1262,m68k,0x0001C940,read,0x00A15110,2,0x0
3,1262,m68k,0x0001C94A,write,0x00A1510C,2,0x0
4,1262,m68k,0x0001C952,write,0x00A1510E,2,0xF30C
5,1262,m68k,0x0001C95A,write,0x00A15110,2,0x20
6,1262,m68k,0x0001C962,write,0x00A15107,1,0x4
7,1262,m68k,0x0001C96A,read,0x00A15103,1,0x0
8,1262,m68k,0x0001C96A,write,0x00A15103,1,0x1
9,1262,m68k,0x0001C972,read,0x00A15103,1,0x1
10,1262,m68k,0x0001C972,read,0x00A15103,1,0x1
11,1262,master,0x02303B00,read,0xFFFFFE17,1,0xE2
12,1262,master,0x02303B00,write,0xFFFFFE17,1,0xE0
13,1262,master,0x02303B6A,read,0x20004006,2,0x4004
14,1262,master,0x02303B6A,read,0x20004010,2,0x20
15,1262,master,0x02303CEE,read,0x2000400C,2,0x0
16,1262,master,0x02303CEE,read,0x2000400E,2,0xF30C
17,1262,master,0x02303D5C,read,0xFFFFFF88,4,0x0
18,1262,master,0x02303B9C,read,0xFFFFFF8C,4,0x44E3
19,1262,master,0x02303B9C,write,0xFFFFFF8C,4,0x44E0
20,1262,master,0x02303B9C,read,0xFFFFFF8C,4,0x44E0
21,1262,master,0x02303B9C,write,0xFFFFFF80,4,0x20004012
22,1262,master,0x02303B9C,write,0xFFFFFF84,4,0x600F30C
23,1262,master,0x02303B9C,write,0xFFFFFF88,4,0x20
24,1262,master,0x02303B9C,write,0xFFFFFF8C,4,0x44E1
25,1262,master,0x02303B9C,write,0xFFFFFFB0,4,0x1
26,1262,master,0x02303B9C,read,0xFFFFFFB0,4,0x1
27,1262,m68k,0x0001C972,read,0x00A15103,1,0x1
28,1262,m68k,0x0001C972,read,0x00A15103,1,0x1
29,1262,m68k,0x0001C972,read,0x00A15103,1,0x1
30,1262,master,0x02303CB8,read,0x20004000,2,0x8202
31,1262,master,0x02303CB8,write,0x20004000,2,0x8200
32,1262,master,0x02303CB8,read,0x20004000,2,0x8200
33,1262,master,0x02303CB8,write,0x2000401A,2,0x0
34,1262,master,0x02303CB8,read,0x2000401A,2,0x0
35,1262,master,0x02303CB8,write,0x20004000,2,0x8202
36,1262,master,0x02303CB8,read,0x20004000,2,0x8202
37,1262,m68k,0x0001C972,read,0x00A15103,1,0x0
38,1262,m68k,0x0001C98A,read,0x00A15107,1,0x4
39,1262,m68k,0x0001C990,write,0x00A15112,2,0x1E
40,1262,m68k,0x0001C990,write,0x00A15112,2,0x100
41,1262,m68k,0x0001C990,write,0x00A15112,2,0xA
42,1262,m68k,0x0001C990,write,0x00A15112,2,0xFFEE
43,1262,m68k,0x0001C98A,read,0x00A15107,1,0x4
44,1262,m68k,0x0001C990,write,0x00A15112,2,0x93
45,1262,m68k,0x0001C990,write,0x00A15112,2,0x925E
46,1262,m68k,0x0001C990,write,0x00A15112,2,0x1
47,1262,m68k,0x0001C990,write,0x00A15112,2,0x0
48,1262,m68k,0x0001C98A,read,0x00A15107,1,0x4
49,1262,m68k,0x0001C990,write,0x00A15112,2,0x300
50,1262,m68k,0x0001C990,write,0x00A15112,2,0x0
51,1262,m68k,0x0001C990,write,0x00A15112,2,0x0
52,1262,m68k,0x0001C990,write,0x00A15112,2,0x0
53,1262,m68k,0x0001C98A,read,0x00A15107,1,0x4
54,1262,m68k,0x0001C990,write,0x00A15112,2,0xFFFF
55,1262,m68k,0x0001C990,write,0x00A15112,2,0x0
56,1262,m68k,0x0001C990,write,0x00A15112,2,0x0
57,1262,m68k,0x0001C990,write,0x00A15112,2,0x0
58,1262,m68k,0x0001C98A,read,0x00A15107,1,0x4
59,1262,m68k,0x0001C990,write,0x00A15112,2,0x0
60,1262,m68k,0x0001C990,write,0x00A15112,2,0x0
61,1262,m68k,0x0001C990,write,0x00A15112,2,0x0
62,1262,m68k,0x0001C990,write,0x00A15112,2,0x0
63,1262,m68k,0x0001C98A,read,0x00A15107,1,0x4
64,1262,m68k,0x0001C990,write,0x00A15112,2,0x0
65,1262,m68k,0x0001C990,write,0x00A15112,2,0x0
66,1262,m68k,0x0001C990,write,0x00A15112,2,0x0
67,1262,m68k,0x0001C990,write,0x00A15112,2,0x0
68,1262,m68k,0x0001C98A,read,0x00A15107,1,0x4
69,1262,m68k,0x0001C990,write,0x00A15112,2,0x0
70,1262,m68k,0x0001C990,write,0x00A15112,2,0x0
71,1262,m68k,0x0001C990,write,0x00A15112,2,0x0
72,1262,m68k,0x0001C990,write,0x00A15112,2,0x0
73,1262,m68k,0x0001C98A,read,0x00A15107,1,0x4
74,1262,m68k,0x0001C990,write,0x00A15112,2,0x0
75,1262,m68k,0x0001C990,write,0x00A15112,2,0x20B
76,1262,m68k,0x0001C990,write,0x00A15112,2,0x61E
77,1262,m68k,0x0001C990,write,0x00A15112,2,0x0
78,1262,m68k,0x0001C99E,read,0x00A15110,2,0x0
79,1262,m68k,0x0001C9A8,read,0x00A15107,1,0x0
80,1262,m68k,0x0001C9B2,read,0x00A15103,1,0x0
81,1262,m68k,0x0001C9BC,read,0x00A15103,1,0x0
82,1262,m68k,0x0001C9BC,write,0x00A15103,1,0x1
83,1262,m68k,0x0001C9C4,read,0x00A15103,1,0x1
84,1262,m68k,0x0001C9C4,read,0x00A15103,1,0x1
85,1262,master,0x02303B00,read,0xFFFFFE17,1,0xE0
86,1262,master,0x02303B00,write,0xFFFFFE17,1,0xE2
87,1262,master,0x02303B6A,read,0x20004006,2,0x4000
88,1262,master,0x02303B6A,read,0x20004010,2,0x0
89,1262,master,0x02303B6A,read,0x2000400C,2,0x0
90,1262,master,0x02303B6A,read,0x2000400E,2,0xF30C
91,1262,master,0x02303D0E,read,0xFFFFFF80,4,0x20004012
92,1262,master,0x02303D0E,read,0xFFFFFF84,4,0x600F34C
93,1262,master,0x02303D0E,read,0xFFFFFF88,4,0x0
94,1262,master,0x02303D0E,read,0xFFFFFF8C,4,0x44E3
95,1262,master,0x02303D0E,read,0xFFFFFFB0,4,0x1
96,1262,master,0x02303BBE,read,0xFFFFFF8C,4,0x44E3
97,1262,master,0x02303BBE,read,0xFFFFFF88,4,0x0
98,1262,master,0x02303BBE,read,0xFFFFFF84,4,0x600F34C
99,1262,master,0x02303BBE,write,0xFFFFFF8C,4,0x44E0
100,1262,master,0x02303BBE,read,0xFFFFFF8C,4,0x44E0
101,1262,m68k,0x0001C9C4,read,0x00A15103,1,0x1
102,1262,m68k,0x0001C9C4,read,0x00A15103,1,0x1
103,1262,m68k,0x0001C9C4,read,0x00A15103,1,0x1
104,1262,master,0x02303C74,read,0x20004000,2,0x8202
105,1262,master,0x02303C74,write,0x20004000,2,0x8200
106,1262,master,0x02303C74,read,0x20004000,2,0x8200
107,1262,master,0x02303C74,write,0x2000401A,2,0x0
108,1262,master,0x02303C74,read,0x2000401A,2,0x0
109,1262,master,0x02303C74,write,0x20004000,2,0x8202
110,1262,master,0x02303C74,read,0x20004000,2,0x8202
111,1262,m68k,0x0001C9C4,read,0x00A15103,1,0x0
112,1265,m68k,0x0001C92E,read,0x00A15103,1,0x0
113,1265,m68k,0x0001C938,read,0x00A15107,1,0x0
114,1265,m68k,0x0001C940,read,0x00A15110,2,0x0
115,1265,m68k,0x0001C94A,write,0x00A1510C,2,0x0
116,1265,m68k,0x0001C952,write,0x00A1510E,2,0xF30C
117,1265,m68k,0x0001C95A,write,0x00A15110,2,0x20
118,1265,m68k,0x0001C962,write,0x00A15107,1,0x4
119,1265,m68k,0x0001C96A,read,0x00A15103,1,0x0
120,1265,m68k,0x0001C96A,write,0x00A15103,1,0x1
121,1265,m68k,0x0001C972,read,0x00A15103,1,0x1
122,1265,m68k,0x0001C972,read,0x00A15103,1,0x1
123,1265,master,0x02303B00,read,0xFFFFFE17,1,0xE2
124,1265,master,0x02303B00,write,0xFFFFFE17,1,0xE0
125,1265,master,0x02303B6A,read,0x20004006,2,0x4004
126,1265,master,0x02303B6A,read,0x20004010,2,0x20
127,1265,master,0x02303B6A,read,0x2000400C,2,0x0
128,1265,master,0x02303B6A,read,0x2000400E,2,0xF30C
129,1265,master,0x02303B90,read,0xFFFFFF88,4,0x0
130,1265,master,0x02303B9C,read,0xFFFFFF8C,4,0x44E3
131,1265,master,0x02303B9C,write,0xFFFFFF8C,4,0x44E0
132,1265,master,0x02303B9C,read,0xFFFFFF8C,4,0x44E0
133,1265,master,0x02303B9C,write,0xFFFFFF80,4,0x20004012
134,1265,master,0x02303B9C,write,0xFFFFFF84,4,0x600F30C
135,1265,master,0x02303B9C,write,0xFFFFFF88,4,0x20
136,1265,master,0x02303B9C,write,0xFFFFFF8C,4,0x44E1
137,1265,master,0x02303B9C,write,0xFFFFFFB0,4,0x1
138,1265,master,0x02303B9C,read,0xFFFFFFB0,4,0x1
139,1265,m68k,0x0001C972,read,0x00A15103,1,0x1
140,1265,m68k,0x0001C972,read,0x00A15103,1,0x1
141,1265,m68k,0x0001C972,read,0x00A15103,1,0x1
142,1265,master,0x02303C1E,read,0x20004000,2,0x8202
143,1265,master,0x02303C1E,write,0x20004000,2,0x8200
144,1265,master,0x02303C1E,read,0x20004000,2,0x8200
145,1265,master,0x02303C1E,write,0x2000401A,2,0x0
146,1265,master,0x02303C1E,read,0x2000401A,2,0x0
147,1265,master,0x02303C1E,write,0x20004000,2,0x8202
148,1265,master,0x02303C1E,read,0x20004000,2,0x8202
149,1265,m68k,0x0001C972,read,0x00A15103,1,0x0
150,1265,m68k,0x0001C98A,read,0x00A15107,1,0x4
151,1265,m68k,0x0001C990,write,0x00A15112,2,0x1E
152,1265,m68k,0x0001C990,write,0x00A15112,2,0x100
153,1265,m68k,0x0001C990,write,0x00A15112,2,0xA
154,1265,m68k,0x0001C990,write,0x00A15112,2,0xFFEE
155,1265,m68k,0x0001C98A,read,0x00A15107,1,0x4
156,1265,m68k,0x0001C990,write,0x00A15112,2,0x93
157,1265,m68k,0x0001C990,write,0x00A15112,2,0x925E
158,1265,m68k,0x0001C990,write,0x00A15112,2,0x1
159,1265,m68k,0x0001C990,write,0x00A15112,2,0x0
160,1265,m68k,0x0001C98A,read,0x00A15107,1,0x4
161,1265,m68k,0x0001C990,write,0x00A15112,2,0x300
162,1265,m68k,0x0001C990,write,0x00A15112,2,0x0
163,1265,m68k,0x0001C990,write,0x00A15112,2,0x0
164,1265,m68k,0x0001C990,write,0x00A15112,2,0x0
165,1265,m68k,0x0001C98A,read,0x00A15107,1,0x4
166,1265,m68k,0x0001C990,write,0x00A15112,2,0xFFFF
167,1265,m68k,0x0001C990,write,0x00A15112,2,0x0
168,1265,m68k,0x0001C990,write,0x00A15112,2,0x0
169,1265,m68k,0x0001C990,write,0x00A15112,2,0x0
170,1265,m68k,0x0001C98A,read,0x00A15107,1,0x4
171,1265,m68k,0x0001C990,write,0x00A15112,2,0x0
172,1265,m68k,0x0001C990,write,0x00A15112,2,0x0
173,1265,m68k,0x0001C990,write,0x00A15112,2,0x0
174,1265,m68k,0x0001C990,write,0x00A15112,2,0x0
175,1265,m68k,0x0001C98A,read,0x00A15107,1,0x4
176,1265,m68k,0x0001C990,write,0x00A15112,2,0x0
177,1265,m68k,0x0001C990,write,0x00A15112,2,0x0
178,1265,m68k,0x0001C990,write,0x00A15112,2,0x0
179,1265,m68k,0x0001C990,write,0x00A15112,2,0x0
180,1265,m68k,0x0001C98A,read,0x00A15107,1,0x4
181,1265,m68k,0x0001C990,write,0x00A15112,2,0x0
182,1265,m68k,0x0001C990,write,0x00A15112,2,0x0
183,1265,m68k,0x0001C990,write,0x00A15112,2,0x0
184,1265,m68k,0x0001C990,write,0x00A15112,2,0x0
185,1265,m68k,0x0001C98A,read,0x00A15107,1,0x4
186,1265,m68k,0x0001C990,write,0x00A15112,2,0x0
187,1265,m68k,0x0001C990,write,0x00A15112,2,0x20B
188,1265,m68k,0x0001C990,write,0x00A15112,2,0x61E
189,1265,m68k,0x0001C990,write,0x00A15112,2,0x0
190,1265,m68k,0x0001C99E,read,0x00A15110,2,0x0
191,1265,m68k,0x0001C9A8,read,0x00A15107,1,0x0
192,1265,m68k,0x0001C9B2,read,0x00A15103,1,0x0
193,1265,m68k,0x0001C9BC,read,0x00A15103,1,0x0
194,1265,m68k,0x0001C9BC,write,0x00A15103,1,0x1
195,1265,m68k,0x0001C9C4,read,0x00A15103,1,0x1
196,1265,m68k,0x0001C9C4,read,0x00A15103,1,0x1
197,1265,master,0x02303B00,read,0xFFFFFE17,1,0xE0
198,1265,master,0x02303B00,write,0xFFFFFE17,1,0xE2
199,1265,master,0x02303B6A,read,0x20004006,2,0x4000
200,1265,master,0x02303B6A,read,0x20004010,2,0x0
201,1265,master,0x02303B6A,read,0x2000400C,2,0x0
202,1265,master,0x02303B6A,read,0x2000400E,2,0xF30C
203,1265,master,0x02303BB6,read,0xFFFFFF80,4,0x20004012
204,1265,master,0x02303BB6,read,0xFFFFFF84,4,0x600F34C
205,1265,master,0x02303BB6,read,0xFFFFFF88,4,0x0
206,1265,master,0x02303BB6,read,0xFFFFFF8C,4,0x44E3
207,1265,master,0x02303BB6,read,0xFFFFFFB0,4,0x1
208,1265,master,0x02303BBE,read,0xFFFFFF8C,4,0x44E3
209,1265,master,0x02303BBE,read,0xFFFFFF88,4,0x0
210,1265,master,0x02303BBE,read,0xFFFFFF84,4,0x600F34C
211,1265,master,0x02303BBE,write,0xFFFFFF8C,4,0x44E0
212,1265,master,0x02303BBE,read,0xFFFFFF8C,4,0x44E0
213,1265,m68k,0x0001C9C4,read,0x00A15103,1,0x1
214,1265,m68k,0x0001C9C4,read,0x00A15103,1,0x1
215,1265,m68k,0x0001C9C4,read,0x00A15103,1,0x1
216,1265,master,0x02303C74,read,0x20004000,2,0x8202
217,1265,master,0x02303C74,write,0x20004000,2,0x8200
218,1265,master,0x02303C74,read,0x20004000,2,0x8200
219,1265,master,0x02303C74,write,0x2000401A,2,0x0
220,1265,master,0x02303C74,read,0x2000401A,2,0x0
221,1265,master,0x02303C74,write,0x20004000,2,0x8202
222,1265,master,0x02303C74,read,0x20004000,2,0x8202
223,1265,m68k,0x0001C9C4,read,0x00A15103,1,0x0
224,1268,m68k,0x0001C92E,read,0x00A15103,1,0x0
225,1268,m68k,0x0001C938,read,0x00A15107,1,0x0
226,1268,m68k,0x0001C940,read,0x00A15110,2,0x0
227,1268,m68k,0x0001C94A,write,0x00A1510C,2,0x0
228,1268,m68k,0x0001C952,write,0x00A1510E,2,0xF30C
229,1268,m68k,0x0001C95A,write,0x00A15110,2,0x20
230,1268,m68k,0x0001C962,write,0x00A15107,1,0x4
231,1268,m68k,0x0001C96A,read,0x00A15103,1,0x0
232,1268,m68k,0x0001C96A,write,0x00A15103,1,0x1
233,1268,m68k,0x0001C972,read,0x00A15103,1,0x1
234,1268,m68k,0x0001C972,read,0x00A15103,1,0x1
235,1268,master,0x02303B00,read,0xFFFFFE17,1,0xE2
236,1268,master,0x02303B00,write,0xFFFFFE17,1,0xE0
237,1268,master,0x02303B6A,read,0x20004006,2,0x4004
238,1268,master,0x02303B6A,read,0x20004010,2,0x20
239,1268,master,0x02303B6A,read,0x2000400C,2,0x0
240,1268,master,0x02303B6A,read,0x2000400E,2,0xF30C
241,1268,master,0x02303B90,read,0xFFFFFF88,4,0x0
242,1268,master,0x02303B9C,read,0xFFFFFF8C,4,0x44E3
243,1268,master,0x02303B9C,write,0xFFFFFF8C,4,0x44E0
244,1268,master,0x02303B9C,read,0xFFFFFF8C,4,0x44E0
245,1268,master,0x02303B9C,write,0xFFFFFF80,4,0x20004012
246,1268,master,0x02303B9C,write,0xFFFFFF84,4,0x600F30C
247,1268,master,0x02303B9C,write,0xFFFFFF88,4,0x20
248,1268,master,0x02303B9C,write,0xFFFFFF8C,4,0x44E1
249,1268,master,0x02303B9C,write,0xFFFFFFB0,4,0x1
250,1268,master,0x02303B9C,read,0xFFFFFFB0,4,0x1
251,1268,m68k,0x0001C972,read,0x00A15103,1,0x1
252,1268,m68k,0x0001C972,read,0x00A15103,1,0x1
253,1268,m68k,0x0001C972,read,0x00A15103,1,0x1
254,1268,master,0x02303C1E,read,0x20004000,2,0x8202
255,1268,master,0x02303C1E,write,0x20004000,2,0x8200
256,1268,master,0x02303C1E,read,0x20004000,2,0x8200
257,1268,master,0x02303C1E,write,0x2000401A,2,0x0
258,1268,master,0x02303C1E,read,0x2000401A,2,0x0
259,1268,master,0x02303C1E,write,0x20004000,2,0x8202
260,1268,master,0x02303C1E,read,0x20004000,2,0x8202
261,1268,m68k,0x0001C972,read,0x00A15103,1,0x0
262,1268,m68k,0x0001C98A,read,0x00A15107,1,0x4
263,1268,m68k,0x0001C990,write,0x00A15112,2,0x1E
264,1268,m68k,0x0001C990,write,0x00A15112,2,0x100
265,1268,m68k,0x0001C990,write,0x00A15112,2,0xA
266,1268,m68k,0x0001C990,write,0x00A15112,2,0xFFEE
267,1268,m68k,0x0001C98A,read,0x00A15107,1,0x4
268,1268,m68k,0x0001C990,write,0x00A15112,2,0x93
269,1268,m68k,0x0001C990,write,0x00A15112,2,0x925E
270,1268,m68k,0x0001C990,write,0x00A15112,2,0x1
271,1268,m68k,0x0001C990,write,0x00A15112,2,0x0
272,1268,m68k,0x0001C98A,read,0x00A15107,1,0x4
273,1268,m68k,0x0001C990,write,0x00A15112,2,0x300
274,1268,m68k,0x0001C990,write,0x00A15112,2,0x0
275,1268,m68k,0x0001C990,write,0x00A15112,2,0x0
276,1268,m68k,0x0001C990,write,0x00A15112,2,0x0
277,1268,m68k,0x0001C98A,read,0x00A15107,1,0x4
278,1268,m68k,0x0001C990,write,0x00A15112,2,0xFFFF
279,1268,m68k,0x0001C990,write,0x00A15112,2,0x0
280,1268,m68k,0x0001C990,write,0x00A15112,2,0x0
281,1268,m68k,0x0001C990,write,0x00A15112,2,0x0
282,1268,m68k,0x0001C98A,read,0x00A15107,1,0x4
283,1268,m68k,0x0001C990,write,0x00A15112,2,0x0
284,1268,m68k,0x0001C990,write,0x00A15112,2,0x0
285,1268,m68k,0x0001C990,write,0x00A15112,2,0x0
286,1268,m68k,0x0001C990,write,0x00A15112,2,0x0
287,1268,m68k,0x0001C98A,read,0x00A15107,1,0x4
288,1268,m68k,0x0001C990,write,0x00A15112,2,0x0
289,1268,m68k,0x0001C990,write,0x00A15112,2,0x0
290,1268,m68k,0x0001C990,write,0x00A15112,2,0x0
291,1268,m68k,0x0001C990,write,0x00A15112,2,0x0
292,1268,m68k,0x0001C98A,read,0x00A15107,1,0x4
293,1268,m68k,0x0001C990,write,0x00A15112,2,0x0
294,1268,m68k,0x0001C990,write,0x00A15112,2,0x0
295,1268,m68k,0x0001C990,write,0x00A15112,2,0x0
296,1268,m68k,0x0001C990,write,0x00A15112,2,0x0
297,1268,m68k,0x0001C98A,read,0x00A15107,1,0x4
298,1268,m68k,0x0001C990,write,0x00A15112,2,0x0
299,1268,m68k,0x0001C990,write,0x00A15112,2,0x20B
300,1268,m68k,0x0001C990,write,0x00A15112,2,0x61E
301,1268,m68k,0x0001C990,write,0x00A15112,2,0x0
302,1268,m68k,0x0001C99E,read,0x00A15110,2,0x0
303,1268,m68k,0x0001C9A8,read,0x00A15107,1,0x0
304,1268,m68k,0x0001C9B2,read,0x00A15103,1,0x0
305,1268,m68k,0x0001C9BC,read,0x00A15103,1,0x0
306,1268,m68k,0x0001C9BC,write,0x00A15103,1,0x1
307,1268,m68k,0x0001C9C4,read,0x00A15103,1,0x1
308,1268,m68k,0x0001C9C4,read,0x00A15103,1,0x1
309,1268,master,0x02303B00,read,0xFFFFFE17,1,0xE0
310,1268,master,0x02303B00,write,0xFFFFFE17,1,0xE2
311,1268,master,0x02303B6A,read,0x20004006,2,0x4000
312,1268,master,0x02303B6A,read,0x20004010,2,0x0
313,1268,master,0x02303B6A,read,0x2000400C,2,0x0
314,1268,master,0x02303B6A,read,0x2000400E,2,0xF30C
315,1268,master,0x02303BB6,read,0xFFFFFF80,4,0x20004012
316,1268,master,0x02303BB6,read,0xFFFFFF84,4,0x600F34C
317,1268,master,0x02303BB6,read,0xFFFFFF88,4,0x0
318,1268,master,0x02303BB6,read,0xFFFFFF8C,4,0x44E3
319,1268,master,0x02303BB6,read,0xFFFFFFB0,4,0x1
320,1268,master,0x02303BBE,read,0xFFFFFF8C,4,0x44E3
321,1268,master,0x02303BBE,read,0xFFFFFF88,4,0x0
322,1268,master,0x02303BBE,read,0xFFFFFF84,4,0x600F34C
323,1268,master,0x02303BBE,write,0xFFFFFF8C,4,0x44E0
324,1268,master,0x02303BBE,read,0xFFFFFF8C,4,0x44E0
325,1268,m68k,0x0001C9C4,read,0x00A15103,1,0x1
326,1268,m68k,0x0001C9C4,read,0x00A15103,1,0x1
327,1268,m68k,0x0001C9C4,read,0x00A15103,1,0x1
328,1268,master,0x02303C74,read,0x20004000,2,0x8202
329,1268,master,0x02303C74,write,0x20004000,2,0x8200
330,1268,master,0x02303C74,read,0x20004000,2,0x8200
331,1268,master,0x02303C74,write,0x2000401A,2,0x0
332,1268,master,0x02303C74,read,0x2000401A,2,0x0
333,1268,master,0x02303C74,write,0x20004000,2,0x8202
334,1268,master,0x02303C74,read,0x20004000,2,0x8202
335,1268,m68k,0x0001C9C4,read,0x00A15103,1,0x0
336,1271,m68k,0x0001C92E,read,0x00A15103,1,0x0
337,1271,m68k,0x0001C938,read,0x00A15107,1,0x0
338,1271,m68k,0x0001C940,read,0x00A15110,2,0x0
339,1271,m68k,0x0001C94A,write,0x00A1510C,2,0x0
340,1271,m68k,0x0001C952,write,0x00A1510E,2,0xF30C
341,1271,m68k,0x0001C95A,write,0x00A15110,2,0x20
342,1271,m68k,0x0001C962,write,0x00A15107,1,0x4
343,1271,m68k,0x0001C96A,read,0x00A15103,1,0x0
344,1271,m68k,0x0001C96A,write,0x00A15103,1,0x1
345,1271,m68k,0x0001C972,read,0x00A15103,1,0x1
346,1271,m68k,0x0001C972,read,0x00A15103,1,0x1
347,1271,master,0x02303B00,read,0xFFFFFE17,1,0xE2
348,1271,master,0x02303B00,write,0xFFFFFE17,1,0xE0
349,1271,master,0x02303B6A,read,0x20004006,2,0x4004
350,1271,master,0x02303B6A,read,0x20004010,2,0x20
351,1271,master,0x02303B6A,read,0x2000400C,2,0x0
352,1271,master,0x02303B6A,read,0x2000400E,2,0xF30C
353,1271,master,0x02303B90,read,0xFFFFFF88,4,0x0
354,1271,master,0x02303B9C,read,0xFFFFFF8C,4,0x44E3
355,1271,master,0x02303B9C,write,0xFFFFFF8C,4,0x44E0
356,1271,master,0x02303B9C,read,0xFFFFFF8C,4,0x44E0
357,1271,master,0x02303B9C,write,0xFFFFFF80,4,0x20004012
358,1271,master,0x02303B9C,write,0xFFFFFF84,4,0x600F30C
359,1271,master,0x02303B9C,write,0xFFFFFF88,4,0x20
360,1271,master,0x02303B9C,write,0xFFFFFF8C,4,0x44E1
361,1271,master,0x02303B9C,write,0xFFFFFFB0,4,0x1
362,1271,master,0x02303B9C,read,0xFFFFFFB0,4,0x1
363,1271,m68k,0x0001C972,read,0x00A15103,1,0x1
364,1271,m68k,0x0001C972,read,0x00A15103,1,0x1
365,1271,m68k,0x0001C972,read,0x00A15103,1,0x1
366,1271,master,0x02303C1E,read,0x20004000,2,0x8202
367,1271,master,0x02303C1E,write,0x20004000,2,0x8200
368,1271,master,0x02303C1E,read,0x20004000,2,0x8200
369,1271,master,0x02303C1E,write,0x2000401A,2,0x0
370,1271,master,0x02303C1E,read,0x2000401A,2,0x0
371,1271,master,0x02303C1E,write,0x20004000,2,0x8202
372,1271,master,0x02303C1E,read,0x20004000,2,0x8202
373,1271,m68k,0x0001C972,read,0x00A15103,1,0x0
374,1271,m68k,0x0001C98A,read,0x00A15107,1,0x4
375,1271,m68k,0x0001C990,write,0x00A15112,2,0x1E
376,1271,m68k,0x0001C990,write,0x00A15112,2,0x100
377,1271,m68k,0x0001C990,write,0x00A15112,2,0xA
378,1271,m68k,0x0001C990,write,0x00A15112,2,0xFFEE
379,1271,m68k,0x0001C98A,read,0x00A15107,1,0x4
380,1271,m68k,0x0001C990,write,0x00A15112,2,0x93
381,1271,m68k,0x0001C990,write,0x00A15112,2,0x925E
382,1271,m68k,0x0001C990,write,0x00A15112,2,0x1
383,1271,m68k,0x0001C990,write,0x00A15112,2,0x0
384,1271,m68k,0x0001C98A,read,0x00A15107,1,0x4
385,1271,m68k,0x0001C990,write,0x00A15112,2,0x300
386,1271,m68k,0x0001C990,write,0x00A15112,2,0x0
387,1271,m68k,0x0001C990,write,0x00A15112,2,0x0
388,1271,m68k,0x0001C990,write,0x00A15112,2,0x0
389,1271,m68k,0x0001C98A,read,0x00A15107,1,0x4
390,1271,m68k,0x0001C990,write,0x00A15112,2,0xFFFF
391,1271,m68k,0x0001C990,write,0x00A15112,2,0x0
392,1271,m68k,0x0001C990,write,0x00A15112,2,0x0
393,1271,m68k,0x0001C990,write,0x00A15112,2,0x0
394,1271,m68k,0x0001C98A,read,0x00A15107,1,0x4
395,1271,m68k,0x0001C990,write,0x00A15112,2,0x0
396,1271,m68k,0x0001C990,write,0x00A15112,2,0x0
397,1271,m68k,0x0001C990,write,0x00A15112,2,0x0
398,1271,m68k,0x0001C990,write,0x00A15112,2,0x0
399,1271,m68k,0x0001C98A,read,0x00A15107,1,0x4
400,1271,m68k,0x0001C990,write,0x00A15112,2,0x0
401,1271,m68k,0x0001C990,write,0x00A15112,2,0x0
402,1271,m68k,0x0001C990,write,0x00A15112,2,0x0
403,1271,m68k,0x0001C990,write,0x00A15112,2,0x0
404,1271,m68k,0x0001C98A,read,0x00A15107,1,0x4
405,1271,m68k,0x0001C990,write,0x00A15112,2,0x0
406,1271,m68k,0x0001C990,write,0x00A15112,2,0x0
407,1271,m68k,0x0001C990,write,0x00A15112,2,0x0
408,1271,m68k,0x0001C990,write,0x00A15112,2,0x0
409,1271,m68k,0x0001C98A,read,0x00A15107,1,0x4
410,1271,m68k,0x0001C990,write,0x00A15112,2,0x0
411,1271,m68k,0x0001C990,write,0x00A15112,2,0x20B
412,1271,m68k,0x0001C990,write,0x00A15112,2,0x61E
413,1271,m68k,0x0001C990,write,0x00A15112,2,0x0
414,1271,m68k,0x0001C99E,read,0x00A15110,2,0x0
415,1271,m68k,0x0001C9A8,read,0x00A15107,1,0x0
416,1271,m68k,0x0001C9B2,read,0x00A15103,1,0x0
417,1271,m68k,0x0001C9BC,read,0x00A15103,1,0x0
418,1271,m68k,0x0001C9BC,write,0x00A15103,1,0x1
419,1271,m68k,0x0001C9C4,read,0x00A15103,1,0x1
420,1271,m68k,0x0001C9C4,read,0x00A15103,1,0x1
421,1271,master,0x02303B00,read,0xFFFFFE17,1,0xE0
422,1271,master,0x02303B00,write,0xFFFFFE17,1,0xE2
423,1271,master,0x02303B6A,read,0x20004006,2,0x4000
424,1271,master,0x02303B6A,read,0x20004010,2,0x0
425,1271,master,0x02303B6A,read,0x2000400C,2,0x0
426,1271,master,0x02303B6A,read,0x2000400E,2,0xF30C
427,1271,master,0x02303BB6,read,0xFFFFFF80,4,0x20004012
428,1271,master,0x02303BB6,read,0xFFFFFF84,4,0x600F34C
429,1271,master,0x02303BB6,read,0xFFFFFF88,4,0x0
430,1271,master,0x02303BB6,read,0xFFFFFF8C,4,0x44E3
431,1271,master,0x02303BB6,read,0xFFFFFFB0,4,0x1
432,1271,master,0x02303BBE,read,0xFFFFFF8C,4,0x44E3
433,1271,master,0x02303BBE,read,0xFFFFFF88,4,0x0
434,1271,master,0x02303BBE,read,0xFFFFFF84,4,0x600F34C
435,1271,master,0x02303BBE,write,0xFFFFFF8C,4,0x44E0
436,1271,master,0x02303BBE,read,0xFFFFFF8C,4,0x44E0
437,1271,m68k,0x0001C9C4,read,0x00A15103,1,0x1
438,1271,m68k,0x0001C9C4,read,0x00A15103,1,0x1
439,1271,m68k,0x0001C9C4,read,0x00A15103,1,0x1
440,1271,master,0x02303C74,read,0x20004000,2,0x8202
441,1271,master,0x02303C74,write,0x20004000,2,0x8200
442,1271,master,0x02303C74,read,0x20004000,2,0x8200
443,1271,master,0x02303C74,write,0x2000401A,2,0x0
444,1271,master,0x02303C74,read,0x2000401A,2,0x0
445,1271,master,0x02303C74,write,0x20004000,2,0x8202
446,1271,master,0x02303C74,read,0x20004000,2,0x8202
447,1271,m68k,0x0001C9C4,read,0x00A15103,1,0x0
448,1274,m68k,0x0001C92E,read,0x00A15103,1,0x0
449,1274,m68k,0x0001C938,read,0x00A15107,1,0x0
450,1274,m68k,0x0001C940,read,0x00A15110,2,0x0
451,1274,m68k,0x0001C94A,write,0x00A1510C,2,0x0
452,1274,m68k,0x0001C952,write,0x00A1510E,2,0xF30C
453,1274,m68k,0x0001C95A,write,0x00A15110,2,0x20
454,1274,m68k,0x0001C962,write,0x00A15107,1,0x4
455,1274,m68k,0x0001C96A,read,0x00A15103,1,0x0
456,1274,m68k,0x0001C96A,write,0x00A15103,1,0x1
457,1274,m68k,0x0001C972,read,0x00A15103,1,0x1
458,1274,m68k,0x0001C972,read,0x00A15103,1,0x1
459,1274,master,0x02303B00,read,0xFFFFFE17,1,0xE2
460,1274,master,0x02303B00,write,0xFFFFFE17,1,0xE0
461,1274,master,0x02303B6A,read,0x20004006,2,0x4004
462,1274,master,0x02303B6A,read,0x20004010,2,0x20
463,1274,master,0x02303B6A,read,0x2000400C,2,0x0
464,1274,master,0x02303B6A,read,0x2000400E,2,0xF30C
465,1274,master,0x02303B90,read,0xFFFFFF88,4,0x0
466,1274,master,0x02303B9C,read,0xFFFFFF8C,4,0x44E3
467,1274,master,0x02303B9C,write,0xFFFFFF8C,4,0x44E0
468,1274,master,0x02303B9C,read,0xFFFFFF8C,4,0x44E0
469,1274,master,0x02303B9C,write,0xFFFFFF80,4,0x20004012
470,1274,master,0x02303B9C,write,0xFFFFFF84,4,0x600F30C
471,1274,master,0x02303B9C,write,0xFFFFFF88,4,0x20
472,1274,master,0x02303B9C,write,0xFFFFFF8C,4,0x44E1
473,1274,master,0x02303B9C,write,0xFFFFFFB0,4,0x1
474,1274,master,0x02303B9C,read,0xFFFFFFB0,4,0x1
475,1274,m68k,0x0001C972,read,0x00A15103,1,0x1
476,1274,m68k,0x0001C972,read,0x00A15103,1,0x1
477,1274,m68k,0x0001C972,read,0x00A15103,1,0x1
478,1274,master,0x02303C1E,read,0x20004000,2,0x8202
479,1274,master,0x02303C1E,write,0x20004000,2,0x8200
480,1274,master,0x02303C1E,read,0x20004000,2,0x8200
481,1274,master,0x02303C1E,write,0x2000401A,2,0x0
482,1274,master,0x02303C1E,read,0x2000401A,2,0x0
483,1274,master,0x02303C1E,write,0x20004000,2,0x8202
484,1274,master,0x02303C1E,read,0x20004000,2,0x8202
485,1274,m68k,0x0001C972,read,0x00A15103,1,0x0
486,1274,m68k,0x0001C98A,read,0x00A15107,1,0x4
487,1274,m68k,0x0001C990,write,0x00A15112,2,0x1E
488,1274,m68k,0x0001C990,write,0x00A15112,2,0x100
489,1274,m68k,0x0001C990,write,0x00A15112,2,0xA
490,1274,m68k,0x0001C990,write,0x00A15112,2,0xFFEE
491,1274,m68k,0x0001C98A,read,0x00A15107,1,0x4
492,1274,m68k,0x0001C990,write,0x00A15112,2,0x93
493,1274,m68k,0x0001C990,write,0x00A15112,2,0x925E
494,1274,m68k,0x0001C990,write,0x00A15112,2,0x1
495,1274,m68k,0x0001C990,write,0x00A15112,2,0x0
496,1274,m68k,0x0001C98A,read,0x00A15107,1,0x4
497,1274,m68k,0x0001C990,write,0x00A15112,2,0x300
498,1274,m68k,0x0001C990,write,0x00A15112,2,0x0
499,1274,m68k,0x0001C990,write,0x00A15112,2,0x0
500,1274,m68k,0x0001C990,write,0x00A15112,2,0x0
501,1274,m68k,0x0001C98A,read,0x00A15107,1,0x4
502,1274,m68k,0x0001C990,write,0x00A15112,2,0xFFFF
503,1274,m68k,0x0001C990,write,0x00A15112,2,0x0
504,1274,m68k,0x0001C990,write,0x00A15112,2,0x0
505,1274,m68k,0x0001C990,write,0x00A15112,2,0x0
506,1274,m68k,0x0001C98A,read,0x00A15107,1,0x4
507,1274,m68k,0x0001C990,write,0x00A15112,2,0x0
508,1274,m68k,0x0001C990,write,0x00A15112,2,0x0
509,1274,m68k,0x0001C990,write,0x00A15112,2,0x0
510,1274,m68k,0x0001C990,write,0x00A15112,2,0x0
511,1274,m68k,0x0001C98A,read,0x00A15107,1,0x4
512,1274,m68k,0x0001C990,write,0x00A15112,2,0x0
513,1274,m68k,0x0001C990,write,0x00A15112,2,0x0
514,1274,m68k,0x0001C990,write,0x00A15112,2,0x0
515,1274,m68k,0x0001C990,write,0x00A15112,2,0x0
516,1274,m68k,0x0001C98A,read,0x00A15107,1,0x4
517,1274,m68k,0x0001C990,write,0x00A15112,2,0x0
518,1274,m68k,0x0001C990,write,0x00A15112,2,0x0
519,1274,m68k,0x0001C990,write,0x00A15112,2,0x0
520,1274,m68k,0x0001C990,write,0x00A15112,2,0x0
521,1274,m68k,0x0001C98A,read,0x00A15107,1,0x4
522,1274,m68k,0x0001C990,write,0x00A15112,2,0x0
523,1274,m68k,0x0001C990,write,0x00A15112,2,0x20B
524,1274,m68k,0x0001C990,write,0x00A15112,2,0x61E
525,1274,m68k,0x0001C990,write,0x00A15112,2,0x0
526,1274,m68k,0x0001C99E,read,0x00A15110,2,0x0
527,1274,m68k,0x0001C9A8,read,0x00A15107,1,0x0
528,1274,m68k,0x0001C9B2,read,0x00A15103,1,0x0
529,1274,m68k,0x0001C9BC,read,0x00A15103,1,0x0
530,1274,m68k,0x0001C9BC,write,0x00A15103,1,0x1
531,1274,m68k,0x0001C9C4,read,0x00A15103,1,0x1
532,1274,m68k,0x0001C9C4,read,0x00A15103,1,0x1
533,1274,master,0x02303B00,read,0xFFFFFE17,1,0xE0
534,1274,master,0x02303B00,write,0xFFFFFE17,1,0xE2
535,1274,master,0x02303B6A,read,0x20004006,2,0x4000
536,1274,master,0x02303B6A,read,0x20004010,2,0x0
537,1274,master,0x02303B6A,read,0x2000400C,2,0x0
538,1274,master,0x02303B6A,read,0x2000400E,2,0xF30C
539,1274,master,0x02303BB6,read,0xFFFFFF80,4,0x20004012
540,1274,master,0x02303BB6,read,0xFFFFFF84,4,0x600F34C
541,1274,master,0x02303BB6,read,0xFFFFFF88,4,0x0
542,1274,master,0x02303BB6,read,0xFFFFFF8C,4,0x44E3
543,1274,master,0x02303BB6,read,0xFFFFFFB0,4,0x1
544,1274,master,0x02303BBE,read,0xFFFFFF8C,4,0x44E3
545,1274,master,0x02303BBE,read,0xFFFFFF88,4,0x0
546,1274,master,0x02303BBE,read,0xFFFFFF84,4,0x600F34C
547,1274,master,0x02303BBE,write,0xFFFFFF8C,4,0x44E0
548,1274,master,0x02303BBE,read,0xFFFFFF8C,4,0x44E0
549,1274,m68k,0x0001C9C4,read,0x00A15103,1,0x1
550,1274,m68k,0x0001C9C4,read,0x00A15103,1,0x1
551,1274,m68k,0x0001C9C4,read,0x00A15103,1,0x1
552,1274,master,0x02303C74,read,0x20004000,2,0x8202
553,1274,master,0x02303C74,write,0x20004000,2,0x8200
554,1274,master,0x02303C74,read,0x20004000,2,0x8200
555,1274,master,0x02303C74,write,0x2000401A,2,0x0
556,1274,master,0x02303C74,read,0x2000401A,2,0x0
557,1274,master,0x02303C74,write,0x20004000,2,0x8202
558,1274,master,0x02303C74,read,0x20004000,2,0x8202
559,1274,m68k,0x0001C9C4,read,0x00A15103,1,0x0
560,1277,m68k,0x0001C92E,read,0x00A15103,1,0x0
561,1277,m68k,0x0001C938,read,0x00A15107,1,0x0
562,1277,m68k,0x0001C940,read,0x00A15110,2,0x0
563,1277,m68k,0x0001C94A,write,0x00A1510C,2,0x0
564,1277,m68k,0x0001C952,write,0x00A1510E,2,0xF30C
565,1277,m68k,0x0001C95A,write,0x00A15110,2,0x20
566,1277,m68k,0x0001C962,write,0x00A15107,1,0x4
567,1277,m68k,0x0001C96A,read,0x00A15103,1,0x0
568,1277,m68k,0x0001C96A,write,0x00A15103,1,0x1
569,1277,m68k,0x0001C972,read,0x00A15103,1,0x1
570,1277,m68k,0x0001C972,read,0x00A15103,1,0x1
571,1277,master,0x02303B00,read,0xFFFFFE17,1,0xE2
572,1277,master,0x02303B00,write,0xFFFFFE17,1,0xE0
573,1277,master,0x02303B6A,read,0x20004006,2,0x4004
574,1277,master,0x02303B6A,read,0x20004010,2,0x20
575,1277,master,0x02303B6A,read,0x2000400C,2,0x0
576,1277,master,0x02303B6A,read,0x2000400E,2,0xF30C
577,1277,master,0x02303B90,read,0xFFFFFF88,4,0x0
578,1277,master,0x02303B9C,read,0xFFFFFF8C,4,0x44E3
579,1277,master,0x02303B9C,write,0xFFFFFF8C,4,0x44E0
580,1277,master,0x02303B9C,read,0xFFFFFF8C,4,0x44E0
581,1277,master,0x02303B9C,write,0xFFFFFF80,4,0x20004012
582,1277,master,0x02303B9C,write,0xFFFFFF84,4,0x600F30C
583,1277,master,0x02303B9C,write,0xFFFFFF88,4,0x20
584,1277,master,0x02303B9C,write,0xFFFFFF8C,4,0x44E1
585,1277,master,0x02303B9C,write,0xFFFFFFB0,4,0x1
586,1277,master,0x02303B9C,read,0xFFFFFFB0,4,0x1
587,1277,m68k,0x0001C972,read,0x00A15103,1,0x1
588,1277,m68k,0x0001C972,read,0x00A15103,1,0x1
589,1277,m68k,0x0001C972,read,0x00A15103,1,0x1
590,1277,master,0x02303C1E,read,0x20004000,2,0x8202
591,1277,master,0x02303C1E,write,0x20004000,2,0x8200
592,1277,master,0x02303C1E,read,0x20004000,2,0x8200
593,1277,master,0x02303C1E,write,0x2000401A,2,0x0
594,1277,master,0x02303C1E,read,0x2000401A,2,0x0
595,1277,master,0x02303C1E,write,0x20004000,2,0x8202
596,1277,master,0x02303C1E,read,0x20004000,2,0x8202
597,1277,m68k,0x0001C972,read,0x00A15103,1,0x0
598,1277,m68k,0x0001C98A,read,0x00A15107,1,0x4
599,1277,m68k,0x0001C990,write,0x00A15112,2,0x1E
600,1277,m68k,0x0001C990,write,0x00A15112,2,0x100
601,1277,m68k,0x0001C990,write,0x00A15112,2,0xA
602,1277,m68k,0x0001C990,write,0x00A15112,2,0xFFEE
603,1277,m68k,0x0001C98A,read,0x00A15107,1,0x4
604,1277,m68k,0x0001C990,write,0x00A15112,2,0x93
605,1277,m68k,0x0001C990,write,0x00A15112,2,0x925E
606,1277,m68k,0x0001C990,write,0x00A15112,2,0x1
607,1277,m68k,0x0001C990,write,0x00A15112,2,0x0
608,1277,m68k,0x0001C98A,read,0x00A15107,1,0x4
609,1277,m68k,0x0001C990,write,0x00A15112,2,0x300
610,1277,m68k,0x0001C990,write,0x00A15112,2,0x0
611,1277,m68k,0x0001C990,write,0x00A15112,2,0x0
612,1277,m68k,0x0001C990,write,0x00A15112,2,0x0
613,1277,m68k,0x0001C98A,read,0x00A15107,1,0x4
614,1277,m68k,0x0001C990,write,0x00A15112,2,0xFFFF
615,1277,m68k,0x0001C990,write,0x00A15112,2,0x0
616,1277,m68k,0x0001C990,write,0x00A15112,2,0x0
617,1277,m68k,0x0001C990,write,0x00A15112,2,0x0
618,1277,m68k,0x0001C98A,read,0x00A15107,1,0x4
619,1277,m68k,0x0001C990,write,0x00A15112,2,0x0
620,1277,m68k,0x0001C990,write,0x00A15112,2,0x0
621,1277,m68k,0x0001C990,write,0x00A15112,2,0x0
622,1277,m68k,0x0001C990,write,0x00A15112,2,0x0
623,1277,m68k,0x0001C98A,read,0x00A15107,1,0x4
624,1277,m68k,0x0001C990,write,0x00A15112,2,0x0
625,1277,m68k,0x0001C990,write,0x00A15112,2,0x0
626,1277,m68k,0x0001C990,write,0x00A15112,2,0x0
627,1277,m68k,0x0001C990,write,0x00A15112,2,0x0
628,1277,m68k,0x0001C98A,read,0x00A15107,1,0x4
629,1277,m68k,0x0001C990,write,0x00A15112,2,0x0
630,1277,m68k,0x0001C990,write,0x00A15112,2,0x0
631,1277,m68k,0x0001C990,write,0x00A15112,2,0x0
632,1277,m68k,0x0001C990,write,0x00A15112,2,0x0
633,1277,m68k,0x0001C98A,read,0x00A15107,1,0x4
634,1277,m68k,0x0001C990,write,0x00A15112,2,0x0
635,1277,m68k,0x0001C990,write,0x00A15112,2,0x20B
636,1277,m68k,0x0001C990,write,0x00A15112,2,0x61E
637,1277,m68k,0x0001C990,write,0x00A15112,2,0x0
638,1277,m68k,0x0001C99E,read,0x00A15110,2,0x0
639,1277,m68k,0x0001C9A8,read,0x00A15107,1,0x0
640,1277,m68k,0x0001C9B2,read,0x00A15103,1,0x0
641,1277,m68k,0x0001C9BC,read,0x00A15103,1,0x0
642,1277,m68k,0x0001C9BC,write,0x00A15103,1,0x1
643,1277,m68k,0x0001C9C4,read,0x00A15103,1,0x1
644,1277,m68k,0x0001C9C4,read,0x00A15103,1,0x1
645,1277,master,0x02303B00,read,0xFFFFFE17,1,0xE0
646,1277,master,0x02303B00,write,0xFFFFFE17,1,0xE2
647,1277,master,0x02303B6A,read,0x20004006,2,0x4000
648,1277,master,0x02303B6A,read,0x20004010,2,0x0
649,1277,master,0x02303B6A,read,0x2000400C,2,0x0
650,1277,master,0x02303B6A,read,0x2000400E,2,0xF30C
651,1277,master,0x02303BB6,read,0xFFFFFF80,4,0x20004012
652,1277,master,0x02303BB6,read,0xFFFFFF84,4,0x600F34C
653,1277,master,0x02303BB6,read,0xFFFFFF88,4,0x0
654,1277,master,0x02303BB6,read,0xFFFFFF8C,4,0x44E3
655,1277,master,0x02303BB6,read,0xFFFFFFB0,4,0x1
656,1277,master,0x02303BBE,read,0xFFFFFF8C,4,0x44E3
657,1277,master,0x02303BBE,read,0xFFFFFF88,4,0x0
658,1277,master,0x02303BBE,read,0xFFFFFF84,4,0x600F34C
659,1277,master,0x02303BBE,write,0xFFFFFF8C,4,0x44E0
660,1277,master,0x02303BBE,read,0xFFFFFF8C,4,0x44E0
661,1277,m68k,0x0001C9C4,read,0x00A15103,1,0x1
662,1277,m68k,0x0001C9C4,read,0x00A15103,1,0x1
663,1277,m68k,0x0001C9C4,read,0x00A15103,1,0x1
664,1277,master,0x02303C74,read,0x20004000,2,0x8202
665,1277,master,0x02303C74,write,0x20004000,2,0x8200
666,1277,master,0x02303C74,read,0x20004000,2,0x8200
667,1277,master,0x02303C74,write,0x2000401A,2,0x0
668,1277,master,0x02303C74,read,0x2000401A,2,0x0
669,1277,master,0x02303C74,write,0x20004000,2,0x8202
670,1277,master,0x02303C74,read,0x20004000,2,0x8202
671,1277,m68k,0x0001C9C4,read,0x00A15103,1,0x0
# COMPLETE frames=1280 events=672 recorded=672 dropped=0 errors=0 overflow=0 raw_m68k=198614 raw_master=6246198 pc_rejected_m68k=198218 pc_rejected_master=6245922 direct_m68k=1 direct_master=1 observer_detached=1 pc_allowlist=m68k:0x0001C922-0x0001C9CC;master:0x02303B00-0x02303F1C
