# VRD_MMIO_TRACE version=3 capacity=1048576 sh2_drc=0 profile_pc=0 profile_pc_env=0 m68k_batching=normal instruction_start_hook=1 m68k_direct=1 master_direct=1 coverage_from_start=1 pc_allowlist=m68k:0x0001C6FE-0x0001C76C|0x0001C8B0-0x0001C930|0x0001C930-0x0001CB0E;master:0x06000460-0x06000478|0x02301500-0x023025E0|0x02304000-0x02304314|0x02304500-0x02304504|0x02304600-0x0230466C
# FILTER q027_passive=1 m68k_system=0x00A15100-0x00A1513F master_system=0x20004000-0x2000403F master_peripheral=0xFFFFFE00-0xFFFFFFFF master_sdram=all_writes master_framebuffer=all_writes master_regs=exact_instruction_pc
sequence,frame,cpu,pc,op,address,width,value
0,5,master,0x02304618,write,0x2600BC60,4,0x0
1,5,master,0x02304618,write,0x2600BC64,4,0x0
2,5,master,0x02304618,write,0x2600BC68,4,0x0
3,5,master,0x02304618,write,0x2600BC6C,4,0x0
4,5,master,0x02304618,write,0x2600BC70,4,0x0
5,5,master,0x02304618,write,0x2600BC74,4,0x0
6,5,master,0x02304618,write,0x2600BC78,4,0x0
7,5,master,0x02304618,write,0x2600BC7C,4,0x0
8,5,master,0x02304618,write,0x2600BC80,4,0x0
9,5,master,0x02304618,write,0x2600BC84,4,0x0
10,5,master,0x02304618,write,0x2600BC88,4,0x0
11,5,master,0x02304618,write,0x2600BC8C,4,0x0
12,5,master,0x02304618,write,0x2600BC90,4,0x0
13,5,master,0x02304618,write,0x2600BC94,4,0x0
14,5,master,0x02304618,write,0x2600BC98,4,0x0
15,5,master,0x02304618,write,0x2600BC9C,4,0x0
16,5,master,0x02304624,write,0x2600BC60,4,0x51323749
17,5,master,0x0230462E,write,0x2600BC00,4,0x0
18,5,master,0x0230462E,write,0x2600BC04,4,0x0
19,5,master,0x0230462E,write,0x2600BC08,4,0x0
20,5,master,0x0230462E,write,0x2600BC0C,4,0x0
21,5,master,0x0230463A,write,0x2600FB64,4,0x5132374B
22,5,master,0x02304642,write,0x2600FC00,4,0x0
23,5,master,0x02304644,write,0x2600FC04,4,0x0
24,5,master,0x02304646,write,0x2600FC08,4,0x0
25,5,master,0x02304648,write,0x2600FC0C,4,0x0
26,5,master,0x06000464,read,0x20004020,2,0x0
27,6,master,0x06000464,read,0x20004020,2,0x0
28,7,master,0x06000464,read,0x20004020,2,0x0
29,8,master,0x06000464,read,0x20004020,2,0x0
30,9,master,0x06000464,read,0x20004020,2,0x0
31,10,master,0x06000464,read,0x20004020,2,0x0
32,11,master,0x06000464,read,0x20004020,2,0x0
33,12,master,0x06000464,read,0x20004020,2,0x0
34,13,master,0x06000464,read,0x20004020,2,0x0
35,167,master,0x06000464,read,0x20004020,2,0x6
36,168,master,0x06000464,read,0x20004020,2,0x6
37,169,master,0x06000464,read,0x20004020,2,0x6
38,170,master,0x06000464,read,0x20004020,2,0x6
39,171,master,0x06000464,read,0x20004020,2,0x6
40,172,master,0x06000464,read,0x20004020,2,0x6
41,173,master,0x06000464,read,0x20004020,2,0x6
42,174,master,0x06000464,read,0x20004020,2,0x6
43,175,master,0x06000464,read,0x20004020,2,0x6
44,176,master,0x06000464,read,0x20004020,2,0x6
45,177,master,0x06000464,read,0x20004020,2,0x6
46,178,master,0x06000464,read,0x20004020,2,0x6
47,179,master,0x06000464,read,0x20004020,2,0x6
48,180,master,0x06000464,read,0x20004020,2,0x6
49,181,master,0x06000464,read,0x20004020,2,0x6
50,182,master,0x06000464,read,0x20004020,2,0x6
51,183,master,0x06000464,read,0x20004020,2,0x6
52,184,master,0x06000464,read,0x20004020,2,0x6
53,185,master,0x06000464,read,0x20004020,2,0x6
54,186,master,0x06000464,read,0x20004020,2,0x6
55,187,master,0x06000464,read,0x20004020,2,0x6
56,188,master,0x06000464,read,0x20004020,2,0x6
57,189,master,0x06000464,read,0x20004020,2,0x6
58,190,master,0x06000464,read,0x20004020,2,0x6
59,191,master,0x06000464,read,0x20004020,2,0x6
60,192,master,0x06000464,read,0x20004020,2,0x6
61,193,master,0x06000464,read,0x20004020,2,0x6
62,194,master,0x06000464,read,0x20004020,2,0x6
63,195,master,0x06000464,read,0x20004020,2,0x6
64,196,master,0x06000464,read,0x20004020,2,0x6
65,197,master,0x06000464,read,0x20004020,2,0x6
66,198,master,0x06000464,read,0x20004020,2,0x6
67,199,master,0x06000464,read,0x20004020,2,0x6
68,200,master,0x06000464,read,0x20004020,2,0x6
69,201,master,0x06000464,read,0x20004020,2,0x6
70,202,master,0x06000464,read,0x20004020,2,0x6
71,203,master,0x06000464,read,0x20004020,2,0x6
72,204,master,0x06000464,read,0x20004020,2,0x6
73,205,master,0x06000464,read,0x20004020,2,0x6
74,206,master,0x06000464,read,0x20004020,2,0x6
75,207,master,0x06000464,read,0x20004020,2,0x6
76,208,master,0x06000464,read,0x20004020,2,0x6
77,209,master,0x06000464,read,0x20004020,2,0x6
78,210,master,0x06000464,read,0x20004020,2,0x6
79,211,master,0x06000464,read,0x20004020,2,0x6
80,212,master,0x06000464,read,0x20004020,2,0x6
81,213,master,0x06000464,read,0x20004020,2,0x6
82,214,master,0x06000464,read,0x20004020,2,0x6
83,215,master,0x06000464,read,0x20004020,2,0x6
84,216,master,0x06000464,read,0x20004020,2,0x6
85,217,master,0x06000464,read,0x20004020,2,0x6
86,218,master,0x06000464,read,0x20004020,2,0x6
87,219,master,0x06000464,read,0x20004020,2,0x6
88,220,master,0x06000464,read,0x20004020,2,0x6
89,221,master,0x06000464,read,0x20004020,2,0x6
90,222,master,0x06000464,read,0x20004020,2,0x6
91,223,master,0x06000464,read,0x20004020,2,0x6
92,224,master,0x06000464,read,0x20004020,2,0x6
93,225,master,0x06000464,read,0x20004020,2,0x6
94,226,master,0x06000464,read,0x20004020,2,0x6
95,227,master,0x06000464,read,0x20004020,2,0x6
96,228,master,0x06000464,read,0x20004020,2,0x6
97,229,master,0x06000464,read,0x20004020,2,0x6
98,230,master,0x06000464,read,0x20004020,2,0x6
99,231,master,0x06000464,read,0x20004020,2,0x6
100,232,master,0x06000464,read,0x20004020,2,0x6
101,233,master,0x06000464,read,0x20004020,2,0x6
102,234,master,0x06000464,read,0x20004020,2,0x6
103,235,master,0x06000464,read,0x20004020,2,0x6
104,236,master,0x06000464,read,0x20004020,2,0x6
105,237,master,0x06000464,read,0x20004020,2,0x6
106,238,master,0x06000464,read,0x20004020,2,0x6
107,239,master,0x06000464,read,0x20004020,2,0x6
108,240,master,0x06000464,read,0x20004020,2,0x6
109,241,master,0x06000464,read,0x20004020,2,0x6
110,242,master,0x06000464,read,0x20004020,2,0x6
111,243,master,0x06000464,read,0x20004020,2,0x6
112,244,master,0x06000464,read,0x20004020,2,0x6
113,245,master,0x06000464,read,0x20004020,2,0x6
114,246,master,0x06000464,read,0x20004020,2,0x6
115,247,master,0x06000464,read,0x20004020,2,0x6
116,248,master,0x06000464,read,0x20004020,2,0x6
117,249,master,0x06000464,read,0x20004020,2,0x6
118,250,master,0x06000464,read,0x20004020,2,0x6
119,251,master,0x06000464,read,0x20004020,2,0x6
120,252,master,0x06000464,read,0x20004020,2,0x6
121,253,master,0x06000464,read,0x20004020,2,0x6
122,254,master,0x06000464,read,0x20004020,2,0x6
123,255,master,0x06000464,read,0x20004020,2,0x6
124,256,master,0x06000464,read,0x20004020,2,0x6
125,257,master,0x06000464,read,0x20004020,2,0x6
126,258,master,0x06000464,read,0x20004020,2,0x6
127,259,master,0x06000464,read,0x20004020,2,0x6
128,260,master,0x06000464,read,0x20004020,2,0x6
129,261,master,0x06000464,read,0x20004020,2,0x6
130,262,master,0x06000464,read,0x20004020,2,0x6
131,263,master,0x06000464,read,0x20004020,2,0x6
132,264,master,0x06000464,read,0x20004020,2,0x6
133,265,master,0x06000464,read,0x20004020,2,0x6
134,266,master,0x06000464,read,0x20004020,2,0x6
135,267,master,0x06000464,read,0x20004020,2,0x6
136,268,master,0x06000464,read,0x20004020,2,0x6
137,269,master,0x06000464,read,0x20004020,2,0x6
138,270,master,0x06000464,read,0x20004020,2,0x6
139,271,master,0x06000464,read,0x20004020,2,0x6
140,272,master,0x06000464,read,0x20004020,2,0x6
141,273,master,0x06000464,read,0x20004020,2,0x6
142,274,master,0x06000464,read,0x20004020,2,0x6
143,275,master,0x06000464,read,0x20004020,2,0x6
144,276,master,0x06000464,read,0x20004020,2,0x6
145,277,master,0x06000464,read,0x20004020,2,0x6
146,278,master,0x06000464,read,0x20004020,2,0x6
147,279,master,0x06000464,read,0x20004020,2,0x6
148,280,master,0x06000464,read,0x20004020,2,0x6
149,281,master,0x06000464,read,0x20004020,2,0x6
150,282,master,0x06000464,read,0x20004020,2,0x6
151,283,master,0x06000464,read,0x20004020,2,0x6
152,284,master,0x06000464,read,0x20004020,2,0x6
153,285,master,0x06000464,read,0x20004020,2,0x6
154,286,master,0x06000464,read,0x20004020,2,0x6
155,287,master,0x06000464,read,0x20004020,2,0x6
156,288,master,0x06000464,read,0x20004020,2,0x6
157,289,master,0x06000464,read,0x20004020,2,0x6
158,290,master,0x06000464,read,0x20004020,2,0x6
159,291,master,0x06000464,read,0x20004020,2,0x6
160,292,master,0x06000464,read,0x20004020,2,0x6
161,293,master,0x06000464,read,0x20004020,2,0x6
162,294,master,0x06000464,read,0x20004020,2,0x6
163,295,master,0x06000464,read,0x20004020,2,0x6
164,296,master,0x06000464,read,0x20004020,2,0x6
165,297,master,0x06000464,read,0x20004020,2,0x6
166,298,master,0x06000464,read,0x20004020,2,0x6
167,299,master,0x06000464,read,0x20004020,2,0x6
168,300,master,0x06000464,read,0x20004020,2,0x6
169,301,master,0x06000464,read,0x20004020,2,0x6
170,302,master,0x06000464,read,0x20004020,2,0x6
171,303,master,0x06000464,read,0x20004020,2,0x6
172,304,master,0x06000464,read,0x20004020,2,0x6
173,305,master,0x06000464,read,0x20004020,2,0x6
174,306,master,0x06000464,read,0x20004020,2,0x6
175,307,master,0x06000464,read,0x20004020,2,0x6
176,308,master,0x06000464,read,0x20004020,2,0x6
177,309,master,0x06000464,read,0x20004020,2,0x6
178,310,master,0x06000464,read,0x20004020,2,0x6
179,311,master,0x06000464,read,0x20004020,2,0x6
180,312,master,0x06000464,read,0x20004020,2,0x6
181,313,master,0x06000464,read,0x20004020,2,0x6
182,314,master,0x06000464,read,0x20004020,2,0x6
183,315,master,0x06000464,read,0x20004020,2,0x6
184,316,master,0x06000464,read,0x20004020,2,0x6
185,317,master,0x06000464,read,0x20004020,2,0x6
186,318,master,0x06000464,read,0x20004020,2,0x6
187,319,master,0x06000464,read,0x20004020,2,0x6
188,320,master,0x06000464,read,0x20004020,2,0x6
189,321,master,0x06000464,read,0x20004020,2,0x6
190,322,master,0x06000464,read,0x20004020,2,0x6
191,323,master,0x06000464,read,0x20004020,2,0x6
192,324,master,0x06000464,read,0x20004020,2,0x6
193,325,master,0x06000464,read,0x20004020,2,0x6
194,326,master,0x06000464,read,0x20004020,2,0x6
195,327,master,0x06000464,read,0x20004020,2,0x6
196,328,master,0x06000464,read,0x20004020,2,0x6
197,329,master,0x06000464,read,0x20004020,2,0x6
198,330,master,0x06000464,read,0x20004020,2,0x6
199,331,master,0x06000464,read,0x20004020,2,0x6
200,332,master,0x06000464,read,0x20004020,2,0x6
201,333,master,0x06000464,read,0x20004020,2,0x6
202,334,master,0x06000464,read,0x20004020,2,0x6
203,335,master,0x06000464,read,0x20004020,2,0x6
204,336,master,0x06000464,read,0x20004020,2,0x6
205,337,master,0x06000464,read,0x20004020,2,0x6
206,338,master,0x06000464,read,0x20004020,2,0x6
207,339,master,0x06000464,read,0x20004020,2,0x6
208,340,master,0x06000464,read,0x20004020,2,0x6
209,341,master,0x06000464,read,0x20004020,2,0x6
210,342,master,0x06000464,read,0x20004020,2,0x6
211,343,master,0x06000464,read,0x20004020,2,0x6
212,344,master,0x06000464,read,0x20004020,2,0x6
213,345,master,0x06000464,read,0x20004020,2,0x6
214,346,master,0x06000464,read,0x20004020,2,0x6
215,347,master,0x06000464,read,0x20004020,2,0x6
216,348,master,0x06000464,read,0x20004020,2,0x6
217,349,master,0x06000464,read,0x20004020,2,0x6
218,350,master,0x06000464,read,0x20004020,2,0x6
219,351,master,0x06000464,read,0x20004020,2,0x6
220,352,master,0x06000464,read,0x20004020,2,0x6
221,353,master,0x06000464,read,0x20004020,2,0x6
222,354,master,0x06000464,read,0x20004020,2,0x6
223,355,master,0x06000464,read,0x20004020,2,0x6
224,356,master,0x06000464,read,0x20004020,2,0x6
225,357,master,0x06000464,read,0x20004020,2,0x6
226,358,master,0x06000464,read,0x20004020,2,0x6
227,359,master,0x06000464,read,0x20004020,2,0x6
228,360,master,0x06000464,read,0x20004020,2,0x6
229,361,master,0x06000464,read,0x20004020,2,0x6
230,362,master,0x06000464,read,0x20004020,2,0x6
231,363,master,0x06000464,read,0x20004020,2,0x6
232,364,master,0x06000464,read,0x20004020,2,0x6
233,365,master,0x06000464,read,0x20004020,2,0x6
234,366,master,0x06000464,read,0x20004020,2,0x6
235,367,master,0x06000464,read,0x20004020,2,0x6
236,368,master,0x06000464,read,0x20004020,2,0x6
237,369,master,0x06000464,read,0x20004020,2,0x6
238,370,master,0x06000464,read,0x20004020,2,0x6
239,371,master,0x06000464,read,0x20004020,2,0x6
240,372,master,0x06000464,read,0x20004020,2,0x0
241,373,master,0x06000464,read,0x20004020,2,0x0
242,374,master,0x06000464,read,0x20004020,2,0x0
243,375,master,0x06000464,read,0x20004020,2,0x3
244,376,master,0x06000464,read,0x20004020,2,0x3
245,377,master,0x06000464,read,0x20004020,2,0x3
246,378,master,0x06000464,read,0x20004020,2,0x3
247,379,master,0x06000464,read,0x20004020,2,0x3
248,380,master,0x06000464,read,0x20004020,2,0x3
249,381,master,0x06000464,read,0x20004020,2,0x3
250,382,master,0x06000464,read,0x20004020,2,0x3
251,383,master,0x06000464,read,0x20004020,2,0x3
252,384,master,0x06000464,read,0x20004020,2,0x3
253,385,master,0x06000464,read,0x20004020,2,0x3
254,386,master,0x06000464,read,0x20004020,2,0x3
255,387,master,0x06000464,read,0x20004020,2,0x3
256,388,master,0x06000464,read,0x20004020,2,0x3
257,389,master,0x06000464,read,0x20004020,2,0x3
258,390,master,0x06000464,read,0x20004020,2,0x3
259,391,master,0x06000464,read,0x20004020,2,0x3
260,392,master,0x06000464,read,0x20004020,2,0x3
261,393,master,0x06000464,read,0x20004020,2,0x3
262,395,master,0x06000464,read,0x20004020,2,0x5
263,396,master,0x06000464,read,0x20004020,2,0x5
264,399,master,0x06000464,read,0x20004020,2,0x5
265,402,master,0x06000464,read,0x20004020,2,0x5
266,405,master,0x06000464,read,0x20004020,2,0x5
267,408,master,0x06000464,read,0x20004020,2,0x5
268,411,master,0x06000464,read,0x20004020,2,0x5
269,414,master,0x06000464,read,0x20004020,2,0x5
270,417,master,0x06000464,read,0x20004020,2,0x5
271,420,master,0x06000464,read,0x20004020,2,0x5
272,423,master,0x06000464,read,0x20004020,2,0x5
273,426,master,0x06000464,read,0x20004020,2,0x5
274,429,master,0x06000464,read,0x20004020,2,0x5
275,432,master,0x06000464,read,0x20004020,2,0x5
276,435,master,0x06000464,read,0x20004020,2,0x5
277,438,master,0x06000464,read,0x20004020,2,0x5
278,441,master,0x06000464,read,0x20004020,2,0x5
279,444,master,0x06000464,read,0x20004020,2,0x5
280,447,master,0x06000464,read,0x20004020,2,0x5
281,450,master,0x06000464,read,0x20004020,2,0x5
282,453,master,0x06000464,read,0x20004020,2,0x5
283,456,master,0x06000464,read,0x20004020,2,0x5
284,459,master,0x06000464,read,0x20004020,2,0x5
285,462,master,0x06000464,read,0x20004020,2,0x5
286,465,master,0x06000464,read,0x20004020,2,0x5
287,468,master,0x06000464,read,0x20004020,2,0x5
288,471,master,0x06000464,read,0x20004020,2,0x5
289,474,master,0x06000464,read,0x20004020,2,0x5
290,477,master,0x06000464,read,0x20004020,2,0x5
291,480,master,0x06000464,read,0x20004020,2,0x5
292,483,master,0x06000464,read,0x20004020,2,0x5
293,486,master,0x06000464,read,0x20004020,2,0x5
294,489,master,0x06000464,read,0x20004020,2,0x5
295,492,master,0x06000464,read,0x20004020,2,0x5
296,495,master,0x06000464,read,0x20004020,2,0x5
297,498,master,0x06000464,read,0x20004020,2,0x5
298,501,master,0x06000464,read,0x20004020,2,0x5
299,504,master,0x06000464,read,0x20004020,2,0x5
300,507,master,0x06000464,read,0x20004020,2,0x5
301,510,master,0x06000464,read,0x20004020,2,0x5
302,513,master,0x06000464,read,0x20004020,2,0x5
303,516,master,0x06000464,read,0x20004020,2,0x5
304,519,master,0x06000464,read,0x20004020,2,0x5
305,522,master,0x06000464,read,0x20004020,2,0x5
306,525,master,0x06000464,read,0x20004020,2,0x5
307,528,master,0x06000464,read,0x20004020,2,0x5
308,531,master,0x06000464,read,0x20004020,2,0x5
309,534,master,0x06000464,read,0x20004020,2,0x5
310,537,master,0x06000464,read,0x20004020,2,0x5
311,540,master,0x06000464,read,0x20004020,2,0x5
312,543,master,0x06000464,read,0x20004020,2,0x5
313,546,master,0x06000464,read,0x20004020,2,0x5
314,549,master,0x06000464,read,0x20004020,2,0x5
315,552,master,0x06000464,read,0x20004020,2,0x5
316,555,master,0x06000464,read,0x20004020,2,0x5
317,558,master,0x06000464,read,0x20004020,2,0x5
318,561,master,0x06000464,read,0x20004020,2,0x5
319,564,master,0x06000464,read,0x20004020,2,0x5
320,567,master,0x06000464,read,0x20004020,2,0x5
321,570,master,0x06000464,read,0x20004020,2,0x5
322,573,master,0x06000464,read,0x20004020,2,0x5
323,576,master,0x06000464,read,0x20004020,2,0x5
324,579,master,0x06000464,read,0x20004020,2,0x5
325,582,master,0x06000464,read,0x20004020,2,0x5
326,585,master,0x06000464,read,0x20004020,2,0x5
327,588,master,0x06000464,read,0x20004020,2,0x5
328,591,master,0x06000464,read,0x20004020,2,0x5
329,594,master,0x06000464,read,0x20004020,2,0x5
330,597,master,0x06000464,read,0x20004020,2,0x5
331,600,master,0x06000464,read,0x20004020,2,0x5
332,603,master,0x06000464,read,0x20004020,2,0x5
333,606,master,0x06000464,read,0x20004020,2,0x5
334,609,master,0x06000464,read,0x20004020,2,0x5
335,612,master,0x06000464,read,0x20004020,2,0x5
336,615,master,0x06000464,read,0x20004020,2,0x5
337,618,master,0x06000464,read,0x20004020,2,0x5
338,621,master,0x06000464,read,0x20004020,2,0x5
339,624,master,0x06000464,read,0x20004020,2,0x5
340,627,master,0x06000464,read,0x20004020,2,0x5
341,630,master,0x06000464,read,0x20004020,2,0x5
342,633,master,0x06000464,read,0x20004020,2,0x5
343,636,master,0x06000464,read,0x20004020,2,0x5
344,639,master,0x06000464,read,0x20004020,2,0x5
345,642,master,0x06000464,read,0x20004020,2,0x5
346,645,master,0x06000464,read,0x20004020,2,0x5
347,648,master,0x06000464,read,0x20004020,2,0x5
348,651,master,0x06000464,read,0x20004020,2,0x5
349,654,master,0x06000464,read,0x20004020,2,0x5
350,657,master,0x06000464,read,0x20004020,2,0x5
351,660,master,0x06000464,read,0x20004020,2,0x5
352,663,master,0x06000464,read,0x20004020,2,0x5
353,666,master,0x06000464,read,0x20004020,2,0x5
354,669,master,0x06000464,read,0x20004020,2,0x5
355,672,master,0x06000464,read,0x20004020,2,0x5
356,675,master,0x06000464,read,0x20004020,2,0x5
357,678,master,0x06000464,read,0x20004020,2,0x5
358,681,master,0x06000464,read,0x20004020,2,0x5
359,684,master,0x06000464,read,0x20004020,2,0x5
360,687,master,0x06000464,read,0x20004020,2,0x5
361,690,master,0x06000464,read,0x20004020,2,0x5
362,693,master,0x06000464,read,0x20004020,2,0x5
363,696,master,0x06000464,read,0x20004020,2,0x5
364,699,master,0x06000464,read,0x20004020,2,0x5
365,702,master,0x06000464,read,0x20004020,2,0x5
366,705,master,0x06000464,read,0x20004020,2,0x5
367,708,master,0x06000464,read,0x20004020,2,0x5
368,711,master,0x06000464,read,0x20004020,2,0x5
369,714,master,0x06000464,read,0x20004020,2,0x5
370,717,master,0x06000464,read,0x20004020,2,0x5
371,720,master,0x06000464,read,0x20004020,2,0x5
372,723,master,0x06000464,read,0x20004020,2,0x5
373,726,master,0x06000464,read,0x20004020,2,0x5
374,729,master,0x06000464,read,0x20004020,2,0x5
375,732,master,0x06000464,read,0x20004020,2,0x5
376,733,master,0x06000464,read,0x20004020,2,0x0
377,734,master,0x06000464,read,0x20004020,2,0x0
378,735,master,0x06000464,read,0x20004020,2,0x0
379,736,master,0x06000464,read,0x20004020,2,0x0
380,737,master,0x06000464,read,0x20004020,2,0x0
381,738,master,0x06000464,read,0x20004020,2,0x0
382,739,master,0x06000464,read,0x20004020,2,0x0
383,743,master,0x06000464,read,0x20004020,2,0x2B
384,746,master,0x06000464,read,0x20004020,2,0x2B
385,749,master,0x06000464,read,0x20004020,2,0x2B
386,752,master,0x06000464,read,0x20004020,2,0x2B
387,753,master,0x06000464,read,0x20004020,2,0x2B
388,755,master,0x06000464,read,0x20004020,2,0x2B
389,758,master,0x06000464,read,0x20004020,2,0x2B
390,761,master,0x06000464,read,0x20004020,2,0x2B
391,763,master,0x06000464,read,0x20004020,2,0x0
392,764,master,0x06000464,read,0x20004020,2,0x2B
393,767,master,0x06000464,read,0x20004020,2,0x2B
394,770,master,0x06000464,read,0x20004020,2,0x2B
395,773,master,0x06000464,read,0x20004020,2,0x2B
396,774,master,0x06000464,read,0x20004020,2,0x2B
397,776,master,0x06000464,read,0x20004020,2,0x2B
398,779,master,0x06000464,read,0x20004020,2,0x2B
399,782,master,0x06000464,read,0x20004020,2,0x2B
400,784,master,0x06000464,read,0x20004020,2,0x0
401,785,master,0x06000464,read,0x20004020,2,0x2B
402,788,master,0x06000464,read,0x20004020,2,0x2B
403,789,master,0x06000464,read,0x20004020,2,0x2B
404,791,master,0x06000464,read,0x20004020,2,0x2B
405,794,master,0x06000464,read,0x20004020,2,0x2B
406,797,master,0x06000464,read,0x20004020,2,0x2B
407,800,master,0x06000464,read,0x20004020,2,0x2B
408,803,master,0x06000464,read,0x20004020,2,0x2B
409,806,master,0x06000464,read,0x20004020,2,0x2B
410,809,master,0x06000464,read,0x20004020,2,0x2B
411,812,master,0x06000464,read,0x20004020,2,0x2B
412,814,master,0x06000464,read,0x20004020,2,0x0
413,815,master,0x06000464,read,0x20004020,2,0x2B
414,818,master,0x06000464,read,0x20004020,2,0x2B
415,821,master,0x06000464,read,0x20004020,2,0x2B
416,824,master,0x06000464,read,0x20004020,2,0x2B
417,827,master,0x06000464,read,0x20004020,2,0x2B
418,830,master,0x06000464,read,0x20004020,2,0x2B
419,833,master,0x06000464,read,0x20004020,2,0x2B
420,834,master,0x06000464,read,0x20004020,2,0x2B
421,836,master,0x06000464,read,0x20004020,2,0x2B
422,839,master,0x06000464,read,0x20004020,2,0x2B
423,841,master,0x06000464,read,0x20004020,2,0x0
424,842,master,0x06000464,read,0x20004020,2,0x2B
425,844,master,0x06000464,read,0x20004020,2,0x0
426,845,master,0x06000464,read,0x20004020,2,0x2B
427,848,master,0x06000464,read,0x20004020,2,0x2B
428,851,master,0x06000464,read,0x20004020,2,0x2B
429,854,master,0x06000464,read,0x20004020,2,0x2B
430,857,master,0x06000464,read,0x20004020,2,0x2B
431,860,master,0x06000464,read,0x20004020,2,0x2B
432,863,master,0x06000464,read,0x20004020,2,0x2B
433,864,master,0x06000464,read,0x20004020,2,0x2B
434,866,master,0x06000464,read,0x20004020,2,0x2B
435,869,master,0x06000464,read,0x20004020,2,0x2B
436,871,master,0x06000464,read,0x20004020,2,0x0
437,872,master,0x06000464,read,0x20004020,2,0x0
438,873,master,0x06000464,read,0x20004020,2,0x0
439,874,master,0x06000464,read,0x20004020,2,0x0
440,875,master,0x06000464,read,0x20004020,2,0x0
441,876,master,0x06000464,read,0x20004020,2,0x0
442,877,master,0x06000464,read,0x20004020,2,0x0
443,878,master,0x06000464,read,0x20004020,2,0x0
444,882,master,0x06000464,read,0x20004020,2,0x0
445,905,master,0x06000464,read,0x20004020,2,0x0
446,975,master,0x06000464,read,0x20004020,2,0x0
447,1028,master,0x06000464,read,0x20004020,2,0x0
448,1029,master,0x06000464,read,0x20004020,2,0x0
449,1051,master,0x06000464,read,0x20004020,2,0x0
450,1074,master,0x06000464,read,0x20004020,2,0x0
451,1105,master,0x06000464,read,0x20004020,2,0x0
452,1106,master,0x06000464,read,0x20004020,2,0x0
453,1107,master,0x06000464,read,0x20004020,2,0x0
454,1108,master,0x06000464,read,0x20004020,2,0x0
455,1109,master,0x06000464,read,0x20004020,2,0x0
456,1110,master,0x06000464,read,0x20004020,2,0x0
457,1111,master,0x06000464,read,0x20004020,2,0x0
458,1113,master,0x06000464,read,0x20004020,2,0x0
459,1116,master,0x06000464,read,0x20004020,2,0x0
460,1123,master,0x06000464,read,0x20004020,2,0x0
461,1126,master,0x06000464,read,0x20004020,2,0x0
462,1129,master,0x06000464,read,0x20004020,2,0x0
463,1133,master,0x06000464,read,0x20004020,2,0x0
464,1141,master,0x06000464,read,0x20004020,2,0x0
465,1153,master,0x06000464,read,0x20004020,2,0x0
466,1154,master,0x06000464,read,0x20004020,2,0x0
467,1184,master,0x06000464,read,0x20004020,2,0x0
468,1204,master,0x06000464,read,0x20004020,2,0x0
469,1205,master,0x06000464,read,0x20004020,2,0x0
470,1210,master,0x06000464,read,0x20004020,2,0x0
471,1214,master,0x06000464,read,0x20004020,2,0x0
472,1234,master,0x06000464,read,0x20004020,2,0x0
473,1235,master,0x06000464,read,0x20004020,2,0x0
474,1236,master,0x06000464,read,0x20004020,2,0x0
475,1237,master,0x06000464,read,0x20004020,2,0x0
476,1238,master,0x06000464,read,0x20004020,2,0x3
477,1239,master,0x06000464,read,0x20004020,2,0x3
478,1240,master,0x06000464,read,0x20004020,2,0x3
479,1241,master,0x06000464,read,0x20004020,2,0x3
480,1242,master,0x06000464,read,0x20004020,2,0x3
481,1243,master,0x06000464,read,0x20004020,2,0x3
482,1244,master,0x06000464,read,0x20004020,2,0x3
483,1245,master,0x06000464,read,0x20004020,2,0x3
484,1246,master,0x06000464,read,0x20004020,2,0x3
485,1247,master,0x06000464,read,0x20004020,2,0x3
486,1248,master,0x06000464,read,0x20004020,2,0x3
487,1249,master,0x06000464,read,0x20004020,2,0x3
488,1250,master,0x06000464,read,0x20004020,2,0x3
489,1251,master,0x06000464,read,0x20004020,2,0x3
490,1252,master,0x06000464,read,0x20004020,2,0x3
491,1253,master,0x06000464,read,0x20004020,2,0x3
492,1254,master,0x06000464,read,0x20004020,2,0x3
493,1255,master,0x06000464,read,0x20004020,2,0x3
494,1256,master,0x06000464,read,0x20004020,2,0x3
495,1257,master,0x06000464,read,0x20004020,2,0x3
496,1261,m68k,0x0001C8DA,write,0x00A15126,1,0x0
497,1261,m68k,0x0001C70A,write,0x00A15110,2,0xA0
498,1261,m68k,0x0001C712,write,0x00A15107,1,0x4
499,1261,m68k,0x0001C71C,write,0x00A15120,1,0x0
500,1261,m68k,0x0001C724,write,0x00A15121,1,0x3E
501,1261,m68k,0x0001C72C,write,0x00A15120,1,0x1
502,1261,m68k,0x0001C73C,read,0x00A15123,1,0x0
503,1261,m68k,0x0001C71C,write,0x00A15120,1,0x0
504,1261,m68k,0x0001C724,write,0x00A15121,1,0x3E
505,1261,m68k,0x0001C72C,write,0x00A15120,1,0x1
506,1261,m68k,0x0001C73C,read,0x00A15123,1,0x0
507,1261,m68k,0x0001C71C,write,0x00A15120,1,0x0
508,1261,m68k,0x0001C724,write,0x00A15121,1,0x3E
509,1261,m68k,0x0001C72C,write,0x00A15120,1,0x1
510,1261,m68k,0x0001C73C,read,0x00A15123,1,0x1
511,1261,m68k,0x0001C71C,write,0x00A15120,1,0x0
512,1261,m68k,0x0001C724,write,0x00A15121,1,0x3E
513,1261,m68k,0x0001C72C,write,0x00A15120,1,0x1
514,1261,master,0x023016B4,write,0x2600FC00,4,0x20004020
515,1261,master,0x023016B6,write,0x0600FF7C,4,0x6000474
516,1261,master,0x023016C2,write,0xFFFFFF80,4,0x20004012
517,1261,master,0x023016C8,write,0xFFFFFF84,4,0x600F20C
518,1261,master,0x023016CE,write,0xFFFFFF88,4,0xA0
519,1261,master,0x02301706,write,0xFFFFFF8C,4,0x44E5
520,1261,master,0x0230170C,write,0xFFFFFFB0,4,0x1
521,1261,master,0x02301716,read,0x20004010,2,0xA0
522,1261,master,0x02301716,read,0x20004010,2,0xA0
523,1261,master,0x02301716,read,0x20004010,2,0xA0
524,1261,master,0x02301716,read,0x20004010,2,0xA0
525,1261,master,0x02301716,read,0x20004010,2,0xA0
526,1261,master,0x02301716,read,0x20004010,2,0xA0
527,1261,master,0x02301716,read,0x20004010,2,0xA0
528,1261,master,0x02301716,read,0x20004010,2,0xA0
529,1261,master,0x02301716,read,0x20004010,2,0xA0
530,1261,master,0x02301716,read,0x20004010,2,0xA0
531,1261,master,0x02301716,read,0x20004010,2,0xA0
532,1261,master,0x02301716,read,0x20004010,2,0xA0
533,1261,master,0x02301716,read,0x20004010,2,0xA0
534,1261,master,0x02301716,read,0x20004010,2,0xA0
535,1261,master,0x02301716,read,0x20004010,2,0xA0
536,1261,master,0x02301716,read,0x20004010,2,0xA0
537,1261,master,0x02301716,read,0x20004010,2,0xA0
538,1261,master,0x02301716,read,0x20004010,2,0xA0
539,1261,master,0x02301716,read,0x20004010,2,0xA0
540,1261,master,0x02301716,read,0x20004010,2,0xA0
541,1261,master,0x02301716,read,0x20004010,2,0xA0
542,1261,master,0x02301716,read,0x20004010,2,0xA0
543,1261,master,0x02301716,read,0x20004010,2,0xA0
544,1261,master,0x02301716,read,0x20004010,2,0xA0
545,1261,master,0x02301716,read,0x20004010,2,0xA0
546,1261,master,0x02301716,read,0x20004010,2,0xA0
547,1261,master,0x02301716,read,0x20004010,2,0xA0
548,1261,master,0x02301716,read,0x20004010,2,0xA0
549,1261,master,0x02301716,read,0x20004010,2,0xA0
550,1261,master,0x02301716,read,0x20004010,2,0xA0
551,1261,master,0x02301716,read,0x20004010,2,0xA0
552,1261,master,0x02301716,read,0x20004010,2,0xA0
553,1261,master,0x02301716,read,0x20004010,2,0xA0
554,1261,master,0x02301716,read,0x20004010,2,0xA0
555,1261,master,0x02301716,read,0x20004010,2,0xA0
556,1261,master,0x02301716,read,0x20004010,2,0xA0
557,1261,master,0x02301716,read,0x20004010,2,0xA0
558,1261,master,0x02301716,read,0x20004010,2,0xA0
559,1261,master,0x02301716,read,0x20004010,2,0xA0
560,1261,master,0x02301716,read,0x20004010,2,0xA0
561,1261,master,0x02301716,read,0x20004010,2,0xA0
562,1261,master,0x02301716,read,0x20004010,2,0xA0
563,1261,master,0x02301716,read,0x20004010,2,0xA0
564,1261,master,0x02301716,read,0x20004010,2,0xA0
565,1261,master,0x02301716,read,0x20004010,2,0xA0
566,1261,master,0x02301716,read,0x20004010,2,0xA0
567,1261,master,0x02301716,read,0x20004010,2,0xA0
568,1261,master,0x02301716,read,0x20004010,2,0xA0
569,1261,master,0x02301716,read,0x20004010,2,0xA0
570,1261,master,0x02301716,read,0x20004010,2,0xA0
571,1261,master,0x02301716,read,0x20004010,2,0xA0
572,1261,master,0x02301716,read,0x20004010,2,0xA0
573,1261,master,0x02301716,read,0x20004010,2,0xA0
574,1261,master,0x02301716,read,0x20004010,2,0xA0
575,1261,master,0x02301716,read,0x20004010,2,0xA0
576,1261,master,0x02301716,read,0x20004010,2,0xA0
577,1261,master,0x02301716,read,0x20004010,2,0xA0
578,1261,master,0x02301716,read,0x20004010,2,0xA0
579,1261,master,0x02301716,read,0x20004010,2,0xA0
580,1261,master,0x02301716,read,0x20004010,2,0xA0
581,1261,master,0x02301716,read,0x20004010,2,0xA0
582,1261,master,0x02301716,read,0x20004010,2,0xA0
583,1261,master,0x02301716,read,0x20004010,2,0xA0
584,1261,master,0x02301716,read,0x20004010,2,0xA0
585,1261,master,0x02301716,read,0x20004010,2,0xA0
586,1261,master,0x02301716,read,0x20004010,2,0xA0
587,1261,master,0x02301716,read,0x20004010,2,0xA0
588,1261,master,0x02301716,read,0x20004010,2,0xA0
589,1261,master,0x02301716,read,0x20004010,2,0xA0
590,1261,master,0x02301716,read,0x20004010,2,0xA0
591,1261,master,0x02301716,read,0x20004010,2,0xA0
592,1261,master,0x02301716,read,0x20004010,2,0xA0
593,1261,master,0x02301716,read,0x20004010,2,0xA0
594,1261,master,0x02301716,read,0x20004010,2,0xA0
595,1261,master,0x02301716,read,0x20004010,2,0xA0
596,1261,master,0x02301716,read,0x20004010,2,0xA0
597,1261,master,0x02301716,read,0x20004010,2,0xA0
598,1261,master,0x02301716,read,0x20004010,2,0xA0
599,1261,master,0x02301716,read,0x20004010,2,0xA0
600,1261,master,0x02301716,read,0x20004010,2,0xA0
601,1261,master,0x02301716,read,0x20004010,2,0xA0
602,1261,master,0x02301716,read,0x20004010,2,0xA0
603,1261,master,0x02301716,read,0x20004010,2,0xA0
604,1261,master,0x02301716,read,0x20004010,2,0xA0
605,1261,master,0x02301716,read,0x20004010,2,0xA0
606,1261,master,0x02301716,read,0x20004010,2,0xA0
607,1261,master,0x02301716,read,0x20004010,2,0xA0
608,1261,master,0x02301716,read,0x20004010,2,0xA0
609,1261,master,0x02301716,read,0x20004010,2,0xA0
610,1261,master,0x02301716,read,0x20004010,2,0xA0
611,1261,master,0x02301716,read,0x20004010,2,0xA0
612,1261,master,0x02301716,read,0x20004010,2,0xA0
613,1261,master,0x02301716,read,0x20004010,2,0xA0
614,1261,master,0x02301716,read,0x20004010,2,0xA0
615,1261,master,0x02301716,read,0x20004010,2,0xA0
616,1261,master,0x02301716,read,0x20004010,2,0xA0
617,1261,master,0x02301716,read,0x20004010,2,0xA0
618,1261,master,0x02301716,read,0x20004010,2,0xA0
619,1261,master,0x02301716,read,0x20004010,2,0xA0
620,1261,master,0x02301716,read,0x20004010,2,0xA0
621,1261,master,0x02301716,read,0x20004010,2,0xA0
622,1261,master,0x02301716,read,0x20004010,2,0xA0
623,1261,master,0x02301716,read,0x20004010,2,0xA0
624,1261,master,0x02301716,read,0x20004010,2,0xA0
625,1261,master,0x02301716,read,0x20004010,2,0xA0
626,1261,master,0x02301716,read,0x20004010,2,0xA0
627,1261,master,0x02301716,read,0x20004010,2,0xA0
628,1261,master,0x02301716,read,0x20004010,2,0xA0
629,1261,master,0x02301716,read,0x20004010,2,0xA0
630,1261,master,0x02301716,read,0x20004010,2,0xA0
631,1261,master,0x02301716,read,0x20004010,2,0xA0
632,1261,master,0x02301716,read,0x20004010,2,0xA0
633,1261,master,0x02301716,read,0x20004010,2,0xA0
634,1261,master,0x02301716,read,0x20004010,2,0xA0
635,1261,master,0x02301716,read,0x20004010,2,0xA0
636,1261,master,0x02301716,read,0x20004010,2,0xA0
637,1261,master,0x02301716,read,0x20004010,2,0xA0
638,1261,master,0x02301716,read,0x20004010,2,0xA0
639,1261,master,0x02301716,read,0x20004010,2,0xA0
640,1261,master,0x02301716,read,0x20004010,2,0xA0
641,1261,master,0x02301716,read,0x20004010,2,0xA0
642,1261,master,0x02301716,read,0x20004010,2,0xA0
643,1261,master,0x02301716,read,0x20004010,2,0xA0
644,1261,master,0x02301716,read,0x20004010,2,0xA0
645,1261,master,0x02301716,read,0x20004010,2,0xA0
646,1261,master,0x02301716,read,0x20004010,2,0xA0
647,1261,master,0x02301716,read,0x20004010,2,0xA0
648,1261,master,0x02301716,read,0x20004010,2,0xA0
649,1261,master,0x02301716,read,0x20004010,2,0xA0
650,1261,master,0x02301716,read,0x20004010,2,0xA0
651,1261,master,0x02301716,read,0x20004010,2,0xA0
652,1261,master,0x02301716,read,0x20004010,2,0xA0
653,1261,master,0x02301716,read,0x20004010,2,0xA0
654,1261,master,0x02301716,read,0x20004010,2,0xA0
655,1261,master,0x02301716,read,0x20004010,2,0xA0
656,1261,master,0x02301716,read,0x20004010,2,0xA0
657,1261,master,0x02301716,read,0x20004010,2,0xA0
658,1261,master,0x02301716,read,0x20004010,2,0xA0
659,1261,master,0x02301716,read,0x20004010,2,0xA0
660,1261,master,0x02301716,read,0x20004010,2,0xA0
661,1261,master,0x02301716,read,0x20004010,2,0xA0
662,1261,master,0x02301716,read,0x20004010,2,0xA0
663,1261,master,0x02301716,read,0x20004010,2,0xA0
664,1261,master,0x02301716,read,0x20004010,2,0xA0
665,1261,master,0x02301716,read,0x20004010,2,0xA0
666,1261,master,0x02301716,read,0x20004010,2,0xA0
667,1261,master,0x02301716,read,0x20004010,2,0xA0
668,1261,master,0x02301716,read,0x20004010,2,0xA0
669,1261,master,0x02301716,read,0x20004010,2,0xA0
670,1261,master,0x02301716,read,0x20004010,2,0xA0
671,1261,master,0x02301716,read,0x20004010,2,0xA0
672,1261,master,0x02301716,read,0x20004010,2,0xA0
673,1261,master,0x02301716,read,0x20004010,2,0xA0
674,1261,master,0x02301716,read,0x20004010,2,0xA0
675,1261,master,0x02301716,read,0x20004010,2,0xA0
676,1261,master,0x02301716,read,0x20004010,2,0xA0
677,1261,master,0x02301716,read,0x20004010,2,0xA0
678,1261,master,0x02301716,read,0x20004010,2,0xA0
679,1261,master,0x02301716,read,0x20004010,2,0xA0
680,1261,master,0x02301716,read,0x20004010,2,0xA0
681,1261,master,0x02301716,read,0x20004010,2,0xA0
682,1261,master,0x02301716,read,0x20004010,2,0xA0
683,1261,master,0x02301716,read,0x20004010,2,0xA0
684,1261,master,0x02301716,read,0x20004010,2,0xA0
685,1261,master,0x02301716,read,0x20004010,2,0xA0
686,1261,master,0x02301716,read,0x20004010,2,0xA0
687,1261,master,0x02301716,read,0x20004010,2,0xA0
688,1261,master,0x02301716,read,0x20004010,2,0xA0
689,1261,master,0x02301716,read,0x20004010,2,0xA0
690,1261,master,0x02301716,read,0x20004010,2,0xA0
691,1261,master,0x02301716,read,0x20004010,2,0xA0
692,1261,master,0x02301716,read,0x20004010,2,0xA0
693,1261,master,0x02301716,read,0x20004010,2,0xA0
694,1261,master,0x02301716,read,0x20004010,2,0xA0
695,1261,master,0x02301716,read,0x20004010,2,0xA0
696,1261,master,0x02301716,read,0x20004010,2,0xA0
697,1261,master,0x02301716,read,0x20004010,2,0xA0
698,1261,master,0x02301716,read,0x20004010,2,0xA0
699,1261,master,0x02301716,read,0x20004010,2,0xA0
700,1261,master,0x02301716,read,0x20004010,2,0xA0
701,1261,master,0x02301716,read,0x20004010,2,0xA0
702,1261,master,0x02301716,read,0x20004010,2,0xA0
703,1261,master,0x02301716,read,0x20004010,2,0xA0
704,1261,master,0x02301716,read,0x20004010,2,0xA0
705,1261,master,0x02301716,read,0x20004010,2,0xA0
706,1261,master,0x02301716,read,0x20004010,2,0xA0
707,1261,master,0x02301716,read,0x20004010,2,0xA0
708,1261,master,0x02301716,read,0x20004010,2,0xA0
709,1261,master,0x02301716,read,0x20004010,2,0xA0
710,1261,master,0x02301716,read,0x20004010,2,0xA0
711,1261,master,0x02301716,read,0x20004010,2,0xA0
712,1261,master,0x02301716,read,0x20004010,2,0xA0
713,1261,master,0x02301716,read,0x20004010,2,0xA0
714,1261,master,0x02301716,read,0x20004010,2,0xA0
715,1261,master,0x02301716,read,0x20004010,2,0xA0
716,1261,master,0x02301716,read,0x20004010,2,0xA0
717,1261,master,0x02301716,read,0x20004010,2,0xA0
718,1261,master,0x02301716,read,0x20004010,2,0xA0
719,1261,master,0x02301716,read,0x20004010,2,0xA0
720,1261,master,0x02301716,read,0x20004010,2,0xA0
721,1261,master,0x02301716,read,0x20004010,2,0xA0
722,1261,master,0x02301716,read,0x20004010,2,0xA0
723,1261,master,0x02301716,read,0x20004010,2,0xA0
724,1261,master,0x02301716,read,0x20004010,2,0xA0
725,1261,master,0x02301716,read,0x20004010,2,0xA0
726,1261,master,0x02301716,read,0x20004010,2,0xA0
727,1261,master,0x02301716,read,0x20004010,2,0xA0
728,1261,master,0x02301716,read,0x20004010,2,0xA0
729,1261,master,0x02301716,read,0x20004010,2,0xA0
730,1261,master,0x02301716,read,0x20004010,2,0xA0
731,1261,master,0x02301716,read,0x20004010,2,0xA0
732,1261,master,0x02301716,read,0x20004010,2,0xA0
733,1261,master,0x02301716,read,0x20004010,2,0xA0
734,1261,master,0x02301716,read,0x20004010,2,0xA0
735,1261,master,0x02301716,read,0x20004010,2,0xA0
736,1261,master,0x02301716,read,0x20004010,2,0xA0
737,1261,master,0x02301716,read,0x20004010,2,0xA0
738,1261,master,0x02301716,read,0x20004010,2,0xA0
739,1261,master,0x02301716,read,0x20004010,2,0xA0
740,1261,master,0x02301716,read,0x20004010,2,0xA0
741,1261,master,0x02301716,read,0x20004010,2,0xA0
742,1261,master,0x02301716,read,0x20004010,2,0xA0
743,1261,master,0x02301716,read,0x20004010,2,0xA0
744,1261,master,0x02301716,read,0x20004010,2,0xA0
745,1261,master,0x02301716,read,0x20004010,2,0xA0
746,1261,master,0x02301716,read,0x20004010,2,0xA0
747,1261,master,0x02301716,read,0x20004010,2,0xA0
748,1261,master,0x02301716,read,0x20004010,2,0xA0
749,1261,master,0x02301716,read,0x20004010,2,0xA0
750,1261,master,0x02301716,read,0x20004010,2,0xA0
751,1261,master,0x02301716,read,0x20004010,2,0xA0
752,1261,master,0x02301716,read,0x20004010,2,0xA0
753,1261,master,0x02301716,read,0x20004010,2,0xA0
754,1261,master,0x02301716,read,0x20004010,2,0xA0
755,1261,master,0x02301716,read,0x20004010,2,0xA0
756,1261,master,0x02301716,read,0x20004010,2,0xA0
757,1261,master,0x02301716,read,0x20004010,2,0xA0
758,1261,master,0x02301716,read,0x20004010,2,0xA0
759,1261,master,0x02301716,read,0x20004010,2,0xA0
760,1261,master,0x02301716,read,0x20004010,2,0xA0
761,1261,master,0x02301716,read,0x20004010,2,0xA0
762,1261,master,0x02301716,read,0x20004010,2,0xA0
763,1261,master,0x02301716,read,0x20004010,2,0xA0
764,1261,master,0x02301716,read,0x20004010,2,0xA0
765,1261,master,0x02301716,read,0x20004010,2,0xA0
766,1261,master,0x02301716,read,0x20004010,2,0xA0
767,1261,master,0x02301716,read,0x20004010,2,0xA0
768,1261,master,0x02301716,read,0x20004010,2,0xA0
769,1261,master,0x02301716,read,0x20004010,2,0xA0
770,1261,master,0x02301716,read,0x20004010,2,0xA0
771,1261,master,0x02301716,read,0x20004010,2,0xA0
772,1261,master,0x02301716,read,0x20004010,2,0xA0
773,1261,master,0x02301716,read,0x20004010,2,0xA0
774,1261,master,0x02301716,read,0x20004010,2,0xA0
775,1261,master,0x02301716,read,0x20004010,2,0xA0
776,1261,master,0x02301716,read,0x20004010,2,0xA0
777,1261,master,0x02301716,read,0x20004010,2,0xA0
778,1261,master,0x02301716,read,0x20004010,2,0xA0
779,1261,master,0x02301716,read,0x20004010,2,0xA0
780,1261,master,0x02301716,read,0x20004010,2,0xA0
781,1261,master,0x02301716,read,0x20004010,2,0xA0
782,1261,master,0x02301716,read,0x20004010,2,0xA0
783,1261,master,0x02301716,read,0x20004010,2,0xA0
784,1261,master,0x02301716,read,0x20004010,2,0xA0
785,1261,master,0x02301716,read,0x20004010,2,0xA0
786,1261,master,0x02301716,read,0x20004010,2,0xA0
787,1261,master,0x02301716,read,0x20004010,2,0xA0
788,1261,master,0x02301716,read,0x20004010,2,0xA0
789,1261,master,0x02301716,read,0x20004010,2,0xA0
790,1261,master,0x02301716,read,0x20004010,2,0xA0
791,1261,master,0x02301716,read,0x20004010,2,0xA0
792,1261,master,0x02301716,read,0x20004010,2,0xA0
793,1261,master,0x02301716,read,0x20004010,2,0xA0
794,1261,master,0x02301716,read,0x20004010,2,0xA0
795,1261,master,0x02301716,read,0x20004010,2,0xA0
796,1261,master,0x02301716,read,0x20004010,2,0xA0
797,1261,master,0x02301716,read,0x20004010,2,0xA0
798,1261,master,0x02301716,read,0x20004010,2,0xA0
799,1261,master,0x02301716,read,0x20004010,2,0xA0
800,1261,master,0x02301716,read,0x20004010,2,0xA0
801,1261,master,0x02301716,read,0x20004010,2,0xA0
802,1261,master,0x02301716,read,0x20004010,2,0xA0
803,1261,master,0x02301716,read,0x20004010,2,0xA0
804,1261,master,0x02301716,read,0x20004010,2,0xA0
805,1261,master,0x02301716,read,0x20004010,2,0xA0
806,1261,master,0x02301716,read,0x20004010,2,0xA0
807,1261,master,0x02301716,read,0x20004010,2,0xA0
808,1261,master,0x02301716,read,0x20004010,2,0xA0
809,1261,master,0x02301716,read,0x20004010,2,0xA0
810,1261,master,0x02301716,read,0x20004010,2,0xA0
811,1261,master,0x02301716,read,0x20004010,2,0xA0
812,1261,master,0x02301716,read,0x20004010,2,0xA0
813,1261,master,0x02301716,read,0x20004010,2,0xA0
814,1261,master,0x02301716,read,0x20004010,2,0xA0
815,1261,master,0x02301716,read,0x20004010,2,0xA0
816,1261,master,0x02301716,read,0x20004010,2,0xA0
817,1261,master,0x02301716,read,0x20004010,2,0xA0
818,1261,master,0x02301716,read,0x20004010,2,0xA0
819,1261,master,0x02301716,read,0x20004010,2,0xA0
820,1261,master,0x02301716,read,0x20004010,2,0xA0
821,1261,master,0x02301716,read,0x20004010,2,0xA0
822,1261,master,0x02301716,read,0x20004010,2,0xA0
823,1261,master,0x02301716,read,0x20004010,2,0xA0
824,1261,master,0x02301716,read,0x20004010,2,0xA0
825,1261,master,0x02301716,read,0x20004010,2,0xA0
826,1261,master,0x02301716,read,0x20004010,2,0xA0
827,1261,master,0x02301716,read,0x20004010,2,0xA0
828,1261,master,0x02301716,read,0x20004010,2,0xA0
829,1261,master,0x02301716,read,0x20004010,2,0xA0
830,1261,master,0x02301716,read,0x20004010,2,0xA0
831,1261,master,0x02301716,read,0x20004010,2,0xA0
832,1261,master,0x02301716,read,0x20004010,2,0xA0
833,1261,master,0x02301716,read,0x20004010,2,0xA0
834,1261,master,0x02301716,read,0x20004010,2,0xA0
835,1261,master,0x02301716,read,0x20004010,2,0xA0
836,1261,master,0x02301716,read,0x20004010,2,0xA0
837,1261,master,0x02301716,read,0x20004010,2,0xA0
838,1261,master,0x02301716,read,0x20004010,2,0xA0
839,1261,master,0x02301716,read,0x20004010,2,0xA0
840,1261,master,0x02301716,read,0x20004010,2,0xA0
841,1261,master,0x02301716,read,0x20004010,2,0xA0
842,1261,master,0x02301716,read,0x20004010,2,0xA0
843,1261,master,0x02301716,read,0x20004010,2,0xA0
844,1261,master,0x02301716,read,0x20004010,2,0xA0
845,1261,master,0x02301716,read,0x20004010,2,0xA0
846,1261,master,0x02301716,read,0x20004010,2,0xA0
847,1261,master,0x02301716,read,0x20004010,2,0xA0
848,1261,master,0x02301716,read,0x20004010,2,0xA0
849,1261,master,0x02301716,read,0x20004010,2,0xA0
850,1261,master,0x02301716,read,0x20004010,2,0xA0
851,1261,master,0x02301716,read,0x20004010,2,0xA0
852,1261,master,0x02301716,read,0x20004010,2,0xA0
853,1261,master,0x02301716,read,0x20004010,2,0xA0
854,1261,master,0x02301716,read,0x20004010,2,0xA0
855,1261,master,0x02301716,read,0x20004010,2,0xA0
856,1261,master,0x02301716,read,0x20004010,2,0xA0
857,1261,master,0x02301716,read,0x20004010,2,0xA0
858,1261,master,0x02301716,read,0x20004010,2,0xA0
859,1261,master,0x02301716,read,0x20004010,2,0xA0
860,1261,master,0x02301716,read,0x20004010,2,0xA0
861,1261,master,0x02301716,read,0x20004010,2,0xA0
862,1261,master,0x02301716,read,0x20004010,2,0xA0
863,1261,master,0x02301716,read,0x20004010,2,0xA0
864,1261,master,0x02301716,read,0x20004010,2,0xA0
865,1261,master,0x02301716,read,0x20004010,2,0xA0
866,1261,master,0x02301716,read,0x20004010,2,0xA0
867,1261,master,0x02301716,read,0x20004010,2,0xA0
868,1261,master,0x02301716,read,0x20004010,2,0xA0
869,1261,master,0x02301716,read,0x20004010,2,0xA0
870,1261,master,0x02301716,read,0x20004010,2,0xA0
871,1261,master,0x02301716,read,0x20004010,2,0xA0
872,1261,master,0x02301716,read,0x20004010,2,0xA0
873,1261,master,0x02301716,read,0x20004010,2,0xA0
874,1261,master,0x02301716,read,0x20004010,2,0xA0
875,1261,m68k,0x0001C73C,read,0x00A15123,1,0x3
876,1261,m68k,0x0001C74C,read,0x00A15123,1,0x3
877,1261,m68k,0x0001C74C,write,0x00A15123,1,0x1
878,1261,master,0x02301716,read,0x20004010,2,0x9C
879,1261,master,0x02301716,read,0x20004010,2,0x9C
880,1261,master,0x02301716,read,0x20004010,2,0x9C
881,1261,master,0x02301716,read,0x20004010,2,0x9C
882,1261,master,0x02301716,read,0x20004010,2,0x9C
883,1261,master,0x02301716,read,0x20004010,2,0x9C
884,1261,master,0x02301716,read,0x20004010,2,0x9C
885,1261,master,0x02301716,read,0x20004010,2,0x9C
886,1261,master,0x02301716,read,0x20004010,2,0x9C
887,1261,master,0x02301716,read,0x20004010,2,0x9C
888,1261,master,0x02301716,read,0x20004010,2,0x9C
889,1261,master,0x02301716,read,0x20004010,2,0x9C
890,1261,master,0x02301716,read,0x20004010,2,0x9C
891,1261,master,0x02301716,read,0x20004010,2,0x9C
892,1261,master,0x02301716,read,0x20004010,2,0x9C
893,1261,master,0x02301716,read,0x20004010,2,0x9C
894,1261,master,0x02301716,read,0x20004010,2,0x9C
895,1261,master,0x02301716,read,0x20004010,2,0x9C
896,1261,master,0x02301716,read,0x20004010,2,0x9C
897,1261,master,0x02301716,read,0x20004010,2,0x9C
898,1261,master,0x02301716,read,0x20004010,2,0x9C
899,1261,master,0x02301716,read,0x20004010,2,0x9C
900,1261,master,0x02301716,read,0x20004010,2,0x9C
901,1261,master,0x02301716,read,0x20004010,2,0x9C
902,1261,master,0x02301716,read,0x20004010,2,0x9C
903,1261,master,0x02301716,read,0x20004010,2,0x9C
904,1261,master,0x02301716,read,0x20004010,2,0x9C
905,1261,master,0x02301716,read,0x20004010,2,0x9C
906,1261,master,0x02301716,read,0x20004010,2,0x9C
907,1261,master,0x02301716,read,0x20004010,2,0x9C
908,1261,master,0x02301716,read,0x20004010,2,0x9C
909,1261,master,0x02301716,read,0x20004010,2,0x9C
910,1261,master,0x02301716,read,0x20004010,2,0x9C
911,1261,master,0x02301716,read,0x20004010,2,0x9C
912,1261,master,0x02301716,read,0x20004010,2,0x9C
913,1261,master,0x02301716,read,0x20004010,2,0x9C
914,1261,master,0x02301716,read,0x20004010,2,0x9C
915,1261,master,0x02301716,read,0x20004010,2,0x9C
916,1261,master,0x02301716,read,0x20004010,2,0x9C
917,1261,master,0x02301716,read,0x20004010,2,0x9C
918,1261,master,0x02301716,read,0x20004010,2,0x9C
919,1261,master,0x02301716,read,0x20004010,2,0x9C
920,1261,master,0x02301716,read,0x20004010,2,0x9C
921,1261,master,0x02301714,write,0x0600F20C,2,0x0
922,1261,master,0x02301714,write,0x0600F20E,2,0x0
923,1261,master,0x02301714,write,0x0600F210,2,0x0
924,1261,master,0x02301714,write,0x0600F212,2,0x0
925,1261,master,0x02301714,write,0x0600F214,2,0x0
926,1261,master,0x02301714,write,0x0600F216,2,0x48F
927,1261,master,0x02301714,write,0x0600F218,2,0x0
928,1261,master,0x02301714,write,0x0600F21A,2,0x0
929,1261,master,0x02301714,write,0x0600F21C,2,0x0
930,1261,master,0x02301714,write,0x0600F21E,2,0x0
931,1261,master,0x02301714,write,0x0600F220,2,0x0
932,1261,master,0x02301714,write,0x0600F222,2,0x0
933,1261,master,0x02301714,write,0x0600F224,2,0x96
934,1261,master,0x02301714,write,0x0600F226,2,0x542C
935,1261,master,0x02301714,write,0x0600F228,2,0xA6
936,1261,master,0x02301714,write,0x0600F22A,2,0x0
937,1261,master,0x02301714,write,0x0600F22C,2,0xF1E7
938,1261,master,0x02301714,write,0x0600F22E,2,0xF300
939,1261,master,0x02301714,write,0x0600F230,2,0x5
940,1261,master,0x02301714,write,0x0600F232,2,0x5
941,1261,master,0x02301714,write,0x0600F234,2,0x5
942,1261,master,0x02301714,write,0x0600F236,2,0x1
943,1261,master,0x02301714,write,0x0600F238,2,0x0
944,1261,master,0x02301714,write,0x0600F23A,2,0x0
945,1261,master,0x02301714,write,0x0600F23C,2,0xF190
946,1261,master,0x02301714,write,0x0600F23E,2,0x9FB
947,1261,master,0x02301714,write,0x0600F240,2,0xF1F0
948,1261,master,0x02301714,write,0x0600F242,2,0xF190
949,1261,master,0x02301714,write,0x0600F244,2,0xF1F0
950,1261,master,0x02301714,write,0x0600F246,2,0x0
951,1261,master,0x02301714,write,0x0600F248,2,0x0
952,1261,master,0x02301714,write,0x0600F24A,2,0x0
953,1261,master,0x02301714,write,0x0600F24C,2,0x0
954,1261,master,0x02301714,write,0x0600F24E,2,0x0
955,1261,master,0x02301714,write,0x0600F250,2,0x0
956,1261,master,0x02301714,write,0x0600F252,2,0x0
957,1261,master,0x02301714,write,0x0600F254,2,0x0
958,1261,master,0x02301714,write,0x0600F256,2,0x0
959,1261,master,0x02301714,write,0x0600F258,2,0x0
960,1261,master,0x02301714,write,0x0600F25A,2,0x0
961,1261,master,0x02301714,write,0x0600F25C,2,0x0
962,1261,master,0x02301714,write,0x0600F25E,2,0x0
963,1261,master,0x02301714,write,0x0600F260,2,0x2
964,1261,master,0x02301714,write,0x0600F262,2,0x202
965,1261,master,0x02301714,write,0x0600F264,2,0x202
966,1261,master,0x02301714,write,0x0600F266,2,0x77C
967,1261,master,0x02301714,write,0x0600F268,2,0x77C
968,1261,master,0x02301714,write,0x0600F26A,2,0x77C
969,1261,master,0x02301714,write,0x0600F26C,2,0x0
970,1261,master,0x02301714,write,0x0600F26E,2,0x0
971,1261,master,0x02301714,write,0x0600F270,2,0x0
972,1261,master,0x02301714,write,0x0600F272,2,0x0
973,1261,master,0x02301714,write,0x0600F274,2,0x0
974,1261,master,0x02301714,write,0x0600F276,2,0x0
975,1261,master,0x02301714,write,0x0600F278,2,0x0
976,1261,master,0x02301714,write,0x0600F27A,2,0x0
977,1261,master,0x02301714,write,0x0600F27C,2,0x0
978,1261,master,0x02301714,write,0x0600F27E,2,0xFFA9
979,1261,master,0x02301714,write,0x0600F280,2,0x0
980,1261,master,0x02301714,write,0x0600F282,2,0x100
981,1261,master,0x02301714,write,0x0600F284,2,0x100
982,1261,master,0x02301714,write,0x0600F286,2,0x0
983,1261,master,0x02301714,write,0x0600F288,2,0x0
984,1261,master,0x02301714,write,0x0600F28A,2,0x0
985,1261,master,0x02301714,write,0x0600F28C,2,0x0
986,1261,master,0x02301714,write,0x0600F28E,2,0x0
987,1261,master,0x02301714,write,0x0600F290,2,0x0
988,1261,master,0x02301714,write,0x0600F292,2,0x0
989,1261,master,0x02301714,write,0x0600F294,2,0x0
990,1261,master,0x02301714,write,0x0600F296,2,0x0
991,1261,master,0x02301714,write,0x0600F298,2,0x0
992,1261,master,0x02301714,write,0x0600F29A,2,0x0
993,1261,master,0x02301714,write,0x0600F29C,2,0x0
994,1261,master,0x02301714,write,0x0600F29E,2,0x0
995,1261,master,0x02301714,write,0x0600F2A0,2,0x0
996,1261,master,0x02301714,write,0x0600F2A2,2,0x0
997,1261,master,0x02301714,write,0x0600F2A4,2,0x0
998,1261,master,0x02301714,write,0x0600F2A6,2,0x0
999,1261,master,0x02301714,write,0x0600F2A8,2,0x0
1000,1261,master,0x02301714,write,0x0600F2AA,2,0x0
1001,1261,master,0x02301714,write,0x0600F2AC,2,0x0
1002,1261,master,0x02301714,write,0x0600F2AE,2,0x0
1003,1261,master,0x02301714,write,0x0600F2B0,2,0xF
1004,1261,master,0x02301714,write,0x0600F2B2,2,0x1
1005,1261,master,0x02301714,write,0x0600F2B4,2,0x0
1006,1261,master,0x02301714,write,0x0600F2B6,2,0x0
1007,1261,master,0x02301714,write,0x0600F2B8,2,0x3
1008,1261,master,0x02301714,write,0x0600F2BA,2,0x0
1009,1261,master,0x02301714,write,0x0600F2BC,2,0x0
1010,1261,master,0x02301714,write,0x0600F2BE,2,0x96
1011,1261,master,0x02301714,write,0x0600F2C0,2,0x44B4
1012,1261,master,0x02301714,write,0x0600F2C2,2,0x0
1013,1261,master,0x02301714,write,0x0600F2C4,2,0x0
1014,1261,master,0x02301714,write,0x0600F2C6,2,0x0
1015,1261,master,0x02301714,write,0x0600F2C8,2,0x0
1016,1261,master,0x02301714,write,0x0600F2CA,2,0x0
1017,1261,master,0x02301714,write,0x0600F2CC,2,0x0
1018,1261,master,0x02301714,write,0x0600F2CE,2,0x0
1019,1261,master,0x02301714,write,0x0600F2D0,2,0x0
1020,1261,master,0x02301714,write,0x0600F2D2,2,0x0
1021,1261,master,0x02301714,write,0x0600F2D4,2,0x0
1022,1261,master,0x02301714,write,0x0600F2D6,2,0x9B0
1023,1261,master,0x02301714,write,0x0600F2D8,2,0x0
1024,1261,master,0x02301714,write,0x0600F2DA,2,0x97
1025,1261,master,0x02301714,write,0x0600F2DC,2,0x7F1A
1026,1261,master,0x02301714,write,0x0600F2DE,2,0x97
1027,1261,master,0x02301714,write,0x0600F2E0,2,0x7F1A
1028,1261,master,0x02301714,write,0x0600F2E2,2,0x97
1029,1261,master,0x02301714,write,0x0600F2E4,2,0x7F1A
1030,1261,master,0x02301714,write,0x0600F2E6,2,0x97
1031,1261,master,0x02301714,write,0x0600F2E8,2,0x7F1A
1032,1261,master,0x02301714,write,0x0600F2EA,2,0x97
1033,1261,master,0x02301714,write,0x0600F2EC,2,0x7F1A
1034,1261,master,0x02301714,write,0x0600F2EE,2,0xFEF0
1035,1261,master,0x02301714,write,0x0600F2F0,2,0x2
1036,1261,master,0x02301714,write,0x0600F2F2,2,0x0
1037,1261,master,0x02301714,write,0x0600F2F4,2,0x0
1038,1261,master,0x02301714,write,0x0600F2F6,2,0x0
1039,1261,master,0x02301714,write,0x0600F2F8,2,0x0
1040,1261,master,0x02301714,write,0x0600F2FA,2,0x0
1041,1261,master,0x02301714,write,0x0600F2FC,2,0x0
1042,1261,master,0x02301714,write,0x0600F2FE,2,0x0
1043,1261,master,0x02301714,write,0x0600F300,2,0x0
1044,1261,master,0x02301714,write,0x0600F302,2,0x0
1045,1261,master,0x02301714,write,0x0600F304,2,0x0
1046,1261,master,0x02301714,write,0x0600F306,2,0x0
1047,1261,master,0x02301714,write,0x0600F308,2,0x0
1048,1261,master,0x02301714,write,0x0600F30A,2,0x0
1049,1261,m68k,0x0001C762,write,0x00A15112,2,0x1E
1050,1261,m68k,0x0001C762,write,0x00A15112,2,0x100
1051,1261,m68k,0x0001C762,write,0x00A15112,2,0xA
1052,1261,master,0x02301714,write,0x0600F30C,2,0x1E
1053,1261,master,0x02301714,write,0x0600F30E,2,0x100
1054,1261,master,0x02301714,write,0x0600F310,2,0xA
1055,1261,master,0x02301714,write,0x0600F312,2,0xFFEE
1056,1261,m68k,0x0001C762,write,0x00A15112,2,0xFFEE
1057,1261,m68k,0x0001C762,write,0x00A15112,2,0x93
1058,1261,m68k,0x0001C762,write,0x00A15112,2,0x925E
1059,1261,m68k,0x0001C762,write,0x00A15112,2,0x1
1060,1261,master,0x02301714,write,0x0600F314,2,0x93
1061,1261,master,0x02301714,write,0x0600F316,2,0x925E
1062,1261,master,0x02301714,write,0x0600F318,2,0x1
1063,1261,master,0x02301714,write,0x0600F31A,2,0x0
1064,1261,m68k,0x0001C762,write,0x00A15112,2,0x0
1065,1261,m68k,0x0001C762,write,0x00A15112,2,0x300
1066,1261,m68k,0x0001C762,write,0x00A15112,2,0x0
1067,1261,m68k,0x0001C762,write,0x00A15112,2,0x0
1068,1261,master,0x02301714,write,0x0600F31C,2,0x300
1069,1261,master,0x02301714,write,0x0600F31E,2,0x0
1070,1261,master,0x02301714,write,0x0600F320,2,0x0
1071,1261,master,0x02301714,write,0x0600F322,2,0x0
1072,1261,m68k,0x0001C762,write,0x00A15112,2,0x0
1073,1261,m68k,0x0001C762,write,0x00A15112,2,0xFFFF
1074,1261,m68k,0x0001C762,write,0x00A15112,2,0x0
1075,1261,m68k,0x0001C762,write,0x00A15112,2,0x0
1076,1261,master,0x02301714,write,0x0600F324,2,0xFFFF
1077,1261,master,0x02301714,write,0x0600F326,2,0x0
1078,1261,master,0x02301714,write,0x0600F328,2,0x0
1079,1261,master,0x02301714,write,0x0600F32A,2,0x0
1080,1261,m68k,0x0001C762,write,0x00A15112,2,0x0
1081,1261,m68k,0x0001C762,write,0x00A15112,2,0x0
1082,1261,m68k,0x0001C762,write,0x00A15112,2,0x0
1083,1261,m68k,0x0001C762,write,0x00A15112,2,0x0
1084,1261,master,0x02301714,write,0x0600F32C,2,0x0
1085,1261,master,0x02301714,write,0x0600F32E,2,0x0
1086,1261,master,0x02301714,write,0x0600F330,2,0x0
1087,1261,master,0x02301714,write,0x0600F332,2,0x0
1088,1261,m68k,0x0001C762,write,0x00A15112,2,0x0
1089,1261,m68k,0x0001C762,write,0x00A15112,2,0x0
1090,1261,m68k,0x0001C762,write,0x00A15112,2,0x0
1091,1261,m68k,0x0001C762,write,0x00A15112,2,0x0
1092,1261,master,0x02301714,write,0x0600F334,2,0x0
1093,1261,master,0x02301714,write,0x0600F336,2,0x0
1094,1261,master,0x02301714,write,0x0600F338,2,0x0
1095,1261,master,0x02301714,write,0x0600F33A,2,0x0
1096,1261,m68k,0x0001C762,write,0x00A15112,2,0x0
1097,1261,m68k,0x0001C762,write,0x00A15112,2,0x0
1098,1261,m68k,0x0001C762,write,0x00A15112,2,0x0
1099,1261,m68k,0x0001C762,write,0x00A15112,2,0x0
1100,1261,master,0x02301714,write,0x0600F33C,2,0x0
1101,1261,master,0x02301714,write,0x0600F33E,2,0x0
1102,1261,master,0x02301714,write,0x0600F340,2,0x0
1103,1261,master,0x02301714,write,0x0600F342,2,0x0
1104,1261,m68k,0x0001C762,write,0x00A15112,2,0x0
1105,1261,m68k,0x0001C762,write,0x00A15112,2,0x0
1106,1261,m68k,0x0001C762,write,0x00A15112,2,0x20B
1107,1261,m68k,0x0001C762,write,0x00A15112,2,0x61E
1108,1261,master,0x02301714,write,0x0600F344,2,0x0
1109,1261,master,0x02301714,write,0x0600F346,2,0x20B
1110,1261,master,0x02301714,write,0x0600F348,2,0x61E
1111,1261,master,0x02301714,write,0x0600F34A,2,0x0
1112,1261,m68k,0x0001C762,write,0x00A15112,2,0x0
1113,1261,master,0x02301716,read,0x20004010,2,0x0
1114,1264,m68k,0x0001C93E,read,0x00A15103,1,0x0
1115,1264,m68k,0x0001C948,read,0x00A15107,1,0x0
1116,1264,m68k,0x0001C950,read,0x00A15110,2,0x0
1117,1264,m68k,0x0001C958,read,0x00A15120,2,0x102
1118,1264,m68k,0x0001C958,read,0x00A15120,2,0x102
1119,1264,m68k,0x0001C958,read,0x00A15120,2,0x102
1120,1264,m68k,0x0001C958,read,0x00A15120,2,0x102
1121,1264,m68k,0x0001C958,read,0x00A15120,2,0x102
1122,1264,m68k,0x0001C958,read,0x00A15120,2,0x102
1123,1264,m68k,0x0001C958,read,0x00A15120,2,0x102
1124,1264,m68k,0x0001C958,read,0x00A15120,2,0x102
1125,1264,m68k,0x0001C958,read,0x00A15120,2,0x102
1126,1264,m68k,0x0001C958,read,0x00A15120,2,0x102
1127,1264,m68k,0x0001C958,read,0x00A15120,2,0x102
1128,1264,m68k,0x0001C958,read,0x00A15120,2,0x102
1129,1264,m68k,0x0001C958,read,0x00A15120,2,0x2
1130,1264,m68k,0x0001C958,read,0x00A15120,2,0x2
1131,1264,m68k,0x0001C958,read,0x00A15120,2,0x2
1132,1264,m68k,0x0001C958,read,0x00A15120,2,0x2
1133,1264,m68k,0x0001C958,read,0x00A15120,2,0x2
1134,1264,m68k,0x0001C958,read,0x00A15120,2,0x2
1135,1264,m68k,0x0001C958,read,0x00A15120,2,0x2
1136,1264,m68k,0x0001C958,read,0x00A15120,2,0x2
1137,1264,m68k,0x0001C958,read,0x00A15120,2,0x2
1138,1264,m68k,0x0001C958,read,0x00A15120,2,0x2
1139,1264,m68k,0x0001C958,read,0x00A15120,2,0x2
1140,1264,m68k,0x0001C958,read,0x00A15120,2,0x2
1141,1264,master,0x06000464,read,0x20004020,2,0x2
1142,1265,master,0x06000464,read,0x20004020,2,0x2
1143,1266,master,0x06000464,read,0x20004020,2,0x2
1144,1267,master,0x06000464,read,0x20004020,2,0x2
1145,1268,master,0x06000464,read,0x20004020,2,0x2
1146,1269,master,0x06000464,read,0x20004020,2,0x2
1147,1270,master,0x06000464,read,0x20004020,2,0x2
1148,1271,master,0x06000464,read,0x20004020,2,0x2
1149,1272,master,0x06000464,read,0x20004020,2,0x2
1150,1273,master,0x06000464,read,0x20004020,2,0x2
1151,1274,master,0x06000464,read,0x20004020,2,0x2
1152,1275,master,0x06000464,read,0x20004020,2,0x2
1153,1276,master,0x06000464,read,0x20004020,2,0x2
1154,1277,master,0x06000464,read,0x20004020,2,0x2
1155,1278,master,0x06000464,read,0x20004020,2,0x2
1156,1279,master,0x06000464,read,0x20004020,2,0x2
# COMPLETE frames=1280 events=1157 recorded=1157 dropped=0 errors=0 overflow=0 raw_m68k=190049 raw_master=14077759 pc_rejected_m68k=189969 pc_rejected_master=14076682 direct_m68k=1 direct_master=1 observer_detached=1 q026_edge_snapshots=0 q026_comm_pre=0000/0000/0000 q026_comm_post=0000/0000/0000 q027_edge_snapshots=0 q027_regs=0 q027_regs_errors=0 q027_dispatch_mask=0000 q027_handler_entry=0 q027_handler_exit=0 q027_comm_pre=0000/0000/0000/0000/0000/0000/0000/0000 q027_comm_post=0000/0000/0000/0000/0000/0000/0000/0000 pc_allowlist=m68k:0x0001C6FE-0x0001C76C|0x0001C8B0-0x0001C930|0x0001C930-0x0001CB0E;master:0x06000460-0x06000478|0x02301500-0x023025E0|0x02304000-0x02304314|0x02304500-0x02304504|0x02304600-0x0230466C
